
 Start         Length     Name                   Class
 0001:00000000 0001C10CH .text                   CODE
 0002:00000000 00000E94H .data                   DATA
 0002:00000E94 000000A1H .bss                    BSS


Detailed map of segments

 0001:00000000 0000023E C=CODE     S=.text    G=(none)   M=System   ACBP=A9
 0001:00000240 000001EC C=CODE     S=.text    G=(none)   M=SysInit  ACBP=A9
 0001:0000042C 0000006E C=CODE     S=.text    G=(none)   M=Variants ACBP=A9
 0001:0000049C 000000F6 C=CODE     S=.text    G=(none)   M=SysUtils ACBP=A9
 0001:00000594 0000000E C=CODE     S=.text    G=(none)   M=SysConst ACBP=A9
 0001:000005A4 00000170 C=CODE     S=.text    G=(none)   M=Windows  ACBP=A9
 0001:00000714 0000000E C=CODE     S=.text    G=(none)   M=Types    ACBP=A9
 0001:00000724 0000000E C=CODE     S=.text    G=(none)   M=VarUtils ACBP=A9
 0001:00000734 000002EE C=CODE     S=.text    G=(none)   M=Classes  ACBP=A9
 0001:00000A24 0000002E C=CODE     S=.text    G=(none)   M=ActiveX  ACBP=A9
 0001:00000A54 00000038 C=CODE     S=.text    G=(none)   M=Messages ACBP=A9
 0001:00000A8C 0000000E C=CODE     S=.text    G=(none)   M=TypInfo  ACBP=A9
 0001:00000A9C 0000000E C=CODE     S=.text    G=(none)   M=RTLConsts ACBP=A9
 0001:00000AAC 000006FE C=CODE     S=.text    G=(none)   M=DB       ACBP=A9
 0001:000011AC 0000000E C=CODE     S=.text    G=(none)   M=FMTBcd   ACBP=A9
 0001:000011BC 0000000E C=CODE     S=.text    G=(none)   M=Math     ACBP=A9
 0001:000011CC 0000000E C=CODE     S=.text    G=(none)   M=DBConsts ACBP=A9
 0001:000011DC 0000000E C=CODE     S=.text    G=(none)   M=SqlTimSt ACBP=A9
 0001:000011EC 0000000E C=CODE     S=.text    G=(none)   M=DateUtils ACBP=A9
 0001:000011FC 0000000E C=CODE     S=.text    G=(none)   M=MaskUtils ACBP=A9
 0001:0000120C 0000000E C=CODE     S=.text    G=(none)   M=ComObj   ACBP=A9
 0001:0000121C 0000000E C=CODE     S=.text    G=(none)   M=ComConst ACBP=A9
 0001:0000122C 00000046 C=CODE     S=.text    G=(none)   M=DBCommon ACBP=A9
 0001:00001274 0000554C C=CODE     S=.text    G=(none)   M=BDE      ACBP=A9
 0001:000067C0 00000068 C=CODE     S=.text    G=(none)   M=SMINTF   ACBP=A9
 0001:00006828 00000248 C=CODE     S=.text    G=(none)   M=bdeconst ACBP=A9
 0001:00006A70 0001558C C=CODE     S=.text    G=(none)   M=DBTables ACBP=A9
 0001:0001BFFC 0000010D C=CODE     S=.text    G=(none)   M=bdertl   ACBP=A9
 0002:00000000 00000030 C=DATA     S=.data    G=DGROUP   M=SysInit  ACBP=A9
 0002:00000030 00000C50 C=DATA     S=.data    G=DGROUP   M=BDE      ACBP=A9
 0002:00000C80 00000010 C=DATA     S=.data    G=DGROUP   M=SMINTF   ACBP=A9
 0002:00000C90 00000128 C=DATA     S=.data    G=DGROUP   M=DBTables ACBP=A9
 0002:00001000 00000010 C=BSS      S=.bss     G=DGROUP   M=SysInit  ACBP=A9
 0002:00001010 00000004 C=BSS      S=.bss     G=DGROUP   M=Windows  ACBP=A9
 0002:00001014 00000004 C=BSS      S=.bss     G=DGROUP   M=Messages ACBP=A9
 0002:00001018 0000001C C=BSS      S=.bss     G=DGROUP   M=BDE      ACBP=A9
 0002:00001034 00000004 C=BSS      S=.bss     G=DGROUP   M=SMINTF   ACBP=A9
 0002:00001038 00000004 C=BSS      S=.bss     G=DGROUP   M=bdeconst ACBP=A9
 0002:0000103C 00000061 C=BSS      S=.bss     G=DGROUP   M=DBTables ACBP=A9


  Address         Publics by Name

 0002:00000030       ..
 0001:00005E40       ..
 0001:00002ADC       ..
 0002:0000101C       ..
 0002:00000BA4       ..
 0002:00001008       .1
 0002:00001038       .1
 0002:00001014       .1
 0002:00001018       .1
 0002:00001034       .1
 0002:00001048       .22
 0002:00001010       .3
 0001:0001C0E4       @GetPackageInfoTable
 0001:00000378       @InitPkg
 0001:0001C0EC       @PackageLoad
 0001:000003DC       @PackageLoad
 0001:0001C0F8       @PackageUnload
 0001:000003E8       @PackageUnload
 0001:0001B1E8       AddFieldToList
 0001:0000AEBC       AddMessage
 0001:00000278       AllocTlsBuffer
 0001:0000A974       AnsiToNative
 0001:0000AA00       AnsiToNativeBuf
 0001:0000A1A0       ApplicationHandleException
 0001:0001920C       AssignFields
 0001:000067B8       BDE
 0001:0000A780       BdeCallBack
 0001:00006A68       bdeconst
 0002:00001094       BDEInitProcs
 0001:0001C104       bdertl
 0002:00000D20       BlobTypeMap
 0001:0001219C       CanBlockRead
 0002:00000D64       CBRetCode
 0001:000006AC       CharToOem
 0001:000006B4       CharToOemBuff
 0001:0000AE44       Check
 0001:00014444       CheckIfParentScrolled
 0001:00009EDC       CheckIndexOpen
 0002:00000C80       Class_SMClient
 0001:000005BC       CloseHandle
 0001:00016528       ConcatField
 0001:000005CC       CreateMutexA
 0002:0000107C       CSAnsiToNative
 0002:00001064       CSNativeToAnsi
 0002:00000DB0       DataType
 0002:00000D04       DataTypeMap
 0001:000051CE       DbiAcqPersistTableLock
 0001:000051E0       DbiAcqTableLock
 0001:00004ADE       DbiActivateFilter
 0001:00004436       DbiAddAlias
 0001:000043A0       DbiAddDriver
 0001:00004AEA       DbiAddFilter
 0001:00005006       DbiAddIndex
 0001:00005192       DbiAddPassword
 0001:000046B8       DbiAnsiToNative
 0001:00004FAC       DbiAppendRecord
 0001:000044E4       DbiApplyDelayedUpdates
 0001:00004ACC       DbiBatchMove
 0001:00004688       DbiBcdFromFloat
 0001:0000468E       DbiBcdToFloat
 0001:00004334       DbiBeginConstraintLayer
 0001:000044F0       DbiBeginDelayedUpdates
 0001:0000521C       DbiBeginLinkMode
 0001:00004ABA       DbiBeginTran
 0001:00004EB0       DbiCfgAddRecord
 0001:00004EC8       DbiCfgBuildPath
 0001:00004EA4       DbiCfgDropRecord
 0001:00004E98       DbiCfgGetHelp
 0001:00004EBC       DbiCfgGetNextNode
 0001:00004EB6       DbiCfgGetRecord
 0001:00004E92       DbiCfgMerge
 0001:00004EAA       DbiCfgModifyRecord
 0001:00004EC2       DbiCfgPosition
 0001:00004ECE       DbiCfgSave
 0001:00004E9E       DbiCfgTranslate
 0001:00004F40       DbiCheckRefresh
 0001:0000431C       DbiCheckSQLExpression
 0001:00005036       DbiCloneCursor
 0001:000046D6       DbiCloseConfigFile
 0001:000052E2       DbiCloseCursor
 0001:000052FA       DbiCloseDatabase
 0001:0000463A       DbiCloseFieldXlt
 0001:00005060       DbiCloseIndex
 0001:00005198       DbiCloseSession
 0001:0000503C       DbiCompareBookMarks
 0001:00004FA6       DbiCompareKeys
 0001:00005018       DbiCopyTable
 0001:0000522E       DbiCreateInMemTable
 0001:0000501E       DbiCreateTable
 0001:00004F7C       DbiCreateTempTable
 0001:00004304       DbiDatabaseFlush
 0001:0000506C       DbiDateDecode
 0001:00005072       DbiDateEncode
 0001:00004AD8       DbiDeactivateFilter
 0001:00004E68       DbiDebugLayerOptions
 0001:0000441E       DbiDeleteAlias
 0001:0000439A       DbiDeleteDriver
 0001:00005000       DbiDeleteIndex
 0001:000052A0       DbiDeleteRecord
 0001:0000500C       DbiDeleteTable
 0001:00006721       DbiDLLExit
 0001:00004FE8       DbiDoRestructure
 0001:000043C4       DbiDRAdd
 0001:000044BA       DbiDRAddAttr
 0001:000044D2       DbiDRClose
 0001:00004454       DbiDRCreate
 0001:00004418       DbiDRCreateEnumAttrDomain
 0001:000044C0       DbiDRCreateObjectType
 0001:000044AE       DbiDRCreateRelationType
 0001:0000444E       DbiDRDelete
 0001:0000440C       DbiDRDeleteEnumAttrDomain
 0001:000044A2       DbiDRDeleteObjectType
 0001:000044A8       DbiDRDeleteRelationType
 0001:000043BE       DbiDRDrop
 0001:000044B4       DbiDRDropAttr
 0001:000044C6       DbiDRExportToFile
 0001:00004484       DbiDRGetAttrDescs
 0001:000044DE       DbiDRGetDesc
 0001:00004406       DbiDRGetEnumAttrDomain
 0001:0000446C       DbiDRGetObjID
 0001:0000448A       DbiDRGetObjTypeInfo
 0001:000043CA       DbiDRGetRelatedObject
 0001:0000447E       DbiDRGetRelTypeInfo
 0001:000044CC       DbiDRImportFromFile
 0001:0000445A       DbiDRLoadDBObject
 0001:00004412       DbiDRModifyEnumAttrDomain
 0001:000044D8       DbiDROpen
 0001:00004496       DbiDROpenAttrTypeList
 0001:0000449C       DbiDROpenObjectTypeList
 0001:00004478       DbiDROpenObjSet
 0001:00004472       DbiDROpenRelSet
 0001:00004490       DbiDROpenRelTypeList
 0001:00004AE4       DbiDropFilter
 0001:0000518C       DbiDropPassword
 0001:00004466       DbiDRSetToObjID
 0001:00004460       DbiDRSetToObjName
 0001:00004FC4       DbiEmptyTable
 0001:00004322       DbiEndConstraintLayer
 0001:000044EA       DbiEndDelayedUpdates
 0001:00005216       DbiEndLinkMode
 0001:00004AB4       DbiEndTran
 0001:0000AE2C       DbiError
 0001:000066A1       DbiExit
 0001:0000504E       DbiExtractKey
 0001:000051B0       DbiForceRecordReread
 0001:000051BC       DbiForceReread
 0001:00004F70       DbiFormFullName
 0001:000050FC       DbiFreeBlob
 0001:0000458C       DbiFreeSQLRequest
 0001:0000510E       DbiGetBlob
 0001:000050F6       DbiGetBlobHeading
 0001:00005114       DbiGetBlobSize
 0001:00005048       DbiGetBookMark
 0001:00004F3A       DbiGetCallBack
 0001:00004B0E       DbiGetClientInfo
 0001:0000519E       DbiGetCurrSession
 0001:000051B6       DbiGetCursorForTable
 0001:000052EE       DbiGetCursorProps
 0001:0000515C       DbiGetDatabaseDesc
 0001:00004E8C       DbiGetDateFormat
 0001:000043E2       DbiGetDefaultRepository
 0001:00005282       DbiGetDirectory
 0001:00005168       DbiGetDriverDesc
 0001:00004F64       DbiGetErrorContext
 0001:00004F5E       DbiGetErrorEntry
 0001:00004F94       DbiGetErrorInfo
 0001:00004F6A       DbiGetErrorString
 0001:00004A66       DbiGetExactRecordCount
 0001:0000507E       DbiGetField
 0001:000052E8       DbiGetFieldDescs
 0001:00005144       DbiGetFieldTypeDesc
 0001:0000464C       DbiGetFilterInfo
 0001:00005054       DbiGetIndexDesc
 0001:000046CA       DbiGetIndexDescs
 0001:00004FFA       DbiGetIndexForField
 0001:00004FF4       DbiGetIndexSeqNo
 0001:00005138       DbiGetIndexTypeDesc
 0001:00004AF6       DbiGetLdName
 0001:00004A96       DbiGetLdNameFromDb
 0001:00004F88       DbiGetLdObj
 0001:00005204       DbiGetLinkStatus
 0001:000050CC       DbiGetNetUserName
 0001:000052CA       DbiGetNextRecord
 0001:00004E74       DbiGetNumberFormat
 0001:000046A6       DbiGetObjFromName
 0001:00004658       DbiGetObjFromObj
 0001:000052C4       DbiGetPriorRecord
 0001:000046B2       DbiGetProp
 0001:000052BE       DbiGetRecord
 0001:000052B2       DbiGetRecordCount
 0001:00004FA0       DbiGetRecordForKey
 0001:000052B8       DbiGetRelativeRecord
 0001:00004610       DbiGetRintDesc
 0001:0000529A       DbiGetSeqNo
 0001:000050D2       DbiGetSesInfo
 0001:00004592       DbiGetSQLRequest
 0001:000050E4       DbiGetSysConfig
 0001:000050DE       DbiGetSysInfo
 0001:000050EA       DbiGetSysVersion
 0001:00005120       DbiGetTableOpenCount
 0001:00005150       DbiGetTableTypeDesc
 0001:00004E80       DbiGetTimeFormat
 0001:00004AAE       DbiGetTranInfo
 0001:00004616       DbiGetVchkDesc
 0001:00004394       DbiImportODBC
 0001:00002AC4       DbiInit
 0001:000065A6       DbiInitFn
 0001:00005030       DbiInitRecord
 0001:000052AC       DbiInsertRecord
 0001:000051FE       DbiIsRecordLocked
 0001:000051F8       DbiIsTableLocked
 0001:000051F2       DbiIsTableShared
 0001:00005210       DbiLinkDetail
 0001:000051EC       DbiLinkDetailToExp
 0001:00005126       DbiLoadDriver
 0001:000046C4       DbiMakePermanent
 0001:000052A6       DbiModifyRecord
 0001:000046BE       DbiNativeToAnsi
 0001:0000511A       DbiOpenBlob
 0001:000046E2       DbiOpenCfgInfoList
 0001:000046DC       DbiOpenConfigFile
 0001:00005300       DbiOpenDatabase
 0001:00005162       DbiOpenDatabaseList
 0001:0000516E       DbiOpenDriverList
 0001:0000524C       DbiOpenFamilyList
 0001:00005264       DbiOpenFieldList
 0001:0000514A       DbiOpenFieldTypesList
 0001:00004628       DbiOpenFieldXlt
 0001:00005270       DbiOpenFileList
 0001:00004442       DbiOpenFunctionArgList
 0001:00004448       DbiOpenFunctionList
 0001:00005066       DbiOpenIndex
 0001:0000526A       DbiOpenIndexList
 0001:0000513E       DbiOpenIndexTypesList
 0001:0000525E       DbiOpenLdList
 0001:00005180       DbiOpenLockList
 0001:00004316       DbiOpenNestedTable
 0001:0000430A       DbiOpenRef
 0001:000043EE       DbiOpenRepositoryList
 0001:00005252       DbiOpenRintList
 0001:00005234       DbiOpenSecurityList
 0001:000043D0       DbiOpenSessionRepository
 0001:000045B6       DbiOpenSPList
 0001:000045B0       DbiOpenSPParamList
 0001:000052F4       DbiOpenTable
 0001:00005276       DbiOpenTableList
 0001:00005156       DbiOpenTableTypesList
 0001:00005186       DbiOpenUserList
 0001:00005258       DbiOpenVchkList
 0001:00004FCA       DbiPackTable
 0001:00005108       DbiPutBlob
 0001:00005078       DbiPutField
 0001:00005090       DbiQAlloc
 0001:000050A8       DbiQExec
 0001:000050B4       DbiQExecDirect
 0001:0000459E       DbiQExecProcDirect
 0001:00005096       DbiQFree
 0001:0000508A       DbiQGetBaseDescs
 0001:0000509C       DbiQInstantiateAnswer
 0001:000050AE       DbiQPrepare
 0001:00004598       DbiQPrepareExt
 0001:000045AA       DbiQPrepareProc
 0001:000050A2       DbiQSetParams
 0001:000045A4       DbiQSetProcParams
 0001:00005228       DbiReadBlock
 0001:00004FBE       DbiRegenIndex
 0001:00004FB8       DbiRegenIndexes
 0001:00005084       DbiRegisterCallBack
 0001:000051C8       DbiRelPersistTableLock
 0001:000051D4       DbiRelRecordLock
 0001:000051DA       DbiRelTableLock
 0001:00005012       DbiRenameTable
 0001:0000528E       DbiResetRange
 0001:000051C2       DbiSaveChanges
 0001:000043B8       DbiSchemaCacheFlush
 0001:000051A4       DbiSetCurrSession
 0001:00004E86       DbiSetDateFormat
 0001:000043E8       DbiSetDefaultRepository
 0001:0000527C       DbiSetDirectory
 0001:00004F9A       DbiSetFieldMap
 0001:00005174       DbiSetLockRetry
 0001:00004E6E       DbiSetNumberFormat
 0001:0000517A       DbiSetPrivateDir
 0001:000046AC       DbiSetProp
 0001:00005294       DbiSetRange
 0001:00004E7A       DbiSetTimeFormat
 0001:000052DC       DbiSetToBegin
 0001:00005042       DbiSetToBookMark
 0001:000052D0       DbiSetToCursor
 0001:000052D6       DbiSetToEnd
 0001:00005288       DbiSetToKey
 0001:00004FEE       DbiSetToRecordNo
 0001:0000502A       DbiSetToSeqNo
 0001:00004AA8       DbiSortTable
 0001:00004340       DbiSQLTextToCanEx
 0001:000051AA       DbiStartSession
 0001:0000505A       DbiSwitchToIndex
 0001:00004FDC       DbiTimeDecode
 0001:00004FE2       DbiTimeEncode
 0001:00004FD0       DbiTimeStampDecode
 0001:00004FD6       DbiTimeStampEncode
 0001:00004640       DbiTranslateField
 0001:00004646       DbiTranslateRecordStructure
 0001:00005102       DbiTruncateBlob
 0001:00004B02       DbiUndeleteRecord
 0001:0000520A       DbiUnlinkDetail
 0001:00004F82       DbiUseIdleTime
 0001:0000462E       DbiValidateProp
 0001:00005024       DbiVerifyField
 0001:00005222       DbiWriteBlock
 0001:0001BF78       DBTables
 0001:00009EA8       DefaultSession
 0001:000005EC       DeleteCriticalSection
 0001:0000A7A0       DLLDetachCallBack
 0001:0000432E       DsProviderGetDataPacket
 0001:00004328       DsResolver
 0001:0000AF58       EDBEngineError.Create
 0001:0000B274       EDBEngineError.Destroy
 0001:0000B2C8       EDBEngineError.GetError
 0001:0000B2DC       EDBEngineError.GetErrorCount
 0002:00000D84       EndType
 0001:000005F4       EnterCriticalSection
 0001:00002AB4       ErrCat
 0001:00002ABC       ErrCode
 0001:00000324       ExitProcessTLS
 0001:000002FC       ExitThreadTLS
 0002:00000D9C       Exts
 0001:000005FC       FatalAppExitA
 0002:0000104C       FCSect
 0001:000067F0       Finalization
 0001:0001BEEC       Finalization
 0001:00006A38       Finalization
 0001:000003F4       Finalization
 0001:00006788       Finalization
 0001:000006DC       Finalization
 0001:00000A54       Finalization
 0001:00000604       FindClose
 0001:0000060C       FindFirstFileA
 0002:00000CB8       FldSubTypeMap
 0002:00000C90       FldTypeMap
 0001:00012204       FreeBuffer
 0001:00000240       FreeLibrary
 0001:00000614       FreeLibrary
 0001:0000A448       FreeStatementLocale
 0001:0000A710       FreeTimer
 0001:0000062C       GetCurrentDirectoryA
 0001:00000634       GetCurrentThreadId
 0001:00013B9C       GetDefaultExpression
 0001:0000AEE8       GetErrorString
 0001:000139FC       GetFieldConstraint
 0001:0000A060       GetFieldSource
 0001:0000F144       GetHashCode
 0001:00018FAC       GetIdx
 0001:0000AC68       GetIntProp
 0001:0000063C       GetLastError
 0001:000153BC       GetMappingNames
 0001:00000644       GetModuleHandleA
 0002:00001044       GetObjectContextProc
 0001:0000A260       GetParamData
 0001:0000A1C0       GetParamDataSize
 0001:000139E4       GetPChar
 0001:00009EF0       GetPChar
 0001:0000064C       GetProcAddress
 0001:0000F294       GetStatementHandle
 0001:0000A404       GetStatementLocale
 0001:0000F1B0       GetStmtInfo
 0001:00013B10       GetTableConstraint
 0001:00000654       GetTickCount
 0001:00000284       GetTlsSize
 0001:0000065C       GlobalAlloc
 0001:00000664       GlobalLock
 0002:00001004       HInstance
 0001:00016784       IndexFieldOfs
 0002:00000B74       INFO_IDAPI32
 0001:0001BEC8       InitDBTables
 0001:00018248       InitFieldDescriptors
 0001:0000066C       InitializeCriticalSection
 0001:00000348       InitializeModule
 0001:0001840C       InitIndexDescriptors
 0001:000002D0       InitProcessTLS
 0001:00018110       InitTableSettings
 0001:0000028C       InitThreadTLS
 0001:000184CC       InitValChecks
 0001:0000061C       InterlockedDecrement
 0001:00000624       InterlockedIncrement
 0001:00000674       IsDBCSLeadByte
 0001:0000ABC8       IsDirectory
 0001:0000AC14       IsStandardType
 0001:000006BC       KillTimer
 0001:0000067C       LeaveCriticalSection
 0001:00000684       LoadLibraryA
 0001:00000248       LocalAlloc
 0001:00000250       LocalFree
 0001:00000A84       Messages
 0002:00000008       Module
 0002:00001000       ModuleIsLib
 0002:00001001       ModuleIsPackage
 0001:0000AAF0       NativeCompareStr
 0001:0000AB20       NativeCompareStrBuf
 0001:0000AB5C       NativeCompareText
 0001:0000AB8C       NativeCompareTextBuf
 0001:0000A9CC       NativeToAnsi
 0001:0000AA78       NativeToAnsiBuf
 0001:0000FB74       NeedsDBAlias
 0002:0000109C       NeedToUninitialize
 0001:00009F14       NextItem
 0001:000006C4       OemToChar
 0001:000006CC       OemToCharBuff
 0001:0000068C       OpenFileMapping
 0002:00000D50       OpenModes
 0002:00000D8C       OpenModes
 0001:00004B8C       OsLdAnsiCharToOem
 0001:00004BA4       OsLdAnsiToOem
 0001:00004718       OsLdBuildCharSetXform
 0001:00004B68       OsLdCharToLower
 0001:00004B6E       OsLdCharToUpper
 0001:00004C04       OsLdExit
 0001:00004856       OsLdExStrCmp
 0001:00004BB0       OsLdGetCodePage
 0001:00004C0A       OsLdGetDefaultObj
 0001:00004B62       OsLdGetDescName
 0001:00004868       OsLdGetDriverId
 0001:00004BAA       OsLdGetFName
 0001:000048AA       OsLdGetFuncAddrLdStrnCmpi_
 0001:000048EC       OsLdGetFuncAddrLdStrnColli_
 0001:000048E6       OsLdGetFuncAddrLdStrnColl_
 0001:00004B38       OsLdGetMinMax
 0001:00004B3E       OsLdGetProductID
 0001:00004BB6       OsLdGetSortsig
 0001:00004BBC       OsLdGetSymbName
 0001:00004C10       OsLdInit
 0001:00004B7A       OsLdIsAlpha
 0001:00004B98       OsLdIsAnsiCharInOemCp
 0001:00004B74       OsLdIsDigit
 0001:00004B92       OsLdIsOemCharInAnsiCp
 0001:00004862       OsLdLoadByDriverId
 0001:00004BF8       OsLdLoadByFName
 0001:00004B4A       OsLdLoadByLCID
 0001:00004BFE       OsLdLoadBySortSig
 0001:00004BF2       OsLdLoadBySymbName
 0001:00004B86       OsLdOemCharToAnsi
 0001:00004B9E       OsLdOemToAnsi
 0001:00004B44       OsLdSearchEnd
 0001:00004B5C       OsLdSearchInit
 0001:00004B56       OsLdSearchNext
 0001:00004B32       OsLdSetConvChars
 0001:00004BE6       OsLdStrCmp
 0001:00004BD4       OsLdStrCmpi
 0001:00004BEC       OsLdStrnCmp
 0001:00004BCE       OsLdStrnCmpi
 0001:00004850       OsLdStrnColl
 0001:00004832       OsLdStrnColli
 0001:00004BDA       OsLdStrnToLower
 0001:00004BC2       OsLdStrnToUpper
 0001:00004BE0       OsLdStrToLower
 0001:00004BC8       OsLdStrToUpper
 0001:00004B80       OsLdUnloadObj
 0001:0000A02C       PopValue
 0002:00000D78       PropFlags
 0002:00000004       PtrToNil
 0001:00013E24       ReAllocBuffers
 0001:000005A4       RegCloseKey
 0001:00009EB0       RegisterBDEInitProc
 0001:000005AC       RegOpenKeyExA
 0001:000005B4       RegQueryValueExA
 0001:00000694       ReleaseMutex
 0002:00000D60       RetCodes
 0002:00001098       SaveInitProc
 0001:0000069C       SearchPathA
 0002:0000103C       Session
 0002:00001040       Sessions
 0001:0000AC98       SetBoolProp
 0001:000006A4       SetErrorMode
 0001:0000A45C       SetQueryParams
 0001:000006D4       SetTimer
 0002:00000D94       ShareModes
 0002:00000D58       ShareModes
 0001:00006820       SMINTF
 0001:00009F08       Split
 0002:00000D48       SQLDelay
 0002:00000D4C       StartTime
 0001:0000ACBC       StringListToParams
 0001:0000A938       StrToOem
 0001:00000424       SysInit
 0002:00000D30       TableTypeDriverNames
 0001:00015370       TBatchMove.ConvertName
 0001:000152F0       TBatchMove.Create
 0001:00015340       TBatchMove.Destroy
 0001:00015474       TBatchMove.Execute
 0001:000158C0       TBatchMove.Notification
 0001:000158F8       TBatchMove.SetMappings
 0001:00015908       TBatchMove.SetSource
 0001:0000A7BC       TBDECallback.Create
 0001:0000A85C       TBDECallback.Destroy
 0001:0000A908       TBDECallback.Invoke
 0001:00012E24       TBDEDataSet.ActivateFilters
 0001:00011468       TBDEDataSet.AddFieldDesc
 0001:00013CF8       TBDEDataSet.AllocCachedUpdateBuffers
 0001:0001265C       TBDEDataSet.AllocKeyBuffers
 0001:00010F6C       TBDEDataSet.AllocRecordBuffer
 0001:0001405C       TBDEDataSet.ApplyUpdates
 0001:00012330       TBDEDataSet.BlockReadNext
 0001:0001214C       TBDEDataSet.BookmarkValid
 0001:0001417C       TBDEDataSet.CachedUpdateCallBack
 0001:0001200C       TBDEDataSet.Cancel
 0001:000140C0       TBDEDataSet.CancelUpdates
 0001:00013D7C       TBDEDataSet.CheckCachedUpdateMode
 0001:0001272C       TBDEDataSet.CheckSetKeyMode
 0001:00010FA0       TBDEDataSet.ClearBlobCache
 0001:00010FD8       TBDEDataSet.ClearCalcFields
 0001:00011D20       TBDEDataSet.CloseBlob
 0001:000108E0       TBDEDataSet.CloseCursor
 0001:00014098       TBDEDataSet.CommitUpdates
 0001:000120FC       TBDEDataSet.CompareBookmarks
 0001:00013C2C       TBDEDataSet.ConstraintCallBack
 0001:00013984       TBDEDataSet.ConstraintsDisabled
 0001:0001078C       TBDEDataSet.Create
 0001:00011CF8       TBDEDataSet.CreateBlobStream
 0001:00012F20       TBDEDataSet.CreateExprFilter
 0001:00012FB4       TBDEDataSet.CreateFuncFilter
 0001:00010920       TBDEDataSet.CreateHandle
 0001:00012FE0       TBDEDataSet.CreateLookupFilter
 0001:000144EC       TBDEDataSet.DataEvent
 0001:00012EE0       TBDEDataSet.DeactivateFilters
 0001:000107E4       TBDEDataSet.Destroy
 0001:00010924       TBDEDataSet.DestroyHandle
 0001:00013934       TBDEDataSet.DestroyLookupCursor
 0001:00013990       TBDEDataSet.DisableConstraints
 0001:000139B8       TBDEDataSet.EnableConstraints
 0001:00011230       TBDEDataSet.FetchAll
 0001:000133A8       TBDEDataSet.FindRecord
 0001:00011274       TBDEDataSet.FlushBuffers
 0001:00013E00       TBDEDataSet.ForceUpdateCallback
 0001:000126D0       TBDEDataSet.FreeKeyBuffers
 0001:00010F7C       TBDEDataSet.FreeRecordBuffer
 0001:00011370       TBDEDataSet.GetActiveRecBuf
 0001:00011C64       TBDEDataSet.GetBlobData
 0001:000117B4       TBDEDataSet.GetBlobFieldData
 0001:000120CC       TBDEDataSet.GetBookmarkData
 0001:000120AC       TBDEDataSet.GetBookmarkFlag
 0001:00011F88       TBDEDataSet.GetCanModify
 0001:0001113C       TBDEDataSet.GetCurrentRecord
 0001:000119A8       TBDEDataSet.GetFieldData
 0001:00011928       TBDEDataSet.GetFieldData
 0001:00011DF8       TBDEDataSet.GetFieldFullName
 0001:00010944       TBDEDataSet.GetHandle
 0001:00012574       TBDEDataSet.GetIndexField
 0001:00012654       TBDEDataSet.GetIndexFieldCount
 0001:000123E4       TBDEDataSet.GetIndexInfo
 0001:00012D20       TBDEDataSet.GetIsIndexField
 0001:00012AA4       TBDEDataSet.GetKeyBuffer
 0001:00012B84       TBDEDataSet.GetKeyExclusive
 0001:00012BB8       TBDEDataSet.GetKeyFieldCount
 0001:00013930       TBDEDataSet.GetLookupCursor
 0001:00010B78       TBDEDataSet.GetObjectTypeNames
 0001:0001118C       TBDEDataSet.GetOldRecord
 0001:000112D4       TBDEDataSet.GetRecNo
 0001:00011030       TBDEDataSet.GetRecord
 0001:00011294       TBDEDataSet.GetRecordCount
 0001:00011368       TBDEDataSet.GetRecordSize
 0001:00011D48       TBDEDataSet.GetStateFieldValue
 0001:000142C8       TBDEDataSet.GetUpdateRecordSet
 0001:00014428       TBDEDataSet.GetUpdatesPending
 0001:00013938       TBDEDataSet.HasConstraints
 0001:00010EF0       TBDEDataSet.InitBufferPointers
 0001:000126FC       TBDEDataSet.InitKeyBuffer
 0001:00010FFC       TBDEDataSet.InitRecord
 0001:00012044       TBDEDataSet.InternalAddRecord
 0001:0001202C       TBDEDataSet.InternalCancel
 0001:00010E2C       TBDEDataSet.InternalClose
 0001:00011F44       TBDEDataSet.InternalDelete
 0001:00011EA0       TBDEDataSet.InternalEdit
 0001:00011E70       TBDEDataSet.InternalFirst
 0001:0001207C       TBDEDataSet.InternalGotoBookmark
 0001:00010EE0       TBDEDataSet.InternalHandleException
 0001:0001094C       TBDEDataSet.InternalInitFieldDefs
 0001:00010F90       TBDEDataSet.InternalInitRecord
 0001:00011ED4       TBDEDataSet.InternalInsert
 0001:00011E88       TBDEDataSet.InternalLast
 0001:00010C8C       TBDEDataSet.InternalOpen
 0001:00011EF4       TBDEDataSet.InternalPost
 0001:00011FA8       TBDEDataSet.InternalRefresh
 0001:00012098       TBDEDataSet.InternalSetToRecord
 0001:00010ED4       TBDEDataSet.IsCursorOpen
 0001:00011F70       TBDEDataSet.IsSequenced
 0001:000138DC       TBDEDataSet.Locate
 0001:0001355C       TBDEDataSet.LocateRecord
 0001:00013844       TBDEDataSet.Lookup
 0001:00012D90       TBDEDataSet.MapsToIndex
 0001:0001082C       TBDEDataSet.OpenCursor
 0001:00011FEC       TBDEDataSet.Post
 0001:00012B24       TBDEDataSet.PostKeyBuffer
 0001:00010ED0       TBDEDataSet.PrepareCursor
 0001:00014038       TBDEDataSet.ProcessUpdates
 0001:00014518       TBDEDataSet.PSGetUpdateException
 0001:00014570       TBDEDataSet.PSIsSQLSupported
 0001:00014574       TBDEDataSet.PSReset
 0001:00014590       TBDEDataSet.PSUpdateRecord
 0001:000134E0       TBDEDataSet.RecordFilter
 0001:00012984       TBDEDataSet.ResetCursorRange
 0001:000140FC       TBDEDataSet.RevertRecord
 0001:00011C90       TBDEDataSet.SetBlobData
 0001:00012230       TBDEDataSet.SetBlockReadSize
 0001:000120E4       TBDEDataSet.SetBookmarkData
 0001:000120BC       TBDEDataSet.SetBookmarkFlag
 0001:00013ECC       TBDEDataSet.SetCachedUpdates
 0001:00012784       TBDEDataSet.SetCursorRange
 0001:00011A48       TBDEDataSet.SetFieldData
 0001:00013204       TBDEDataSet.SetFilterData
 0001:0001329C       TBDEDataSet.SetFiltered
 0001:0001318C       TBDEDataSet.SetFilterHandle
 0001:00013308       TBDEDataSet.SetFilterOptions
 0001:00013290       TBDEDataSet.SetFilterText
 0001:00012634       TBDEDataSet.SetIndexField
 0001:00012AB0       TBDEDataSet.SetKeyBuffer
 0001:00012B9C       TBDEDataSet.SetKeyExclusive
 0001:00012BD0       TBDEDataSet.SetKeyFieldCount
 0001:00012BEC       TBDEDataSet.SetKeyFields
 0001:000129D8       TBDEDataSet.SetLinkRanges
 0001:00010EE8       TBDEDataSet.SetLocale
 0001:0001331C       TBDEDataSet.SetOnFilterRecord
 0001:000143F0       TBDEDataSet.SetOnUpdateError
 0001:00011304       TBDEDataSet.SetRecNo
 0001:00011D74       TBDEDataSet.SetStateFieldValue
 0001:00013FD8       TBDEDataSet.SetupCallBack
 0001:00014354       TBDEDataSet.SetUpdateObject
 0001:00014304       TBDEDataSet.SetUpdateRecordSet
 0001:0001246C       TBDEDataSet.SwitchToIndex
 0001:00011DA0       TBDEDataSet.Translate
 0001:00013DD4       TBDEDataSet.UpdateCallbackRequired
 0001:00014148       TBDEDataSet.UpdateStatus
 0001:0001B7A4       TBlobStream.Create
 0001:0001B9C8       TBlobStream.Destroy
 0001:0001BE34       TBlobStream.GetBlobSize
 0001:0001BA94       TBlobStream.Read
 0001:0001BDC0       TBlobStream.Seek
 0001:0001BDF4       TBlobStream.Truncate
 0001:0001BCA0       TBlobStream.Write
 0001:0000EFB4       TDatabase.ApplyUpdates
 0001:0000F488       TDatabase.CheckActive
 0001:0000FCC0       TDatabase.CheckDatabaseAlias
 0001:0000F540       TDatabase.CheckDatabaseName
 0001:0000F4DC       TDatabase.CheckInactive
 0001:0000F5A0       TDatabase.CheckSessionName
 0001:0000F0E8       TDatabase.ClearStatements
 0001:0000F758       TDatabase.CloseDataSets
 0001:0000F784       TDatabase.Commit
 0001:0000EE9C       TDatabase.Create
 0001:0000EF58       TDatabase.Destroy
 0001:00010050       TDatabase.DoConnect
 0001:0000F688       TDatabase.DoDisconnect
 0001:0000F79C       TDatabase.EndTransaction
 0001:0000F3B4       TDatabase.Execute
 0001:0001075C       TDatabase.FlushSchemaCache
 0001:0000F7B8       TDatabase.GetAliasName
 0001:0000F7E0       TDatabase.GetConnected
 0001:0000F7E8       TDatabase.GetDataSet
 0001:0000F808       TDatabase.GetDirectory
 0001:0000F8A4       TDatabase.GetDriverName
 0001:0000F860       TDatabase.GetFieldNames
 0001:0000F998       TDatabase.GetInTransaction
 0001:0000F978       TDatabase.GetObjectContext
 0001:0000F880       TDatabase.GetTableNames
 0001:0000F940       TDatabase.GetTraceFlags
 0001:0000F9C8       TDatabase.Loaded
 0001:0000FA28       TDatabase.LoadLocale
 0001:0000FA68       TDatabase.Login
 0001:0000F9E4       TDatabase.Notification
 0001:00010024       TDatabase.OpenFromExistingDB
 0001:00010374       TDatabase.ParamsChanging
 0001:0001037C       TDatabase.Rollback
 0001:00010394       TDatabase.SetAliasName
 0001:0000F8CC       TDatabase.SetDatabaseFlags
 0001:0001039C       TDatabase.SetDatabaseName
 0001:000103E8       TDatabase.SetDatabaseType
 0001:0001040C       TDatabase.SetDirectory
 0001:0001046C       TDatabase.SetDriverName
 0001:00010608       TDatabase.SetExclusive
 0001:00010474       TDatabase.SetHandle
 0001:0001054C       TDatabase.SetKeepConnection
 0001:00010564       TDatabase.SetParams
 0001:0001061C       TDatabase.SetReadOnly
 0001:00010584       TDatabase.SetSessionName
 0001:000105D8       TDatabase.SetTraceFlags
 0001:00010630       TDatabase.StartTransaction
 0001:000106B0       TDatabase.ValidateName
 0001:00014AAC       TDBDataSet.CheckDBSessionName
 0001:00014B0C       TDBDataSet.CheckOpen
 0001:00014A90       TDBDataSet.CloseCursor
 0001:00014BE8       TDBDataSet.CloseDatabase
 0001:00014B50       TDBDataSet.ConstraintsStored
 0001:00014970       TDBDataSet.Create
 0001:00014B68       TDBDataSet.Disconnect
 0001:00014B70       TDBDataSet.GetDBHandle
 0001:00014B84       TDBDataSet.GetDBLocale
 0001:00014B98       TDBDataSet.GetDBSession
 0001:00014A4C       TDBDataSet.OpenCursor
 0001:00014BC4       TDBDataSet.OpenDatabase
 0001:00015138       TDBDataSet.PSEndTransaction
 0001:000151A4       TDBDataSet.PSExecuteStatement
 0001:00014EC0       TDBDataSet.PSGetAttributes
 0001:00014F9C       TDBDataSet.PSGetQuoteChar
 0001:0001505C       TDBDataSet.PSInTransaction
 0001:00014F30       TDBDataSet.PSIsSQLBased
 0001:000150B4       TDBDataSet.PSStartTransaction
 0001:00015268       TDBDataSet.PSUpdateRecord
 0001:00014E1C       TDBDataSet.SetAutoRefresh
 0001:00014BF8       TDBDataSet.SetDatabaseName
 0001:00014C9C       TDBDataSet.SetDBFlag
 0001:000149E8       TDBDataSet.SetHandle
 0001:00014D9C       TDBDataSet.SetSessionName
 0001:00014E38       TDBDataSet.SetupAutoRefresh
 0001:00014DCC       TDBDataSet.SetUpdateMode
 0001:0000AE50       TDBError.Create
 0001:0000AEA8       TDBError.GetCategory
 0001:0000AEB4       TDBError.GetSubCode
 0001:0000A770       TimerCallBack
 0002:00000D44       TimerID
 0001:00015954       TIndexFiles.Add
 0001:0001598C       TIndexFiles.Clear
 0001:00015918       TIndexFiles.Create
 0001:00015A50       TIndexFiles.Delete
 0001:00015A1C       TIndexFiles.Insert
 0001:00000258       TlsAlloc
 0002:0000100C       tlsBuffer
 0001:00000260       TlsFree
 0001:00000268       TlsGetValue
 0002:00000000       TlsIndex
 0002:BF942000       TlsLast
 0002:00000020       TlsProc
 0001:00000270       TlsSetValue
 0001:000145D0       TNestedTable.Create
 0001:00014610       TNestedTable.CreateHandle
 0001:00014730       TNestedTable.DoAfterPost
 0001:00014864       TNestedTable.DoBeforeInsert
 0001:0001489C       TNestedTable.InternalPost
 0001:0000EC68       TParamList.Create
 0001:0000EE74       TParamList.Destroy
 0001:0001A5E0       TQuery.Create
 0001:0001ADB4       TQuery.CreateCursor
 0001:0001AEA0       TQuery.CreateHandle
 0001:0001AA88       TQuery.DefineProperties
 0001:0001A67C       TQuery.Destroy
 0001:0001A6E0       TQuery.Disconnect
 0001:0001AEA8       TQuery.ExecSQL
 0001:0001AC8C       TQuery.FreeStatement
 0001:0001A7B4       TQuery.GetDataSource
 0001:0001B20C       TQuery.GetDetailLinkFields
 0001:0001AA2C       TQuery.GetParamsCount
 0001:0001AF10       TQuery.GetQueryCursor
 0001:0001B19C       TQuery.GetRowsAffected
 0001:0001B058       TQuery.GetStatementHandle
 0001:0001ADA8       TQuery.ParamByName
 0001:0001A704       TQuery.Prepare
 0001:0001B024       TQuery.PrepareSQL
 0001:0001B390       TQuery.PSExecute
 0001:0001B2A8       TQuery.PSGetDefaultOrder
 0001:0001B30C       TQuery.PSGetParams
 0001:0001B33C       TQuery.PSGetTableName
 0001:0001B398       TQuery.PSSetCommandText
 0001:0001B314       TQuery.PSSetParams
 0001:0001A888       TQuery.QueryChanged
 0001:0001AB50       TQuery.ReadBinaryData
 0001:0001AB20       TQuery.ReadParamData
 0001:0001AD2C       TQuery.RefreshParams
 0001:0001A748       TQuery.SetDataSource
 0001:0001AF60       TQuery.SetDBFlag
 0001:0001ACB4       TQuery.SetParamsFromCursor
 0001:0001AA20       TQuery.SetParamsList
 0001:0001A6F4       TQuery.SetPrepare
 0001:0001ABA4       TQuery.SetPrepared
 0001:0001A7C0       TQuery.SetQuery
 0001:0001A728       TQuery.UnPrepare
 0001:0001AB80       TQuery.WriteBinaryData
 0001:0001AB40       TQuery.WriteParamData
 0001:000194BC       TQueryDataLink.ActiveChanged
 0001:00019500       TQueryDataLink.CheckBrowseMode
 0001:00019480       TQueryDataLink.Create
 0001:000194D8       TQueryDataLink.GetDetailDataSet
 0001:000194DC       TQueryDataLink.RecordChanged
 0001:0000B890       TSession.AddAlias
 0001:0000B9CC       TSession.AddDatabase
 0001:0000B8BC       TSession.AddDriver
 0001:0000BB44       TSession.AddPassword
 0001:0000B9EC       TSession.AddStandardAlias
 0001:0000BBB4       TSession.CallBDEInitProcs
 0001:0000BC4C       TSession.CheckConfigMode
 0001:0000BBF0       TSession.CheckInactive
 0001:0000BC7C       TSession.Close
 0001:0000BC84       TSession.CloseDatabase
 0001:0000BCB8       TSession.CloseDatabaseHandle
 0001:0000B7BC       TSession.Create
 0001:0000BD14       TSession.DBLoginCallback
 0001:0000BF20       TSession.DBNotification
 0001:0000BF3C       TSession.DeleteAlias
 0001:0000BFFC       TSession.DeleteConfigPath
 0001:0000BF5C       TSession.DeleteDriver
 0001:0000B840       TSession.Destroy
 0001:0000C104       TSession.DoFindDatabase
 0001:0000DCD4       TSession.DoOpenDatabase
 0001:0000C07C       TSession.DropConnections
 0001:0000C0B0       TSession.FindDatabase
 0001:0000C170       TSession.FindDatabaseHandle
 0001:0000C1C4       TSession.GetActive
 0001:0000C1CC       TSession.GetAliasDriverName
 0001:0000C2DC       TSession.GetAliasNames
 0001:0000C420       TSession.GetAliasParams
 0001:0000E3EC       TSession.GetConfigMode
 0001:0000C5F4       TSession.GetConfigParams
 0001:0000C788       TSession.GetDatabase
 0001:0000C79C       TSession.GetDatabaseCount
 0001:0000C7A4       TSession.GetDatabaseNames
 0001:0000C858       TSession.GetDriverNames
 0001:0000C9B0       TSession.GetDriverParams
 0001:0000D00C       TSession.GetFieldNames
 0001:0000CBC8       TSession.GetHandle
 0001:0000CBF0       TSession.GetNetFileDir
 0001:0000CDC8       TSession.GetPassword
 0001:0000CCE8       TSession.GetPrivateDir
 0001:0000D154       TSession.GetStoredProcNames
 0001:0000CE70       TSession.GetTableNames
 0001:0000D28C       TSession.InitializeBDE
 0001:0000D3FC       TSession.InternalAddAlias
 0001:0000D5AC       TSession.InternalDeleteAlias
 0001:0000D6B0       TSession.IsAlias
 0001:0000D794       TSession.Loaded
 0001:0000DDC4       TSession.LoadSMClient
 0001:0000D80C       TSession.LockSession
 0001:0000D844       TSession.MakeCurrent
 0001:0000D86C       TSession.ModifyAlias
 0001:0000DB60       TSession.ModifyConfigParams
 0001:0000D9E0       TSession.ModifyDriver
 0001:0000DC70       TSession.Notification
 0001:0000DCCC       TSession.Open
 0001:0000DDB4       TSession.OpenDatabase
 0001:0000E018       TSession.RegisterCallbacks
 0001:0000E11C       TSession.RemoveAllPasswords
 0001:0000E0FC       TSession.RemoveDatabase
 0001:0000E160       TSession.RemovePassword
 0001:0000E1CC       TSession.SaveConfigFile
 0001:0000E234       TSession.ServerCallback
 0001:0000DDBC       TSession.SessionNameStored
 0001:0000E2AC       TSession.SetActive
 0001:0000E2D8       TSession.SetAutoSessionName
 0001:0000E444       TSession.SetConfigMode
 0001:0000E4A4       TSession.SetConfigParams
 0001:0000E568       TSession.SetName
 0001:0000E584       TSession.SetNetFileDir
 0001:0000E614       TSession.SetPrivateDir
 0001:0000E694       TSession.SetSessionName
 0001:0000E750       TSession.SetSessionNames
 0001:0000E7E0       TSession.SetTraceFlags
 0001:0000E81C       TSession.SMClientSignal
 0001:0000E824       TSession.SqlTraceCallback
 0001:0000E884       TSession.StartSession
 0001:0000D830       TSession.UnlockSession
 0001:0000EAC0       TSession.UpdateAutoSessionName
 0001:0000EB84       TSession.ValidateAutoSession
 0001:0000B38C       TSessionList.AddSession
 0001:0000B3E4       TSessionList.CloseAll
 0001:0000B2E4       TSessionList.Create
 0001:0000B344       TSessionList.Destroy
 0001:0000B61C       TSessionList.FindSession
 0001:0000B44C       TSessionList.GetCount
 0001:0000B49C       TSessionList.GetCurrentSession
 0001:0000B538       TSessionList.GetSession
 0001:0000B598       TSessionList.GetSessionByName
 0001:0000B6BC       TSessionList.GetSessionNames
 0001:0000B770       TSessionList.OpenSession
 0001:0000B7A8       TSessionList.SetCurrentSession
 0001:0001A0A4       TStoredProc.BindParams
 0001:00019A30       TStoredProc.CheckServerParams
 0001:0001A490       TStoredProc.CopyParams
 0001:0001951C       TStoredProc.Create
 0001:00019698       TStoredProc.CreateCursor
 0001:000196C4       TStoredProc.CreateHandle
 0001:00019820       TStoredProc.CreateParamDesc
 0001:000195F8       TStoredProc.DefineProperties
 0001:00019B38       TStoredProc.DescriptionsAvailable
 0001:00019568       TStoredProc.Destroy
 0001:00019684       TStoredProc.Disconnect
 0001:00019708       TStoredProc.ExecProc
 0001:0001A3B0       TStoredProc.FreeStatement
 0001:000196CC       TStoredProc.GetCursor
 0001:00019810       TStoredProc.GetParamsCount
 0001:00019F28       TStoredProc.GetResults
 0001:0001A570       TStoredProc.ParamByName
 0001:0001A36C       TStoredProc.Prepare
 0001:00019BE8       TStoredProc.PrepareProc
 0001:0001A5C0       TStoredProc.PSExecute
 0001:0001A57C       TStoredProc.PSGetParams
 0001:0001A5AC       TStoredProc.PSGetTableName
 0001:0001A5C8       TStoredProc.PSSetCommandText
 0001:0001A584       TStoredProc.PSSetParams
 0001:00019664       TStoredProc.ReadParamData
 0001:0001A414       TStoredProc.SetDBFlag
 0001:000197C8       TStoredProc.SetOverLoad
 0001:0001A524       TStoredProc.SetParamsList
 0001:0001A404       TStoredProc.SetPrepare
 0001:0001A278       TStoredProc.SetPrepared
 0001:00019770       TStoredProc.SetProcName
 0001:00019990       TStoredProc.SetServerParams
 0001:0001A390       TStoredProc.UnPrepare
 0001:00019654       TStoredProc.WriteParamData
 0001:00016A84       TTable.AddIndex
 0001:00017A74       TTable.ApplyRange
 0001:00018094       TTable.BatchMove
 0001:00017A94       TTable.CancelRange
 0001:00017F50       TTable.CheckMasterRange
 0001:0001716C       TTable.CloseIndexFile
 0001:00015AD0       TTable.Create
 0001:00015D20       TTable.CreateHandle
 0001:0001857C       TTable.CreateTable
 0001:000189F4       TTable.DataEvent
 0001:000165BC       TTable.DecodeIndexDesc
 0001:0001617C       TTable.DefChanged
 0001:00016BE4       TTable.DeleteIndex
 0001:000186D8       TTable.DeleteTable
 0001:00015B68       TTable.Destroy
 0001:00016510       TTable.DestroyHandle
 0001:00017CC8       TTable.DestroyLookupCursor
 0001:00018040       TTable.DoOnNewRecord
 0001:00017A68       TTable.EditKey
 0001:00017B20       TTable.EditRangeEnd
 0001:00017B2C       TTable.EditRangeStart
 0001:0001875C       TTable.EmptyTable
 0001:00018948       TTable.EncodeFieldDesc
 0001:00016840       TTable.EncodeIndexDesc
 0001:00018AE8       TTable.FieldDefsStored
 0001:00017824       TTable.FindKey
 0001:0001784C       TTable.FindNearest
 0001:00018A14       TTable.GetCanModify
 0001:00017FA0       TTable.GetDataSource
 0001:00017DCC       TTable.GetDetailLinkFields
 0001:00018A34       TTable.GetDriverTypeName
 0001:00017704       TTable.GetExists
 0001:00018BD4       TTable.GetFileName
 0001:00015BB0       TTable.GetHandle
 0001:00016D2C       TTable.GetIndexFieldNames
 0001:00016D58       TTable.GetIndexName
 0001:00016D84       TTable.GetIndexNames
 0001:00016DA8       TTable.GetIndexParams
 0001:00015E54       TTable.GetLanguageDriverName
 0001:00017B48       TTable.GetLookupCursor
 0001:00018018       TTable.GetMasterFields
 0001:00018ABC       TTable.GetTableLevel
 0001:00018D00       TTable.GetTableType
 0001:00018A94       TTable.GetTableTypeName
 0001:00017CF8       TTable.GotoCurrent
 0001:00017874       TTable.GotoKey
 0001:00017970       TTable.GotoNearest
 0001:00018B08       TTable.IndexDefsStored
 0001:00016184       TTable.InitFieldDefs
 0001:0001761C       TTable.IsProductionIndex
 0001:00018B2C       TTable.IsXBaseTable
 0001:00018828       TTable.LockTable
 0001:00017F7C       TTable.MasterChanged
 0001:00017F98       TTable.MasterDisabled
 0001:00018EBC       TTable.NativeTableName
 0001:00017134       TTable.OpenIndexFile
 0001:000160F4       TTable.PrepareCursor
 0001:000190A8       TTable.PSGetDefaultOrder
 0001:000191E0       TTable.PSGetIndexDefs
 0001:00019368       TTable.PSGetKeyFields
 0001:000191F4       TTable.PSGetTableName
 0001:00019350       TTable.PSSetCommandText
 0001:000192E8       TTable.PSSetParams
 0001:00018894       TTable.RenameTable
 0001:000160C8       TTable.RestoreLocale
 0001:00017FAC       TTable.SetDataSource
 0001:00018EF0       TTable.SetExclusive
 0001:00017030       TTable.SetIndex
 0001:00017020       TTable.SetIndexDefs
 0001:00017104       TTable.SetIndexFieldNames
 0001:00017124       TTable.SetIndexFiles
 0001:0001711C       TTable.SetIndexName
 0001:00017A5C       TTable.SetKey
 0001:00018034       TTable.SetMasterFields
 0001:00017AC8       TTable.SetRange
 0001:00017B08       TTable.SetRangeEnd
 0001:00017B14       TTable.SetRangeStart
 0001:00018F0C       TTable.SetReadOnly
 0001:00018830       TTable.SetTableLock
 0001:00018F28       TTable.SetTableName
 0001:00018F90       TTable.SetTableType
 0001:00016008       TTable.SetTempLocale
 0001:0001888C       TTable.UnlockTable
 0001:00017548       TTable.UpdateIndexDefs
 0001:00017B38       TTable.UpdateRange
 0001:0001B788       TUpdateSQL.Apply
 0001:0001B3B4       TUpdateSQL.Create
 0001:0001B420       TUpdateSQL.Destroy
 0001:0001B48C       TUpdateSQL.ExecSQL
 0001:0001B5A0       TUpdateSQL.GetDataSet
 0001:0001B4F8       TUpdateSQL.GetQuery
 0001:0001B590       TUpdateSQL.GetSQL
 0001:0001B598       TUpdateSQL.GetSQLIndex
 0001:0001B5A4       TUpdateSQL.SetDataSet
 0001:0001B614       TUpdateSQL.SetParams
 0001:0001B5A8       TUpdateSQL.SetSQL
 0001:0001B5C0       TUpdateSQL.SetSQLIndex
 0001:0001B5C8       TUpdateSQL.SQLChanged
 0001:00000354       UninitializeModule
 0001:00017238       UpdateFromCursor
 0001:0001743C       UpdateFromIndexList
 0001:0000070C       Windows
 0001:0001AA3C       WriteData
 0001:000195AC       WriteData
 0001:000005C4       _CreateMutexA
 0002:00000C80       __APIINFOTABLE
 0002:00000C80       __APIINFOTABLEEND
 0001:00006311       __LOADFUNC


  Address         Publics by Value

 0002:BF942000       TlsLast
 0001:00000240       FreeLibrary
 0001:00000248       LocalAlloc
 0001:00000250       LocalFree
 0001:00000258       TlsAlloc
 0001:00000260       TlsFree
 0001:00000268       TlsGetValue
 0001:00000270       TlsSetValue
 0001:00000278       AllocTlsBuffer
 0001:00000284       GetTlsSize
 0001:0000028C       InitThreadTLS
 0001:000002D0       InitProcessTLS
 0001:000002FC       ExitThreadTLS
 0001:00000324       ExitProcessTLS
 0001:00000348       InitializeModule
 0001:00000354       UninitializeModule
 0001:00000378       @InitPkg
 0001:000003DC       @PackageLoad
 0001:000003E8       @PackageUnload
 0001:000003F4       Finalization
 0001:00000424       SysInit
 0001:000005A4       RegCloseKey
 0001:000005AC       RegOpenKeyExA
 0001:000005B4       RegQueryValueExA
 0001:000005BC       CloseHandle
 0001:000005C4       _CreateMutexA
 0001:000005CC       CreateMutexA
 0001:000005EC       DeleteCriticalSection
 0001:000005F4       EnterCriticalSection
 0001:000005FC       FatalAppExitA
 0001:00000604       FindClose
 0001:0000060C       FindFirstFileA
 0001:00000614       FreeLibrary
 0001:0000061C       InterlockedDecrement
 0001:00000624       InterlockedIncrement
 0001:0000062C       GetCurrentDirectoryA
 0001:00000634       GetCurrentThreadId
 0001:0000063C       GetLastError
 0001:00000644       GetModuleHandleA
 0001:0000064C       GetProcAddress
 0001:00000654       GetTickCount
 0001:0000065C       GlobalAlloc
 0001:00000664       GlobalLock
 0001:0000066C       InitializeCriticalSection
 0001:00000674       IsDBCSLeadByte
 0001:0000067C       LeaveCriticalSection
 0001:00000684       LoadLibraryA
 0001:0000068C       OpenFileMapping
 0001:00000694       ReleaseMutex
 0001:0000069C       SearchPathA
 0001:000006A4       SetErrorMode
 0001:000006AC       CharToOem
 0001:000006B4       CharToOemBuff
 0001:000006BC       KillTimer
 0001:000006C4       OemToChar
 0001:000006CC       OemToCharBuff
 0001:000006D4       SetTimer
 0001:000006DC       Finalization
 0001:0000070C       Windows
 0001:00000A54       Finalization
 0001:00000A84       Messages
 0001:00002AB4       ErrCat
 0001:00002ABC       ErrCode
 0001:00002AC4       DbiInit
 0001:00002ADC       ..
 0001:00004304       DbiDatabaseFlush
 0001:0000430A       DbiOpenRef
 0001:00004316       DbiOpenNestedTable
 0001:0000431C       DbiCheckSQLExpression
 0001:00004322       DbiEndConstraintLayer
 0001:00004328       DsResolver
 0001:0000432E       DsProviderGetDataPacket
 0001:00004334       DbiBeginConstraintLayer
 0001:00004340       DbiSQLTextToCanEx
 0001:00004394       DbiImportODBC
 0001:0000439A       DbiDeleteDriver
 0001:000043A0       DbiAddDriver
 0001:000043B8       DbiSchemaCacheFlush
 0001:000043BE       DbiDRDrop
 0001:000043C4       DbiDRAdd
 0001:000043CA       DbiDRGetRelatedObject
 0001:000043D0       DbiOpenSessionRepository
 0001:000043E2       DbiGetDefaultRepository
 0001:000043E8       DbiSetDefaultRepository
 0001:000043EE       DbiOpenRepositoryList
 0001:00004406       DbiDRGetEnumAttrDomain
 0001:0000440C       DbiDRDeleteEnumAttrDomain
 0001:00004412       DbiDRModifyEnumAttrDomain
 0001:00004418       DbiDRCreateEnumAttrDomain
 0001:0000441E       DbiDeleteAlias
 0001:00004436       DbiAddAlias
 0001:00004442       DbiOpenFunctionArgList
 0001:00004448       DbiOpenFunctionList
 0001:0000444E       DbiDRDelete
 0001:00004454       DbiDRCreate
 0001:0000445A       DbiDRLoadDBObject
 0001:00004460       DbiDRSetToObjName
 0001:00004466       DbiDRSetToObjID
 0001:0000446C       DbiDRGetObjID
 0001:00004472       DbiDROpenRelSet
 0001:00004478       DbiDROpenObjSet
 0001:0000447E       DbiDRGetRelTypeInfo
 0001:00004484       DbiDRGetAttrDescs
 0001:0000448A       DbiDRGetObjTypeInfo
 0001:00004490       DbiDROpenRelTypeList
 0001:00004496       DbiDROpenAttrTypeList
 0001:0000449C       DbiDROpenObjectTypeList
 0001:000044A2       DbiDRDeleteObjectType
 0001:000044A8       DbiDRDeleteRelationType
 0001:000044AE       DbiDRCreateRelationType
 0001:000044B4       DbiDRDropAttr
 0001:000044BA       DbiDRAddAttr
 0001:000044C0       DbiDRCreateObjectType
 0001:000044C6       DbiDRExportToFile
 0001:000044CC       DbiDRImportFromFile
 0001:000044D2       DbiDRClose
 0001:000044D8       DbiDROpen
 0001:000044DE       DbiDRGetDesc
 0001:000044E4       DbiApplyDelayedUpdates
 0001:000044EA       DbiEndDelayedUpdates
 0001:000044F0       DbiBeginDelayedUpdates
 0001:0000458C       DbiFreeSQLRequest
 0001:00004592       DbiGetSQLRequest
 0001:00004598       DbiQPrepareExt
 0001:0000459E       DbiQExecProcDirect
 0001:000045A4       DbiQSetProcParams
 0001:000045AA       DbiQPrepareProc
 0001:000045B0       DbiOpenSPParamList
 0001:000045B6       DbiOpenSPList
 0001:00004610       DbiGetRintDesc
 0001:00004616       DbiGetVchkDesc
 0001:00004628       DbiOpenFieldXlt
 0001:0000462E       DbiValidateProp
 0001:0000463A       DbiCloseFieldXlt
 0001:00004640       DbiTranslateField
 0001:00004646       DbiTranslateRecordStructure
 0001:0000464C       DbiGetFilterInfo
 0001:00004658       DbiGetObjFromObj
 0001:00004688       DbiBcdFromFloat
 0001:0000468E       DbiBcdToFloat
 0001:000046A6       DbiGetObjFromName
 0001:000046AC       DbiSetProp
 0001:000046B2       DbiGetProp
 0001:000046B8       DbiAnsiToNative
 0001:000046BE       DbiNativeToAnsi
 0001:000046C4       DbiMakePermanent
 0001:000046CA       DbiGetIndexDescs
 0001:000046D6       DbiCloseConfigFile
 0001:000046DC       DbiOpenConfigFile
 0001:000046E2       DbiOpenCfgInfoList
 0001:00004718       OsLdBuildCharSetXform
 0001:00004832       OsLdStrnColli
 0001:00004850       OsLdStrnColl
 0001:00004856       OsLdExStrCmp
 0001:00004862       OsLdLoadByDriverId
 0001:00004868       OsLdGetDriverId
 0001:000048AA       OsLdGetFuncAddrLdStrnCmpi_
 0001:000048E6       OsLdGetFuncAddrLdStrnColl_
 0001:000048EC       OsLdGetFuncAddrLdStrnColli_
 0001:00004A66       DbiGetExactRecordCount
 0001:00004A96       DbiGetLdNameFromDb
 0001:00004AA8       DbiSortTable
 0001:00004AAE       DbiGetTranInfo
 0001:00004AB4       DbiEndTran
 0001:00004ABA       DbiBeginTran
 0001:00004ACC       DbiBatchMove
 0001:00004AD8       DbiDeactivateFilter
 0001:00004ADE       DbiActivateFilter
 0001:00004AE4       DbiDropFilter
 0001:00004AEA       DbiAddFilter
 0001:00004AF6       DbiGetLdName
 0001:00004B02       DbiUndeleteRecord
 0001:00004B0E       DbiGetClientInfo
 0001:00004B32       OsLdSetConvChars
 0001:00004B38       OsLdGetMinMax
 0001:00004B3E       OsLdGetProductID
 0001:00004B44       OsLdSearchEnd
 0001:00004B4A       OsLdLoadByLCID
 0001:00004B56       OsLdSearchNext
 0001:00004B5C       OsLdSearchInit
 0001:00004B62       OsLdGetDescName
 0001:00004B68       OsLdCharToLower
 0001:00004B6E       OsLdCharToUpper
 0001:00004B74       OsLdIsDigit
 0001:00004B7A       OsLdIsAlpha
 0001:00004B80       OsLdUnloadObj
 0001:00004B86       OsLdOemCharToAnsi
 0001:00004B8C       OsLdAnsiCharToOem
 0001:00004B92       OsLdIsOemCharInAnsiCp
 0001:00004B98       OsLdIsAnsiCharInOemCp
 0001:00004B9E       OsLdOemToAnsi
 0001:00004BA4       OsLdAnsiToOem
 0001:00004BAA       OsLdGetFName
 0001:00004BB0       OsLdGetCodePage
 0001:00004BB6       OsLdGetSortsig
 0001:00004BBC       OsLdGetSymbName
 0001:00004BC2       OsLdStrnToUpper
 0001:00004BC8       OsLdStrToUpper
 0001:00004BCE       OsLdStrnCmpi
 0001:00004BD4       OsLdStrCmpi
 0001:00004BDA       OsLdStrnToLower
 0001:00004BE0       OsLdStrToLower
 0001:00004BE6       OsLdStrCmp
 0001:00004BEC       OsLdStrnCmp
 0001:00004BF2       OsLdLoadBySymbName
 0001:00004BF8       OsLdLoadByFName
 0001:00004BFE       OsLdLoadBySortSig
 0001:00004C04       OsLdExit
 0001:00004C0A       OsLdGetDefaultObj
 0001:00004C10       OsLdInit
 0001:00004E68       DbiDebugLayerOptions
 0001:00004E6E       DbiSetNumberFormat
 0001:00004E74       DbiGetNumberFormat
 0001:00004E7A       DbiSetTimeFormat
 0001:00004E80       DbiGetTimeFormat
 0001:00004E86       DbiSetDateFormat
 0001:00004E8C       DbiGetDateFormat
 0001:00004E92       DbiCfgMerge
 0001:00004E98       DbiCfgGetHelp
 0001:00004E9E       DbiCfgTranslate
 0001:00004EA4       DbiCfgDropRecord
 0001:00004EAA       DbiCfgModifyRecord
 0001:00004EB0       DbiCfgAddRecord
 0001:00004EB6       DbiCfgGetRecord
 0001:00004EBC       DbiCfgGetNextNode
 0001:00004EC2       DbiCfgPosition
 0001:00004EC8       DbiCfgBuildPath
 0001:00004ECE       DbiCfgSave
 0001:00004F3A       DbiGetCallBack
 0001:00004F40       DbiCheckRefresh
 0001:00004F5E       DbiGetErrorEntry
 0001:00004F64       DbiGetErrorContext
 0001:00004F6A       DbiGetErrorString
 0001:00004F70       DbiFormFullName
 0001:00004F7C       DbiCreateTempTable
 0001:00004F82       DbiUseIdleTime
 0001:00004F88       DbiGetLdObj
 0001:00004F94       DbiGetErrorInfo
 0001:00004F9A       DbiSetFieldMap
 0001:00004FA0       DbiGetRecordForKey
 0001:00004FA6       DbiCompareKeys
 0001:00004FAC       DbiAppendRecord
 0001:00004FB8       DbiRegenIndexes
 0001:00004FBE       DbiRegenIndex
 0001:00004FC4       DbiEmptyTable
 0001:00004FCA       DbiPackTable
 0001:00004FD0       DbiTimeStampDecode
 0001:00004FD6       DbiTimeStampEncode
 0001:00004FDC       DbiTimeDecode
 0001:00004FE2       DbiTimeEncode
 0001:00004FE8       DbiDoRestructure
 0001:00004FEE       DbiSetToRecordNo
 0001:00004FF4       DbiGetIndexSeqNo
 0001:00004FFA       DbiGetIndexForField
 0001:00005000       DbiDeleteIndex
 0001:00005006       DbiAddIndex
 0001:0000500C       DbiDeleteTable
 0001:00005012       DbiRenameTable
 0001:00005018       DbiCopyTable
 0001:0000501E       DbiCreateTable
 0001:00005024       DbiVerifyField
 0001:0000502A       DbiSetToSeqNo
 0001:00005030       DbiInitRecord
 0001:00005036       DbiCloneCursor
 0001:0000503C       DbiCompareBookMarks
 0001:00005042       DbiSetToBookMark
 0001:00005048       DbiGetBookMark
 0001:0000504E       DbiExtractKey
 0001:00005054       DbiGetIndexDesc
 0001:0000505A       DbiSwitchToIndex
 0001:00005060       DbiCloseIndex
 0001:00005066       DbiOpenIndex
 0001:0000506C       DbiDateDecode
 0001:00005072       DbiDateEncode
 0001:00005078       DbiPutField
 0001:0000507E       DbiGetField
 0001:00005084       DbiRegisterCallBack
 0001:0000508A       DbiQGetBaseDescs
 0001:00005090       DbiQAlloc
 0001:00005096       DbiQFree
 0001:0000509C       DbiQInstantiateAnswer
 0001:000050A2       DbiQSetParams
 0001:000050A8       DbiQExec
 0001:000050AE       DbiQPrepare
 0001:000050B4       DbiQExecDirect
 0001:000050CC       DbiGetNetUserName
 0001:000050D2       DbiGetSesInfo
 0001:000050DE       DbiGetSysInfo
 0001:000050E4       DbiGetSysConfig
 0001:000050EA       DbiGetSysVersion
 0001:000050F6       DbiGetBlobHeading
 0001:000050FC       DbiFreeBlob
 0001:00005102       DbiTruncateBlob
 0001:00005108       DbiPutBlob
 0001:0000510E       DbiGetBlob
 0001:00005114       DbiGetBlobSize
 0001:0000511A       DbiOpenBlob
 0001:00005120       DbiGetTableOpenCount
 0001:00005126       DbiLoadDriver
 0001:00005138       DbiGetIndexTypeDesc
 0001:0000513E       DbiOpenIndexTypesList
 0001:00005144       DbiGetFieldTypeDesc
 0001:0000514A       DbiOpenFieldTypesList
 0001:00005150       DbiGetTableTypeDesc
 0001:00005156       DbiOpenTableTypesList
 0001:0000515C       DbiGetDatabaseDesc
 0001:00005162       DbiOpenDatabaseList
 0001:00005168       DbiGetDriverDesc
 0001:0000516E       DbiOpenDriverList
 0001:00005174       DbiSetLockRetry
 0001:0000517A       DbiSetPrivateDir
 0001:00005180       DbiOpenLockList
 0001:00005186       DbiOpenUserList
 0001:0000518C       DbiDropPassword
 0001:00005192       DbiAddPassword
 0001:00005198       DbiCloseSession
 0001:0000519E       DbiGetCurrSession
 0001:000051A4       DbiSetCurrSession
 0001:000051AA       DbiStartSession
 0001:000051B0       DbiForceRecordReread
 0001:000051B6       DbiGetCursorForTable
 0001:000051BC       DbiForceReread
 0001:000051C2       DbiSaveChanges
 0001:000051C8       DbiRelPersistTableLock
 0001:000051CE       DbiAcqPersistTableLock
 0001:000051D4       DbiRelRecordLock
 0001:000051DA       DbiRelTableLock
 0001:000051E0       DbiAcqTableLock
 0001:000051EC       DbiLinkDetailToExp
 0001:000051F2       DbiIsTableShared
 0001:000051F8       DbiIsTableLocked
 0001:000051FE       DbiIsRecordLocked
 0001:00005204       DbiGetLinkStatus
 0001:0000520A       DbiUnlinkDetail
 0001:00005210       DbiLinkDetail
 0001:00005216       DbiEndLinkMode
 0001:0000521C       DbiBeginLinkMode
 0001:00005222       DbiWriteBlock
 0001:00005228       DbiReadBlock
 0001:0000522E       DbiCreateInMemTable
 0001:00005234       DbiOpenSecurityList
 0001:0000524C       DbiOpenFamilyList
 0001:00005252       DbiOpenRintList
 0001:00005258       DbiOpenVchkList
 0001:0000525E       DbiOpenLdList
 0001:00005264       DbiOpenFieldList
 0001:0000526A       DbiOpenIndexList
 0001:00005270       DbiOpenFileList
 0001:00005276       DbiOpenTableList
 0001:0000527C       DbiSetDirectory
 0001:00005282       DbiGetDirectory
 0001:00005288       DbiSetToKey
 0001:0000528E       DbiResetRange
 0001:00005294       DbiSetRange
 0001:0000529A       DbiGetSeqNo
 0001:000052A0       DbiDeleteRecord
 0001:000052A6       DbiModifyRecord
 0001:000052AC       DbiInsertRecord
 0001:000052B2       DbiGetRecordCount
 0001:000052B8       DbiGetRelativeRecord
 0001:000052BE       DbiGetRecord
 0001:000052C4       DbiGetPriorRecord
 0001:000052CA       DbiGetNextRecord
 0001:000052D0       DbiSetToCursor
 0001:000052D6       DbiSetToEnd
 0001:000052DC       DbiSetToBegin
 0001:000052E2       DbiCloseCursor
 0001:000052E8       DbiGetFieldDescs
 0001:000052EE       DbiGetCursorProps
 0001:000052F4       DbiOpenTable
 0001:000052FA       DbiCloseDatabase
 0001:00005300       DbiOpenDatabase
 0001:00005E40       ..
 0001:00006311       __LOADFUNC
 0001:000065A6       DbiInitFn
 0001:000066A1       DbiExit
 0001:00006721       DbiDLLExit
 0001:00006788       Finalization
 0001:000067B8       BDE
 0001:000067F0       Finalization
 0001:00006820       SMINTF
 0001:00006A38       Finalization
 0001:00006A68       bdeconst
 0001:00009EA8       DefaultSession
 0001:00009EB0       RegisterBDEInitProc
 0001:00009EDC       CheckIndexOpen
 0001:00009EF0       GetPChar
 0001:00009F08       Split
 0001:00009F14       NextItem
 0001:0000A02C       PopValue
 0001:0000A060       GetFieldSource
 0001:0000A1A0       ApplicationHandleException
 0001:0000A1C0       GetParamDataSize
 0001:0000A260       GetParamData
 0001:0000A404       GetStatementLocale
 0001:0000A448       FreeStatementLocale
 0001:0000A45C       SetQueryParams
 0001:0000A710       FreeTimer
 0001:0000A770       TimerCallBack
 0001:0000A780       BdeCallBack
 0001:0000A7A0       DLLDetachCallBack
 0001:0000A7BC       TBDECallback.Create
 0001:0000A85C       TBDECallback.Destroy
 0001:0000A908       TBDECallback.Invoke
 0001:0000A938       StrToOem
 0001:0000A974       AnsiToNative
 0001:0000A9CC       NativeToAnsi
 0001:0000AA00       AnsiToNativeBuf
 0001:0000AA78       NativeToAnsiBuf
 0001:0000AAF0       NativeCompareStr
 0001:0000AB20       NativeCompareStrBuf
 0001:0000AB5C       NativeCompareText
 0001:0000AB8C       NativeCompareTextBuf
 0001:0000ABC8       IsDirectory
 0001:0000AC14       IsStandardType
 0001:0000AC68       GetIntProp
 0001:0000AC98       SetBoolProp
 0001:0000ACBC       StringListToParams
 0001:0000AE2C       DbiError
 0001:0000AE44       Check
 0001:0000AE50       TDBError.Create
 0001:0000AEA8       TDBError.GetCategory
 0001:0000AEB4       TDBError.GetSubCode
 0001:0000AEBC       AddMessage
 0001:0000AEE8       GetErrorString
 0001:0000AF58       EDBEngineError.Create
 0001:0000B274       EDBEngineError.Destroy
 0001:0000B2C8       EDBEngineError.GetError
 0001:0000B2DC       EDBEngineError.GetErrorCount
 0001:0000B2E4       TSessionList.Create
 0001:0000B344       TSessionList.Destroy
 0001:0000B38C       TSessionList.AddSession
 0001:0000B3E4       TSessionList.CloseAll
 0001:0000B44C       TSessionList.GetCount
 0001:0000B49C       TSessionList.GetCurrentSession
 0001:0000B538       TSessionList.GetSession
 0001:0000B598       TSessionList.GetSessionByName
 0001:0000B61C       TSessionList.FindSession
 0001:0000B6BC       TSessionList.GetSessionNames
 0001:0000B770       TSessionList.OpenSession
 0001:0000B7A8       TSessionList.SetCurrentSession
 0001:0000B7BC       TSession.Create
 0001:0000B840       TSession.Destroy
 0001:0000B890       TSession.AddAlias
 0001:0000B8BC       TSession.AddDriver
 0001:0000B9CC       TSession.AddDatabase
 0001:0000B9EC       TSession.AddStandardAlias
 0001:0000BB44       TSession.AddPassword
 0001:0000BBB4       TSession.CallBDEInitProcs
 0001:0000BBF0       TSession.CheckInactive
 0001:0000BC4C       TSession.CheckConfigMode
 0001:0000BC7C       TSession.Close
 0001:0000BC84       TSession.CloseDatabase
 0001:0000BCB8       TSession.CloseDatabaseHandle
 0001:0000BD14       TSession.DBLoginCallback
 0001:0000BF20       TSession.DBNotification
 0001:0000BF3C       TSession.DeleteAlias
 0001:0000BF5C       TSession.DeleteDriver
 0001:0000BFFC       TSession.DeleteConfigPath
 0001:0000C07C       TSession.DropConnections
 0001:0000C0B0       TSession.FindDatabase
 0001:0000C104       TSession.DoFindDatabase
 0001:0000C170       TSession.FindDatabaseHandle
 0001:0000C1C4       TSession.GetActive
 0001:0000C1CC       TSession.GetAliasDriverName
 0001:0000C2DC       TSession.GetAliasNames
 0001:0000C420       TSession.GetAliasParams
 0001:0000C5F4       TSession.GetConfigParams
 0001:0000C788       TSession.GetDatabase
 0001:0000C79C       TSession.GetDatabaseCount
 0001:0000C7A4       TSession.GetDatabaseNames
 0001:0000C858       TSession.GetDriverNames
 0001:0000C9B0       TSession.GetDriverParams
 0001:0000CBC8       TSession.GetHandle
 0001:0000CBF0       TSession.GetNetFileDir
 0001:0000CCE8       TSession.GetPrivateDir
 0001:0000CDC8       TSession.GetPassword
 0001:0000CE70       TSession.GetTableNames
 0001:0000D00C       TSession.GetFieldNames
 0001:0000D154       TSession.GetStoredProcNames
 0001:0000D28C       TSession.InitializeBDE
 0001:0000D3FC       TSession.InternalAddAlias
 0001:0000D5AC       TSession.InternalDeleteAlias
 0001:0000D6B0       TSession.IsAlias
 0001:0000D794       TSession.Loaded
 0001:0000D80C       TSession.LockSession
 0001:0000D830       TSession.UnlockSession
 0001:0000D844       TSession.MakeCurrent
 0001:0000D86C       TSession.ModifyAlias
 0001:0000D9E0       TSession.ModifyDriver
 0001:0000DB60       TSession.ModifyConfigParams
 0001:0000DC70       TSession.Notification
 0001:0000DCCC       TSession.Open
 0001:0000DCD4       TSession.DoOpenDatabase
 0001:0000DDB4       TSession.OpenDatabase
 0001:0000DDBC       TSession.SessionNameStored
 0001:0000DDC4       TSession.LoadSMClient
 0001:0000E018       TSession.RegisterCallbacks
 0001:0000E0FC       TSession.RemoveDatabase
 0001:0000E11C       TSession.RemoveAllPasswords
 0001:0000E160       TSession.RemovePassword
 0001:0000E1CC       TSession.SaveConfigFile
 0001:0000E234       TSession.ServerCallback
 0001:0000E2AC       TSession.SetActive
 0001:0000E2D8       TSession.SetAutoSessionName
 0001:0000E3EC       TSession.GetConfigMode
 0001:0000E444       TSession.SetConfigMode
 0001:0000E4A4       TSession.SetConfigParams
 0001:0000E568       TSession.SetName
 0001:0000E584       TSession.SetNetFileDir
 0001:0000E614       TSession.SetPrivateDir
 0001:0000E694       TSession.SetSessionName
 0001:0000E750       TSession.SetSessionNames
 0001:0000E7E0       TSession.SetTraceFlags
 0001:0000E81C       TSession.SMClientSignal
 0001:0000E824       TSession.SqlTraceCallback
 0001:0000E884       TSession.StartSession
 0001:0000EAC0       TSession.UpdateAutoSessionName
 0001:0000EB84       TSession.ValidateAutoSession
 0001:0000EC68       TParamList.Create
 0001:0000EE74       TParamList.Destroy
 0001:0000EE9C       TDatabase.Create
 0001:0000EF58       TDatabase.Destroy
 0001:0000EFB4       TDatabase.ApplyUpdates
 0001:0000F0E8       TDatabase.ClearStatements
 0001:0000F144       GetHashCode
 0001:0000F1B0       GetStmtInfo
 0001:0000F294       GetStatementHandle
 0001:0000F3B4       TDatabase.Execute
 0001:0000F488       TDatabase.CheckActive
 0001:0000F4DC       TDatabase.CheckInactive
 0001:0000F540       TDatabase.CheckDatabaseName
 0001:0000F5A0       TDatabase.CheckSessionName
 0001:0000F688       TDatabase.DoDisconnect
 0001:0000F758       TDatabase.CloseDataSets
 0001:0000F784       TDatabase.Commit
 0001:0000F79C       TDatabase.EndTransaction
 0001:0000F7B8       TDatabase.GetAliasName
 0001:0000F7E0       TDatabase.GetConnected
 0001:0000F7E8       TDatabase.GetDataSet
 0001:0000F808       TDatabase.GetDirectory
 0001:0000F860       TDatabase.GetFieldNames
 0001:0000F880       TDatabase.GetTableNames
 0001:0000F8A4       TDatabase.GetDriverName
 0001:0000F8CC       TDatabase.SetDatabaseFlags
 0001:0000F940       TDatabase.GetTraceFlags
 0001:0000F978       TDatabase.GetObjectContext
 0001:0000F998       TDatabase.GetInTransaction
 0001:0000F9C8       TDatabase.Loaded
 0001:0000F9E4       TDatabase.Notification
 0001:0000FA28       TDatabase.LoadLocale
 0001:0000FA68       TDatabase.Login
 0001:0000FB74       NeedsDBAlias
 0001:0000FCC0       TDatabase.CheckDatabaseAlias
 0001:00010024       TDatabase.OpenFromExistingDB
 0001:00010050       TDatabase.DoConnect
 0001:00010374       TDatabase.ParamsChanging
 0001:0001037C       TDatabase.Rollback
 0001:00010394       TDatabase.SetAliasName
 0001:0001039C       TDatabase.SetDatabaseName
 0001:000103E8       TDatabase.SetDatabaseType
 0001:0001040C       TDatabase.SetDirectory
 0001:0001046C       TDatabase.SetDriverName
 0001:00010474       TDatabase.SetHandle
 0001:0001054C       TDatabase.SetKeepConnection
 0001:00010564       TDatabase.SetParams
 0001:00010584       TDatabase.SetSessionName
 0001:000105D8       TDatabase.SetTraceFlags
 0001:00010608       TDatabase.SetExclusive
 0001:0001061C       TDatabase.SetReadOnly
 0001:00010630       TDatabase.StartTransaction
 0001:000106B0       TDatabase.ValidateName
 0001:0001075C       TDatabase.FlushSchemaCache
 0001:0001078C       TBDEDataSet.Create
 0001:000107E4       TBDEDataSet.Destroy
 0001:0001082C       TBDEDataSet.OpenCursor
 0001:000108E0       TBDEDataSet.CloseCursor
 0001:00010920       TBDEDataSet.CreateHandle
 0001:00010924       TBDEDataSet.DestroyHandle
 0001:00010944       TBDEDataSet.GetHandle
 0001:0001094C       TBDEDataSet.InternalInitFieldDefs
 0001:00010B78       TBDEDataSet.GetObjectTypeNames
 0001:00010C8C       TBDEDataSet.InternalOpen
 0001:00010E2C       TBDEDataSet.InternalClose
 0001:00010ED0       TBDEDataSet.PrepareCursor
 0001:00010ED4       TBDEDataSet.IsCursorOpen
 0001:00010EE0       TBDEDataSet.InternalHandleException
 0001:00010EE8       TBDEDataSet.SetLocale
 0001:00010EF0       TBDEDataSet.InitBufferPointers
 0001:00010F6C       TBDEDataSet.AllocRecordBuffer
 0001:00010F7C       TBDEDataSet.FreeRecordBuffer
 0001:00010F90       TBDEDataSet.InternalInitRecord
 0001:00010FA0       TBDEDataSet.ClearBlobCache
 0001:00010FD8       TBDEDataSet.ClearCalcFields
 0001:00010FFC       TBDEDataSet.InitRecord
 0001:00011030       TBDEDataSet.GetRecord
 0001:0001113C       TBDEDataSet.GetCurrentRecord
 0001:0001118C       TBDEDataSet.GetOldRecord
 0001:00011230       TBDEDataSet.FetchAll
 0001:00011274       TBDEDataSet.FlushBuffers
 0001:00011294       TBDEDataSet.GetRecordCount
 0001:000112D4       TBDEDataSet.GetRecNo
 0001:00011304       TBDEDataSet.SetRecNo
 0001:00011368       TBDEDataSet.GetRecordSize
 0001:00011370       TBDEDataSet.GetActiveRecBuf
 0001:00011468       TBDEDataSet.AddFieldDesc
 0001:000117B4       TBDEDataSet.GetBlobFieldData
 0001:00011928       TBDEDataSet.GetFieldData
 0001:000119A8       TBDEDataSet.GetFieldData
 0001:00011A48       TBDEDataSet.SetFieldData
 0001:00011C64       TBDEDataSet.GetBlobData
 0001:00011C90       TBDEDataSet.SetBlobData
 0001:00011CF8       TBDEDataSet.CreateBlobStream
 0001:00011D20       TBDEDataSet.CloseBlob
 0001:00011D48       TBDEDataSet.GetStateFieldValue
 0001:00011D74       TBDEDataSet.SetStateFieldValue
 0001:00011DA0       TBDEDataSet.Translate
 0001:00011DF8       TBDEDataSet.GetFieldFullName
 0001:00011E70       TBDEDataSet.InternalFirst
 0001:00011E88       TBDEDataSet.InternalLast
 0001:00011EA0       TBDEDataSet.InternalEdit
 0001:00011ED4       TBDEDataSet.InternalInsert
 0001:00011EF4       TBDEDataSet.InternalPost
 0001:00011F44       TBDEDataSet.InternalDelete
 0001:00011F70       TBDEDataSet.IsSequenced
 0001:00011F88       TBDEDataSet.GetCanModify
 0001:00011FA8       TBDEDataSet.InternalRefresh
 0001:00011FEC       TBDEDataSet.Post
 0001:0001200C       TBDEDataSet.Cancel
 0001:0001202C       TBDEDataSet.InternalCancel
 0001:00012044       TBDEDataSet.InternalAddRecord
 0001:0001207C       TBDEDataSet.InternalGotoBookmark
 0001:00012098       TBDEDataSet.InternalSetToRecord
 0001:000120AC       TBDEDataSet.GetBookmarkFlag
 0001:000120BC       TBDEDataSet.SetBookmarkFlag
 0001:000120CC       TBDEDataSet.GetBookmarkData
 0001:000120E4       TBDEDataSet.SetBookmarkData
 0001:000120FC       TBDEDataSet.CompareBookmarks
 0001:0001214C       TBDEDataSet.BookmarkValid
 0001:0001219C       CanBlockRead
 0001:00012204       FreeBuffer
 0001:00012230       TBDEDataSet.SetBlockReadSize
 0001:00012330       TBDEDataSet.BlockReadNext
 0001:000123E4       TBDEDataSet.GetIndexInfo
 0001:0001246C       TBDEDataSet.SwitchToIndex
 0001:00012574       TBDEDataSet.GetIndexField
 0001:00012634       TBDEDataSet.SetIndexField
 0001:00012654       TBDEDataSet.GetIndexFieldCount
 0001:0001265C       TBDEDataSet.AllocKeyBuffers
 0001:000126D0       TBDEDataSet.FreeKeyBuffers
 0001:000126FC       TBDEDataSet.InitKeyBuffer
 0001:0001272C       TBDEDataSet.CheckSetKeyMode
 0001:00012784       TBDEDataSet.SetCursorRange
 0001:00012984       TBDEDataSet.ResetCursorRange
 0001:000129D8       TBDEDataSet.SetLinkRanges
 0001:00012AA4       TBDEDataSet.GetKeyBuffer
 0001:00012AB0       TBDEDataSet.SetKeyBuffer
 0001:00012B24       TBDEDataSet.PostKeyBuffer
 0001:00012B84       TBDEDataSet.GetKeyExclusive
 0001:00012B9C       TBDEDataSet.SetKeyExclusive
 0001:00012BB8       TBDEDataSet.GetKeyFieldCount
 0001:00012BD0       TBDEDataSet.SetKeyFieldCount
 0001:00012BEC       TBDEDataSet.SetKeyFields
 0001:00012D20       TBDEDataSet.GetIsIndexField
 0001:00012D90       TBDEDataSet.MapsToIndex
 0001:00012E24       TBDEDataSet.ActivateFilters
 0001:00012EE0       TBDEDataSet.DeactivateFilters
 0001:00012F20       TBDEDataSet.CreateExprFilter
 0001:00012FB4       TBDEDataSet.CreateFuncFilter
 0001:00012FE0       TBDEDataSet.CreateLookupFilter
 0001:0001318C       TBDEDataSet.SetFilterHandle
 0001:00013204       TBDEDataSet.SetFilterData
 0001:00013290       TBDEDataSet.SetFilterText
 0001:0001329C       TBDEDataSet.SetFiltered
 0001:00013308       TBDEDataSet.SetFilterOptions
 0001:0001331C       TBDEDataSet.SetOnFilterRecord
 0001:000133A8       TBDEDataSet.FindRecord
 0001:000134E0       TBDEDataSet.RecordFilter
 0001:0001355C       TBDEDataSet.LocateRecord
 0001:00013844       TBDEDataSet.Lookup
 0001:000138DC       TBDEDataSet.Locate
 0001:00013930       TBDEDataSet.GetLookupCursor
 0001:00013934       TBDEDataSet.DestroyLookupCursor
 0001:00013938       TBDEDataSet.HasConstraints
 0001:00013984       TBDEDataSet.ConstraintsDisabled
 0001:00013990       TBDEDataSet.DisableConstraints
 0001:000139B8       TBDEDataSet.EnableConstraints
 0001:000139E4       GetPChar
 0001:000139FC       GetFieldConstraint
 0001:00013B10       GetTableConstraint
 0001:00013B9C       GetDefaultExpression
 0001:00013C2C       TBDEDataSet.ConstraintCallBack
 0001:00013CF8       TBDEDataSet.AllocCachedUpdateBuffers
 0001:00013D7C       TBDEDataSet.CheckCachedUpdateMode
 0001:00013DD4       TBDEDataSet.UpdateCallbackRequired
 0001:00013E00       TBDEDataSet.ForceUpdateCallback
 0001:00013E24       ReAllocBuffers
 0001:00013ECC       TBDEDataSet.SetCachedUpdates
 0001:00013FD8       TBDEDataSet.SetupCallBack
 0001:00014038       TBDEDataSet.ProcessUpdates
 0001:0001405C       TBDEDataSet.ApplyUpdates
 0001:00014098       TBDEDataSet.CommitUpdates
 0001:000140C0       TBDEDataSet.CancelUpdates
 0001:000140FC       TBDEDataSet.RevertRecord
 0001:00014148       TBDEDataSet.UpdateStatus
 0001:0001417C       TBDEDataSet.CachedUpdateCallBack
 0001:000142C8       TBDEDataSet.GetUpdateRecordSet
 0001:00014304       TBDEDataSet.SetUpdateRecordSet
 0001:00014354       TBDEDataSet.SetUpdateObject
 0001:000143F0       TBDEDataSet.SetOnUpdateError
 0001:00014428       TBDEDataSet.GetUpdatesPending
 0001:00014444       CheckIfParentScrolled
 0001:000144EC       TBDEDataSet.DataEvent
 0001:00014518       TBDEDataSet.PSGetUpdateException
 0001:00014570       TBDEDataSet.PSIsSQLSupported
 0001:00014574       TBDEDataSet.PSReset
 0001:00014590       TBDEDataSet.PSUpdateRecord
 0001:000145D0       TNestedTable.Create
 0001:00014610       TNestedTable.CreateHandle
 0001:00014730       TNestedTable.DoAfterPost
 0001:00014864       TNestedTable.DoBeforeInsert
 0001:0001489C       TNestedTable.InternalPost
 0001:00014970       TDBDataSet.Create
 0001:000149E8       TDBDataSet.SetHandle
 0001:00014A4C       TDBDataSet.OpenCursor
 0001:00014A90       TDBDataSet.CloseCursor
 0001:00014AAC       TDBDataSet.CheckDBSessionName
 0001:00014B0C       TDBDataSet.CheckOpen
 0001:00014B50       TDBDataSet.ConstraintsStored
 0001:00014B68       TDBDataSet.Disconnect
 0001:00014B70       TDBDataSet.GetDBHandle
 0001:00014B84       TDBDataSet.GetDBLocale
 0001:00014B98       TDBDataSet.GetDBSession
 0001:00014BC4       TDBDataSet.OpenDatabase
 0001:00014BE8       TDBDataSet.CloseDatabase
 0001:00014BF8       TDBDataSet.SetDatabaseName
 0001:00014C9C       TDBDataSet.SetDBFlag
 0001:00014D9C       TDBDataSet.SetSessionName
 0001:00014DCC       TDBDataSet.SetUpdateMode
 0001:00014E1C       TDBDataSet.SetAutoRefresh
 0001:00014E38       TDBDataSet.SetupAutoRefresh
 0001:00014EC0       TDBDataSet.PSGetAttributes
 0001:00014F30       TDBDataSet.PSIsSQLBased
 0001:00014F9C       TDBDataSet.PSGetQuoteChar
 0001:0001505C       TDBDataSet.PSInTransaction
 0001:000150B4       TDBDataSet.PSStartTransaction
 0001:00015138       TDBDataSet.PSEndTransaction
 0001:000151A4       TDBDataSet.PSExecuteStatement
 0001:00015268       TDBDataSet.PSUpdateRecord
 0001:000152F0       TBatchMove.Create
 0001:00015340       TBatchMove.Destroy
 0001:00015370       TBatchMove.ConvertName
 0001:000153BC       GetMappingNames
 0001:00015474       TBatchMove.Execute
 0001:000158C0       TBatchMove.Notification
 0001:000158F8       TBatchMove.SetMappings
 0001:00015908       TBatchMove.SetSource
 0001:00015918       TIndexFiles.Create
 0001:00015954       TIndexFiles.Add
 0001:0001598C       TIndexFiles.Clear
 0001:00015A1C       TIndexFiles.Insert
 0001:00015A50       TIndexFiles.Delete
 0001:00015AD0       TTable.Create
 0001:00015B68       TTable.Destroy
 0001:00015BB0       TTable.GetHandle
 0001:00015D20       TTable.CreateHandle
 0001:00015E54       TTable.GetLanguageDriverName
 0001:00016008       TTable.SetTempLocale
 0001:000160C8       TTable.RestoreLocale
 0001:000160F4       TTable.PrepareCursor
 0001:0001617C       TTable.DefChanged
 0001:00016184       TTable.InitFieldDefs
 0001:00016510       TTable.DestroyHandle
 0001:00016528       ConcatField
 0001:000165BC       TTable.DecodeIndexDesc
 0001:00016784       IndexFieldOfs
 0001:00016840       TTable.EncodeIndexDesc
 0001:00016A84       TTable.AddIndex
 0001:00016BE4       TTable.DeleteIndex
 0001:00016D2C       TTable.GetIndexFieldNames
 0001:00016D58       TTable.GetIndexName
 0001:00016D84       TTable.GetIndexNames
 0001:00016DA8       TTable.GetIndexParams
 0001:00017020       TTable.SetIndexDefs
 0001:00017030       TTable.SetIndex
 0001:00017104       TTable.SetIndexFieldNames
 0001:0001711C       TTable.SetIndexName
 0001:00017124       TTable.SetIndexFiles
 0001:00017134       TTable.OpenIndexFile
 0001:0001716C       TTable.CloseIndexFile
 0001:00017238       UpdateFromCursor
 0001:0001743C       UpdateFromIndexList
 0001:00017548       TTable.UpdateIndexDefs
 0001:0001761C       TTable.IsProductionIndex
 0001:00017704       TTable.GetExists
 0001:00017824       TTable.FindKey
 0001:0001784C       TTable.FindNearest
 0001:00017874       TTable.GotoKey
 0001:00017970       TTable.GotoNearest
 0001:00017A5C       TTable.SetKey
 0001:00017A68       TTable.EditKey
 0001:00017A74       TTable.ApplyRange
 0001:00017A94       TTable.CancelRange
 0001:00017AC8       TTable.SetRange
 0001:00017B08       TTable.SetRangeEnd
 0001:00017B14       TTable.SetRangeStart
 0001:00017B20       TTable.EditRangeEnd
 0001:00017B2C       TTable.EditRangeStart
 0001:00017B38       TTable.UpdateRange
 0001:00017B48       TTable.GetLookupCursor
 0001:00017CC8       TTable.DestroyLookupCursor
 0001:00017CF8       TTable.GotoCurrent
 0001:00017DCC       TTable.GetDetailLinkFields
 0001:00017F50       TTable.CheckMasterRange
 0001:00017F7C       TTable.MasterChanged
 0001:00017F98       TTable.MasterDisabled
 0001:00017FA0       TTable.GetDataSource
 0001:00017FAC       TTable.SetDataSource
 0001:00018018       TTable.GetMasterFields
 0001:00018034       TTable.SetMasterFields
 0001:00018040       TTable.DoOnNewRecord
 0001:00018094       TTable.BatchMove
 0001:00018110       InitTableSettings
 0001:00018248       InitFieldDescriptors
 0001:0001840C       InitIndexDescriptors
 0001:000184CC       InitValChecks
 0001:0001857C       TTable.CreateTable
 0001:000186D8       TTable.DeleteTable
 0001:0001875C       TTable.EmptyTable
 0001:00018828       TTable.LockTable
 0001:00018830       TTable.SetTableLock
 0001:0001888C       TTable.UnlockTable
 0001:00018894       TTable.RenameTable
 0001:00018948       TTable.EncodeFieldDesc
 0001:000189F4       TTable.DataEvent
 0001:00018A14       TTable.GetCanModify
 0001:00018A34       TTable.GetDriverTypeName
 0001:00018A94       TTable.GetTableTypeName
 0001:00018ABC       TTable.GetTableLevel
 0001:00018AE8       TTable.FieldDefsStored
 0001:00018B08       TTable.IndexDefsStored
 0001:00018B2C       TTable.IsXBaseTable
 0001:00018BD4       TTable.GetFileName
 0001:00018D00       TTable.GetTableType
 0001:00018EBC       TTable.NativeTableName
 0001:00018EF0       TTable.SetExclusive
 0001:00018F0C       TTable.SetReadOnly
 0001:00018F28       TTable.SetTableName
 0001:00018F90       TTable.SetTableType
 0001:00018FAC       GetIdx
 0001:000190A8       TTable.PSGetDefaultOrder
 0001:000191E0       TTable.PSGetIndexDefs
 0001:000191F4       TTable.PSGetTableName
 0001:0001920C       AssignFields
 0001:000192E8       TTable.PSSetParams
 0001:00019350       TTable.PSSetCommandText
 0001:00019368       TTable.PSGetKeyFields
 0001:00019480       TQueryDataLink.Create
 0001:000194BC       TQueryDataLink.ActiveChanged
 0001:000194D8       TQueryDataLink.GetDetailDataSet
 0001:000194DC       TQueryDataLink.RecordChanged
 0001:00019500       TQueryDataLink.CheckBrowseMode
 0001:0001951C       TStoredProc.Create
 0001:00019568       TStoredProc.Destroy
 0001:000195AC       WriteData
 0001:000195F8       TStoredProc.DefineProperties
 0001:00019654       TStoredProc.WriteParamData
 0001:00019664       TStoredProc.ReadParamData
 0001:00019684       TStoredProc.Disconnect
 0001:00019698       TStoredProc.CreateCursor
 0001:000196C4       TStoredProc.CreateHandle
 0001:000196CC       TStoredProc.GetCursor
 0001:00019708       TStoredProc.ExecProc
 0001:00019770       TStoredProc.SetProcName
 0001:000197C8       TStoredProc.SetOverLoad
 0001:00019810       TStoredProc.GetParamsCount
 0001:00019820       TStoredProc.CreateParamDesc
 0001:00019990       TStoredProc.SetServerParams
 0001:00019A30       TStoredProc.CheckServerParams
 0001:00019B38       TStoredProc.DescriptionsAvailable
 0001:00019BE8       TStoredProc.PrepareProc
 0001:00019F28       TStoredProc.GetResults
 0001:0001A0A4       TStoredProc.BindParams
 0001:0001A278       TStoredProc.SetPrepared
 0001:0001A36C       TStoredProc.Prepare
 0001:0001A390       TStoredProc.UnPrepare
 0001:0001A3B0       TStoredProc.FreeStatement
 0001:0001A404       TStoredProc.SetPrepare
 0001:0001A414       TStoredProc.SetDBFlag
 0001:0001A490       TStoredProc.CopyParams
 0001:0001A524       TStoredProc.SetParamsList
 0001:0001A570       TStoredProc.ParamByName
 0001:0001A57C       TStoredProc.PSGetParams
 0001:0001A584       TStoredProc.PSSetParams
 0001:0001A5AC       TStoredProc.PSGetTableName
 0001:0001A5C0       TStoredProc.PSExecute
 0001:0001A5C8       TStoredProc.PSSetCommandText
 0001:0001A5E0       TQuery.Create
 0001:0001A67C       TQuery.Destroy
 0001:0001A6E0       TQuery.Disconnect
 0001:0001A6F4       TQuery.SetPrepare
 0001:0001A704       TQuery.Prepare
 0001:0001A728       TQuery.UnPrepare
 0001:0001A748       TQuery.SetDataSource
 0001:0001A7B4       TQuery.GetDataSource
 0001:0001A7C0       TQuery.SetQuery
 0001:0001A888       TQuery.QueryChanged
 0001:0001AA20       TQuery.SetParamsList
 0001:0001AA2C       TQuery.GetParamsCount
 0001:0001AA3C       WriteData
 0001:0001AA88       TQuery.DefineProperties
 0001:0001AB20       TQuery.ReadParamData
 0001:0001AB40       TQuery.WriteParamData
 0001:0001AB50       TQuery.ReadBinaryData
 0001:0001AB80       TQuery.WriteBinaryData
 0001:0001ABA4       TQuery.SetPrepared
 0001:0001AC8C       TQuery.FreeStatement
 0001:0001ACB4       TQuery.SetParamsFromCursor
 0001:0001AD2C       TQuery.RefreshParams
 0001:0001ADA8       TQuery.ParamByName
 0001:0001ADB4       TQuery.CreateCursor
 0001:0001AEA0       TQuery.CreateHandle
 0001:0001AEA8       TQuery.ExecSQL
 0001:0001AF10       TQuery.GetQueryCursor
 0001:0001AF60       TQuery.SetDBFlag
 0001:0001B024       TQuery.PrepareSQL
 0001:0001B058       TQuery.GetStatementHandle
 0001:0001B19C       TQuery.GetRowsAffected
 0001:0001B1E8       AddFieldToList
 0001:0001B20C       TQuery.GetDetailLinkFields
 0001:0001B2A8       TQuery.PSGetDefaultOrder
 0001:0001B30C       TQuery.PSGetParams
 0001:0001B314       TQuery.PSSetParams
 0001:0001B33C       TQuery.PSGetTableName
 0001:0001B390       TQuery.PSExecute
 0001:0001B398       TQuery.PSSetCommandText
 0001:0001B3B4       TUpdateSQL.Create
 0001:0001B420       TUpdateSQL.Destroy
 0001:0001B48C       TUpdateSQL.ExecSQL
 0001:0001B4F8       TUpdateSQL.GetQuery
 0001:0001B590       TUpdateSQL.GetSQL
 0001:0001B598       TUpdateSQL.GetSQLIndex
 0001:0001B5A0       TUpdateSQL.GetDataSet
 0001:0001B5A4       TUpdateSQL.SetDataSet
 0001:0001B5A8       TUpdateSQL.SetSQL
 0001:0001B5C0       TUpdateSQL.SetSQLIndex
 0001:0001B5C8       TUpdateSQL.SQLChanged
 0001:0001B614       TUpdateSQL.SetParams
 0001:0001B788       TUpdateSQL.Apply
 0001:0001B7A4       TBlobStream.Create
 0001:0001B9C8       TBlobStream.Destroy
 0001:0001BA94       TBlobStream.Read
 0001:0001BCA0       TBlobStream.Write
 0001:0001BDC0       TBlobStream.Seek
 0001:0001BDF4       TBlobStream.Truncate
 0001:0001BE34       TBlobStream.GetBlobSize
 0001:0001BEC8       InitDBTables
 0001:0001BEEC       Finalization
 0001:0001BF78       DBTables
 0001:0001C0E4       @GetPackageInfoTable
 0001:0001C0EC       @PackageLoad
 0001:0001C0F8       @PackageUnload
 0001:0001C104       bdertl
 0002:00000000       TlsIndex
 0002:00000004       PtrToNil
 0002:00000008       Module
 0002:00000020       TlsProc
 0002:00000030       ..
 0002:00000B74       INFO_IDAPI32
 0002:00000BA4       ..
 0002:00000C80       Class_SMClient
 0002:00000C80       __APIINFOTABLEEND
 0002:00000C80       __APIINFOTABLE
 0002:00000C90       FldTypeMap
 0002:00000CB8       FldSubTypeMap
 0002:00000D04       DataTypeMap
 0002:00000D20       BlobTypeMap
 0002:00000D30       TableTypeDriverNames
 0002:00000D44       TimerID
 0002:00000D48       SQLDelay
 0002:00000D4C       StartTime
 0002:00000D50       OpenModes
 0002:00000D58       ShareModes
 0002:00000D60       RetCodes
 0002:00000D64       CBRetCode
 0002:00000D78       PropFlags
 0002:00000D84       EndType
 0002:00000D8C       OpenModes
 0002:00000D94       ShareModes
 0002:00000D9C       Exts
 0002:00000DB0       DataType
 0002:00001000       ModuleIsLib
 0002:00001001       ModuleIsPackage
 0002:00001004       HInstance
 0002:00001008       .1
 0002:0000100C       tlsBuffer
 0002:00001010       .3
 0002:00001014       .1
 0002:00001018       .1
 0002:0000101C       ..
 0002:00001034       .1
 0002:00001038       .1
 0002:0000103C       Session
 0002:00001040       Sessions
 0002:00001044       GetObjectContextProc
 0002:00001048       .22
 0002:0000104C       FCSect
 0002:00001064       CSNativeToAnsi
 0002:0000107C       CSAnsiToNative
 0002:00001094       BDEInitProcs
 0002:00001098       SaveInitProc
 0002:0000109C       NeedToUninitialize


Bound resource files

bdertl.res
C:\DOCUME~1\~KOKOP~1\LOCALS~1\Temp\dtf2712.tmp


Program entry point at 0001:0001C104
