
 Start         Length     Name                   Class
 0001:00000000 00010AE0H .text                   CODE
 0002:00000000 000001B8H .data                   DATA
 0002:000001B8 00000031H .bss                    BSS


Detailed map of segments

 0001:00000000 00000236 C=CODE     S=.text    G=(none)   M=System   ACBP=A9
 0001:00000238 0000022C C=CODE     S=.text    G=(none)   M=SysInit  ACBP=A9
 0001:00000464 00000048 C=CODE     S=.text    G=(none)   M=Windows  ACBP=A9
 0001:000004AC 0000000E C=CODE     S=.text    G=(none)   M=Types    ACBP=A9
 0001:000004BC 000000BE C=CODE     S=.text    G=(none)   M=SysUtils ACBP=A9
 0001:0000057C 0000000E C=CODE     S=.text    G=(none)   M=SysConst ACBP=A9
 0001:0000058C 000000AE C=CODE     S=.text    G=(none)   M=Variants ACBP=A9
 0001:0000063C 0000000E C=CODE     S=.text    G=(none)   M=VarUtils ACBP=A9
 0001:0000064C 000001C6 C=CODE     S=.text    G=(none)   M=Classes  ACBP=A9
 0001:00000814 0000000E C=CODE     S=.text    G=(none)   M=ActiveX  ACBP=A9
 0001:00000824 00000038 C=CODE     S=.text    G=(none)   M=Messages ACBP=A9
 0001:0000085C 0000000E C=CODE     S=.text    G=(none)   M=TypInfo  ACBP=A9
 0001:0000086C 0000000E C=CODE     S=.text    G=(none)   M=RTLConsts ACBP=A9
 0001:0000087C 00000656 C=CODE     S=.text    G=(none)   M=DB       ACBP=A9
 0001:00000ED4 00000026 C=CODE     S=.text    G=(none)   M=FMTBcd   ACBP=A9
 0001:00000EFC 0000000E C=CODE     S=.text    G=(none)   M=Math     ACBP=A9
 0001:00000F0C 0000000E C=CODE     S=.text    G=(none)   M=DBConsts ACBP=A9
 0001:00000F1C 0000000E C=CODE     S=.text    G=(none)   M=SqlTimSt ACBP=A9
 0001:00000F2C 0000000E C=CODE     S=.text    G=(none)   M=DateUtils ACBP=A9
 0001:00000F3C 0000000E C=CODE     S=.text    G=(none)   M=MaskUtils ACBP=A9
 0001:00000F4C 0000000E C=CODE     S=.text    G=(none)   M=ComObj   ACBP=A9
 0001:00000F5C 0000000E C=CODE     S=.text    G=(none)   M=ComConst ACBP=A9
 0001:00000F6C 00000036 C=CODE     S=.text    G=(none)   M=DBCommon ACBP=A9
 0001:00000FA4 00000BB0 C=CODE     S=.text    G=(none)   M=DBXpress ACBP=A9
 0001:00001B54 0000002E C=CODE     S=.text    G=(none)   M=Registry ACBP=A9
 0001:00001B84 0000001E C=CODE     S=.text    G=(none)   M=IniFiles ACBP=A9
 0001:00001BA4 0000034C C=CODE     S=.text    G=(none)   M=SqlConst ACBP=A9
 0001:00001EF0 000008C8 C=CODE     S=.text    G=(none)   M=DBConnAdmin ACBP=A9
 0001:000027B8 0000E208 C=CODE     S=.text    G=(none)   M=SqlExpr  ACBP=A9
 0001:000109C0 0000011D C=CODE     S=.text    G=(none)   M=dbexpress ACBP=A9
 0002:00000000 0000002C C=DATA     S=.data    G=DGROUP   M=SysInit  ACBP=A9
 0002:0000002C 00000050 C=DATA     S=.data    G=DGROUP   M=SqlConst ACBP=A9
 0002:0000007C 0000009F C=DATA     S=.data    G=DGROUP   M=SqlExpr  ACBP=A9
 0002:00001000 00000010 C=BSS      S=.bss     G=DGROUP   M=SysInit  ACBP=A9
 0002:00001010 00000004 C=BSS      S=.bss     G=DGROUP   M=Windows  ACBP=A9
 0002:00001014 00000004 C=BSS      S=.bss     G=DGROUP   M=Messages ACBP=A9
 0002:00001018 00000008 C=BSS      S=.bss     G=DGROUP   M=DBXpress ACBP=A9
 0002:00001020 00000004 C=BSS      S=.bss     G=DGROUP   M=SqlConst ACBP=A9
 0002:00001024 00000004 C=BSS      S=.bss     G=DGROUP   M=DBConnAdmin ACBP=A9
 0002:00001028 00000008 C=BSS      S=.bss     G=DGROUP   M=SqlExpr  ACBP=A9


  Address         Publics by Name

 0002:0000102C       .01
 0002:00001008       .1
 0002:00001014       .1
 0002:0000101C       .1
 0002:00001024       .2
 0002:00001020       .2
 0002:00001010       .3
 0001:00010AB8       @GetPackageInfoTable
 0001:00000340       @GetTls
 0001:000003B0       @InitPkg
 0001:00000414       @PackageLoad
 0001:00010AC0       @PackageLoad
 0001:00010ACC       @PackageUnload
 0001:00000420       @PackageUnload
 0001:0000D8E0       AddFieldToList
 0001:00004ABC       AddQuoteCharToObjectName
 0001:00000270       AllocTlsBuffer
 0002:0000010C       BlobTypeMap
 0001:0000538C       CalcUnits
 0001:0000ED28       CheckValues
 0002:000000F0       DataTypeMap
 0001:000027B0       DBConnAdmin
 0001:00010AD8       dbexpress
 0002:0000002C       DbxError
 0001:00001B4C       DBXpress
 0001:0000DB00       DesignerDataStored
 0002:00001028       DllGetClassObject
 0001:0000DCC0       DontUseIndex
 0001:0000031C       ExitProcessTLS
 0001:000002F4       ExitThreadTLS
 0001:0000E640       FieldsInQuery
 0001:00001B1C       Finalization
 0001:00010988       Finalization
 0001:00000474       Finalization
 0001:00001DF8       Finalization
 0001:00002780       Finalization
 0001:0000042C       Finalization
 0001:00000824       Finalization
 0001:00004F1C       FixParams
 0002:000000A4       FldSubTypeMap
 0002:0000007C       FldTypeMap
 0001:000020B4       FormatLine
 0001:00000238       FreeLibrary
 0001:0000598C       FreeProcParams
 0001:00004DB4       GetBlobSize
 0001:00002090       GetConnectionAdmin
 0001:000051C0       GetConnectionNames
 0001:00004D58       GetConnectionRegistryFile
 0001:00005174       GetDriverNames
 0001:00004D04       GetDriverRegistryFile
 0001:0000FF54       GetFieldsForIndexName
 0001:00010134       GetIndexFieldNames
 0001:000052EC       GetParamData
 0001:00000464       GetProcAddress
 0001:00005080       GetProfileString
 0001:00004BC8       GetRegistryFile
 0001:0000D3A8       GetRows
 0002:00001018       getSQLDriver
 0001:00004B9C       GetTableScope
 0001:0000027C       GetTlsSize
 0001:00002100       GetValue
 0002:00001004       HInstance
 0001:00000380       InitializeModule
 0001:000002C8       InitProcessTLS
 0001:00000284       InitThreadTLS
 0001:0000942C       LoadDriverParams
 0001:0000046C       LoadLibrary
 0001:000059C8       LoadParamListItems
 0001:00000240       LocalAlloc
 0001:00000248       LocalFree
 0001:00006F38       Login
 0001:00000854       Messages
 0002:00000004       Module
 0002:00001000       ModuleIsLib
 0002:00001001       ModuleIsPackage
 0001:00004E18       NextPiece
 0001:0000B668       NormalizeBcdData
 0001:00010968       RegisterDbXpressLib
 0001:000025C0       RemoveEntry
 0001:0000EBE4       SameValue
 0001:000054A0       SetProcedureParams
 0001:00007EE0       SetQueryParams
 0001:00006688       SQLCallBack
 0001:00001EDC       SqlConst
 0001:000109B8       SqlExpr
 0001:0000045C       SysInit
 0001:00002344       TConnectionAdmin.AddConnection
 0001:000021F0       TConnectionAdmin.Create
 0001:00002444       TConnectionAdmin.DeleteConnection
 0001:0000230C       TConnectionAdmin.Destroy
 0001:00002450       TConnectionAdmin.GetConnectionNames
 0001:00002560       TConnectionAdmin.GetConnectionParams
 0001:00002578       TConnectionAdmin.GetConnectionParamValues
 0001:00002644       TConnectionAdmin.GetDriverLibNames
 0001:00002584       TConnectionAdmin.GetDriverNames
 0001:000025E4       TConnectionAdmin.GetDriverParams
 0001:000026F8       TConnectionAdmin.ModifyConnection
 0001:00002774       TConnectionAdmin.ModifyDriverParams
 0001:00002704       TConnectionAdmin.RenameConnection
 0001:0000B068       TCustomSQLDataSet.AddFieldDesc
 0001:0000DD14       TCustomSQLDataSet.AddIndexDefs
 0001:0000DC08       TCustomSQLDataSet.Check
 0001:0000A7C0       TCustomSQLDataSet.CheckConnection
 0001:0000CDE0       TCustomSQLDataSet.CheckDetail
 0001:0000DC30       TCustomSQLDataSet.CheckFieldNames
 0001:0000CF90       TCustomSQLDataSet.CheckPrepareError
 0001:0000C8F8       TCustomSQLDataSet.CheckStatement
 0001:0000B008       TCustomSQLDataSet.ClearIndexDefs
 0001:0000AD94       TCustomSQLDataSet.CloseCursor
 0001:0000AE54       TCustomSQLDataSet.CloseStatement
 0001:0000A68C       TCustomSQLDataSet.Create
 0001:0000BCA4       TCustomSQLDataSet.CreateBlobStream
 0001:0000DB44       TCustomSQLDataSet.DefineProperties
 0001:0000A734       TCustomSQLDataSet.Destroy
 0001:0000D044       TCustomSQLDataSet.ExecSQL
 0001:0000D14C       TCustomSQLDataSet.ExecuteStatement
 0001:0000B020       TCustomSQLDataSet.FreeBuffers
 0001:0000AD9C       TCustomSQLDataSet.FreeCursor
 0001:0000ADBC       TCustomSQLDataSet.FreeStatement
 0001:0000BB94       TCustomSQLDataSet.GetBlobFieldData
 0001:0000BD0C       TCustomSQLDataSet.GetCalculatedField
 0001:0000BD4C       TCustomSQLDataSet.GetCanModify
 0001:0000BEB0       TCustomSQLDataSet.GetDataSetFromSQL
 0001:0000D8D4       TCustomSQLDataSet.GetDataSource
 0001:0000D904       TCustomSQLDataSet.GetDetailLinkFields
 0001:0000B738       TCustomSQLDataSet.GetFieldData
 0001:0000B9F8       TCustomSQLDataSet.GetFieldData
 0001:0000A968       TCustomSQLDataSet.GetInternalConnection
 0001:0000E0EC       TCustomSQLDataSet.GetKeyFieldNames
 0001:0000D280       TCustomSQLDataSet.GetObjectProcParamCount
 0001:0000AB38       TCustomSQLDataSet.GetObjectTypeNames
 0001:0000C5C8       TCustomSQLDataSet.GetOutputParams
 0001:0000D32C       TCustomSQLDataSet.GetParamCount
 0001:0000C034       TCustomSQLDataSet.GetProcParams
 0001:0000CB98       TCustomSQLDataSet.GetQueryFromType
 0001:0000E9F8       TCustomSQLDataSet.GetQuoteChar
 0001:0000BD50       TCustomSQLDataSet.GetRecord
 0001:0000D4A8       TCustomSQLDataSet.GetRecordCount
 0001:0000D81C       TCustomSQLDataSet.GetRowsAffected
 0001:0000D9A0       TCustomSQLDataSet.GetSortFieldNames
 0001:0000AFC4       TCustomSQLDataSet.InitBuffers
 0001:0000B060       TCustomSQLDataSet.InitRecord
 0001:0000AE80       TCustomSQLDataSet.InternalClose
 0001:0000DC20       TCustomSQLDataSet.InternalHandleException
 0001:0000B4EC       TCustomSQLDataSet.InternalInitFieldDefs
 0001:0000AC40       TCustomSQLDataSet.InternalOpen
 0001:0000AF94       TCustomSQLDataSet.InternalRefresh
 0001:0000ACF0       TCustomSQLDataSet.IsCursorOpen
 0001:0000DAFC       TCustomSQLDataSet.IsSequenced
 0001:0000AF8C       TCustomSQLDataSet.Loaded
 0001:0000B464       TCustomSQLDataSet.LoadFieldDef
 0001:0000F074       TCustomSQLDataSet.Locate
 0001:0000EE30       TCustomSQLDataSet.LocateRecord
 0001:0000F0C8       TCustomSQLDataSet.Lookup
 0001:0000ACFC       TCustomSQLDataSet.OpenCursor
 0001:0000E25C       TCustomSQLDataSet.OpenSchema
 0001:0000C5BC       TCustomSQLDataSet.ParamByName
 0001:0000CE84       TCustomSQLDataSet.PrepareStatement
 0001:0000DA60       TCustomSQLDataSet.PropertyChanged
 0001:0000E514       TCustomSQLDataSet.PSEndTransaction
 0001:0000E55C       TCustomSQLDataSet.PSExecute
 0001:0000E568       TCustomSQLDataSet.PSExecuteStatement
 0001:0000E594       TCustomSQLDataSet.PSGetAttributes
 0001:0000E780       TCustomSQLDataSet.PSGetDefaultOrder
 0001:0000E600       TCustomSQLDataSet.PSGetIndexDefs
 0001:0000E8B8       TCustomSQLDataSet.PSGetKeyFields
 0001:0000E9F0       TCustomSQLDataSet.PSGetParams
 0001:0000EA0C       TCustomSQLDataSet.PSGetQuoteChar
 0001:0000EA68       TCustomSQLDataSet.PSGetTableName
 0001:0000EA98       TCustomSQLDataSet.PSGetUpdateException
 0001:0000EB04       TCustomSQLDataSet.PSInTransaction
 0001:0000EB28       TCustomSQLDataSet.PSIsSQLBased
 0001:0000EB2C       TCustomSQLDataSet.PSIsSQLSupported
 0001:0000EA40       TCustomSQLDataSet.PSReset
 0001:0000EB8C       TCustomSQLDataSet.PSSetCommandText
 0001:0000EB30       TCustomSQLDataSet.PSSetParams
 0001:0000EBA8       TCustomSQLDataSet.PSStartTransaction
 0001:0000EBE0       TCustomSQLDataSet.PSUpdateRecord
 0001:0000DBA4       TCustomSQLDataSet.ReadDesignerData
 0001:0000C4BC       TCustomSQLDataSet.RefreshParams
 0001:0000B064       TCustomSQLDataSet.SetBufListSize
 0001:0000BDD0       TCustomSQLDataSet.SetCommandText
 0001:0000DA28       TCustomSQLDataSet.SetCommandType
 0001:0000A824       TCustomSQLDataSet.SetConnection
 0001:0000BB68       TCustomSQLDataSet.SetCurrentBlobSize
 0001:0000D860       TCustomSQLDataSet.SetDataSource
 0001:0000BDA4       TCustomSQLDataSet.SetFCommandText
 0001:0000BCCC       TCustomSQLDataSet.SetFieldData
 0001:0000DA08       TCustomSQLDataSet.SetMaxBlobSize
 0001:0000C770       TCustomSQLDataSet.SetParameters
 0001:0000C538       TCustomSQLDataSet.SetParamsFromCursor
 0001:0000C08C       TCustomSQLDataSet.SetParamsFromProcedure
 0001:0000C1A8       TCustomSQLDataSet.SetParamsFromSQL
 0001:0000C77C       TCustomSQLDataSet.SetPrepared
 0001:0000E1C0       TCustomSQLDataSet.SetSchemaInfo
 0001:0000F158       TCustomSQLDataSet.SetSchemaName
 0001:0000F170       TCustomSQLDataSet.SetSchemaOption
 0001:0000D9B8       TCustomSQLDataSet.SetSortFieldNames
 0001:0000A97C       TCustomSQLDataSet.SQLError
 0001:0000DC24       TCustomSQLDataSet.UpdateIndexDefs
 0001:0000DBF8       TCustomSQLDataSet.WriteDesignerData
 0001:00000250       TlsAlloc
 0002:0000100C       tlsBuffer
 0001:00000258       TlsFree
 0001:00000260       TlsGetValue
 0002:00000000       TlsIndex
 0002:BF94E008       TlsLast
 0002:0000001C       TlsProc
 0001:00000268       TlsSetValue
 0001:00005A38       TSQLBlobStream.Create
 0001:00005AF4       TSQLBlobStream.Destroy
 0001:00005B1C       TSQLBlobStream.ReadBlobData
 0001:0000A5C8       TSQLConnection.Check
 0001:00007C78       TSQLConnection.CheckActive
 0001:00006F14       TSQLConnection.CheckConnection
 0001:00007BB4       TSQLConnection.CheckDisconnect
 0001:00007C10       TSQLConnection.CheckInactive
 0001:000070B4       TSQLConnection.CheckLoginParams
 0001:00006AC4       TSQLConnection.ClearConnectionUsers
 0001:00006B18       TSQLConnection.ClearMonitors
 0001:000084A4       TSQLConnection.CloneConnection
 0001:00007B34       TSQLConnection.CloseDataSets
 0001:00009340       TSQLConnection.Commit
 0001:000073C0       TSQLConnection.ConnectionOptions
 0001:0000693C       TSQLConnection.Create
 0001:00006A6C       TSQLConnection.Destroy
 0001:000074D0       TSQLConnection.DoConnect
 0001:00007AB0       TSQLConnection.DoDisconnect
 0001:000081D4       TSQLConnection.Execute
 0001:00007D5C       TSQLConnection.ExecuteDirect
 0001:00008778       TSQLConnection.FreeSchemaTable
 0001:00007A90       TSQLConnection.GetConnected
 0001:00007CD0       TSQLConnection.GetConnectionForStatement
 0001:0000981C       TSQLConnection.GetConnectionName
 0001:00009418       TSQLConnection.GetDataSet
 0001:000097AC       TSQLConnection.GetFDriverRegistryFile
 0001:00008B60       TSQLConnection.GetFieldNames
 0001:00008C2C       TSQLConnection.GetIndexNames
 0001:00008C1C       TSQLConnection.GetIndexNames
 0001:00009170       TSQLConnection.GetInTransaction
 0001:00009A10       TSQLConnection.GetLibraryName
 0001:0000A4E0       TSQLConnection.GetLocaleCode
 0001:0000780C       TSQLConnection.GetLoginParams
 0001:00008BA0       TSQLConnection.GetPackageNames
 0001:00008B88       TSQLConnection.GetProcedureNames
 0001:00008B78       TSQLConnection.GetProcedureNames
 0001:00008B6C       TSQLConnection.GetProcedureNames
 0001:00008C98       TSQLConnection.GetProcedureParams
 0001:00008C44       TSQLConnection.GetProcedureParams
 0001:00008D04       TSQLConnection.GetProcedureParams
 0001:00007334       TSQLConnection.GetQuoteChar
 0001:00008BAC       TSQLConnection.GetTableNames
 0001:00008BB8       TSQLConnection.GetTableNames
 0001:0000996C       TSQLConnection.GetVendorLib
 0001:0000A5E0       TSQLConnection.Loaded
 0001:0000A298       TSQLConnection.LoadParamsFromIniFile
 0001:00006D88       TSQLConnection.LoadSQLDll
 0001:00006F78       TSQLConnection.Login
 0001:0000A5E8       TSQLConnection.Notification
 0001:000087AC       TSQLConnection.OpenSchema
 0001:00008808       TSQLConnection.OpenSchema
 0001:00008678       TSQLConnection.OpenSchemaTable
 0001:000085F8       TSQLConnection.OpenSchemaTable
 0001:000090D8       TSQLConnection.RegisterTraceCallback
 0001:00006B78       TSQLConnection.RegisterTraceMonitor
 0001:00009268       TSQLConnection.Rollback
 0001:00009830       TSQLConnection.SetConnectionName
 0001:00009AA0       TSQLConnection.SetConnectionParams
 0001:00007398       TSQLConnection.SetCursor
 0001:00009548       TSQLConnection.SetDriverName
 0001:0000A584       TSQLConnection.SetKeepConnection
 0001:0000A46C       TSQLConnection.SetLocaleCode
 0001:0000A5A8       TSQLConnection.SetParams
 0001:00009098       TSQLConnection.SetTraceCallbackEvent
 0001:00006B90       TSQLConnection.SQLError
 0001:0000917C       TSQLConnection.StartTransaction
 0001:00006B84       TSQLConnection.UnregisterTraceMonitor
 0001:0000A62C       TSQLDataLink.ActiveChanged
 0001:0000A670       TSQLDataLink.CheckBrowseMode
 0001:0000A5F0       TSQLDataLink.Create
 0001:0000A648       TSQLDataLink.GetDetailDataSet
 0001:0000A64C       TSQLDataLink.RecordChanged
 0001:0000F43C       TSQLDataSet.Create
 0001:0000F480       TSQLDataSet.ExecSQL
 0001:00006470       TSQLMonitor.CheckInactive
 0001:000063C0       TSQLMonitor.Create
 0001:00006414       TSQLMonitor.Destroy
 0001:000067C0       TSQLMonitor.GetTraceCount
 0001:00006580       TSQLMonitor.InvokeCallBack
 0001:000067CC       TSQLMonitor.LoadFromFile
 0001:00006858       TSQLMonitor.SaveToFile
 0001:000066B0       TSQLMonitor.SetActive
 0001:0000645C       TSQLMonitor.SetFileName
 0001:000064DC       TSQLMonitor.SetSQLConnection
 0001:000067B0       TSQLMonitor.SetStreamedActive
 0001:000068E4       TSQLMonitor.SetTraceList
 0001:00006524       TSQLMonitor.SwitchConnection
 0001:00006564       TSQLMonitor.Trace
 0001:00005C28       TSQLParams.Create
 0001:00005C70       TSQLParams.Destroy
 0001:00005CA0       TSQLParams.GetFieldName
 0001:00005CBC       TSQLParams.Parse
 0001:00005E00       TSQLParams.ParseInsert
 0001:00005F4C       TSQLParams.ParseSelect
 0001:0000619C       TSQLParams.ParseUpdate
 0001:0000F488       TSQLQuery.Create
 0001:0000F4F4       TSQLQuery.Destroy
 0001:0000F524       TSQLQuery.ExecSQL
 0001:0000F52C       TSQLQuery.PrepareStatement
 0001:0000F5E8       TSQLQuery.QueryChanged
 0001:0000F788       TSQLQuery.SetSQL
 0001:0000F850       TSQLStoredProc.Create
 0001:0000F894       TSQLStoredProc.ExecProc
 0001:0000FAFC       TSQLStoredProc.NextRecordSet
 0001:0000F8A0       TSQLStoredProc.PrepareStatement
 0001:0000FA64       TSQLStoredProc.SetPackageName
 0001:0000F9F4       TSQLStoredProc.SetStoredProcName
 0001:0000FD40       TSQLTable.AddParamsToQuery
 0001:0000FB84       TSQLTable.Create
 0001:0000FC34       TSQLTable.DeleteRecords
 0001:0000FBF8       TSQLTable.Destroy
 0001:0000FCA4       TSQLTable.GetIndexField
 0001:0000FCD8       TSQLTable.GetIndexFieldCount
 0001:0000FCFC       TSQLTable.GetIndexNames
 0001:0001069C       TSQLTable.GetMasterFields
 0001:0000FF28       TSQLTable.GetQueryFromType
 0001:0000FD14       TSQLTable.OpenCursor
 0001:000101C0       TSQLTable.PrepareStatement
 0001:00010598       TSQLTable.RefreshIndexFields
 0001:0000FF20       TSQLTable.SetDataSource
 0001:00010860       TSQLTable.SetIndexField
 0001:000107A0       TSQLTable.SetIndexFieldNames
 0001:00010880       TSQLTable.SetIndexName
 0001:000106B8       TSQLTable.SetMasterFields
 0001:00010728       TSQLTable.SetTableName
 0001:0000038C       UninitializeModule
 0001:000004A4       Windows
 0001:00002144       WriteSectionValues


  Address         Publics by Value

 0002:BF94E008       TlsLast
 0001:00000238       FreeLibrary
 0001:00000240       LocalAlloc
 0001:00000248       LocalFree
 0001:00000250       TlsAlloc
 0001:00000258       TlsFree
 0001:00000260       TlsGetValue
 0001:00000268       TlsSetValue
 0001:00000270       AllocTlsBuffer
 0001:0000027C       GetTlsSize
 0001:00000284       InitThreadTLS
 0001:000002C8       InitProcessTLS
 0001:000002F4       ExitThreadTLS
 0001:0000031C       ExitProcessTLS
 0001:00000340       @GetTls
 0001:00000380       InitializeModule
 0001:0000038C       UninitializeModule
 0001:000003B0       @InitPkg
 0001:00000414       @PackageLoad
 0001:00000420       @PackageUnload
 0001:0000042C       Finalization
 0001:0000045C       SysInit
 0001:00000464       GetProcAddress
 0001:0000046C       LoadLibrary
 0001:00000474       Finalization
 0001:000004A4       Windows
 0001:00000824       Finalization
 0001:00000854       Messages
 0001:00001B1C       Finalization
 0001:00001B4C       DBXpress
 0001:00001DF8       Finalization
 0001:00001EDC       SqlConst
 0001:00002090       GetConnectionAdmin
 0001:000020B4       FormatLine
 0001:00002100       GetValue
 0001:00002144       WriteSectionValues
 0001:000021F0       TConnectionAdmin.Create
 0001:0000230C       TConnectionAdmin.Destroy
 0001:00002344       TConnectionAdmin.AddConnection
 0001:00002444       TConnectionAdmin.DeleteConnection
 0001:00002450       TConnectionAdmin.GetConnectionNames
 0001:00002560       TConnectionAdmin.GetConnectionParams
 0001:00002578       TConnectionAdmin.GetConnectionParamValues
 0001:00002584       TConnectionAdmin.GetDriverNames
 0001:000025C0       RemoveEntry
 0001:000025E4       TConnectionAdmin.GetDriverParams
 0001:00002644       TConnectionAdmin.GetDriverLibNames
 0001:000026F8       TConnectionAdmin.ModifyConnection
 0001:00002704       TConnectionAdmin.RenameConnection
 0001:00002774       TConnectionAdmin.ModifyDriverParams
 0001:00002780       Finalization
 0001:000027B0       DBConnAdmin
 0001:00004ABC       AddQuoteCharToObjectName
 0001:00004B9C       GetTableScope
 0001:00004BC8       GetRegistryFile
 0001:00004D04       GetDriverRegistryFile
 0001:00004D58       GetConnectionRegistryFile
 0001:00004DB4       GetBlobSize
 0001:00004E18       NextPiece
 0001:00004F1C       FixParams
 0001:00005080       GetProfileString
 0001:00005174       GetDriverNames
 0001:000051C0       GetConnectionNames
 0001:000052EC       GetParamData
 0001:0000538C       CalcUnits
 0001:000054A0       SetProcedureParams
 0001:0000598C       FreeProcParams
 0001:000059C8       LoadParamListItems
 0001:00005A38       TSQLBlobStream.Create
 0001:00005AF4       TSQLBlobStream.Destroy
 0001:00005B1C       TSQLBlobStream.ReadBlobData
 0001:00005C28       TSQLParams.Create
 0001:00005C70       TSQLParams.Destroy
 0001:00005CA0       TSQLParams.GetFieldName
 0001:00005CBC       TSQLParams.Parse
 0001:00005E00       TSQLParams.ParseInsert
 0001:00005F4C       TSQLParams.ParseSelect
 0001:0000619C       TSQLParams.ParseUpdate
 0001:000063C0       TSQLMonitor.Create
 0001:00006414       TSQLMonitor.Destroy
 0001:0000645C       TSQLMonitor.SetFileName
 0001:00006470       TSQLMonitor.CheckInactive
 0001:000064DC       TSQLMonitor.SetSQLConnection
 0001:00006524       TSQLMonitor.SwitchConnection
 0001:00006564       TSQLMonitor.Trace
 0001:00006580       TSQLMonitor.InvokeCallBack
 0001:00006688       SQLCallBack
 0001:000066B0       TSQLMonitor.SetActive
 0001:000067B0       TSQLMonitor.SetStreamedActive
 0001:000067C0       TSQLMonitor.GetTraceCount
 0001:000067CC       TSQLMonitor.LoadFromFile
 0001:00006858       TSQLMonitor.SaveToFile
 0001:000068E4       TSQLMonitor.SetTraceList
 0001:0000693C       TSQLConnection.Create
 0001:00006A6C       TSQLConnection.Destroy
 0001:00006AC4       TSQLConnection.ClearConnectionUsers
 0001:00006B18       TSQLConnection.ClearMonitors
 0001:00006B78       TSQLConnection.RegisterTraceMonitor
 0001:00006B84       TSQLConnection.UnregisterTraceMonitor
 0001:00006B90       TSQLConnection.SQLError
 0001:00006D88       TSQLConnection.LoadSQLDll
 0001:00006F14       TSQLConnection.CheckConnection
 0001:00006F38       Login
 0001:00006F78       TSQLConnection.Login
 0001:000070B4       TSQLConnection.CheckLoginParams
 0001:00007334       TSQLConnection.GetQuoteChar
 0001:00007398       TSQLConnection.SetCursor
 0001:000073C0       TSQLConnection.ConnectionOptions
 0001:000074D0       TSQLConnection.DoConnect
 0001:0000780C       TSQLConnection.GetLoginParams
 0001:00007A90       TSQLConnection.GetConnected
 0001:00007AB0       TSQLConnection.DoDisconnect
 0001:00007B34       TSQLConnection.CloseDataSets
 0001:00007BB4       TSQLConnection.CheckDisconnect
 0001:00007C10       TSQLConnection.CheckInactive
 0001:00007C78       TSQLConnection.CheckActive
 0001:00007CD0       TSQLConnection.GetConnectionForStatement
 0001:00007D5C       TSQLConnection.ExecuteDirect
 0001:00007EE0       SetQueryParams
 0001:000081D4       TSQLConnection.Execute
 0001:000084A4       TSQLConnection.CloneConnection
 0001:000085F8       TSQLConnection.OpenSchemaTable
 0001:00008678       TSQLConnection.OpenSchemaTable
 0001:00008778       TSQLConnection.FreeSchemaTable
 0001:000087AC       TSQLConnection.OpenSchema
 0001:00008808       TSQLConnection.OpenSchema
 0001:00008B60       TSQLConnection.GetFieldNames
 0001:00008B6C       TSQLConnection.GetProcedureNames
 0001:00008B78       TSQLConnection.GetProcedureNames
 0001:00008B88       TSQLConnection.GetProcedureNames
 0001:00008BA0       TSQLConnection.GetPackageNames
 0001:00008BAC       TSQLConnection.GetTableNames
 0001:00008BB8       TSQLConnection.GetTableNames
 0001:00008C1C       TSQLConnection.GetIndexNames
 0001:00008C2C       TSQLConnection.GetIndexNames
 0001:00008C44       TSQLConnection.GetProcedureParams
 0001:00008C98       TSQLConnection.GetProcedureParams
 0001:00008D04       TSQLConnection.GetProcedureParams
 0001:00009098       TSQLConnection.SetTraceCallbackEvent
 0001:000090D8       TSQLConnection.RegisterTraceCallback
 0001:00009170       TSQLConnection.GetInTransaction
 0001:0000917C       TSQLConnection.StartTransaction
 0001:00009268       TSQLConnection.Rollback
 0001:00009340       TSQLConnection.Commit
 0001:00009418       TSQLConnection.GetDataSet
 0001:0000942C       LoadDriverParams
 0001:00009548       TSQLConnection.SetDriverName
 0001:000097AC       TSQLConnection.GetFDriverRegistryFile
 0001:0000981C       TSQLConnection.GetConnectionName
 0001:00009830       TSQLConnection.SetConnectionName
 0001:0000996C       TSQLConnection.GetVendorLib
 0001:00009A10       TSQLConnection.GetLibraryName
 0001:00009AA0       TSQLConnection.SetConnectionParams
 0001:0000A298       TSQLConnection.LoadParamsFromIniFile
 0001:0000A46C       TSQLConnection.SetLocaleCode
 0001:0000A4E0       TSQLConnection.GetLocaleCode
 0001:0000A584       TSQLConnection.SetKeepConnection
 0001:0000A5A8       TSQLConnection.SetParams
 0001:0000A5C8       TSQLConnection.Check
 0001:0000A5E0       TSQLConnection.Loaded
 0001:0000A5E8       TSQLConnection.Notification
 0001:0000A5F0       TSQLDataLink.Create
 0001:0000A62C       TSQLDataLink.ActiveChanged
 0001:0000A648       TSQLDataLink.GetDetailDataSet
 0001:0000A64C       TSQLDataLink.RecordChanged
 0001:0000A670       TSQLDataLink.CheckBrowseMode
 0001:0000A68C       TCustomSQLDataSet.Create
 0001:0000A734       TCustomSQLDataSet.Destroy
 0001:0000A7C0       TCustomSQLDataSet.CheckConnection
 0001:0000A824       TCustomSQLDataSet.SetConnection
 0001:0000A968       TCustomSQLDataSet.GetInternalConnection
 0001:0000A97C       TCustomSQLDataSet.SQLError
 0001:0000AB38       TCustomSQLDataSet.GetObjectTypeNames
 0001:0000AC40       TCustomSQLDataSet.InternalOpen
 0001:0000ACF0       TCustomSQLDataSet.IsCursorOpen
 0001:0000ACFC       TCustomSQLDataSet.OpenCursor
 0001:0000AD94       TCustomSQLDataSet.CloseCursor
 0001:0000AD9C       TCustomSQLDataSet.FreeCursor
 0001:0000ADBC       TCustomSQLDataSet.FreeStatement
 0001:0000AE54       TCustomSQLDataSet.CloseStatement
 0001:0000AE80       TCustomSQLDataSet.InternalClose
 0001:0000AF8C       TCustomSQLDataSet.Loaded
 0001:0000AF94       TCustomSQLDataSet.InternalRefresh
 0001:0000AFC4       TCustomSQLDataSet.InitBuffers
 0001:0000B008       TCustomSQLDataSet.ClearIndexDefs
 0001:0000B020       TCustomSQLDataSet.FreeBuffers
 0001:0000B060       TCustomSQLDataSet.InitRecord
 0001:0000B064       TCustomSQLDataSet.SetBufListSize
 0001:0000B068       TCustomSQLDataSet.AddFieldDesc
 0001:0000B464       TCustomSQLDataSet.LoadFieldDef
 0001:0000B4EC       TCustomSQLDataSet.InternalInitFieldDefs
 0001:0000B668       NormalizeBcdData
 0001:0000B738       TCustomSQLDataSet.GetFieldData
 0001:0000B9F8       TCustomSQLDataSet.GetFieldData
 0001:0000BB68       TCustomSQLDataSet.SetCurrentBlobSize
 0001:0000BB94       TCustomSQLDataSet.GetBlobFieldData
 0001:0000BCA4       TCustomSQLDataSet.CreateBlobStream
 0001:0000BCCC       TCustomSQLDataSet.SetFieldData
 0001:0000BD0C       TCustomSQLDataSet.GetCalculatedField
 0001:0000BD4C       TCustomSQLDataSet.GetCanModify
 0001:0000BD50       TCustomSQLDataSet.GetRecord
 0001:0000BDA4       TCustomSQLDataSet.SetFCommandText
 0001:0000BDD0       TCustomSQLDataSet.SetCommandText
 0001:0000BEB0       TCustomSQLDataSet.GetDataSetFromSQL
 0001:0000C034       TCustomSQLDataSet.GetProcParams
 0001:0000C08C       TCustomSQLDataSet.SetParamsFromProcedure
 0001:0000C1A8       TCustomSQLDataSet.SetParamsFromSQL
 0001:0000C4BC       TCustomSQLDataSet.RefreshParams
 0001:0000C538       TCustomSQLDataSet.SetParamsFromCursor
 0001:0000C5BC       TCustomSQLDataSet.ParamByName
 0001:0000C5C8       TCustomSQLDataSet.GetOutputParams
 0001:0000C770       TCustomSQLDataSet.SetParameters
 0001:0000C77C       TCustomSQLDataSet.SetPrepared
 0001:0000C8F8       TCustomSQLDataSet.CheckStatement
 0001:0000CB98       TCustomSQLDataSet.GetQueryFromType
 0001:0000CDE0       TCustomSQLDataSet.CheckDetail
 0001:0000CE84       TCustomSQLDataSet.PrepareStatement
 0001:0000CF90       TCustomSQLDataSet.CheckPrepareError
 0001:0000D044       TCustomSQLDataSet.ExecSQL
 0001:0000D14C       TCustomSQLDataSet.ExecuteStatement
 0001:0000D280       TCustomSQLDataSet.GetObjectProcParamCount
 0001:0000D32C       TCustomSQLDataSet.GetParamCount
 0001:0000D3A8       GetRows
 0001:0000D4A8       TCustomSQLDataSet.GetRecordCount
 0001:0000D81C       TCustomSQLDataSet.GetRowsAffected
 0001:0000D860       TCustomSQLDataSet.SetDataSource
 0001:0000D8D4       TCustomSQLDataSet.GetDataSource
 0001:0000D8E0       AddFieldToList
 0001:0000D904       TCustomSQLDataSet.GetDetailLinkFields
 0001:0000D9A0       TCustomSQLDataSet.GetSortFieldNames
 0001:0000D9B8       TCustomSQLDataSet.SetSortFieldNames
 0001:0000DA08       TCustomSQLDataSet.SetMaxBlobSize
 0001:0000DA28       TCustomSQLDataSet.SetCommandType
 0001:0000DA60       TCustomSQLDataSet.PropertyChanged
 0001:0000DAFC       TCustomSQLDataSet.IsSequenced
 0001:0000DB00       DesignerDataStored
 0001:0000DB44       TCustomSQLDataSet.DefineProperties
 0001:0000DBA4       TCustomSQLDataSet.ReadDesignerData
 0001:0000DBF8       TCustomSQLDataSet.WriteDesignerData
 0001:0000DC08       TCustomSQLDataSet.Check
 0001:0000DC20       TCustomSQLDataSet.InternalHandleException
 0001:0000DC24       TCustomSQLDataSet.UpdateIndexDefs
 0001:0000DC30       TCustomSQLDataSet.CheckFieldNames
 0001:0000DCC0       DontUseIndex
 0001:0000DD14       TCustomSQLDataSet.AddIndexDefs
 0001:0000E0EC       TCustomSQLDataSet.GetKeyFieldNames
 0001:0000E1C0       TCustomSQLDataSet.SetSchemaInfo
 0001:0000E25C       TCustomSQLDataSet.OpenSchema
 0001:0000E514       TCustomSQLDataSet.PSEndTransaction
 0001:0000E55C       TCustomSQLDataSet.PSExecute
 0001:0000E568       TCustomSQLDataSet.PSExecuteStatement
 0001:0000E594       TCustomSQLDataSet.PSGetAttributes
 0001:0000E600       TCustomSQLDataSet.PSGetIndexDefs
 0001:0000E640       FieldsInQuery
 0001:0000E780       TCustomSQLDataSet.PSGetDefaultOrder
 0001:0000E8B8       TCustomSQLDataSet.PSGetKeyFields
 0001:0000E9F0       TCustomSQLDataSet.PSGetParams
 0001:0000E9F8       TCustomSQLDataSet.GetQuoteChar
 0001:0000EA0C       TCustomSQLDataSet.PSGetQuoteChar
 0001:0000EA40       TCustomSQLDataSet.PSReset
 0001:0000EA68       TCustomSQLDataSet.PSGetTableName
 0001:0000EA98       TCustomSQLDataSet.PSGetUpdateException
 0001:0000EB04       TCustomSQLDataSet.PSInTransaction
 0001:0000EB28       TCustomSQLDataSet.PSIsSQLBased
 0001:0000EB2C       TCustomSQLDataSet.PSIsSQLSupported
 0001:0000EB30       TCustomSQLDataSet.PSSetParams
 0001:0000EB8C       TCustomSQLDataSet.PSSetCommandText
 0001:0000EBA8       TCustomSQLDataSet.PSStartTransaction
 0001:0000EBE0       TCustomSQLDataSet.PSUpdateRecord
 0001:0000EBE4       SameValue
 0001:0000ED28       CheckValues
 0001:0000EE30       TCustomSQLDataSet.LocateRecord
 0001:0000F074       TCustomSQLDataSet.Locate
 0001:0000F0C8       TCustomSQLDataSet.Lookup
 0001:0000F158       TCustomSQLDataSet.SetSchemaName
 0001:0000F170       TCustomSQLDataSet.SetSchemaOption
 0001:0000F43C       TSQLDataSet.Create
 0001:0000F480       TSQLDataSet.ExecSQL
 0001:0000F488       TSQLQuery.Create
 0001:0000F4F4       TSQLQuery.Destroy
 0001:0000F524       TSQLQuery.ExecSQL
 0001:0000F52C       TSQLQuery.PrepareStatement
 0001:0000F5E8       TSQLQuery.QueryChanged
 0001:0000F788       TSQLQuery.SetSQL
 0001:0000F850       TSQLStoredProc.Create
 0001:0000F894       TSQLStoredProc.ExecProc
 0001:0000F8A0       TSQLStoredProc.PrepareStatement
 0001:0000F9F4       TSQLStoredProc.SetStoredProcName
 0001:0000FA64       TSQLStoredProc.SetPackageName
 0001:0000FAFC       TSQLStoredProc.NextRecordSet
 0001:0000FB84       TSQLTable.Create
 0001:0000FBF8       TSQLTable.Destroy
 0001:0000FC34       TSQLTable.DeleteRecords
 0001:0000FCA4       TSQLTable.GetIndexField
 0001:0000FCD8       TSQLTable.GetIndexFieldCount
 0001:0000FCFC       TSQLTable.GetIndexNames
 0001:0000FD14       TSQLTable.OpenCursor
 0001:0000FD40       TSQLTable.AddParamsToQuery
 0001:0000FF20       TSQLTable.SetDataSource
 0001:0000FF28       TSQLTable.GetQueryFromType
 0001:0000FF54       GetFieldsForIndexName
 0001:00010134       GetIndexFieldNames
 0001:000101C0       TSQLTable.PrepareStatement
 0001:00010598       TSQLTable.RefreshIndexFields
 0001:0001069C       TSQLTable.GetMasterFields
 0001:000106B8       TSQLTable.SetMasterFields
 0001:00010728       TSQLTable.SetTableName
 0001:000107A0       TSQLTable.SetIndexFieldNames
 0001:00010860       TSQLTable.SetIndexField
 0001:00010880       TSQLTable.SetIndexName
 0001:00010968       RegisterDbXpressLib
 0001:00010988       Finalization
 0001:000109B8       SqlExpr
 0001:00010AB8       @GetPackageInfoTable
 0001:00010AC0       @PackageLoad
 0001:00010ACC       @PackageUnload
 0001:00010AD8       dbexpress
 0002:00000000       TlsIndex
 0002:00000004       Module
 0002:0000001C       TlsProc
 0002:0000002C       DbxError
 0002:0000007C       FldTypeMap
 0002:000000A4       FldSubTypeMap
 0002:000000F0       DataTypeMap
 0002:0000010C       BlobTypeMap
 0002:00001000       ModuleIsLib
 0002:00001001       ModuleIsPackage
 0002:00001004       HInstance
 0002:00001008       .1
 0002:0000100C       tlsBuffer
 0002:00001010       .3
 0002:00001014       .1
 0002:00001018       getSQLDriver
 0002:0000101C       .1
 0002:00001020       .2
 0002:00001024       .2
 0002:00001028       DllGetClassObject
 0002:0000102C       .01


Bound resource files

dbexpress.res
C:\DOCUME~1\~KOKOP~1\LOCALS~1\Temp\dtf272A.tmp


Program entry point at 0001:00010AD8
