
 Start         Length     Name                   Class
 0001:00000000 00023C9CH .text                   CODE
 0002:00000000 000004C8H .data                   DATA
 0002:000004C8 00000049H .bss                    BSS


Detailed map of segments

 0001:00000000 00000326 C=CODE     S=.text    G=(none)   M=System   ACBP=A9
 0001:00000328 000001EC C=CODE     S=.text    G=(none)   M=SysInit  ACBP=A9
 0001:00000514 00000390 C=CODE     S=.text    G=(none)   M=DBConsts ACBP=A9
 0001:000008A4 00000038 C=CODE     S=.text    G=(none)   M=Windows  ACBP=A9
 0001:000008DC 0000000E C=CODE     S=.text    G=(none)   M=Types    ACBP=A9
 0001:000008EC 00000216 C=CODE     S=.text    G=(none)   M=Variants ACBP=A9
 0001:00000B04 000001BE C=CODE     S=.text    G=(none)   M=SysUtils ACBP=A9
 0001:00000CC4 0000000E C=CODE     S=.text    G=(none)   M=SysConst ACBP=A9
 0001:00000CD4 0000000E C=CODE     S=.text    G=(none)   M=VarUtils ACBP=A9
 0001:00000CE4 0000033E C=CODE     S=.text    G=(none)   M=Classes  ACBP=A9
 0001:00001024 0000000E C=CODE     S=.text    G=(none)   M=ActiveX  ACBP=A9
 0001:00001034 00000038 C=CODE     S=.text    G=(none)   M=Messages ACBP=A9
 0001:0000106C 0000001E C=CODE     S=.text    G=(none)   M=TypInfo  ACBP=A9
 0001:0000108C 0000000E C=CODE     S=.text    G=(none)   M=RTLConsts ACBP=A9
 0001:0000109C 00000016 C=CODE     S=.text    G=(none)   M=MaskUtils ACBP=A9
 0001:000010B4 00000016 C=CODE     S=.text    G=(none)   M=DateUtils ACBP=A9
 0001:000010CC 00000016 C=CODE     S=.text    G=(none)   M=Math     ACBP=A9
 0001:000010E4 00001017 C=CODE     S=.text    G=(none)   M=SqlTimSt ACBP=A9
 0001:000020FC 00004E7B C=CODE     S=.text    G=(none)   M=FMTBcd   ACBP=A9
 0001:00006F78 0000001E C=CODE     S=.text    G=(none)   M=ComObj   ACBP=A9
 0001:00006F98 0000000E C=CODE     S=.text    G=(none)   M=ComConst ACBP=A9
 0001:00006FA8 00017D84 C=CODE     S=.text    G=(none)   M=DB       ACBP=A9
 0001:0001ED2C 00004E80 C=CODE     S=.text    G=(none)   M=DBCommon ACBP=A9
 0001:00023BAC 000000ED C=CODE     S=.text    G=(none)   M=dbrtl    ACBP=A9
 0002:00000000 00000030 C=DATA     S=.data    G=DGROUP   M=SysInit  ACBP=A9
 0002:00000030 0000003C C=DATA     S=.data    G=DGROUP   M=SqlTimSt ACBP=A9
 0002:0000006C 00000065 C=DATA     S=.data    G=DGROUP   M=FMTBcd   ACBP=A9
 0002:000000D4 0000026E C=DATA     S=.data    G=DGROUP   M=DB       ACBP=A9
 0002:00000344 0000001C C=DATA     S=.data    G=DGROUP   M=DBCommon ACBP=A9
 0002:00001000 00000010 C=BSS      S=.bss     G=DGROUP   M=SysInit  ACBP=A9
 0002:00001010 00000004 C=BSS      S=.bss     G=DGROUP   M=DBConsts ACBP=A9
 0002:00001014 00000004 C=BSS      S=.bss     G=DGROUP   M=Windows  ACBP=A9
 0002:00001018 00000004 C=BSS      S=.bss     G=DGROUP   M=Messages ACBP=A9
 0002:0000101C 00000004 C=BSS      S=.bss     G=DGROUP   M=SqlTimSt ACBP=A9
 0002:00001020 00000004 C=BSS      S=.bss     G=DGROUP   M=FMTBcd   ACBP=A9
 0002:00001024 00000020 C=BSS      S=.bss     G=DGROUP   M=DB       ACBP=A9
 0002:00001044 00000004 C=BSS      S=.bss     G=DGROUP   M=DBCommon ACBP=A9


  Address         Publics by Name

 0002:00001010       .1
 0002:00001008       .1
 0002:00001018       .1
 0002:0000101C       .1
 0002:00001020       .3
 0002:00001014       .3
 0002:00001044       .3
 0002:00001040       .36
 0001:00023C74       @GetPackageInfoTable
 0001:00000460       @InitPkg
 0001:00023C7C       @PackageLoad
 0001:000004C4       @PackageLoad
 0001:000004D0       @PackageUnload
 0001:00023C88       @PackageUnload
 0001:00003420       AddChars
 0001:00006670       AddCurrency
 0001:00005E40       AddCurrencySymbol
 0001:00005734       AddDigit
 0001:00020364       AddField
 0001:0000F0D0       AddFieldDefs
 0001:0000F340       AddFields
 0001:00006960       AddLiterals
 0001:00005F20       AddNegCurrencySymbol
 0001:00004B0C       AddNormalizedFractions
 0001:00005718       AddOneChar
 0001:0001FF7C       AddParamSQLForDetail
 0001:000034DC       AddStrings
 0001:0001FE5C       AddWhereClause
 0002:0000005C       AdjustAmt
 0002:00000054       AdjustAmt
 0002:0000004C       AdjustAmt
 0002:00000064       AdjustAmt
 0001:00003F38       AdjustDecimalPosition
 0001:0001CC34       AdjustFirstRecord
 0001:00004E64       AdjustNibbles
 0001:00000360       AllocTlsBuffer
 0001:0000FEF0       AttributeSetStored
 0002:0000031C       BaseFieldTypes
 0001:000055C8       BcdAdd
 0001:00005014       BcdCompare
 0001:000062B0       BcdCurrencyFormat
 0001:00005570       BcdDivide
 0001:00005494       BcdDivide
 0001:00005344       BcdDivide
 0001:00005500       BcdDivide
 0001:00002474       BcdError
 0001:00002404       BcdErrorFmt
 0001:00005C60       BcdFixedOrNumberFormat
 0001:00005BFC       BcdGeneralFormat
 0001:0000527C       BcdMultiply
 0001:000052EC       BcdMultiply
 0001:00005118       BcdMultiply
 0001:00005210       BcdMultiply
 0001:00005A3C       BcdPrecision
 0001:00005A54       BcdScale
 0001:00005C14       BcdScientificFormat
 0001:000050DC       BcdSubtract
 0001:00005B50       BCDToCurr
 0001:00002F68       BcdToDouble
 0001:00002FC0       BcdToInteger
 0001:000058F8       BcdToStr
 0001:0000639C       BcdToStrF
 0001:00003DD4       BlankArgument
 0002:0000034C       BoolFalse
 0001:0000D968       BuffersEqual
 0001:0001C300       BufferToByteArray
 0001:0001C3B4       ByteArrayToBuffer
 0001:00006560       CalcPrecisionAndDigits
 0001:00015F10       CalcTotalSize
 0001:0000FF30       CalculatedStored
 0001:0001DAA8       CancelNestedDataSets
 0001:00003D64       CanUseShort
 0001:0001C820       CheckNestedBrowseMode
 0001:00001F98       CheckSqlTimeStamp
 0001:00004DE4       CompactBcd
 0001:000031C0       CompareDigits
 0001:00004BC4       CompareNormalizedFractions
 0001:00005BE8       CopyByte
 0001:0001B294       CreateFieldDefs
 0001:00005AC4       CurrToBCD
 0002:000000C8       CWNear
 0001:0000D7D4       DatabaseError
 0001:0000D880       DatabaseErrorFmt
 0001:0001C2B8       DateTimeToNative
 0001:00001EA8       DateTimeToSQLTimeStamp
 0001:0001ECA0       DB
 0002:0000103C       DBApplication
 0001:00023BA4       DBCommon
 0001:0000089C       DBConsts
 0001:00023C94       dbrtl
 0002:00001038       DBScreen
 0002:000000D4       DefaultFieldClasses
 0001:0000D954       DisposeMem
 0001:0001B864       DoBindFields
 0002:000000CC       Dot
 0001:00002E6C       DoubleToBcd
 0001:00002DFC       DoubleToBcd
 0001:00021F68       EndOfLiteral
 0001:0000FB40       Error
 0001:0000D700       EUpdateError.Create
 0001:0000D7A4       EUpdateError.Destroy
 0002:0000027C       Events
 0001:0000040C       ExitProcessTLS
 0001:000003E4       ExitThreadTLS
 0001:0000D97C       ExtractFieldName
 0001:00006804       ExtractLiterals
 0001:00006458       ExtractMoneySymbol
 0002:000000C4       FConst10
 0002:0000016C       FieldTypeNames
 0002:00000204       FieldTypeVarMap
 0001:0001EC44       Finalization
 0001:00001034       Finalization
 0001:000008A4       Finalization
 0001:0000086C       Finalization
 0001:00023B74       Finalization
 0001:00006F20       Finalization
 0001:000004DC       Finalization
 0001:000020A4       Finalization
 0001:00006F5C       FMTBcd
 0002:00000090       FMTBcdVariantType
 0001:00006E58       FormatBcd
 0001:00006AA0       FormatOneBcd
 0001:000057B0       FractionToStr
 0001:00000328       FreeLibrary
 0001:0001FC48       GenerateParamSQL
 0001:00020744       GetFieldInfo
 0001:0000D8DC       GetFieldProperty
 0001:00006D94       GetFormat
 0001:000203A8       GetIndexForOrderBy
 0001:000205D4       GetPChar
 0001:0001F494       GetSQLToken
 0001:00020010       GetTableNameFromQuery
 0001:0002008C       GetTableNameFromSQL
 0001:0000036C       GetTlsSize
 0001:00003274       GetValueAndMultiplyOrder
 0002:00001004       HInstance
 0002:00000040       IncrementAmount
 0001:00000430       InitializeModule
 0001:000003B8       InitProcessTLS
 0001:00000374       InitThreadTLS
 0001:00002F18       IntegerToBcd
 0001:0000479C       InvalidBcdString
 0001:00005A60       IsBcdNegative
 0001:00005A68       IsBcdZero
 0001:00021FFC       IsKatakana
 0001:00018A84       IsLiteral
 0001:000201B0       IsMultiTableQuery
 0001:0002086C       IsNumeric
 0001:00001364       IsSQLTimeStampBlank
 0001:00001DB0       IsSqlTimeStampValid
 0001:0002088C       IsTemporal
 0001:00003184       LeftTrim
 0001:000198F0       LoadFromStreamPersist
 0001:00019950       LoadFromStrings
 0001:00000330       LocalAlloc
 0001:00000338       LocalFree
 0002:00001028       LoginDialogExProc
 0002:00001024       LoginDialogProc
 0001:0000FF74       LookupStored
 0001:00001064       Messages
 0002:00000008       Module
 0002:00001000       ModuleIsLib
 0002:00001001       ModuleIsPackage
 0001:00004C78       MoveNibbles
 0001:00018A5C       NameDelimiter
 0001:0001C22C       NativeToDateTime
 0001:00003E78       NextDigit
 0001:000205F8       NextItem
 0001:0001F8EC       NextSQLToken
 0001:0001F3D8       NextTokenIs
 0001:00004CB8       NormalizeBcd
 0001:00004EE0       NormalizeBcdPair
 0001:0000466C       NormalizeFractions
 0001:0001C754       NotifyDetails
 0002:0000006C       NullBcd
 0002:00000030       NullSQLTimeStamp
 0001:00004DC8       NumberOfDigits
 0002:00000350       Operators
 0002:0000035C       Operators
 0002:00000358       Operators
 0001:0000248C       OverflowError
 0001:000065AC       PadInputString
 0002:00001034       PasswordDialog
 0001:00020710       PopValue
 0002:000000B4       Power10
 0002:00000004       PtrToNil
 0001:0000DA0C       RegisterFields
 0002:00000250       RegisterFieldsProc
 0002:0000102C       RemoteLoginDialogProc
 0001:0001A7C0       RenameFields
 0001:00004C6C       ReverseNegative
 0002:00000344       ReverseOperator
 0001:0000304C       RoundAt
 0002:00001030       ScreenCursorProc
 0002:000000D0       Separator
 0001:0001B50C       SetKeyFields
 0001:00004A10       SignificantIntDigits
 0001:00022014       Skip
 0002:00000094       spaceChars
 0001:000205EC       Split
 0001:00001F78       SQLDayOfWeek
 0001:00001EF0       SQLTimeStampToDateTime
 0001:00001D74       SQLTimeStampToStr
 0002:00000048       SQLTimeStampVariantType
 0001:000020E0       SqlTimSt
 0001:0001F8D0       StartToken
 0001:00003A2C       StringMultiplyByByte
 0001:00018AA4       StripChar
 0001:00018B10       StripLiterals
 0001:00002DA0       StrToBcd
 0001:00004750       StrToFraction
 0001:00001E3C       StrToSQLTimeStamp
 0001:0000348C       SubtractChars
 0001:00004A54       SubtractNormalizedFractions
 0001:0000363C       SubtractStrings
 0001:0000050C       SysInit
 0001:00015EB4       TADTField.Create
 0001:00015F04       TADTField.FieldsChanged
 0001:00015F7C       TADTField.GetSize
 0001:00016AEC       TAggregateField.Create
 0001:00016FDC       TAggregateField.GetAsString
 0001:00017038       TAggregateField.GetAsVariant
 0001:00016B44       TAggregateField.GetHandle
 0001:00016E18       TAggregateField.GetText
 0001:00016B4C       TAggregateField.Reset
 0001:00016BC0       TAggregateField.SetActive
 0001:00017080       TAggregateField.SetCurrency
 0001:00017050       TAggregateField.SetDisplayFormat
 0001:00016D50       TAggregateField.SetExpression
 0001:00016C20       TAggregateField.SetGroupingLevel
 0001:00016B3C       TAggregateField.SetHandle
 0001:00016C88       TAggregateField.SetIndexName
 0001:00017098       TAggregateField.SetPrecision
 0001:00015FF8       TArrayField.Bind
 0001:00015FA8       TArrayField.Create
 0001:0001601C       TArrayField.SetSize
 0001:00012AAC       TAutoIncField.Create
 0001:00013E68       TBCDField.CheckTypeSize
 0001:000143E0       TBCDField.CopyData
 0001:00013DBC       TBCDField.Create
 0001:00013EB8       TBCDField.GetAsBCD
 0001:00013F04       TBCDField.GetAsCurrency
 0001:00013F28       TBCDField.GetAsFloat
 0001:00013F4C       TBCDField.GetAsInteger
 0001:00013F68       TBCDField.GetAsString
 0001:00013F9C       TBCDField.GetAsVariant
 0001:00013FCC       TBCDField.GetDataSize
 0001:00013FD4       TBCDField.GetDefaultWidth
 0001:00013FE8       TBCDField.GetText
 0001:0001412C       TBCDField.GetValue
 0001:00014134       TBCDField.SetAsBCD
 0001:0001415C       TBCDField.SetAsCurrency
 0001:000141E0       TBCDField.SetAsFloat
 0001:00014204       TBCDField.SetAsInteger
 0001:0001422C       TBCDField.SetAsString
 0001:000142E8       TBCDField.SetCurrency
 0001:00014300       TBCDField.SetMaxValue
 0001:00014320       TBCDField.SetMinValue
 0001:00014340       TBCDField.SetPrecision
 0001:00014384       TBCDField.SetVarValue
 0001:000143A8       TBCDField.UpdateCheckRange
 0001:000139DC       TBinaryField.CheckTypeSize
 0001:00013988       TBinaryField.CopyData
 0001:000139A4       TBinaryField.Create
 0001:00013A2C       TBinaryField.GetAsString
 0001:00013BDC       TBinaryField.GetAsVariant
 0001:00013C00       TBinaryField.GetText
 0001:00013AE8       TBinaryField.SetAsString
 0001:00013C50       TBinaryField.SetText
 0001:00013BF0       TBinaryField.SetVarValue
 0001:00014CC0       TBlobField.Assign
 0001:00014DA0       TBlobField.AssignTo
 0001:00014E1C       TBlobField.Clear
 0001:00014C78       TBlobField.Create
 0001:00014E38       TBlobField.FreeBuffers
 0001:00014E5C       TBlobField.GetAsString
 0001:00014ECC       TBlobField.GetAsVariant
 0001:00014F1C       TBlobField.GetBlobSize
 0001:0001500C       TBlobField.GetBlobType
 0001:00014F74       TBlobField.GetClassDesc
 0001:00015010       TBlobField.GetIsNull
 0001:00015088       TBlobField.GetModified
 0001:000150A8       TBlobField.GetText
 0001:000150F8       TBlobField.IsBlob
 0001:000150FC       TBlobField.LoadFromBlob
 0001:00015150       TBlobField.LoadFromFile
 0001:000151A4       TBlobField.LoadFromStream
 0001:00015250       TBlobField.LoadFromStreamPersist
 0001:000151FC       TBlobField.LoadFromStrings
 0001:0001534C       TBlobField.SaveToFile
 0001:000153A4       TBlobField.SaveToStream
 0001:00015450       TBlobField.SaveToStreamPersist
 0001:000153FC       TBlobField.SaveToStrings
 0001:00015520       TBlobField.SetAsString
 0001:0001557C       TBlobField.SetBlobType
 0001:00015588       TBlobField.SetFieldType
 0001:00015598       TBlobField.SetModified
 0001:000155B4       TBlobField.SetText
 0001:000155E0       TBlobField.SetVarValue
 0001:00014D58       TBlobField.SupportsStreamPersist
 0001:00012FC8       TBooleanField.Create
 0001:00013010       TBooleanField.GetAsBoolean
 0001:00013034       TBooleanField.GetAsString
 0001:00013070       TBooleanField.GetAsVariant
 0001:000130A8       TBooleanField.GetDataSize
 0001:000130B0       TBooleanField.GetDefaultWidth
 0001:000130EC       TBooleanField.LoadTextValues
 0001:00013114       TBooleanField.SetAsBoolean
 0001:00013134       TBooleanField.SetAsString
 0001:00013290       TBooleanField.SetDisplayValues
 0001:0001331C       TBooleanField.SetVarValue
 0001:00013C7C       TBytesField.Create
 0001:00013CCC       TBytesField.GetDataSize
 0001:00018100       TCheckConstraint.Assign
 0001:00018148       TCheckConstraint.GetDisplayName
 0001:000181A0       TCheckConstraint.SetCustomConstraint
 0001:000181C8       TCheckConstraint.SetErrorMessage
 0001:00018178       TCheckConstraint.SetImportedConstraint
 0001:00018234       TCheckConstraints.Add
 0001:000181F0       TCheckConstraints.Create
 0001:00018244       TCheckConstraints.GetItem
 0001:00018240       TCheckConstraints.GetOwner
 0001:00018258       TCheckConstraints.SetItem
 0001:00012F80       TCurrencyField.Create
 0001:0000DC50       TCustomConnection.Close
 0001:0000DB0C       TCustomConnection.Create
 0001:0000DB70       TCustomConnection.Destroy
 0001:0000DCE0       TCustomConnection.DoConnect
 0001:0000DCE4       TCustomConnection.DoDisconnect
 0001:0000DCE8       TCustomConnection.GetConnected
 0001:0000DE0C       TCustomConnection.GetDataSet
 0001:0000DE20       TCustomConnection.GetDataSetCount
 0001:0000DBB8       TCustomConnection.Loaded
 0001:0000DC48       TCustomConnection.Open
 0001:0000DD80       TCustomConnection.RegisterClient
 0001:0000DCEC       TCustomConnection.SendConnectEvent
 0001:0000DC58       TCustomConnection.SetConnected
 0001:0000DDC0       TCustomConnection.UnRegisterClient
 0001:00017B0C       TDataLink.ActiveChanged
 0001:00017B10       TDataLink.CheckBrowseMode
 0001:00017730       TDataLink.Create
 0001:00017A14       TDataLink.DataEvent
 0001:00017B14       TDataLink.DataSetChanged
 0001:00017B1C       TDataLink.DataSetScrolled
 0001:0001776C       TDataLink.Destroy
 0001:00017978       TDataLink.Edit
 0001:00017B24       TDataLink.EditingChanged
 0001:00017B28       TDataLink.ExecuteAction
 0001:00017B50       TDataLink.FocusControl
 0001:00017994       TDataLink.GetActiveRecord
 0001:00017B8C       TDataLink.GetBOF
 0001:00017BB4       TDataLink.GetBufferCount
 0001:0001781C       TDataLink.GetDataSet
 0001:00017BA0       TDataLink.GetEOF
 0001:000179F0       TDataLink.GetRecordCount
 0001:00017B54       TDataLink.LayoutChanged
 0001:00017BB8       TDataLink.MoveBy
 0001:00017B5C       TDataLink.RecordChanged
 0001:000178B8       TDataLink.SetActive
 0001:000179AC       TDataLink.SetActiveRecord
 0001:000179C0       TDataLink.SetBufferCount
 0001:0001782C       TDataLink.SetDataSource
 0001:000178E0       TDataLink.SetEditing
 0001:000178A8       TDataLink.SetReadOnly
 0001:00017B60       TDataLink.UpdateAction
 0001:00017B88       TDataLink.UpdateData
 0001:000177A8       TDataLink.UpdateRange
 0001:00017934       TDataLink.UpdateRecord
 0001:000178F0       TDataLink.UpdateState
 0001:0001D240       TDataSet.ActivateBuffers
 0001:0001D208       TDataSet.ActiveBuffer
 0001:0001C668       TDataSet.AddDataSource
 0001:0001DD94       TDataSet.AddRecord
 0001:0001CAAC       TDataSet.AllocRecordBuffer
 0001:0001D9C8       TDataSet.Append
 0001:0001DF10       TDataSet.AppendRecord
 0001:0001DCB4       TDataSet.BeginInsertAppend
 0001:0001BAC4       TDataSet.BindFields
 0001:0001D7AC       TDataSet.BlockReadNext
 0001:0001E1A8       TDataSet.BookmarkAvailable
 0001:0001E2D8       TDataSet.BookmarkValid
 0001:0001D388       TDataSet.CalculateFields
 0001:0001DB08       TDataSet.Cancel
 0001:0001AE8C       TDataSet.CheckActive
 0001:0001ADB0       TDataSet.CheckBiDirectional
 0001:0001E3D0       TDataSet.CheckBrowseMode
 0001:0001E438       TDataSet.CheckCanModify
 0001:0001B720       TDataSet.CheckFieldCompatibility
 0001:0001AE08       TDataSet.CheckInactive
 0001:0001DF18       TDataSet.CheckOperation
 0001:0001D870       TDataSet.CheckParentState
 0001:0001E090       TDataSet.CheckRequiredFields
 0001:0001D220       TDataSet.ClearBuffers
 0001:0001D3E8       TDataSet.ClearCalcFields
 0001:0001DFDC       TDataSet.ClearFields
 0001:0001ADA4       TDataSet.Close
 0001:0001C21C       TDataSet.CloseBlob
 0001:0001B0A0       TDataSet.CloseCursor
 0001:0001E2DC       TDataSet.CompareBookmarks
 0001:0001C9C0       TDataSet.ControlsDisabled
 0001:0001A618       TDataSet.Create
 0001:0001C220       TDataSet.CreateBlobStream
 0001:0001B5E8       TDataSet.CreateFields
 0001:0001AB24       TDataSet.CreateNestedDataSet
 0001:0001D278       TDataSet.CursorPosChanged
 0001:0001C444       TDataSet.DataConvert
 0001:0001C874       TDataSet.DataEvent
 0001:0001B21C       TDataSet.DefChanged
 0001:0001DBBC       TDataSet.Delete
 0001:0001A710       TDataSet.Destroy
 0001:0001B704       TDataSet.DestroyFields
 0001:0001C9C8       TDataSet.DisableControls
 0001:0001E52C       TDataSet.DoAfterCancel
 0001:0001E54C       TDataSet.DoAfterClose
 0001:0001E56C       TDataSet.DoAfterDelete
 0001:0001E58C       TDataSet.DoAfterEdit
 0001:0001E5AC       TDataSet.DoAfterInsert
 0001:0001E5CC       TDataSet.DoAfterOpen
 0001:0001E600       TDataSet.DoAfterPost
 0001:0001E620       TDataSet.DoAfterRefresh
 0001:0001E640       TDataSet.DoAfterScroll
 0001:0001E660       TDataSet.DoBeforeCancel
 0001:0001E680       TDataSet.DoBeforeClose
 0001:0001E6A0       TDataSet.DoBeforeDelete
 0001:0001E6C0       TDataSet.DoBeforeEdit
 0001:0001E6E0       TDataSet.DoBeforeInsert
 0001:0001E700       TDataSet.DoBeforeOpen
 0001:0001E720       TDataSet.DoBeforePost
 0001:0001E740       TDataSet.DoBeforeRefresh
 0001:0001E760       TDataSet.DoBeforeScroll
 0001:0001AFC4       TDataSet.DoInternalOpen
 0001:0001E780       TDataSet.DoOnCalcFields
 0001:0001E7A0       TDataSet.DoOnNewRecord
 0001:0001D884       TDataSet.Edit
 0001:0001C9E8       TDataSet.EnableControls
 0001:0001DCE4       TDataSet.EndInsertAppend
 0001:0001C048       TDataSet.FieldByName
 0001:0001C0C4       TDataSet.FieldByNumber
 0001:0001C0D0       TDataSet.FindField
 0001:0001E2E4       TDataSet.FindFirst
 0001:0001E2F4       TDataSet.FindLast
 0001:0001E304       TDataSet.FindNext
 0001:0001E314       TDataSet.FindPrior
 0001:0001E2E0       TDataSet.FindRecord
 0001:0001D478       TDataSet.First
 0001:0001E228       TDataSet.FreeBookmark
 0001:0001BAFC       TDataSet.FreeFieldBuffers
 0001:0001CAB0       TDataSet.FreeRecordBuffer
 0001:0001AEE4       TDataSet.GetActive
 0001:0001E3C8       TDataSet.GetAggRecordCount
 0001:0001E3BC       TDataSet.GetAggregateValue
 0001:0001BB38       TDataSet.GetBlobFieldData
 0001:0001E1F0       TDataSet.GetBookmark
 0001:0001E2C0       TDataSet.GetBookmarkData
 0001:0001E2C8       TDataSet.GetBookmarkFlag
 0001:0001E230       TDataSet.GetBookmarkStr
 0001:0001CE74       TDataSet.GetBuffer
 0001:0001D314       TDataSet.GetCalcFields
 0001:0001E434       TDataSet.GetCanModify
 0001:0001A9C8       TDataSet.GetChildren
 0001:0001D280       TDataSet.GetCurrentRecord
 0001:0001C628       TDataSet.GetDataSource
 0001:0001B164       TDataSet.GetDetailDataSets
 0001:0001B218       TDataSet.GetDetailLinkFields
 0001:0001B44C       TDataSet.GetFieldClass
 0001:0001BB2C       TDataSet.GetFieldCount
 0001:0001BBF0       TDataSet.GetFieldData
 0001:0001BBF4       TDataSet.GetFieldData
 0001:0001BC18       TDataSet.GetFieldData
 0001:0001B458       TDataSet.GetFieldFullName
 0001:0001E494       TDataSet.GetFieldList
 0001:0001C108       TDataSet.GetFieldNames
 0001:0001BE38       TDataSet.GetFieldValue
 0001:0001AD08       TDataSet.GetFound
 0001:0001E8F8       TDataSet.GetIndexDefs
 0001:0001C620       TDataSet.GetIsIndexField
 0001:0001ACE0       TDataSet.GetNestedDataSets
 0001:0001CE94       TDataSet.GetNextRecord
 0001:0001D284       TDataSet.GetNextRecords
 0001:0001CF64       TDataSet.GetPriorRecord
 0001:0001D2A8       TDataSet.GetPriorRecords
 0001:0001E518       TDataSet.GetRecNo
 0001:0001E514       TDataSet.GetRecordCount
 0001:0001E520       TDataSet.GetRecordSize
 0001:0001C13C       TDataSet.GetStateFieldValue
 0001:0001E278       TDataSet.GotoBookmark
 0001:0001B220       TDataSet.InitFieldDefs
 0001:0001B3C4       TDataSet.InitFieldDefsFromFields
 0001:0001D2D8       TDataSet.InitRecord
 0001:0001D918       TDataSet.Insert
 0001:0001DF08       TDataSet.InsertRecord
 0001:0001E188       TDataSet.InternalAddRecord
 0001:0001E198       TDataSet.InternalCancel
 0001:0001E18C       TDataSet.InternalDelete
 0001:0001E19C       TDataSet.InternalEdit
 0001:0001D548       TDataSet.InternalFirst
 0001:0001E2D0       TDataSet.InternalGotoBookmark
 0001:0001E184       TDataSet.InternalInitRecord
 0001:0001E1A0       TDataSet.InternalInsert
 0001:0001D54C       TDataSet.InternalLast
 0001:0001E190       TDataSet.InternalPost
 0001:0001E1A4       TDataSet.InternalRefresh
 0001:0001E2D4       TDataSet.InternalSetToRecord
 0001:0001D308       TDataSet.IsEmpty
 0001:0001C62C       TDataSet.IsLinkedTo
 0001:0001E524       TDataSet.IsSequenced
 0001:0001D550       TDataSet.Last
 0001:0001AA80       TDataSet.Loaded
 0001:0001E39C       TDataSet.Locate
 0001:0001E3A8       TDataSet.Lookup
 0001:0001D1A4       TDataSet.MoveBuffer
 0001:0001D5EC       TDataSet.MoveBy
 0001:0001D790       TDataSet.Next
 0001:0001AD98       TDataSet.Open
 0001:0001B078       TDataSet.OpenCursor
 0001:0001AFFC       TDataSet.OpenCursorComplete
 0001:0001B0F0       TDataSet.OpenParentDataSet
 0001:0001DA28       TDataSet.Post
 0001:0001D7B8       TDataSet.Prior
 0001:0001E7C0       TDataSet.PSEndTransaction
 0001:0001E7C4       TDataSet.PSExecute
 0001:0001E814       TDataSet.PSExecuteStatement
 0001:0001E86C       TDataSet.PSGetAttributes
 0001:0001E870       TDataSet.PSGetDefaultOrder
 0001:0001EA7C       TDataSet.PSGetIndexDefs
 0001:0001E874       TDataSet.PSGetKeyFields
 0001:0001E8DC       TDataSet.PSGetParams
 0001:0001E8E0       TDataSet.PSGetQuoteChar
 0001:0001E8EC       TDataSet.PSGetTableName
 0001:0001EA80       TDataSet.PSGetUpdateException
 0001:0001EAA4       TDataSet.PSInTransaction
 0001:0001EAA8       TDataSet.PSIsSQLBased
 0001:0001EAAC       TDataSet.PSIsSQLSupported
 0001:0001EAB0       TDataSet.PSReset
 0001:0001EAB4       TDataSet.PSSetCommandText
 0001:0001EAB8       TDataSet.PSSetParams
 0001:0001EABC       TDataSet.PSStartTransaction
 0001:0001EAC0       TDataSet.PSUpdateRecord
 0001:0001D7C4       TDataSet.Refresh
 0001:0001D3EC       TDataSet.RefreshInternalCalcFields
 0001:0001C68C       TDataSet.RemoveDataSource
 0001:0001E3CC       TDataSet.ResetAggField
 0001:0001AD84       TDataSet.RestoreState
 0001:0001CFE4       TDataSet.Resync
 0001:0001AEFC       TDataSet.SetActive
 0001:0001D838       TDataSet.SetBlockReadSize
 0001:0001E2C4       TDataSet.SetBookmarkData
 0001:0001E2CC       TDataSet.SetBookmarkFlag
 0001:0001E270       TDataSet.SetBookmarkStr
 0001:0001CC5C       TDataSet.SetBufferCount
 0001:0001CAB4       TDataSet.SetBufListSize
 0001:0001AA4C       TDataSet.SetChildOrder
 0001:0001AD50       TDataSet.SetConstraints
 0001:0001CDEC       TDataSet.SetCurrentRecord
 0001:0001AB98       TDataSet.SetDataSetField
 0001:0001C224       TDataSet.SetDefaultFields
 0001:0001BE34       TDataSet.SetFieldData
 0001:0001BD38       TDataSet.SetFieldData
 0001:0001B43C       TDataSet.SetFieldDefs
 0001:0001DFA8       TDataSet.SetFields
 0001:0001BF50       TDataSet.SetFieldValue
 0001:0001E324       TDataSet.SetFiltered
 0001:0001E340       TDataSet.SetFilterOptions
 0001:0001E35C       TDataSet.SetFilterText
 0001:0001AD10       TDataSet.SetFound
 0001:0001AB1C       TDataSet.SetModified
 0001:0001A93C       TDataSet.SetName
 0001:0001AD18       TDataSet.SetObjectView
 0001:0001E378       TDataSet.SetOnFilterRecord
 0001:0001E51C       TDataSet.SetRecNo
 0001:0001AD34       TDataSet.SetSparseArrays
 0001:0001AAF0       TDataSet.SetState
 0001:0001C1B4       TDataSet.SetStateFieldValue
 0001:0001AD68       TDataSet.SetTempState
 0001:0001AD60       TDataSet.SetUniDirectional
 0001:0001D214       TDataSet.TempBuffer
 0001:0001E15C       TDataSet.Translate
 0001:0001CD68       TDataSet.UpdateBufferCount
 0001:0001D260       TDataSet.UpdateCursorPos
 0001:0001C624       TDataSet.UpdateIndexDefs
 0001:0001CA40       TDataSet.UpdateRecord
 0001:0001E528       TDataSet.UpdateStatus
 0001:0000DE70       TDataSetDesigner.BeginDesign
 0001:0000DE28       TDataSetDesigner.Create
 0001:0000DEA8       TDataSetDesigner.DataEvent
 0001:0000DE54       TDataSetDesigner.Destroy
 0001:0000DEAC       TDataSetDesigner.EndDesign
 0001:00016158       TDataSetField.AssignNestedDataSet
 0001:000160D4       TDataSetField.Bind
 0001:00016030       TDataSetField.Create
 0001:00016070       TDataSetField.Destroy
 0001:000161CC       TDataSetField.GetCanModify
 0001:0001610C       TDataSetField.GetFields
 0001:00016128       TDataSetField.GetNestedDataSet
 0001:000160AC       TDataSetField.SetIncludeObjectField
 0001:00017FC0       TDataSource.AddDataLink
 0001:00017DB8       TDataSource.Create
 0001:00018090       TDataSource.DataEvent
 0001:00017E0C       TDataSource.Destroy
 0001:00017E68       TDataSource.Edit
 0001:00017EEC       TDataSource.IsLinkedTo
 0001:00018068       TDataSource.NotifyDataLinks
 0001:00018018       TDataSource.NotifyLinkTypes
 0001:00017FEC       TDataSource.RemoveDataLink
 0001:00017F38       TDataSource.SetDataSet
 0001:00017FB4       TDataSource.SetEnabled
 0001:00017E80       TDataSource.SetState
 0001:00017EC8       TDataSource.UpdateState
 0001:00013900       TDateField.Create
 0001:00013940       TDateField.GetDataSize
 0001:00013378       TDateTimeField.CopyData
 0001:00013338       TDateTimeField.Create
 0001:00013384       TDateTimeField.GetAsDateTime
 0001:000133A8       TDateTimeField.GetAsFloat
 0001:000133BC       TDateTimeField.GetAsString
 0001:000133CC       TDateTimeField.GetAsVariant
 0001:00013400       TDateTimeField.GetDataSize
 0001:00013408       TDateTimeField.GetDefaultWidth
 0001:0001341C       TDateTimeField.GetText
 0001:000134D8       TDateTimeField.GetValue
 0001:000134E0       TDateTimeField.SetAsDateTime
 0001:000134F4       TDateTimeField.SetAsFloat
 0001:0001350C       TDateTimeField.SetAsString
 0001:00013570       TDateTimeField.SetDisplayFormat
 0001:000135A0       TDateTimeField.SetVarValue
 0001:0001EC10       TDefaultDBScreenApplication.GetCursor
 0001:0001EC14       TDefaultDBScreenApplication.GetTitle
 0001:0001EC28       TDefaultDBScreenApplication.ProcessMessages
 0001:0001EC2C       TDefaultDBScreenApplication.SetCursor
 0001:0001EC30       TDefaultDBScreenApplication.SetTitle
 0001:0000E034       TDefCollection.Create
 0001:0000E184       TDefCollection.DoUpdate
 0001:0000E244       TDefCollection.Find
 0001:0000E268       TDefCollection.GetItemNames
 0001:0000E204       TDefCollection.IndexOf
 0001:0000E088       TDefCollection.SetItemName
 0001:0000E168       TDefCollection.Update
 0001:0000E1A0       TDefCollection.UpdateDefs
 0001:00017BD0       TDetailDataLink.GetDetailDataSet
 0001:00021BCC       TExprParser.Create
 0001:00021C98       TExprParser.Destroy
 0001:000232D0       TExprParser.GetFuncResultInfo
 0001:00023214       TExprParser.GetScopeKind
 0001:00022070       TExprParser.NextToken
 0001:00021F50       TExprParser.NextTokenIsLParen
 0001:00022698       TExprParser.ParseExpr
 0001:00022740       TExprParser.ParseExpr2
 0001:000227E8       TExprParser.ParseExpr3
 0001:00022890       TExprParser.ParseExpr4
 0001:00022C44       TExprParser.ParseExpr5
 0001:00022D1C       TExprParser.ParseExpr6
 0001:00022DF4       TExprParser.ParseExpr7
 0001:00021CBC       TExprParser.SetExprParams
 0001:000236A0       TExprParser.TokenName
 0001:000236F4       TExprParser.TokenSymbolIs
 0001:00023718       TExprParser.TokenSymbolIsFunc
 0001:000239CC       TExprParser.TypeCheckArithOp
 0001:0000FA40       TField.AccessError
 0001:0000FABC       TField.Assign
 0001:0000FBB8       TField.AssignValue
 0001:0000FD8C       TField.Bind
 0001:0000FDAC       TField.CalcLookupValue
 0001:0000FE78       TField.Change
 0001:0000FE98       TField.CheckInactive
 0001:00011308       TField.CheckTypeSize
 0001:0000FEAC       TField.Clear
 0001:0000FEB8       TField.CopyData
 0001:0000F978       TField.Create
 0001:0000FED8       TField.DataChanged
 0001:0000FFB8       TField.DefineProperties
 0001:0000F9F8       TField.Destroy
 0001:00010080       TField.FocusControl
 0001:000100B0       TField.FreeBuffers
 0001:00010108       TField.GetAsBCD
 0001:000100B4       TField.GetAsBoolean
 0001:000100E0       TField.GetAsByteArray
 0001:00010130       TField.GetAsCurrency
 0001:00010154       TField.GetAsDateTime
 0001:0001018C       TField.GetAsFloat
 0001:000101C0       TField.GetAsInteger
 0001:000101EC       TField.GetAsSqlTimeStamp
 0001:00010220       TField.GetAsString
 0001:00010234       TField.GetAsVariant
 0001:00010260       TField.GetCalculated
 0001:00010268       TField.GetCanModify
 0001:000102AC       TField.GetClassDesc
 0001:0001078C       TField.GetCurValue
 0001:00010410       TField.GetData
 0001:000104D0       TField.GetDataSize
 0001:000104D4       TField.GetDefaultWidth
 0001:000104DC       TField.GetDisplayLabel
 0001:000104F0       TField.GetDisplayName
 0001:00010518       TField.GetDisplayText
 0001:00010558       TField.GetDisplayWidth
 0001:00010568       TField.GetEditText
 0001:000105A8       TField.GetFieldNo
 0001:00010608       TField.GetFullName
 0001:0001063C       TField.GetHasConstraints
 0001:00010664       TField.GetIndex
 0001:000106A0       TField.GetIsIndexField
 0001:000106C4       TField.GetIsNull
 0001:000106D8       TField.GetLookup
 0001:000106E0       TField.GetLookupList
 0001:00010754       TField.GetNewValue
 0001:00010770       TField.GetOldValue
 0001:000107A8       TField.GetParentComponent
 0001:00011388       TField.GetSize
 0001:00010700       TField.GetText
 0001:00010750       TField.HasParent
 0001:000106C0       TField.IsBlob
 0001:00010824       TField.IsDisplayLabelStored
 0001:00010830       TField.IsDisplayWidthStored
 0001:00010810       TField.IsValidChar
 0001:00010838       TField.Notification
 0001:00010860       TField.PropertyChanged
 0001:00010898       TField.ReadAttributeSet
 0001:000108E8       TField.ReadCalculated
 0001:00010900       TField.ReadLookup
 0001:00010918       TField.ReadState
 0001:0001096C       TField.RefreshLookupList
 0001:00010DB4       TField.SetAlignment
 0001:00010AA0       TField.SetAsBCD
 0001:00010AC8       TField.SetAsBoolean
 0001:00010CEC       TField.SetAsByteArray
 0001:00010AF4       TField.SetAsCurrency
 0001:00010B20       TField.SetAsDateTime
 0001:00010B58       TField.SetAsFloat
 0001:00010B8C       TField.SetAsInteger
 0001:00010BB8       TField.SetAsSQLTimeStamp
 0001:00010BEC       TField.SetAsString
 0001:00010C18       TField.SetAsVariant
 0001:00011540       TField.SetAutoGenerateValue
 0001:00010DC4       TField.SetCalculated
 0001:00010DF0       TField.SetData
 0001:00010EC0       TField.SetDataSet
 0001:00011034       TField.SetDataType
 0001:00011038       TField.SetDisplayLabel
 0001:000110B0       TField.SetDisplayWidth
 0001:000110C0       TField.SetEditMask
 0001:000110DC       TField.SetEditText
 0001:00011110       TField.SetFieldKind
 0001:00011188       TField.SetFieldName
 0001:000111E4       TField.SetFieldType
 0001:000111E8       TField.SetIndex
 0001:000112C4       TField.SetKeyFields
 0001:000111F8       TField.SetLookup
 0001:000112F4       TField.SetLookupCache
 0001:00011224       TField.SetLookupDataSet
 0001:0001128C       TField.SetLookupKeyFields
 0001:000112A8       TField.SetLookupResultField
 0001:000112E0       TField.SetNewValue
 0001:000107BC       TField.SetParentComponent
 0001:00010F88       TField.SetParentField
 0001:0001139C       TField.SetReadOnly
 0001:0001136C       TField.SetSize
 0001:0001138C       TField.SetText
 0001:000113AC       TField.SetVarValue
 0001:000113D8       TField.SetVisible
 0001:000113E8       TField.Validate
 0001:00011454       TField.ValidateLookupInfo
 0001:0001151C       TField.WriteAttributeSet
 0001:00011528       TField.WriteCalculated
 0001:00011534       TField.WriteLookup
 0001:0000E584       TFieldDef.AddChild
 0001:0000E5A0       TFieldDef.Assign
 0001:0000E2EC       TFieldDef.Create
 0001:0000E8A8       TFieldDef.CreateField
 0001:0000E6C0       TFieldDef.CreateFieldComponent
 0001:0000E3BC       TFieldDef.DefineProperties
 0001:0000E370       TFieldDef.Destroy
 0001:0000E52C       TFieldDef.GetChildDefs
 0001:0000E3FC       TFieldDef.GetFieldClass
 0001:0000E42C       TFieldDef.GetFieldNo
 0001:0000E598       TFieldDef.GetParentDef
 0001:0000E480       TFieldDef.GetRequired
 0001:0000E4BC       TFieldDef.GetSize
 0001:0000E564       TFieldDef.HasChildDefs
 0001:0000E3A0       TFieldDef.ReadRequired
 0001:0000E440       TFieldDef.SetAttributes
 0001:0000E54C       TFieldDef.SetChildDefs
 0001:0000E454       TFieldDef.SetDataType
 0001:0000E474       TFieldDef.SetPrecision
 0001:0000E488       TFieldDef.SetRequired
 0001:0000E4E0       TFieldDef.SetSize
 0001:0000F0BC       TFieldDefList.FieldByName
 0001:0000F0A8       TFieldDefList.Find
 0001:0000F080       TFieldDefList.GetFieldDef
 0001:0000F2D8       TFieldDefList.GetUpdated
 0001:0000F29C       TFieldDefList.UpdateList
 0001:0000EB68       TFieldDefs.Add
 0001:0000EB5C       TFieldDefs.AddFieldDef
 0001:0000ED24       TFieldDefs.ChildDefUpdate
 0001:0000E9DC       TFieldDefs.Create
 0001:0000ED3C       TFieldDefs.FieldDefUpdate
 0001:0000EC68       TFieldDefs.Find
 0001:0000ECE4       TFieldDefs.GetFieldDef
 0001:0000ECF8       TFieldDefs.SetFieldDef
 0001:0000ED00       TFieldDefs.SetHiddenFields
 0001:0000EA64       TFieldDefs.SetItemName
 0001:0000ED08       TFieldDefs.Update
 0001:0000F304       TFieldList.FieldByName
 0001:0000F2F0       TFieldList.Find
 0001:0000F318       TFieldList.GetField
 0001:0000F3E0       TFieldList.UpdateList
 0001:0000F51C       TFields.Add
 0001:0000F488       TFields.Changed
 0001:0000F4BC       TFields.CheckFieldKind
 0001:0000F69C       TFields.CheckFieldName
 0001:0000F738       TFields.CheckFieldNames
 0001:0000F568       TFields.Clear
 0001:0000F3FC       TFields.Create
 0001:0000F44C       TFields.Destroy
 0001:0000F860       TFields.FieldByName
 0001:0000F8DC       TFields.FieldByNumber
 0001:0000F81C       TFields.FindField
 0001:0000F674       TFields.GetCount
 0001:0000F61C       TFields.GetField
 0001:0000F7A8       TFields.GetFieldNames
 0001:0000F690       TFields.IndexOf
 0001:0000F548       TFields.Remove
 0001:0000F654       TFields.SetField
 0001:0000F91C       TFields.SetFieldIndex
 0001:0000F5A0       TFieldsGetFieldError
 0001:0002089C       TFilterExpr.Create
 0001:0002091C       TFilterExpr.Destroy
 0001:00020980       TFilterExpr.FieldFromNode
 0001:00020A18       TFilterExpr.GetExprData
 0001:00021A78       TFilterExpr.GetFieldByName
 0001:00020A60       TFilterExpr.GetFilterData
 0001:00020AE8       TFilterExpr.NewCompareNode
 0001:00020BA8       TFilterExpr.NewNode
 0001:00021138       TFilterExpr.PutConstant
 0001:00020C9C       TFilterExpr.PutConstBCD
 0001:00020D3C       TFilterExpr.PutConstBool
 0001:00020D64       TFilterExpr.PutConstDate
 0001:00020DBC       TFilterExpr.PutConstDateTime
 0001:00020E60       TFilterExpr.PutConstFloat
 0001:00020CFC       TFilterExpr.PutConstFMTBCD
 0001:00020EA4       TFilterExpr.PutConstInt
 0001:00020F94       TFilterExpr.PutConstNode
 0001:00020E20       TFilterExpr.PutConstSQLTimeStamp
 0001:00021004       TFilterExpr.PutConstStr
 0001:000210B4       TFilterExpr.PutConstTime
 0001:0002110C       TFilterExpr.PutData
 0001:000212CC       TFilterExpr.PutExprNode
 0001:00021928       TFilterExpr.PutFieldNode
 0001:00021A1C       TFilterExpr.PutNode
 0001:00021A60       TFilterExpr.SetNodeOp
 0001:0000EE9C       TFlatList.Create
 0001:0000EEE4       TFlatList.FindItem
 0001:0000EF8C       TFlatList.GetCount
 0001:0000EFB0       TFlatList.GetUpdated
 0001:0000EFB4       TFlatList.ListChanging
 0001:0000F00C       TFlatList.Update
 0001:00012AEC       TFloatField.Create
 0001:00012B94       TFloatField.GetAsFloat
 0001:00012BBC       TFloatField.GetAsInteger
 0001:00012BD0       TFloatField.GetAsString
 0001:00012C08       TFloatField.GetAsVariant
 0001:00012C38       TFloatField.GetDataSize
 0001:00012C40       TFloatField.GetText
 0001:00012D58       TFloatField.SetAsFloat
 0001:00012DC0       TFloatField.SetAsInteger
 0001:00012DE0       TFloatField.SetAsString
 0001:00012EA0       TFloatField.SetCurrency
 0001:00012EB8       TFloatField.SetMaxValue
 0001:00012ED8       TFloatField.SetMinValue
 0001:00012EF8       TFloatField.SetPrecision
 0001:00012F24       TFloatField.SetVarValue
 0001:00012F48       TFloatField.UpdateCheckRange
 0001:00002564       TFMTBcdData.Compare
 0001:000027CC       TFMTBcdData.Create
 0001:00002894       TFMTBcdData.Create
 0001:00002944       TFMTBcdData.Create
 0001:00002784       TFMTBcdData.Create
 0001:000024CC       TFMTBcdData.DoAdd
 0001:000024A4       TFMTBcdData.DoAdd
 0001:00002538       TFMTBcdData.DoDivide
 0001:0000250C       TFMTBcdData.DoMultiply
 0001:000024D8       TFMTBcdData.DoSubtract
 0001:00002500       TFMTBcdData.DoSubtract
 0001:00002644       TFMTBcdData.GetAsCurrency
 0001:00002590       TFMTBcdData.GetAsDouble
 0001:000025E8       TFMTBcdData.GetAsInteger
 0001:00002638       TFMTBcdData.GetAsSmallInt
 0001:0000257C       TFMTBcdData.GetAsString
 0001:00002764       TFMTBcdData.SetAsCurrency
 0001:00002680       TFMTBcdData.SetAsDouble
 0001:000026F0       TFMTBcdData.SetAsInteger
 0001:00002758       TFMTBcdData.SetAsSmallInt
 0001:00002658       TFMTBcdData.SetAsString
 0001:00014764       TFMTBCDField.BcdRangeError
 0001:000144B0       TFMTBCDField.CheckTypeSize
 0001:00014C60       TFMTBCDField.CopyData
 0001:000143EC       TFMTBCDField.Create
 0001:00014500       TFMTBCDField.GetAsBCD
 0001:0001452C       TFMTBCDField.GetAsCurrency
 0001:00014550       TFMTBCDField.GetAsFloat
 0001:00014588       TFMTBCDField.GetAsInteger
 0001:0001459C       TFMTBCDField.GetAsString
 0001:000145CC       TFMTBCDField.GetAsVariant
 0001:000145FC       TFMTBCDField.GetDataSize
 0001:00014604       TFMTBCDField.GetDefaultWidth
 0001:00014618       TFMTBCDField.GetText
 0001:0001475C       TFMTBCDField.GetValue
 0001:00014830       TFMTBCDField.SetAsBCD
 0001:00014938       TFMTBCDField.SetAsCurrency
 0001:00014A8C       TFMTBCDField.SetAsFloat
 0001:00014AB0       TFMTBCDField.SetAsInteger
 0001:00014AD8       TFMTBCDField.SetAsString
 0001:00014B0C       TFMTBCDField.SetCurrency
 0001:00014B24       TFMTBCDField.SetMaxValue
 0001:00014B7C       TFMTBCDField.SetMinValue
 0001:00014BD4       TFMTBCDField.SetPrecision
 0001:00014C18       TFMTBCDField.SetVarValue
 0001:00014C3C       TFMTBCDField.UpdateCheckRange
 0001:00002C40       TFMTBcdVariantType.BinaryOp
 0001:00002990       TFMTBcdVariantType.Cast
 0001:00002AC8       TFMTBcdVariantType.CastTo
 0001:00002980       TFMTBcdVariantType.Clear
 0001:00002C98       TFMTBcdVariantType.Compare
 0001:00002BF4       TFMTBcdVariantType.Copy
 0001:00002C94       TFMTBcdVariantType.GetInstance
 0001:0001567C       TGraphicField.Create
 0001:000169D8       TGuidField.CheckTypeSize
 0001:00016984       TGuidField.Create
 0001:00016A28       TGuidField.GetAsGuid
 0001:00016A90       TGuidField.GetDefaultWidth
 0001:00016A98       TGuidField.SetAsGuid
 0001:00016914       TIDispatchField.Create
 0001:00016954       TIDispatchField.GetValue
 0001:00016974       TIDispatchField.SetValue
 0001:0001711C       TIndexDef.Assign
 0001:000170C4       TIndexDef.Create
 0001:00017378       TIndexDef.GetDisplayName
 0001:00017264       TIndexDef.GetExpression
 0001:000172C0       TIndexDef.GetFields
 0001:00017348       TIndexDef.SetCaseInsFields
 0001:00017318       TIndexDef.SetDescFields
 0001:00017288       TIndexDef.SetExpression
 0001:000172E4       TIndexDef.SetFields
 0001:00017218       TIndexDef.SetOptions
 0001:0001723C       TIndexDef.SetSource
 0001:0001740C       TIndexDefs.Add
 0001:00017400       TIndexDefs.AddIndexDef
 0001:000173B8       TIndexDefs.Create
 0001:00017680       TIndexDefs.Find
 0001:000174B0       TIndexDefs.FindIndexForFields
 0001:000176FC       TIndexDefs.GetIndexDef
 0001:00017530       TIndexDefs.GetIndexForFields
 0001:00017710       TIndexDefs.SetIndexDef
 0001:00017718       TIndexDefs.Update
 0001:000121F4       TIntegerField.CheckRange
 0001:0001216C       TIntegerField.Create
 0001:00012240       TIntegerField.GetAsFloat
 0001:00012264       TIntegerField.GetAsInteger
 0001:00012280       TIntegerField.GetAsString
 0001:000122C4       TIntegerField.GetAsVariant
 0001:000122F4       TIntegerField.GetDataSize
 0001:000122FC       TIntegerField.GetText
 0001:000123E0       TIntegerField.GetValue
 0001:00012424       TIntegerField.SetAsFloat
 0001:00012444       TIntegerField.SetAsInteger
 0001:0001249C       TIntegerField.SetAsString
 0001:00012554       TIntegerField.SetMaxValue
 0001:0001257C       TIntegerField.SetMinValue
 0001:000125A4       TIntegerField.SetVarValue
 0001:00016818       TInterfaceField.CheckTypeSize
 0001:000167D8       TInterfaceField.Create
 0001:0001681C       TInterfaceField.GetAsVariant
 0001:00016894       TInterfaceField.GetValue
 0001:000168B4       TInterfaceField.SetValue
 0001:000168C4       TInterfaceField.SetVarValue
 0001:00012690       TLargeintField.CheckRange
 0001:0001261C       TLargeintField.Create
 0001:000126E8       TLargeintField.GetAsFloat
 0001:00012710       TLargeintField.GetAsInteger
 0001:00012730       TLargeintField.GetAsLargeint
 0001:00012760       TLargeintField.GetAsString
 0001:000127A8       TLargeintField.GetAsVariant
 0001:000127DC       TLargeintField.GetDataSize
 0001:000127E4       TLargeintField.GetDefaultWidth
 0001:000127EC       TLargeintField.GetText
 0001:000128D4       TLargeintField.GetValue
 0001:000128DC       TLargeintField.SetAsFloat
 0001:000128F8       TLargeintField.SetAsInteger
 0001:0001290C       TLargeintField.SetAsLargeint
 0001:0001296C       TLargeintField.SetAsString
 0001:00012A28       TLargeintField.SetVarValue
 0001:00006788       TLiteralInfo.Create
 0001:0000EDC0       TLookupList.Add
 0001:0000EE00       TLookupList.Clear
 0001:0000ED54       TLookupList.Create
 0001:0000ED90       TLookupList.Destroy
 0001:0000EE38       TLookupList.ValueOfKey
 0001:00000340       TlsAlloc
 0002:0000100C       tlsBuffer
 0001:00000348       TlsFree
 0001:00000350       TlsGetValue
 0002:00000000       TlsIndex
 0002:FFBDB000       TlsLast
 0002:00000020       TlsProc
 0001:00000358       TlsSetValue
 0001:00017C50       TMasterDataLink.ActiveChanged
 0001:00017D20       TMasterDataLink.CheckBrowseMode
 0001:00017BD4       TMasterDataLink.Create
 0001:00017C20       TMasterDataLink.Destroy
 0001:00017D3C       TMasterDataLink.GetDetailDataSet
 0001:00017D40       TMasterDataLink.LayoutChanged
 0001:00017D48       TMasterDataLink.RecordChanged
 0001:00017D90       TMasterDataLink.SetFieldNames
 0001:00015634       TMemoField.Create
 0001:0000DF44       TNamedItem.GetDisplayName
 0001:0000DF58       TNamedItem.SetDisplayName
 0001:00012030       TNumericField.Create
 0001:00012070       TNumericField.RangeError
 0001:0001210C       TNumericField.SetDisplayFormat
 0001:0001213C       TNumericField.SetEditFormat
 0001:00015AAC       TObjectField.CheckTypeSize
 0001:000156BC       TObjectField.Create
 0001:00015A10       TObjectField.DataSetChanged
 0001:000157B0       TObjectField.DefineProperties
 0001:0001571C       TObjectField.Destroy
 0001:00015AB0       TObjectField.FreeBuffers
 0001:00015C68       TObjectField.GetAsString
 0001:00015D40       TObjectField.GetAsVariant
 0001:00015808       TObjectField.GetChildren
 0001:00015894       TObjectField.GetDefaultWidth
 0001:00015AE4       TObjectField.GetFieldCount
 0001:00015AF8       TObjectField.GetFields
 0001:00015CF8       TObjectField.GetFieldValue
 0001:000158EC       TObjectField.GetHasConstraints
 0001:0001574C       TObjectField.ReadUnNamed
 0001:0001585C       TObjectField.SetChildOrder
 0001:00015A6C       TObjectField.SetDataSet
 0001:0001593C       TObjectField.SetFieldKind
 0001:00015D1C       TObjectField.SetFieldValue
 0001:00015A8C       TObjectField.SetParentField
 0001:00015EAC       TObjectField.SetUnNamed
 0001:00015E08       TObjectField.SetVarValue
 0001:00015768       TObjectField.WriteUnNamed
 0001:000199A0       TParam.Assign
 0001:00019BC0       TParam.AssignField
 0001:00019B20       TParam.AssignFieldValue
 0001:00019AAC       TParam.AssignParam
 0001:00019A78       TParam.AssignTo
 0001:00019C28       TParam.Clear
 0001:00018D50       TParam.Create
 0001:00018E04       TParam.Create
 0001:00019E94       TParam.GetAsBCD
 0001:00019D10       TParam.GetAsBoolean
 0001:00019E0C       TParam.GetAsCurrency
 0001:0001A2CC       TParam.GetAsDateTime
 0001:00019D84       TParam.GetAsFloat
 0001:00019F1C       TParam.GetAsFMTBCD
 0001:0001A034       TParam.GetAsInteger
 0001:0001A4AC       TParam.GetAsMemo
 0001:00019FA8       TParam.GetAsSQLTimeStamp
 0001:0001A168       TParam.GetAsString
 0001:0001A438       TParam.GetAsVariant
 0001:00019208       TParam.GetData
 0001:00019C7C       TParam.GetDataSet
 0001:00019044       TParam.GetDataSize
 0001:00018F68       TParam.GetDataType
 0001:00019C90       TParam.GetDisplayName
 0001:00018F18       TParam.GetIsNull
 0001:00018F44       TParam.GetParamType
 0001:00018E50       TParam.IsEqual
 0001:00018EE4       TParam.IsParamStored
 0001:0001A52C       TParam.LoadFromFile
 0001:0001A588       TParam.LoadFromStream
 0001:00018EE8       TParam.ParamRef
 0001:00019E3C       TParam.SetAsBCD
 0001:0001A4D4       TParam.SetAsBlob
 0001:00019CB8       TParam.SetAsBoolean
 0001:00019DB4       TParam.SetAsCurrency
 0001:0001A1C4       TParam.SetAsDate
 0001:0001A274       TParam.SetAsDateTime
 0001:00019D2C       TParam.SetAsFloat
 0001:00019EC4       TParam.SetAsFMTBCD
 0001:00019FD8       TParam.SetAsInteger
 0001:0001A454       TParam.SetAsMemo
 0001:0001A0AC       TParam.SetAsSmallInt
 0001:00019F50       TParam.SetAsSQLTimeStamp
 0001:0001A108       TParam.SetAsString
 0001:0001A21C       TParam.SetAsTime
 0001:0001A2FC       TParam.SetAsVariant
 0001:0001A050       TParam.SetAsWord
 0001:00019554       TParam.SetBlobData
 0001:000195BC       TParam.SetData
 0001:00018F78       TParam.SetDataType
 0001:00018F54       TParam.SetParamType
 0001:0001989C       TParam.SetText
 0001:000183E8       TParams.AddParam
 0001:00018364       TParams.AssignTo
 0001:00018394       TParams.AssignValues
 0001:000182A0       TParams.Create
 0001:00018260       TParams.Create
 0001:000183FC       TParams.CreateParam
 0001:0001856C       TParams.DefineProperties
 0001:00018528       TParams.FindParam
 0001:00018340       TParams.GetDataSet
 0001:0001831C       TParams.GetItem
 0001:0001833C       TParams.GetOwner
 0001:000189E0       TParams.GetParamList
 0001:000187D8       TParams.GetParamValue
 0001:00018444       TParams.IsEqual
 0001:000184A8       TParams.ParamByName
 0001:00018B84       TParams.ParseSQL
 0001:000185A8       TParams.ReadBinaryData
 0001:000183F0       TParams.RemoveParam
 0001:00018334       TParams.SetItem
 0001:000188F0       TParams.SetParamValue
 0001:000182E0       TParams.Update
 0001:0001623C       TReferenceField.Assign
 0001:000161FC       TReferenceField.Create
 0001:00016288       TReferenceField.GetAsVariant
 0001:00016278       TReferenceField.GetDataSize
 0001:0001629C       TReferenceField.SetVarValue
 0001:0000481C       TryStrToBcd
 0001:00001DF0       TryStrToSQLTimeStamp
 0001:000125C0       TSmallintField.Create
 0001:00012614       TSmallintField.GetDataSize
 0001:000014FC       TSQLTimeStampData.AdjustDate
 0001:000013DC       TSQLTimeStampData.AdjustDays
 0001:00001430       TSQLTimeStampData.AdjustHours
 0001:00001474       TSQLTimeStampData.AdjustMinutes
 0001:000013A8       TSQLTimeStampData.AdjustMonths
 0001:000014B8       TSQLTimeStampData.AdjustSeconds
 0001:00001614       TSQLTimeStampData.Compare
 0001:00001818       TSQLTimeStampData.Create
 0001:000017C8       TSQLTimeStampData.Create
 0001:00001770       TSQLTimeStampData.Create
 0001:00001714       TSQLTimeStampData.Create
 0001:00001568       TSQLTimeStampData.DaysInMonth
 0001:000015C0       TSQLTimeStampData.DoAdd
 0001:00001580       TSQLTimeStampData.DoSubtract
 0001:000016AC       TSQLTimeStampData.GetAsDateTime
 0001:00001694       TSQLTimeStampData.GetAsString
 0001:0000139C       TSQLTimeStampData.GetIsBlank
 0001:000016E8       TSQLTimeStampData.SetAsDateTime
 0001:000016C4       TSQLTimeStampData.SetAsString
 0001:00001854       TSQLTimeStampData.SetDay
 0001:0000185C       TSQLTimeStampData.SetFractions
 0001:00001860       TSQLTimeStampData.SetHour
 0001:00001868       TSQLTimeStampData.SetMinute
 0001:00001870       TSQLTimeStampData.SetMonth
 0001:00001878       TSQLTimeStampData.SetSecond
 0001:00001880       TSQLTimeStampData.SetYear
 0001:00013604       TSQLTimeStampField.CopyData
 0001:000135C4       TSQLTimeStampField.Create
 0001:00013644       TSQLTimeStampField.GetAsDateTime
 0001:00013618       TSQLTimeStampField.GetAsFloat
 0001:0001367C       TSQLTimeStampField.GetAsSQLTimeStamp
 0001:000136A4       TSQLTimeStampField.GetAsString
 0001:000136B4       TSQLTimeStampField.GetAsVariant
 0001:000136E8       TSQLTimeStampField.GetDataSize
 0001:000136F0       TSQLTimeStampField.GetDefaultWidth
 0001:00013704       TSQLTimeStampField.GetText
 0001:000137AC       TSQLTimeStampField.GetValue
 0001:000137D4       TSQLTimeStampField.SetAsDateTime
 0001:000137BC       TSQLTimeStampField.SetAsFloat
 0001:000137B4       TSQLTimeStampField.SetAsSQLTimeStamp
 0001:00013820       TSQLTimeStampField.SetAsString
 0001:00013854       TSQLTimeStampField.SetDisplayFormat
 0001:00013884       TSQLTimeStampField.SetVarValue
 0001:00001B3C       TSQLTimeStampVariantType.BinaryOp
 0001:00001898       TSQLTimeStampVariantType.Cast
 0001:000019C4       TSQLTimeStampVariantType.CastTo
 0001:00001888       TSQLTimeStampVariantType.Clear
 0001:00001B70       TSQLTimeStampVariantType.Compare
 0001:00001AEC       TSQLTimeStampVariantType.Copy
 0001:00001B38       TSQLTimeStampVariantType.GetInstance
 0001:000115B8       TStringField.CheckTypeSize
 0001:00011554       TStringField.Create
 0001:00011608       TStringField.GetAsBCD
 0001:00011658       TStringField.GetAsBoolean
 0001:000116C4       TStringField.GetAsDateTime
 0001:0001171C       TStringField.GetAsFloat
 0001:00011774       TStringField.GetAsInteger
 0001:000117C4       TStringField.GetAsSqlTimeStamp
 0001:00011814       TStringField.GetAsString
 0001:00011834       TStringField.GetAsVariant
 0001:00011890       TStringField.GetDataSize
 0001:000118A0       TStringField.GetDefaultWidth
 0001:000118AC       TStringField.GetText
 0001:00011938       TStringField.GetValue
 0001:00011A50       TStringField.SetAsBCD
 0001:00011AA4       TStringField.SetAsBoolean
 0001:00011B00       TStringField.SetAsDateTime
 0001:00011B54       TStringField.SetAsFloat
 0001:00011BAC       TStringField.SetAsInteger
 0001:00011C00       TStringField.SetAsSQLTimeStamp
 0001:00011C54       TStringField.SetAsString
 0001:00011D70       TStringField.SetVarValue
 0001:00013948       TTimeField.Create
 0001:0001399C       TTimeField.GetDataSize
 0001:00013CD8       TVarBytesField.Create
 0001:00013D28       TVarBytesField.GetDataSize
 0001:00013D3C       TVarBytesField.SetAsByteArray
 0001:000162EC       TVariantField.CheckTypeSize
 0001:000162AC       TVariantField.Create
 0001:000162F0       TVariantField.GetAsBCD
 0001:00016344       TVariantField.GetAsBoolean
 0001:00016398       TVariantField.GetAsDateTime
 0001:00016444       TVariantField.GetAsFloat
 0001:0001649C       TVariantField.GetAsInteger
 0001:000163F0       TVariantField.GetAsSqlTimeStamp
 0001:000164F0       TVariantField.GetAsString
 0001:00016544       TVariantField.GetAsVariant
 0001:00016280       TVariantField.GetDefaultWidth
 0001:00016564       TVariantField.SetAsBCD
 0001:000165BC       TVariantField.SetAsBoolean
 0001:00016614       TVariantField.SetAsDateTime
 0001:000166C4       TVariantField.SetAsFloat
 0001:0001671C       TVariantField.SetAsInteger
 0001:0001666C       TVariantField.SetAsSqlTimeStamp
 0001:00016778       TVariantField.SetAsString
 0001:000167D0       TVariantField.SetVarValue
 0001:00011DC4       TWideStringField.CheckTypeSize
 0001:00011E54       TWideStringField.CopyData
 0001:00011E14       TWideStringField.Create
 0001:00011E68       TWideStringField.GetAsString
 0001:00011EB8       TWideStringField.GetAsVariant
 0001:00011EEC       TWideStringField.GetAsWideString
 0001:00011EF4       TWideStringField.GetDataSize
 0001:00011EFC       TWideStringField.SetAsString
 0001:00011F4C       TWideStringField.SetAsWideString
 0001:00011FE0       TWideStringField.SetVarValue
 0001:00012A54       TWordField.Create
 0001:00012AA4       TWordField.GetDataSize
 0002:00000254       TypeSizes
 0001:0000043C       UninitializeModule
 0001:00015778       UnNamedStored
 0001:0001C6B4       UpdateCalcFields
 0001:000040DC       ValueOverOne
 0002:00000280       Values
 0001:00015B00       ValueToStr
 0001:00002D94       VarFMTBcd
 0001:00002D78       VarFMTBcdCreate
 0001:00002D6C       VarFMTBcdCreate
 0001:00002CFC       VarFMTBcdCreate
 0001:00002CB8       VarFMTBcdCreate
 0001:00002D3C       VarFMTBcdCreate
 0001:00002D80       VarIsFMTBcd
 0001:00001C44       VarIsSQLTimeStamp
 0001:00001C38       VarSQLTimeStamp
 0001:00001C30       VarSQLTimeStampCreate
 0001:00001C24       VarSQLTimeStampCreate
 0001:00001B90       VarSQLTimeStampCreate
 0001:00001BC0       VarSQLTimeStampCreate
 0001:00001BF4       VarSQLTimeStampCreate
 0001:00002E80       VarToBcd
 0001:00001C58       VarToSQLTimeStamp
 0002:00000284       VarTypeMap
 0001:0000DA68       VarTypeToDataType
 0001:000008D4       Windows
 0001:00004624       _CopyBytes
 0001:00004634       _CopyOddFractions
 0001:0000465C       _CopyRestBlank
 0001:000044E8       _Divide
 0001:00004604       _GetRemainder
 0001:00004614       _GetSubRemainder
 0001:00004370       _LongDivide
 0001:00003AE0       _LongMultiply
 0001:00003E08       _Multiply
 0001:00003840       _ShortMultiply


  Address         Publics by Value

 0002:FFBDB000       TlsLast
 0001:00000328       FreeLibrary
 0001:00000330       LocalAlloc
 0001:00000338       LocalFree
 0001:00000340       TlsAlloc
 0001:00000348       TlsFree
 0001:00000350       TlsGetValue
 0001:00000358       TlsSetValue
 0001:00000360       AllocTlsBuffer
 0001:0000036C       GetTlsSize
 0001:00000374       InitThreadTLS
 0001:000003B8       InitProcessTLS
 0001:000003E4       ExitThreadTLS
 0001:0000040C       ExitProcessTLS
 0001:00000430       InitializeModule
 0001:0000043C       UninitializeModule
 0001:00000460       @InitPkg
 0001:000004C4       @PackageLoad
 0001:000004D0       @PackageUnload
 0001:000004DC       Finalization
 0001:0000050C       SysInit
 0001:0000086C       Finalization
 0001:0000089C       DBConsts
 0001:000008A4       Finalization
 0001:000008D4       Windows
 0001:00001034       Finalization
 0001:00001064       Messages
 0001:00001364       IsSQLTimeStampBlank
 0001:0000139C       TSQLTimeStampData.GetIsBlank
 0001:000013A8       TSQLTimeStampData.AdjustMonths
 0001:000013DC       TSQLTimeStampData.AdjustDays
 0001:00001430       TSQLTimeStampData.AdjustHours
 0001:00001474       TSQLTimeStampData.AdjustMinutes
 0001:000014B8       TSQLTimeStampData.AdjustSeconds
 0001:000014FC       TSQLTimeStampData.AdjustDate
 0001:00001568       TSQLTimeStampData.DaysInMonth
 0001:00001580       TSQLTimeStampData.DoSubtract
 0001:000015C0       TSQLTimeStampData.DoAdd
 0001:00001614       TSQLTimeStampData.Compare
 0001:00001694       TSQLTimeStampData.GetAsString
 0001:000016AC       TSQLTimeStampData.GetAsDateTime
 0001:000016C4       TSQLTimeStampData.SetAsString
 0001:000016E8       TSQLTimeStampData.SetAsDateTime
 0001:00001714       TSQLTimeStampData.Create
 0001:00001770       TSQLTimeStampData.Create
 0001:000017C8       TSQLTimeStampData.Create
 0001:00001818       TSQLTimeStampData.Create
 0001:00001854       TSQLTimeStampData.SetDay
 0001:0000185C       TSQLTimeStampData.SetFractions
 0001:00001860       TSQLTimeStampData.SetHour
 0001:00001868       TSQLTimeStampData.SetMinute
 0001:00001870       TSQLTimeStampData.SetMonth
 0001:00001878       TSQLTimeStampData.SetSecond
 0001:00001880       TSQLTimeStampData.SetYear
 0001:00001888       TSQLTimeStampVariantType.Clear
 0001:00001898       TSQLTimeStampVariantType.Cast
 0001:000019C4       TSQLTimeStampVariantType.CastTo
 0001:00001AEC       TSQLTimeStampVariantType.Copy
 0001:00001B38       TSQLTimeStampVariantType.GetInstance
 0001:00001B3C       TSQLTimeStampVariantType.BinaryOp
 0001:00001B70       TSQLTimeStampVariantType.Compare
 0001:00001B90       VarSQLTimeStampCreate
 0001:00001BC0       VarSQLTimeStampCreate
 0001:00001BF4       VarSQLTimeStampCreate
 0001:00001C24       VarSQLTimeStampCreate
 0001:00001C30       VarSQLTimeStampCreate
 0001:00001C38       VarSQLTimeStamp
 0001:00001C44       VarIsSQLTimeStamp
 0001:00001C58       VarToSQLTimeStamp
 0001:00001D74       SQLTimeStampToStr
 0001:00001DB0       IsSqlTimeStampValid
 0001:00001DF0       TryStrToSQLTimeStamp
 0001:00001E3C       StrToSQLTimeStamp
 0001:00001EA8       DateTimeToSQLTimeStamp
 0001:00001EF0       SQLTimeStampToDateTime
 0001:00001F78       SQLDayOfWeek
 0001:00001F98       CheckSqlTimeStamp
 0001:000020A4       Finalization
 0001:000020E0       SqlTimSt
 0001:00002404       BcdErrorFmt
 0001:00002474       BcdError
 0001:0000248C       OverflowError
 0001:000024A4       TFMTBcdData.DoAdd
 0001:000024CC       TFMTBcdData.DoAdd
 0001:000024D8       TFMTBcdData.DoSubtract
 0001:00002500       TFMTBcdData.DoSubtract
 0001:0000250C       TFMTBcdData.DoMultiply
 0001:00002538       TFMTBcdData.DoDivide
 0001:00002564       TFMTBcdData.Compare
 0001:0000257C       TFMTBcdData.GetAsString
 0001:00002590       TFMTBcdData.GetAsDouble
 0001:000025E8       TFMTBcdData.GetAsInteger
 0001:00002638       TFMTBcdData.GetAsSmallInt
 0001:00002644       TFMTBcdData.GetAsCurrency
 0001:00002658       TFMTBcdData.SetAsString
 0001:00002680       TFMTBcdData.SetAsDouble
 0001:000026F0       TFMTBcdData.SetAsInteger
 0001:00002758       TFMTBcdData.SetAsSmallInt
 0001:00002764       TFMTBcdData.SetAsCurrency
 0001:00002784       TFMTBcdData.Create
 0001:000027CC       TFMTBcdData.Create
 0001:00002894       TFMTBcdData.Create
 0001:00002944       TFMTBcdData.Create
 0001:00002980       TFMTBcdVariantType.Clear
 0001:00002990       TFMTBcdVariantType.Cast
 0001:00002AC8       TFMTBcdVariantType.CastTo
 0001:00002BF4       TFMTBcdVariantType.Copy
 0001:00002C40       TFMTBcdVariantType.BinaryOp
 0001:00002C94       TFMTBcdVariantType.GetInstance
 0001:00002C98       TFMTBcdVariantType.Compare
 0001:00002CB8       VarFMTBcdCreate
 0001:00002CFC       VarFMTBcdCreate
 0001:00002D3C       VarFMTBcdCreate
 0001:00002D6C       VarFMTBcdCreate
 0001:00002D78       VarFMTBcdCreate
 0001:00002D80       VarIsFMTBcd
 0001:00002D94       VarFMTBcd
 0001:00002DA0       StrToBcd
 0001:00002DFC       DoubleToBcd
 0001:00002E6C       DoubleToBcd
 0001:00002E80       VarToBcd
 0001:00002F18       IntegerToBcd
 0001:00002F68       BcdToDouble
 0001:00002FC0       BcdToInteger
 0001:0000304C       RoundAt
 0001:00003184       LeftTrim
 0001:000031C0       CompareDigits
 0001:00003274       GetValueAndMultiplyOrder
 0001:00003420       AddChars
 0001:0000348C       SubtractChars
 0001:000034DC       AddStrings
 0001:0000363C       SubtractStrings
 0001:00003840       _ShortMultiply
 0001:00003A2C       StringMultiplyByByte
 0001:00003AE0       _LongMultiply
 0001:00003D64       CanUseShort
 0001:00003DD4       BlankArgument
 0001:00003E08       _Multiply
 0001:00003E78       NextDigit
 0001:00003F38       AdjustDecimalPosition
 0001:000040DC       ValueOverOne
 0001:00004370       _LongDivide
 0001:000044E8       _Divide
 0001:00004604       _GetRemainder
 0001:00004614       _GetSubRemainder
 0001:00004624       _CopyBytes
 0001:00004634       _CopyOddFractions
 0001:0000465C       _CopyRestBlank
 0001:0000466C       NormalizeFractions
 0001:00004750       StrToFraction
 0001:0000479C       InvalidBcdString
 0001:0000481C       TryStrToBcd
 0001:00004A10       SignificantIntDigits
 0001:00004A54       SubtractNormalizedFractions
 0001:00004B0C       AddNormalizedFractions
 0001:00004BC4       CompareNormalizedFractions
 0001:00004C6C       ReverseNegative
 0001:00004C78       MoveNibbles
 0001:00004CB8       NormalizeBcd
 0001:00004DC8       NumberOfDigits
 0001:00004DE4       CompactBcd
 0001:00004E64       AdjustNibbles
 0001:00004EE0       NormalizeBcdPair
 0001:00005014       BcdCompare
 0001:000050DC       BcdSubtract
 0001:00005118       BcdMultiply
 0001:00005210       BcdMultiply
 0001:0000527C       BcdMultiply
 0001:000052EC       BcdMultiply
 0001:00005344       BcdDivide
 0001:00005494       BcdDivide
 0001:00005500       BcdDivide
 0001:00005570       BcdDivide
 0001:000055C8       BcdAdd
 0001:00005718       AddOneChar
 0001:00005734       AddDigit
 0001:000057B0       FractionToStr
 0001:000058F8       BcdToStr
 0001:00005A3C       BcdPrecision
 0001:00005A54       BcdScale
 0001:00005A60       IsBcdNegative
 0001:00005A68       IsBcdZero
 0001:00005AC4       CurrToBCD
 0001:00005B50       BCDToCurr
 0001:00005BE8       CopyByte
 0001:00005BFC       BcdGeneralFormat
 0001:00005C14       BcdScientificFormat
 0001:00005C60       BcdFixedOrNumberFormat
 0001:00005E40       AddCurrencySymbol
 0001:00005F20       AddNegCurrencySymbol
 0001:000062B0       BcdCurrencyFormat
 0001:0000639C       BcdToStrF
 0001:00006458       ExtractMoneySymbol
 0001:00006560       CalcPrecisionAndDigits
 0001:000065AC       PadInputString
 0001:00006670       AddCurrency
 0001:00006788       TLiteralInfo.Create
 0001:00006804       ExtractLiterals
 0001:00006960       AddLiterals
 0001:00006AA0       FormatOneBcd
 0001:00006D94       GetFormat
 0001:00006E58       FormatBcd
 0001:00006F20       Finalization
 0001:00006F5C       FMTBcd
 0001:0000D700       EUpdateError.Create
 0001:0000D7A4       EUpdateError.Destroy
 0001:0000D7D4       DatabaseError
 0001:0000D880       DatabaseErrorFmt
 0001:0000D8DC       GetFieldProperty
 0001:0000D954       DisposeMem
 0001:0000D968       BuffersEqual
 0001:0000D97C       ExtractFieldName
 0001:0000DA0C       RegisterFields
 0001:0000DA68       VarTypeToDataType
 0001:0000DB0C       TCustomConnection.Create
 0001:0000DB70       TCustomConnection.Destroy
 0001:0000DBB8       TCustomConnection.Loaded
 0001:0000DC48       TCustomConnection.Open
 0001:0000DC50       TCustomConnection.Close
 0001:0000DC58       TCustomConnection.SetConnected
 0001:0000DCE0       TCustomConnection.DoConnect
 0001:0000DCE4       TCustomConnection.DoDisconnect
 0001:0000DCE8       TCustomConnection.GetConnected
 0001:0000DCEC       TCustomConnection.SendConnectEvent
 0001:0000DD80       TCustomConnection.RegisterClient
 0001:0000DDC0       TCustomConnection.UnRegisterClient
 0001:0000DE0C       TCustomConnection.GetDataSet
 0001:0000DE20       TCustomConnection.GetDataSetCount
 0001:0000DE28       TDataSetDesigner.Create
 0001:0000DE54       TDataSetDesigner.Destroy
 0001:0000DE70       TDataSetDesigner.BeginDesign
 0001:0000DEA8       TDataSetDesigner.DataEvent
 0001:0000DEAC       TDataSetDesigner.EndDesign
 0001:0000DF44       TNamedItem.GetDisplayName
 0001:0000DF58       TNamedItem.SetDisplayName
 0001:0000E034       TDefCollection.Create
 0001:0000E088       TDefCollection.SetItemName
 0001:0000E168       TDefCollection.Update
 0001:0000E184       TDefCollection.DoUpdate
 0001:0000E1A0       TDefCollection.UpdateDefs
 0001:0000E204       TDefCollection.IndexOf
 0001:0000E244       TDefCollection.Find
 0001:0000E268       TDefCollection.GetItemNames
 0001:0000E2EC       TFieldDef.Create
 0001:0000E370       TFieldDef.Destroy
 0001:0000E3A0       TFieldDef.ReadRequired
 0001:0000E3BC       TFieldDef.DefineProperties
 0001:0000E3FC       TFieldDef.GetFieldClass
 0001:0000E42C       TFieldDef.GetFieldNo
 0001:0000E440       TFieldDef.SetAttributes
 0001:0000E454       TFieldDef.SetDataType
 0001:0000E474       TFieldDef.SetPrecision
 0001:0000E480       TFieldDef.GetRequired
 0001:0000E488       TFieldDef.SetRequired
 0001:0000E4BC       TFieldDef.GetSize
 0001:0000E4E0       TFieldDef.SetSize
 0001:0000E52C       TFieldDef.GetChildDefs
 0001:0000E54C       TFieldDef.SetChildDefs
 0001:0000E564       TFieldDef.HasChildDefs
 0001:0000E584       TFieldDef.AddChild
 0001:0000E598       TFieldDef.GetParentDef
 0001:0000E5A0       TFieldDef.Assign
 0001:0000E6C0       TFieldDef.CreateFieldComponent
 0001:0000E8A8       TFieldDef.CreateField
 0001:0000E9DC       TFieldDefs.Create
 0001:0000EA64       TFieldDefs.SetItemName
 0001:0000EB5C       TFieldDefs.AddFieldDef
 0001:0000EB68       TFieldDefs.Add
 0001:0000EC68       TFieldDefs.Find
 0001:0000ECE4       TFieldDefs.GetFieldDef
 0001:0000ECF8       TFieldDefs.SetFieldDef
 0001:0000ED00       TFieldDefs.SetHiddenFields
 0001:0000ED08       TFieldDefs.Update
 0001:0000ED24       TFieldDefs.ChildDefUpdate
 0001:0000ED3C       TFieldDefs.FieldDefUpdate
 0001:0000ED54       TLookupList.Create
 0001:0000ED90       TLookupList.Destroy
 0001:0000EDC0       TLookupList.Add
 0001:0000EE00       TLookupList.Clear
 0001:0000EE38       TLookupList.ValueOfKey
 0001:0000EE9C       TFlatList.Create
 0001:0000EEE4       TFlatList.FindItem
 0001:0000EF8C       TFlatList.GetCount
 0001:0000EFB0       TFlatList.GetUpdated
 0001:0000EFB4       TFlatList.ListChanging
 0001:0000F00C       TFlatList.Update
 0001:0000F080       TFieldDefList.GetFieldDef
 0001:0000F0A8       TFieldDefList.Find
 0001:0000F0BC       TFieldDefList.FieldByName
 0001:0000F0D0       AddFieldDefs
 0001:0000F29C       TFieldDefList.UpdateList
 0001:0000F2D8       TFieldDefList.GetUpdated
 0001:0000F2F0       TFieldList.Find
 0001:0000F304       TFieldList.FieldByName
 0001:0000F318       TFieldList.GetField
 0001:0000F340       AddFields
 0001:0000F3E0       TFieldList.UpdateList
 0001:0000F3FC       TFields.Create
 0001:0000F44C       TFields.Destroy
 0001:0000F488       TFields.Changed
 0001:0000F4BC       TFields.CheckFieldKind
 0001:0000F51C       TFields.Add
 0001:0000F548       TFields.Remove
 0001:0000F568       TFields.Clear
 0001:0000F5A0       TFieldsGetFieldError
 0001:0000F61C       TFields.GetField
 0001:0000F654       TFields.SetField
 0001:0000F674       TFields.GetCount
 0001:0000F690       TFields.IndexOf
 0001:0000F69C       TFields.CheckFieldName
 0001:0000F738       TFields.CheckFieldNames
 0001:0000F7A8       TFields.GetFieldNames
 0001:0000F81C       TFields.FindField
 0001:0000F860       TFields.FieldByName
 0001:0000F8DC       TFields.FieldByNumber
 0001:0000F91C       TFields.SetFieldIndex
 0001:0000F978       TField.Create
 0001:0000F9F8       TField.Destroy
 0001:0000FA40       TField.AccessError
 0001:0000FABC       TField.Assign
 0001:0000FB40       Error
 0001:0000FBB8       TField.AssignValue
 0001:0000FD8C       TField.Bind
 0001:0000FDAC       TField.CalcLookupValue
 0001:0000FE78       TField.Change
 0001:0000FE98       TField.CheckInactive
 0001:0000FEAC       TField.Clear
 0001:0000FEB8       TField.CopyData
 0001:0000FED8       TField.DataChanged
 0001:0000FEF0       AttributeSetStored
 0001:0000FF30       CalculatedStored
 0001:0000FF74       LookupStored
 0001:0000FFB8       TField.DefineProperties
 0001:00010080       TField.FocusControl
 0001:000100B0       TField.FreeBuffers
 0001:000100B4       TField.GetAsBoolean
 0001:000100E0       TField.GetAsByteArray
 0001:00010108       TField.GetAsBCD
 0001:00010130       TField.GetAsCurrency
 0001:00010154       TField.GetAsDateTime
 0001:0001018C       TField.GetAsFloat
 0001:000101C0       TField.GetAsInteger
 0001:000101EC       TField.GetAsSqlTimeStamp
 0001:00010220       TField.GetAsString
 0001:00010234       TField.GetAsVariant
 0001:00010260       TField.GetCalculated
 0001:00010268       TField.GetCanModify
 0001:000102AC       TField.GetClassDesc
 0001:00010410       TField.GetData
 0001:000104D0       TField.GetDataSize
 0001:000104D4       TField.GetDefaultWidth
 0001:000104DC       TField.GetDisplayLabel
 0001:000104F0       TField.GetDisplayName
 0001:00010518       TField.GetDisplayText
 0001:00010558       TField.GetDisplayWidth
 0001:00010568       TField.GetEditText
 0001:000105A8       TField.GetFieldNo
 0001:00010608       TField.GetFullName
 0001:0001063C       TField.GetHasConstraints
 0001:00010664       TField.GetIndex
 0001:000106A0       TField.GetIsIndexField
 0001:000106C0       TField.IsBlob
 0001:000106C4       TField.GetIsNull
 0001:000106D8       TField.GetLookup
 0001:000106E0       TField.GetLookupList
 0001:00010700       TField.GetText
 0001:00010750       TField.HasParent
 0001:00010754       TField.GetNewValue
 0001:00010770       TField.GetOldValue
 0001:0001078C       TField.GetCurValue
 0001:000107A8       TField.GetParentComponent
 0001:000107BC       TField.SetParentComponent
 0001:00010810       TField.IsValidChar
 0001:00010824       TField.IsDisplayLabelStored
 0001:00010830       TField.IsDisplayWidthStored
 0001:00010838       TField.Notification
 0001:00010860       TField.PropertyChanged
 0001:00010898       TField.ReadAttributeSet
 0001:000108E8       TField.ReadCalculated
 0001:00010900       TField.ReadLookup
 0001:00010918       TField.ReadState
 0001:0001096C       TField.RefreshLookupList
 0001:00010AA0       TField.SetAsBCD
 0001:00010AC8       TField.SetAsBoolean
 0001:00010AF4       TField.SetAsCurrency
 0001:00010B20       TField.SetAsDateTime
 0001:00010B58       TField.SetAsFloat
 0001:00010B8C       TField.SetAsInteger
 0001:00010BB8       TField.SetAsSQLTimeStamp
 0001:00010BEC       TField.SetAsString
 0001:00010C18       TField.SetAsVariant
 0001:00010CEC       TField.SetAsByteArray
 0001:00010DB4       TField.SetAlignment
 0001:00010DC4       TField.SetCalculated
 0001:00010DF0       TField.SetData
 0001:00010EC0       TField.SetDataSet
 0001:00010F88       TField.SetParentField
 0001:00011034       TField.SetDataType
 0001:00011038       TField.SetDisplayLabel
 0001:000110B0       TField.SetDisplayWidth
 0001:000110C0       TField.SetEditMask
 0001:000110DC       TField.SetEditText
 0001:00011110       TField.SetFieldKind
 0001:00011188       TField.SetFieldName
 0001:000111E4       TField.SetFieldType
 0001:000111E8       TField.SetIndex
 0001:000111F8       TField.SetLookup
 0001:00011224       TField.SetLookupDataSet
 0001:0001128C       TField.SetLookupKeyFields
 0001:000112A8       TField.SetLookupResultField
 0001:000112C4       TField.SetKeyFields
 0001:000112E0       TField.SetNewValue
 0001:000112F4       TField.SetLookupCache
 0001:00011308       TField.CheckTypeSize
 0001:0001136C       TField.SetSize
 0001:00011388       TField.GetSize
 0001:0001138C       TField.SetText
 0001:0001139C       TField.SetReadOnly
 0001:000113AC       TField.SetVarValue
 0001:000113D8       TField.SetVisible
 0001:000113E8       TField.Validate
 0001:00011454       TField.ValidateLookupInfo
 0001:0001151C       TField.WriteAttributeSet
 0001:00011528       TField.WriteCalculated
 0001:00011534       TField.WriteLookup
 0001:00011540       TField.SetAutoGenerateValue
 0001:00011554       TStringField.Create
 0001:000115B8       TStringField.CheckTypeSize
 0001:00011608       TStringField.GetAsBCD
 0001:00011658       TStringField.GetAsBoolean
 0001:000116C4       TStringField.GetAsDateTime
 0001:0001171C       TStringField.GetAsFloat
 0001:00011774       TStringField.GetAsInteger
 0001:000117C4       TStringField.GetAsSqlTimeStamp
 0001:00011814       TStringField.GetAsString
 0001:00011834       TStringField.GetAsVariant
 0001:00011890       TStringField.GetDataSize
 0001:000118A0       TStringField.GetDefaultWidth
 0001:000118AC       TStringField.GetText
 0001:00011938       TStringField.GetValue
 0001:00011A50       TStringField.SetAsBCD
 0001:00011AA4       TStringField.SetAsBoolean
 0001:00011B00       TStringField.SetAsDateTime
 0001:00011B54       TStringField.SetAsFloat
 0001:00011BAC       TStringField.SetAsInteger
 0001:00011C00       TStringField.SetAsSQLTimeStamp
 0001:00011C54       TStringField.SetAsString
 0001:00011D70       TStringField.SetVarValue
 0001:00011DC4       TWideStringField.CheckTypeSize
 0001:00011E14       TWideStringField.Create
 0001:00011E54       TWideStringField.CopyData
 0001:00011E68       TWideStringField.GetAsString
 0001:00011EB8       TWideStringField.GetAsVariant
 0001:00011EEC       TWideStringField.GetAsWideString
 0001:00011EF4       TWideStringField.GetDataSize
 0001:00011EFC       TWideStringField.SetAsString
 0001:00011F4C       TWideStringField.SetAsWideString
 0001:00011FE0       TWideStringField.SetVarValue
 0001:00012030       TNumericField.Create
 0001:00012070       TNumericField.RangeError
 0001:0001210C       TNumericField.SetDisplayFormat
 0001:0001213C       TNumericField.SetEditFormat
 0001:0001216C       TIntegerField.Create
 0001:000121F4       TIntegerField.CheckRange
 0001:00012240       TIntegerField.GetAsFloat
 0001:00012264       TIntegerField.GetAsInteger
 0001:00012280       TIntegerField.GetAsString
 0001:000122C4       TIntegerField.GetAsVariant
 0001:000122F4       TIntegerField.GetDataSize
 0001:000122FC       TIntegerField.GetText
 0001:000123E0       TIntegerField.GetValue
 0001:00012424       TIntegerField.SetAsFloat
 0001:00012444       TIntegerField.SetAsInteger
 0001:0001249C       TIntegerField.SetAsString
 0001:00012554       TIntegerField.SetMaxValue
 0001:0001257C       TIntegerField.SetMinValue
 0001:000125A4       TIntegerField.SetVarValue
 0001:000125C0       TSmallintField.Create
 0001:00012614       TSmallintField.GetDataSize
 0001:0001261C       TLargeintField.Create
 0001:00012690       TLargeintField.CheckRange
 0001:000126E8       TLargeintField.GetAsFloat
 0001:00012710       TLargeintField.GetAsInteger
 0001:00012730       TLargeintField.GetAsLargeint
 0001:00012760       TLargeintField.GetAsString
 0001:000127A8       TLargeintField.GetAsVariant
 0001:000127DC       TLargeintField.GetDataSize
 0001:000127E4       TLargeintField.GetDefaultWidth
 0001:000127EC       TLargeintField.GetText
 0001:000128D4       TLargeintField.GetValue
 0001:000128DC       TLargeintField.SetAsFloat
 0001:000128F8       TLargeintField.SetAsInteger
 0001:0001290C       TLargeintField.SetAsLargeint
 0001:0001296C       TLargeintField.SetAsString
 0001:00012A28       TLargeintField.SetVarValue
 0001:00012A54       TWordField.Create
 0001:00012AA4       TWordField.GetDataSize
 0001:00012AAC       TAutoIncField.Create
 0001:00012AEC       TFloatField.Create
 0001:00012B94       TFloatField.GetAsFloat
 0001:00012BBC       TFloatField.GetAsInteger
 0001:00012BD0       TFloatField.GetAsString
 0001:00012C08       TFloatField.GetAsVariant
 0001:00012C38       TFloatField.GetDataSize
 0001:00012C40       TFloatField.GetText
 0001:00012D58       TFloatField.SetAsFloat
 0001:00012DC0       TFloatField.SetAsInteger
 0001:00012DE0       TFloatField.SetAsString
 0001:00012EA0       TFloatField.SetCurrency
 0001:00012EB8       TFloatField.SetMaxValue
 0001:00012ED8       TFloatField.SetMinValue
 0001:00012EF8       TFloatField.SetPrecision
 0001:00012F24       TFloatField.SetVarValue
 0001:00012F48       TFloatField.UpdateCheckRange
 0001:00012F80       TCurrencyField.Create
[...]
 0001:00017BB8       TDataLink.MoveBy
 0001:00017BD0       TDetailDataLink.GetDetailDataSet
 0001:00017BD4       TMasterDataLink.Create
 0001:00017C20       TMasterDataLink.Destroy
 0001:00017C50       TMasterDataLink.ActiveChanged
 0001:00017D20       TMasterDataLink.CheckBrowseMode
 0001:00017D3C       TMasterDataLink.GetDetailDataSet
 0001:00017D40       TMasterDataLink.LayoutChanged
 0001:00017D48       TMasterDataLink.RecordChanged
 0001:00017D90       TMasterDataLink.SetFieldNames
 0001:00017DB8       TDataSource.Create
 0001:00017E0C       TDataSource.Destroy
 0001:00017E68       TDataSource.Edit
 0001:00017E80       TDataSource.SetState
 0001:00017EC8       TDataSource.UpdateState
 0001:00017EEC       TDataSource.IsLinkedTo
 0001:00017F38       TDataSource.SetDataSet
 0001:00017FB4       TDataSource.SetEnabled
 0001:00017FC0       TDataSource.AddDataLink
 0001:00017FEC       TDataSource.RemoveDataLink
 0001:00018018       TDataSource.NotifyLinkTypes
 0001:00018068       TDataSource.NotifyDataLinks
 0001:00018090       TDataSource.DataEvent
 0001:00018100       TCheckConstraint.Assign
 0001:00018148       TCheckConstraint.GetDisplayName
 0001:00018178       TCheckConstraint.SetImportedConstraint
 0001:000181A0       TCheckConstraint.SetCustomConstraint
 0001:000181C8       TCheckConstraint.SetErrorMessage
 0001:000181F0       TCheckConstraints.Create
 0001:00018234       TCheckConstraints.Add
 0001:00018240       TCheckConstraints.GetOwner
 0001:00018244       TCheckConstraints.GetItem
 0001:00018258       TCheckConstraints.SetItem
 0001:00018260       TParams.Create
 0001:000182A0       TParams.Create
 0001:000182E0       TParams.Update
 0001:0001831C       TParams.GetItem
 0001:00018334       TParams.SetItem
 0001:0001833C       TParams.GetOwner
 0001:00018340       TParams.GetDataSet
 0001:00018364       TParams.AssignTo
 0001:00018394       TParams.AssignValues
 0001:000183E8       TParams.AddParam
 0001:000183F0       TParams.RemoveParam
 0001:000183FC       TParams.CreateParam
 0001:00018444       TParams.IsEqual
 0001:000184A8       TParams.ParamByName
 0001:00018528       TParams.FindParam
 0001:0001856C       TParams.DefineProperties
 0001:000185A8       TParams.ReadBinaryData
 0001:000187D8       TParams.GetParamValue
 0001:000188F0       TParams.SetParamValue
 0001:000189E0       TParams.GetParamList
 0001:00018A5C       NameDelimiter
 0001:00018A84       IsLiteral
 0001:00018AA4       StripChar
 0001:00018B10       StripLiterals
 0001:00018B84       TParams.ParseSQL
 0001:00018D50       TParam.Create
 0001:00018E04       TParam.Create
 0001:00018E50       TParam.IsEqual
 0001:00018EE4       TParam.IsParamStored
 0001:00018EE8       TParam.ParamRef
 0001:00018F18       TParam.GetIsNull
 0001:00018F44       TParam.GetParamType
 0001:00018F54       TParam.SetParamType
 0001:00018F68       TParam.GetDataType
 0001:00018F78       TParam.SetDataType
 0001:00019044       TParam.GetDataSize
 0001:00019208       TParam.GetData
 0001:00019554       TParam.SetBlobData
 0001:000195BC       TParam.SetData
 0001:0001989C       TParam.SetText
 0001:000198F0       LoadFromStreamPersist
 0001:00019950       LoadFromStrings
 0001:000199A0       TParam.Assign
 0001:00019A78       TParam.AssignTo
 0001:00019AAC       TParam.AssignParam
 0001:00019B20       TParam.AssignFieldValue
 0001:00019BC0       TParam.AssignField
 0001:00019C28       TParam.Clear
 0001:00019C7C       TParam.GetDataSet
 0001:00019C90       TParam.GetDisplayName
 0001:00019CB8       TParam.SetAsBoolean
 0001:00019D10       TParam.GetAsBoolean
 0001:00019D2C       TParam.SetAsFloat
 0001:00019D84       TParam.GetAsFloat
 0001:00019DB4       TParam.SetAsCurrency
 0001:00019E0C       TParam.GetAsCurrency
 0001:00019E3C       TParam.SetAsBCD
 0001:00019E94       TParam.GetAsBCD
 0001:00019EC4       TParam.SetAsFMTBCD
 0001:00019F1C       TParam.GetAsFMTBCD
 0001:00019F50       TParam.SetAsSQLTimeStamp
 0001:00019FA8       TParam.GetAsSQLTimeStamp
 0001:00019FD8       TParam.SetAsInteger
 0001:0001A034       TParam.GetAsInteger
 0001:0001A050       TParam.SetAsWord
 0001:0001A0AC       TParam.SetAsSmallInt
 0001:0001A108       TParam.SetAsString
 0001:0001A168       TParam.GetAsString
 0001:0001A1C4       TParam.SetAsDate
 0001:0001A21C       TParam.SetAsTime
 0001:0001A274       TParam.SetAsDateTime
 0001:0001A2CC       TParam.GetAsDateTime
 0001:0001A2FC       TParam.SetAsVariant
 0001:0001A438       TParam.GetAsVariant
 0001:0001A454       TParam.SetAsMemo
 0001:0001A4AC       TParam.GetAsMemo
 0001:0001A4D4       TParam.SetAsBlob
 0001:0001A52C       TParam.LoadFromFile
 0001:0001A588       TParam.LoadFromStream
 0001:0001A618       TDataSet.Create
 0001:0001A710       TDataSet.Destroy
 0001:0001A7C0       RenameFields
 0001:0001A93C       TDataSet.SetName
 0001:0001A9C8       TDataSet.GetChildren
 0001:0001AA4C       TDataSet.SetChildOrder
 0001:0001AA80       TDataSet.Loaded
 0001:0001AAF0       TDataSet.SetState
 0001:0001AB1C       TDataSet.SetModified
 0001:0001AB24       TDataSet.CreateNestedDataSet
 0001:0001AB98       TDataSet.SetDataSetField
 0001:0001ACE0       TDataSet.GetNestedDataSets
 0001:0001AD08       TDataSet.GetFound
 0001:0001AD10       TDataSet.SetFound
 0001:0001AD18       TDataSet.SetObjectView
 0001:0001AD34       TDataSet.SetSparseArrays
 0001:0001AD50       TDataSet.SetConstraints
 0001:0001AD60       TDataSet.SetUniDirectional
 0001:0001AD68       TDataSet.SetTempState
 0001:0001AD84       TDataSet.RestoreState
 0001:0001AD98       TDataSet.Open
 0001:0001ADA4       TDataSet.Close
 0001:0001ADB0       TDataSet.CheckBiDirectional
 0001:0001AE08       TDataSet.CheckInactive
 0001:0001AE8C       TDataSet.CheckActive
 0001:0001AEE4       TDataSet.GetActive
 0001:0001AEFC       TDataSet.SetActive
 0001:0001AFC4       TDataSet.DoInternalOpen
 0001:0001AFFC       TDataSet.OpenCursorComplete
 0001:0001B078       TDataSet.OpenCursor
 0001:0001B0A0       TDataSet.CloseCursor
 0001:0001B0F0       TDataSet.OpenParentDataSet
 0001:0001B164       TDataSet.GetDetailDataSets
 0001:0001B218       TDataSet.GetDetailLinkFields
 0001:0001B21C       TDataSet.DefChanged
 0001:0001B220       TDataSet.InitFieldDefs
 0001:0001B294       CreateFieldDefs
 0001:0001B3C4       TDataSet.InitFieldDefsFromFields
 0001:0001B43C       TDataSet.SetFieldDefs
 0001:0001B44C       TDataSet.GetFieldClass
 0001:0001B458       TDataSet.GetFieldFullName
 0001:0001B50C       SetKeyFields
 0001:0001B5E8       TDataSet.CreateFields
 0001:0001B704       TDataSet.DestroyFields
 0001:0001B720       TDataSet.CheckFieldCompatibility
 0001:0001B864       DoBindFields
 0001:0001BAC4       TDataSet.BindFields
 0001:0001BAFC       TDataSet.FreeFieldBuffers
 0001:0001BB2C       TDataSet.GetFieldCount
 0001:0001BB38       TDataSet.GetBlobFieldData
 0001:0001BBF0       TDataSet.GetFieldData
 0001:0001BBF4       TDataSet.GetFieldData
 0001:0001BC18       TDataSet.GetFieldData
 0001:0001BD38       TDataSet.SetFieldData
 0001:0001BE34       TDataSet.SetFieldData
 0001:0001BE38       TDataSet.GetFieldValue
 0001:0001BF50       TDataSet.SetFieldValue
 0001:0001C048       TDataSet.FieldByName
 0001:0001C0C4       TDataSet.FieldByNumber
 0001:0001C0D0       TDataSet.FindField
 0001:0001C108       TDataSet.GetFieldNames
 0001:0001C13C       TDataSet.GetStateFieldValue
 0001:0001C1B4       TDataSet.SetStateFieldValue
 0001:0001C21C       TDataSet.CloseBlob
 0001:0001C220       TDataSet.CreateBlobStream
 0001:0001C224       TDataSet.SetDefaultFields
 0001:0001C22C       NativeToDateTime
 0001:0001C2B8       DateTimeToNative
 0001:0001C300       BufferToByteArray
 0001:0001C3B4       ByteArrayToBuffer
 0001:0001C444       TDataSet.DataConvert
 0001:0001C620       TDataSet.GetIsIndexField
 0001:0001C624       TDataSet.UpdateIndexDefs
 0001:0001C628       TDataSet.GetDataSource
 0001:0001C62C       TDataSet.IsLinkedTo
 0001:0001C668       TDataSet.AddDataSource
 0001:0001C68C       TDataSet.RemoveDataSource
 0001:0001C6B4       UpdateCalcFields
 0001:0001C754       NotifyDetails
 0001:0001C820       CheckNestedBrowseMode
 0001:0001C874       TDataSet.DataEvent
 0001:0001C9C0       TDataSet.ControlsDisabled
 0001:0001C9C8       TDataSet.DisableControls
 0001:0001C9E8       TDataSet.EnableControls
 0001:0001CA40       TDataSet.UpdateRecord
 0001:0001CAAC       TDataSet.AllocRecordBuffer
 0001:0001CAB0       TDataSet.FreeRecordBuffer
 0001:0001CAB4       TDataSet.SetBufListSize
 0001:0001CC34       AdjustFirstRecord
 0001:0001CC5C       TDataSet.SetBufferCount
 0001:0001CD68       TDataSet.UpdateBufferCount
 0001:0001CDEC       TDataSet.SetCurrentRecord
 0001:0001CE74       TDataSet.GetBuffer
 0001:0001CE94       TDataSet.GetNextRecord
 0001:0001CF64       TDataSet.GetPriorRecord
 0001:0001CFE4       TDataSet.Resync
 0001:0001D1A4       TDataSet.MoveBuffer
 0001:0001D208       TDataSet.ActiveBuffer
 0001:0001D214       TDataSet.TempBuffer
 0001:0001D220       TDataSet.ClearBuffers
 0001:0001D240       TDataSet.ActivateBuffers
 0001:0001D260       TDataSet.UpdateCursorPos
 0001:0001D278       TDataSet.CursorPosChanged
 0001:0001D280       TDataSet.GetCurrentRecord
 0001:0001D284       TDataSet.GetNextRecords
 0001:0001D2A8       TDataSet.GetPriorRecords
 0001:0001D2D8       TDataSet.InitRecord
 0001:0001D308       TDataSet.IsEmpty
 0001:0001D314       TDataSet.GetCalcFields
 0001:0001D388       TDataSet.CalculateFields
 0001:0001D3E8       TDataSet.ClearCalcFields
 0001:0001D3EC       TDataSet.RefreshInternalCalcFields
 0001:0001D478       TDataSet.First
 0001:0001D548       TDataSet.InternalFirst
 0001:0001D54C       TDataSet.InternalLast
 0001:0001D550       TDataSet.Last
 0001:0001D5EC       TDataSet.MoveBy
 0001:0001D790       TDataSet.Next
 0001:0001D7AC       TDataSet.BlockReadNext
 0001:0001D7B8       TDataSet.Prior
 0001:0001D7C4       TDataSet.Refresh
 0001:0001D838       TDataSet.SetBlockReadSize
 0001:0001D870       TDataSet.CheckParentState
 0001:0001D884       TDataSet.Edit
 0001:0001D918       TDataSet.Insert
 0001:0001D9C8       TDataSet.Append
 0001:0001DA28       TDataSet.Post
 0001:0001DAA8       CancelNestedDataSets
 0001:0001DB08       TDataSet.Cancel
 0001:0001DBBC       TDataSet.Delete
 0001:0001DCB4       TDataSet.BeginInsertAppend
 0001:0001DCE4       TDataSet.EndInsertAppend
 0001:0001DD94       TDataSet.AddRecord
 0001:0001DF08       TDataSet.InsertRecord
 0001:0001DF10       TDataSet.AppendRecord
 0001:0001DF18       TDataSet.CheckOperation
 0001:0001DFA8       TDataSet.SetFields
 0001:0001DFDC       TDataSet.ClearFields
 0001:0001E090       TDataSet.CheckRequiredFields
 0001:0001E15C       TDataSet.Translate
 0001:0001E184       TDataSet.InternalInitRecord
 0001:0001E188       TDataSet.InternalAddRecord
 0001:0001E18C       TDataSet.InternalDelete
 0001:0001E190       TDataSet.InternalPost
 0001:0001E198       TDataSet.InternalCancel
 0001:0001E19C       TDataSet.InternalEdit
 0001:0001E1A0       TDataSet.InternalInsert
 0001:0001E1A4       TDataSet.InternalRefresh
 0001:0001E1A8       TDataSet.BookmarkAvailable
 0001:0001E1F0       TDataSet.GetBookmark
 0001:0001E228       TDataSet.FreeBookmark
 0001:0001E230       TDataSet.GetBookmarkStr
 0001:0001E270       TDataSet.SetBookmarkStr
 0001:0001E278       TDataSet.GotoBookmark
 0001:0001E2C0       TDataSet.GetBookmarkData
 0001:0001E2C4       TDataSet.SetBookmarkData
 0001:0001E2C8       TDataSet.GetBookmarkFlag
 0001:0001E2CC       TDataSet.SetBookmarkFlag
 0001:0001E2D0       TDataSet.InternalGotoBookmark
 0001:0001E2D4       TDataSet.InternalSetToRecord
 0001:0001E2D8       TDataSet.BookmarkValid
 0001:0001E2DC       TDataSet.CompareBookmarks
 0001:0001E2E0       TDataSet.FindRecord
 0001:0001E2E4       TDataSet.FindFirst
 0001:0001E2F4       TDataSet.FindLast
 0001:0001E304       TDataSet.FindNext
 0001:0001E314       TDataSet.FindPrior
 0001:0001E324       TDataSet.SetFiltered
 0001:0001E340       TDataSet.SetFilterOptions
 0001:0001E35C       TDataSet.SetFilterText
 0001:0001E378       TDataSet.SetOnFilterRecord
 0001:0001E39C       TDataSet.Locate
 0001:0001E3A8       TDataSet.Lookup
 0001:0001E3BC       TDataSet.GetAggregateValue
 0001:0001E3C8       TDataSet.GetAggRecordCount
 0001:0001E3CC       TDataSet.ResetAggField
 0001:0001E3D0       TDataSet.CheckBrowseMode
 0001:0001E434       TDataSet.GetCanModify
 0001:0001E438       TDataSet.CheckCanModify
 0001:0001E494       TDataSet.GetFieldList
 0001:0001E514       TDataSet.GetRecordCount
 0001:0001E518       TDataSet.GetRecNo
 0001:0001E51C       TDataSet.SetRecNo
 0001:0001E520       TDataSet.GetRecordSize
 0001:0001E524       TDataSet.IsSequenced
 0001:0001E528       TDataSet.UpdateStatus
 0001:0001E52C       TDataSet.DoAfterCancel
 0001:0001E54C       TDataSet.DoAfterClose
 0001:0001E56C       TDataSet.DoAfterDelete
 0001:0001E58C       TDataSet.DoAfterEdit
 0001:0001E5AC       TDataSet.DoAfterInsert
 0001:0001E5CC       TDataSet.DoAfterOpen
 0001:0001E600       TDataSet.DoAfterPost
 0001:0001E620       TDataSet.DoAfterRefresh
 0001:0001E640       TDataSet.DoAfterScroll
 0001:0001E660       TDataSet.DoBeforeCancel
 0001:0001E680       TDataSet.DoBeforeClose
 0001:0001E6A0       TDataSet.DoBeforeDelete
 0001:0001E6C0       TDataSet.DoBeforeEdit
 0001:0001E6E0       TDataSet.DoBeforeInsert
 0001:0001E700       TDataSet.DoBeforeOpen
 0001:0001E720       TDataSet.DoBeforePost
 0001:0001E740       TDataSet.DoBeforeRefresh
 0001:0001E760       TDataSet.DoBeforeScroll
 0001:0001E780       TDataSet.DoOnCalcFields
 0001:0001E7A0       TDataSet.DoOnNewRecord
 0001:0001E7C0       TDataSet.PSEndTransaction
 0001:0001E7C4       TDataSet.PSExecute
 0001:0001E814       TDataSet.PSExecuteStatement
 0001:0001E86C       TDataSet.PSGetAttributes
 0001:0001E870       TDataSet.PSGetDefaultOrder
 0001:0001E874       TDataSet.PSGetKeyFields
 0001:0001E8DC       TDataSet.PSGetParams
 0001:0001E8E0       TDataSet.PSGetQuoteChar
 0001:0001E8EC       TDataSet.PSGetTableName
 0001:0001E8F8       TDataSet.GetIndexDefs
 0001:0001EA7C       TDataSet.PSGetIndexDefs
 0001:0001EA80       TDataSet.PSGetUpdateException
 0001:0001EAA4       TDataSet.PSInTransaction
 0001:0001EAA8       TDataSet.PSIsSQLBased
 0001:0001EAAC       TDataSet.PSIsSQLSupported
 0001:0001EAB0       TDataSet.PSReset
 0001:0001EAB4       TDataSet.PSSetCommandText
 0001:0001EAB8       TDataSet.PSSetParams
 0001:0001EABC       TDataSet.PSStartTransaction
 0001:0001EAC0       TDataSet.PSUpdateRecord
 0001:0001EC10       TDefaultDBScreenApplication.GetCursor
 0001:0001EC14       TDefaultDBScreenApplication.GetTitle
 0001:0001EC28       TDefaultDBScreenApplication.ProcessMessages
 0001:0001EC2C       TDefaultDBScreenApplication.SetCursor
 0001:0001EC30       TDefaultDBScreenApplication.SetTitle
 0001:0001EC44       Finalization
 0001:0001ECA0       DB
 0001:0001F3D8       NextTokenIs
 0001:0001F494       GetSQLToken
 0001:0001F8D0       StartToken
 0001:0001F8EC       NextSQLToken
 0001:0001FC48       GenerateParamSQL
 0001:0001FE5C       AddWhereClause
 0001:0001FF7C       AddParamSQLForDetail
 0001:00020010       GetTableNameFromQuery
 0001:0002008C       GetTableNameFromSQL
 0001:000201B0       IsMultiTableQuery
 0001:00020364       AddField
 0001:000203A8       GetIndexForOrderBy
 0001:000205D4       GetPChar
 0001:000205EC       Split
 0001:000205F8       NextItem
 0001:00020710       PopValue
 0001:00020744       GetFieldInfo
 0001:0002086C       IsNumeric
 0001:0002088C       IsTemporal
 0001:0002089C       TFilterExpr.Create
 0001:0002091C       TFilterExpr.Destroy
 0001:00020980       TFilterExpr.FieldFromNode
 0001:00020A18       TFilterExpr.GetExprData
 0001:00020A60       TFilterExpr.GetFilterData
 0001:00020AE8       TFilterExpr.NewCompareNode
 0001:00020BA8       TFilterExpr.NewNode
 0001:00020C9C       TFilterExpr.PutConstBCD
 0001:00020CFC       TFilterExpr.PutConstFMTBCD
 0001:00020D3C       TFilterExpr.PutConstBool
 0001:00020D64       TFilterExpr.PutConstDate
 0001:00020DBC       TFilterExpr.PutConstDateTime
 0001:00020E20       TFilterExpr.PutConstSQLTimeStamp
 0001:00020E60       TFilterExpr.PutConstFloat
 0001:00020EA4       TFilterExpr.PutConstInt
 0001:00020F94       TFilterExpr.PutConstNode
 0001:00021004       TFilterExpr.PutConstStr
 0001:000210B4       TFilterExpr.PutConstTime
 0001:0002110C       TFilterExpr.PutData
 0001:00021138       TFilterExpr.PutConstant
 0001:000212CC       TFilterExpr.PutExprNode
 0001:00021928       TFilterExpr.PutFieldNode
 0001:00021A1C       TFilterExpr.PutNode
 0001:00021A60       TFilterExpr.SetNodeOp
 0001:00021A78       TFilterExpr.GetFieldByName
 0001:00021BCC       TExprParser.Create
 0001:00021C98       TExprParser.Destroy
 0001:00021CBC       TExprParser.SetExprParams
 0001:00021F50       TExprParser.NextTokenIsLParen
 0001:00021F68       EndOfLiteral
 0001:00021FFC       IsKatakana
 0001:00022014       Skip
 0001:00022070       TExprParser.NextToken
 0001:00022698       TExprParser.ParseExpr
 0001:00022740       TExprParser.ParseExpr2
 0001:000227E8       TExprParser.ParseExpr3
 0001:00022890       TExprParser.ParseExpr4
 0001:00022C44       TExprParser.ParseExpr5
 0001:00022D1C       TExprParser.ParseExpr6
 0001:00022DF4       TExprParser.ParseExpr7
 0001:00023214       TExprParser.GetScopeKind
 0001:000232D0       TExprParser.GetFuncResultInfo
 0001:000236A0       TExprParser.TokenName
 0001:000236F4       TExprParser.TokenSymbolIs
 0001:00023718       TExprParser.TokenSymbolIsFunc
 0001:000239CC       TExprParser.TypeCheckArithOp
 0001:00023B74       Finalization
 0001:00023BA4       DBCommon
 0001:00023C74       @GetPackageInfoTable
 0001:00023C7C       @PackageLoad
 0001:00023C88       @PackageUnload
 0001:00023C94       dbrtl
 0002:00000000       TlsIndex
 0002:00000004       PtrToNil
 0002:00000008       Module
 0002:00000020       TlsProc
 0002:00000030       NullSQLTimeStamp
 0002:00000040       IncrementAmount
 0002:00000048       SQLTimeStampVariantType
 0002:0000004C       AdjustAmt
 0002:00000054       AdjustAmt
 0002:0000005C       AdjustAmt
 0002:00000064       AdjustAmt
 0002:0000006C       NullBcd
 0002:00000090       FMTBcdVariantType
 0002:00000094       spaceChars
 0002:000000B4       Power10
 0002:000000C4       FConst10
 0002:000000C8       CWNear
 0002:000000CC       Dot
 0002:000000D0       Separator
 0002:000000D4       DefaultFieldClasses
 0002:0000016C       FieldTypeNames
 0002:00000204       FieldTypeVarMap
 0002:00000250       RegisterFieldsProc
 0002:00000254       TypeSizes
 0002:0000027C       Events
 0002:00000280       Values
 0002:00000284       VarTypeMap
 0002:0000031C       BaseFieldTypes
 0002:00000344       ReverseOperator
 0002:0000034C       BoolFalse
 0002:00000350       Operators
 0002:00000358       Operators
 0002:0000035C       Operators
 0002:00001000       ModuleIsLib
 0002:00001001       ModuleIsPackage
 0002:00001004       HInstance
 0002:00001008       .1
 0002:0000100C       tlsBuffer
 0002:00001010       .1
 0002:00001014       .3
 0002:00001018       .1
 0002:0000101C       .1
 0002:00001020       .3
 0002:00001024       LoginDialogProc
 0002:00001028       LoginDialogExProc
 0002:0000102C       RemoteLoginDialogProc
 0002:00001030       ScreenCursorProc
 0002:00001034       PasswordDialog
 0002:00001038       DBScreen
 0002:0000103C       DBApplication
 0002:00001040       .36
 0002:00001044       .3


Bound resource files

dbrtl.res
C:\DOCUME~1\~KOKOP~1\LOCALS~1\Temp\dtf270F.tmp


Program entry point at 0001:00023C94
