
 Start         Length     Name                   Class
 0001:00000000 000276D4H .text                   CODE
 0002:00000000 00000228H .data                   DATA
 0002:00000228 0000009DH .bss                    BSS


Detailed map of segments

 0001:00000000 00000236 C=CODE     S=.text    G=(none)   M=System   ACBP=A9
 0001:00000238 000001EC C=CODE     S=.text    G=(none)   M=SysInit  ACBP=A9
 0001:00000424 00000104 C=CODE     S=.text    G=(none)   M=Windows  ACBP=A9
 0001:00000528 0000000E C=CODE     S=.text    G=(none)   M=Types    ACBP=A9
 0001:00000538 000000F6 C=CODE     S=.text    G=(none)   M=SysUtils ACBP=A9
 0001:00000630 0000000E C=CODE     S=.text    G=(none)   M=SysConst ACBP=A9
 0001:00000640 0000021E C=CODE     S=.text    G=(none)   M=Classes  ACBP=A9
 0001:00000860 0000001E C=CODE     S=.text    G=(none)   M=ActiveX  ACBP=A9
 0001:00000880 00000038 C=CODE     S=.text    G=(none)   M=Messages ACBP=A9
 0001:000008B8 0000000E C=CODE     S=.text    G=(none)   M=TypInfo  ACBP=A9
 0001:000008C8 000000FE C=CODE     S=.text    G=(none)   M=Variants ACBP=A9
 0001:000009C8 0000000E C=CODE     S=.text    G=(none)   M=VarUtils ACBP=A9
 0001:000009D8 0000000E C=CODE     S=.text    G=(none)   M=RTLConsts ACBP=A9
 0001:000009E8 0000001E C=CODE     S=.text    G=(none)   M=Dialogs  ACBP=A9
 0001:00000A08 00000038 C=CODE     S=.text    G=(none)   M=ShlObj   ACBP=A9
 0001:00000A40 00000038 C=CODE     S=.text    G=(none)   M=UrlMon   ACBP=A9
 0001:00000A78 00000038 C=CODE     S=.text    G=(none)   M=WinInet  ACBP=A9
 0001:00000AB0 00000038 C=CODE     S=.text    G=(none)   M=RegStr   ACBP=A9
 0001:00000AE8 00000038 C=CODE     S=.text    G=(none)   M=ShellAPI ACBP=A9
 0001:00000B20 00000038 C=CODE     S=.text    G=(none)   M=CommCtrl ACBP=A9
 0001:00000B58 0000000E C=CODE     S=.text    G=(none)   M=StdCtrls ACBP=A9
 0001:00000B68 0000000E C=CODE     S=.text    G=(none)   M=ActnList ACBP=A9
 0001:00000B78 0000000E C=CODE     S=.text    G=(none)   M=Contnrs  ACBP=A9
 0001:00000B88 0000001E C=CODE     S=.text    G=(none)   M=Math     ACBP=A9
 0001:00000BA8 00000026 C=CODE     S=.text    G=(none)   M=ImgList  ACBP=A9
 0001:00000BD0 000000E6 C=CODE     S=.text    G=(none)   M=Graphics ACBP=A9
 0001:00000CB8 0000000E C=CODE     S=.text    G=(none)   M=Consts   ACBP=A9
 0001:00000CC8 00000166 C=CODE     S=.text    G=(none)   M=Forms    ACBP=A9
 0001:00000E30 0000000E C=CODE     S=.text    G=(none)   M=HelpIntfs ACBP=A9
 0001:00000E40 0000000E C=CODE     S=.text    G=(none)   M=MultiMon ACBP=A9
 0001:00000E50 00000326 C=CODE     S=.text    G=(none)   M=Controls ACBP=A9
 0001:00001178 00000038 C=CODE     S=.text    G=(none)   M=Imm      ACBP=A9
 0001:000011B0 000000F6 C=CODE     S=.text    G=(none)   M=Menus    ACBP=A9
 0001:000012A8 0000000E C=CODE     S=.text    G=(none)   M=Themes   ACBP=A9
 0001:000012B8 0000000E C=CODE     S=.text    G=(none)   M=UxTheme  ACBP=A9
 0001:000012C8 0000000E C=CODE     S=.text    G=(none)   M=SyncObjs ACBP=A9
 0001:000012D8 0000003E C=CODE     S=.text    G=(none)   M=ComCtrls ACBP=A9
 0001:00001318 0000000E C=CODE     S=.text    G=(none)   M=ListActns ACBP=A9
 0001:00001328 0000006E C=CODE     S=.text    G=(none)   M=ExtCtrls ACBP=A9
 0001:00001398 0000000E C=CODE     S=.text    G=(none)   M=WinHelpViewer ACBP=A9
 0001:000013A8 0000000E C=CODE     S=.text    G=(none)   M=StdActns ACBP=A9
 0001:000013B8 0000000E C=CODE     S=.text    G=(none)   M=Printers ACBP=A9
 0001:000013C8 00000038 C=CODE     S=.text    G=(none)   M=WinSpool ACBP=A9
 0001:00001400 00000038 C=CODE     S=.text    G=(none)   M=CommDlg  ACBP=A9
 0001:00001438 00000038 C=CODE     S=.text    G=(none)   M=Dlgs     ACBP=A9
 0001:00001470 0000000E C=CODE     S=.text    G=(none)   M=StrUtils ACBP=A9
 0001:00001480 0000000E C=CODE     S=.text    G=(none)   M=Clipbrd  ACBP=A9
 0001:00001490 0000000E C=CODE     S=.text    G=(none)   M=FlatSB   ACBP=A9
 0001:000014A0 0000000E C=CODE     S=.text    G=(none)   M=ToolWin  ACBP=A9
 0001:000014B0 00000038 C=CODE     S=.text    G=(none)   M=RichEdit ACBP=A9
 0001:000014E8 0000000E C=CODE     S=.text    G=(none)   M=ExtActns ACBP=A9
 0001:000014F8 0000000E C=CODE     S=.text    G=(none)   M=Registry ACBP=A9
 0001:00001508 00000016 C=CODE     S=.text    G=(none)   M=IniFiles ACBP=A9
 0001:00001520 0000000E C=CODE     S=.text    G=(none)   M=ExtDlgs  ACBP=A9
 0001:00001530 00000056 C=CODE     S=.text    G=(none)   M=Buttons  ACBP=A9
 0001:00001588 0000000E C=CODE     S=.text    G=(none)   M=Mapi     ACBP=A9
 0001:00001598 0000000E C=CODE     S=.text    G=(none)   M=ComStrs  ACBP=A9
 0001:000015A8 0000039E C=CODE     S=.text    G=(none)   M=DB       ACBP=A9
 0001:00001948 0000000E C=CODE     S=.text    G=(none)   M=FMTBcd   ACBP=A9
 0001:00001958 0000000E C=CODE     S=.text    G=(none)   M=DBConsts ACBP=A9
 0001:00001968 0000000E C=CODE     S=.text    G=(none)   M=SqlTimSt ACBP=A9
 0001:00001978 0000000E C=CODE     S=.text    G=(none)   M=DateUtils ACBP=A9
 0001:00001988 0000000E C=CODE     S=.text    G=(none)   M=MaskUtils ACBP=A9
 0001:00001998 0000001E C=CODE     S=.text    G=(none)   M=ComObj   ACBP=A9
 0001:000019B8 0000000E C=CODE     S=.text    G=(none)   M=ComConst ACBP=A9
 0001:000019C8 00000116 C=CODE     S=.text    G=(none)   M=Grids    ACBP=A9
 0001:00001AE0 0000001E C=CODE     S=.text    G=(none)   M=Mask     ACBP=A9
 0001:00001B00 00000358 C=CODE     S=.text    G=(none)   M=Mxconsts ACBP=A9
 0001:00001E58 000045A3 C=CODE     S=.text    G=(none)   M=Mxarrays ACBP=A9
 0001:000063FC 00000086 C=CODE     S=.text    G=(none)   M=BDE      ACBP=A9
 0001:00006484 0000036E C=CODE     S=.text    G=(none)   M=DBTables ACBP=A9
 0001:000067F4 0000000E C=CODE     S=.text    G=(none)   M=SMINTF   ACBP=A9
 0001:00006804 0000000E C=CODE     S=.text    G=(none)   M=DBCommon ACBP=A9
 0001:00006814 0000000E C=CODE     S=.text    G=(none)   M=bdeconst ACBP=A9
 0001:00006824 00000608 C=CODE     S=.text    G=(none)   M=MXPBAR   ACBP=A9
 0001:00006E2C 000008A4 C=CODE     S=.text    G=(none)   M=MXQEDCOM ACBP=A9
 0001:000076D0 00001B90 C=CODE     S=.text    G=(none)   M=MXQPARSE ACBP=A9
 0001:00009260 00000978 C=CODE     S=.text    G=(none)   M=MXTABLES ACBP=A9
 0001:00009BD8 00002B14 C=CODE     S=.text    G=(none)   M=MXCOMMON ACBP=A9
 0001:0000C6EC 00009868 C=CODE     S=.text    G=(none)   M=Mxstore  ACBP=A9
 0001:00015F54 00002024 C=CODE     S=.text    G=(none)   M=MXBUTTON ACBP=A9
 0001:00017F78 00002034 C=CODE     S=.text    G=(none)   M=MXDCUBE  ACBP=A9
 0001:00019FAC 00003FD0 C=CODE     S=.text    G=(none)   M=MXDB     ACBP=A9
 0001:0001DF7C 00005234 C=CODE     S=.text    G=(none)   M=MXGRID   ACBP=A9
 0001:000231B0 00001C78 C=CODE     S=.text    G=(none)   M=MXPIVSRC ACBP=A9
 0001:00024E28 0000000E C=CODE     S=.text    G=(none)   M=DBGrids  ACBP=A9
 0001:00024E38 0000000E C=CODE     S=.text    G=(none)   M=DBCtrls  ACBP=A9
 0001:00024E48 0000000E C=CODE     S=.text    G=(none)   M=VDBConsts ACBP=A9
 0001:00024E58 0000000E C=CODE     S=.text    G=(none)   M=DBPWDlg  ACBP=A9
 0001:00024E68 0000000E C=CODE     S=.text    G=(none)   M=DBLogDlg ACBP=A9
 0001:00024E78 00000378 C=CODE     S=.text    G=(none)   M=MXDSQL   ACBP=A9
 0001:000251F0 000000D6 C=CODE     S=.text    G=(none)   M=Chart    ACBP=A9
 0001:000252C8 0000000E C=CODE     S=.text    G=(none)   M=TeCanvas ACBP=A9
 0001:000252D8 0000000E C=CODE     S=.text    G=(none)   M=TeeFunci ACBP=A9
 0001:000252E8 000000AE C=CODE     S=.text    G=(none)   M=TeEngine ACBP=A9
 0001:00025398 000000C6 C=CODE     S=.text    G=(none)   M=TeeProcs ACBP=A9
 0001:00025460 0000000E C=CODE     S=.text    G=(none)   M=TeeConst ACBP=A9
 0001:00025470 0000000E C=CODE     S=.text    G=(none)   M=Series   ACBP=A9
 0001:00025480 00001F04 C=CODE     S=.text    G=(none)   M=MXGRAPH  ACBP=A9
 0001:00027384 0000034D C=CODE     S=.text    G=(none)   M=dss      ACBP=A9
 0002:00000000 00000030 C=DATA     S=.data    G=DGROUP   M=SysInit  ACBP=A9
 0002:00000030 00000004 C=DATA     S=.data    G=DGROUP   M=MXPBAR   ACBP=A9
 0002:00000034 00000020 C=DATA     S=.data    G=DGROUP   M=MXQEDCOM ACBP=A9
 0002:00000054 00000020 C=DATA     S=.data    G=DGROUP   M=MXQPARSE ACBP=A9
 0002:00000074 00000023 C=DATA     S=.data    G=DGROUP   M=Mxstore  ACBP=A9
 0002:00000098 00000024 C=DATA     S=.data    G=DGROUP   M=MXGRID   ACBP=A9
 0002:000000BC 00000005 C=DATA     S=.data    G=DGROUP   M=MXPIVSRC ACBP=A9
 0002:00001000 00000010 C=BSS      S=.bss     G=DGROUP   M=SysInit  ACBP=A9
 0002:00001010 00000004 C=BSS      S=.bss     G=DGROUP   M=Windows  ACBP=A9
 0002:00001014 00000004 C=BSS      S=.bss     G=DGROUP   M=Messages ACBP=A9
 0002:00001018 00000004 C=BSS      S=.bss     G=DGROUP   M=ShlObj   ACBP=A9
 0002:0000101C 00000004 C=BSS      S=.bss     G=DGROUP   M=UrlMon   ACBP=A9
 0002:00001020 00000004 C=BSS      S=.bss     G=DGROUP   M=WinInet  ACBP=A9
 0002:00001024 00000004 C=BSS      S=.bss     G=DGROUP   M=RegStr   ACBP=A9
 0002:00001028 00000004 C=BSS      S=.bss     G=DGROUP   M=ShellAPI ACBP=A9
 0002:0000102C 00000004 C=BSS      S=.bss     G=DGROUP   M=CommCtrl ACBP=A9
 0002:00001030 00000004 C=BSS      S=.bss     G=DGROUP   M=Imm      ACBP=A9
 0002:00001034 00000004 C=BSS      S=.bss     G=DGROUP   M=WinSpool ACBP=A9
 0002:00001038 00000004 C=BSS      S=.bss     G=DGROUP   M=CommDlg  ACBP=A9
 0002:0000103C 00000004 C=BSS      S=.bss     G=DGROUP   M=Dlgs     ACBP=A9
 0002:00001040 00000004 C=BSS      S=.bss     G=DGROUP   M=RichEdit ACBP=A9
 0002:00001044 00000004 C=BSS      S=.bss     G=DGROUP   M=Mxconsts ACBP=A9
 0002:00001048 0000000C C=BSS      S=.bss     G=DGROUP   M=Mxarrays ACBP=A9
 0002:00001054 00000004 C=BSS      S=.bss     G=DGROUP   M=MXPBAR   ACBP=A9
 0002:00001058 00000004 C=BSS      S=.bss     G=DGROUP   M=MXQEDCOM ACBP=A9
 0002:0000105C 00000004 C=BSS      S=.bss     G=DGROUP   M=MXQPARSE ACBP=A9
 0002:00001060 00000004 C=BSS      S=.bss     G=DGROUP   M=MXTABLES ACBP=A9
 0002:00001064 00000004 C=BSS      S=.bss     G=DGROUP   M=MXCOMMON ACBP=A9
 0002:00001068 00000008 C=BSS      S=.bss     G=DGROUP   M=Mxstore  ACBP=A9
 0002:00001070 00000004 C=BSS      S=.bss     G=DGROUP   M=MXBUTTON ACBP=A9
 0002:00001074 00000008 C=BSS      S=.bss     G=DGROUP   M=MXDCUBE  ACBP=A9
 0002:0000107C 00000004 C=BSS      S=.bss     G=DGROUP   M=MXDB     ACBP=A9
 0002:00001080 0000000C C=BSS      S=.bss     G=DGROUP   M=MXGRID   ACBP=A9
 0002:0000108C 00000004 C=BSS      S=.bss     G=DGROUP   M=MXPIVSRC ACBP=A9
 0002:00001090 00000008 C=BSS      S=.bss     G=DGROUP   M=MXDSQL   ACBP=A9
 0002:00001098 00000004 C=BSS      S=.bss     G=DGROUP   M=MXGRAPH  ACBP=A9


  Address         Publics by Name

 0002:0000107C       .01
 0002:00001040       .1
 0002:00001024       .1
 0002:0000101C       .1
 0002:00001028       .1
 0002:00001008       .1
 0002:0000103C       .1
 0002:00001030       .1
 0002:00001018       .1
 0002:00001020       .1
 0002:0000102C       .1
 0002:00001014       .1
 0002:00001038       .1
 0002:00001044       .1
 0002:00001094       .2
 0002:00001054       .3
 0002:0000105C       .3
 0002:0000108C       .3
 0002:00001010       .3
 0002:00001034       .3
 0002:00001068       .31
 0002:00001060       .4
 0002:00001098       .4
 0002:00001078       .4
 0002:00001070       .4
 0002:00001064       .6
 0002:00001080       .7
 0002:00001048       .81
 0002:00001058       .9
 0001:000276AC       @GetPackageInfoTable
 0001:00000370       @InitPkg
 0001:000276B4       @PackageLoad
 0001:000003D4       @PackageLoad
 0001:000003E0       @PackageUnload
 0001:000276C0       @PackageUnload
 0001:00010C68       AddDim
 0001:000099A0       AddDimensionItem
 0001:00010E08       AddSum
 0001:0000B904       AddToQuerySelect
 0001:00013DA0       AggAverage
 0002:000000B0       AlignFlags
 0001:00000270       AllocTlsBuffer
 0001:00002C48       ArrayDuplicateError
 0001:00002C60       ArrayIndexError
 0002:0000104C       AvailableMemory
 0001:000090C0       BDEcheck
 0001:00009118       BDEDLLPath
 0002:00000098       BitmapArray
 0001:0000B804       BuildDataSetMap
 0001:000097C8       BuildDimensionMap
 0001:0000B1EC       BuildMap
 0001:000096B4       BuildMasterDimensionMap
 0001:00013608       CalcThreadProc
 0001:0000D7FC       CalcTotals1
 0001:0000DBD4       CalcTotals2
 0001:0000BA3C       CheckIfEmptyQuery
 0001:00002AA8       CheckLowCapacity
 0001:0001063C       CleanUp
 0001:00011A0C       CleanUp
 0001:000113FC       CleanUp
 0001:0000043C       CloseHandle
 0002:00000034       CLSID_IDSQL32
 0001:00002BE0       CmpCurrency
 0001:00002B90       CmpDouble
 0001:00002B24       CmpInteger
 0001:00002B44       CmpSingle
 0001:00002B18       CmpSmallInt
 0001:00002C3C       CmpString
 0001:00002AE0       CmpWord
 0001:00000B50       CommCtrl
 0001:00001430       CommDlg
 0001:0000BD08       ConvertToVariant
 0001:000004DC       CopyMemory
 0001:0000DA24       CurrencyScan
 0001:0000D658       CurrencyScan
 0001:000104BC       DBCompareString
 0001:00000444       DeleteCriticalSection
 0001:00001468       Dlgs
 0001:0000D770       DoubleScan
 0001:0000DB44       DoubleScan
 0002:00001084       DrawBitmap
 0001:0000048C       DrawEdge
 0001:00000494       DrawText
 0001:000276CC       dss
 0002:00001074       DSSCubeEditor
 0001:0000044C       EnterCriticalSection
 0001:0000031C       ExitProcessTLS
 0001:000002F4       ExitThreadTLS
 0001:00000474       ExtTextOut
 0001:0000A4B8       FieldTypeToVarType
 0001:000004E4       FillMemory
 0001:00001E20       Finalization
 0001:00007698       Finalization
 0001:00009228       Finalization
 0001:000251B8       Finalization
 0001:00024DF0       Finalization
 0001:00009B84       Finalization
 0001:0000C6B4       Finalization
 0001:000003EC       Finalization
 0001:00023144       Finalization
 0001:0001DF18       Finalization
 0001:000014B0       Finalization
 0001:00001438       Finalization
 0001:000004F0       Finalization
 0001:00019F74       Finalization
 0001:00001400       Finalization
 0001:00000880       Finalization
 0001:00027330       Finalization
 0001:000013C8       Finalization
 0001:00006DF4       Finalization
 0001:000063B0       Finalization
 0001:00001178       Finalization
 0001:00000A08       Finalization
 0001:00000A40       Finalization
 0001:00000B20       Finalization
 0001:00015F1C       Finalization
 0001:00000AE8       Finalization
 0001:00000A78       Finalization
 0001:00017F40       Finalization
 0001:00000AB0       Finalization
 0002:00001090       Form2
 0001:0000BB44       FormatVariant
 0001:00007944       FormatVariantQuoted
 0002:000000BC       Freeing
 0001:00000238       FreeLibrary
 0001:00011378       FromFieldName
 0001:00010F68       FromFieldPos
 0001:0000A2D4       GetAggName
 0001:00002A80       GetAvailableMem
 0001:0000049C       GetCursor
 0001:0000FF90       GetDimFromFieldName
 0001:0000F054       GetDimFromFieldName
 0001:0000D484       GetDisplayFormat
 0001:0000F014       GetIntProp
 0001:00002AA0       GetMemoryCapacity
 0001:0000047C       GetNearestColor
 0001:0000D4C8       GetPrecision
 0001:00015390       GetQuarterRange
 0001:000132C4       GetRange
 0001:0000F3F8       GetStandardLanguageDriver
 0001:000004A4       GetSystemMetrics
 0001:00000454       GetTickCount
 0001:0000027C       GetTlsSize
 0001:0000045C       GlobalMemoryStatus
 0001:0000EC2C       HardRebuild
 0002:00001004       HInstance
 0001:0000C630       HookToDataBase
 0002:00000064       IID_BDE_IClassFactory
 0002:00000054       IID_BDE_IUnknown
 0002:00000044       IID_IQStmt
 0001:000011A8       Imm
 0001:000004AC       InflateRect
 0001:00000464       InitializeCriticalSection
 0001:00000340       InitializeModule
 0001:00013270       InitIndex
 0001:000002C8       InitProcessTLS
 0001:00000284       InitThreadTLS
 0001:0000DAB8       IntScan
 0001:0000D6E8       IntScan
 0001:0000B88C       IsAggValid
 0001:0000A230       IsBDEAvailable
 0001:0000D4E0       IsDateField
 0001:0000B750       isMapLegal
 0001:0000046C       LeaveCriticalSection
 0001:000004B4       LoadBitmap
 0001:000004BC       LoadCursor
 0001:00000240       LocalAlloc
 0001:00000248       LocalFree
 0002:000000C0       Lock
 0001:0000B0A4       LogicalDataSetMatch
 0001:00002AC8       LowCapacityError
 0001:0000D4F4       MatchIndex
 0001:000008B0       Messages
 0002:00000008       Module
 0002:00001000       ModuleIsLib
 0002:00001001       ModuleIsPackage
 0001:000004D4       MoveMemory
 0001:000063E0       Mxarrays
 0001:00017F70       MXBUTTON
 0001:0000C6E4       MXCOMMON
 0001:00001E50       Mxconsts
 0001:0001DF48       MXDB
 0002:0000106C       MXDBLocale
 0001:00019FA4       MXDCUBE
 0001:000251E8       MXDSQL
 0001:00027360       MXGRAPH
 0001:0002318C       MXGRID
 0001:00006E24       MXPBAR
 0001:00024E20       MXPIVSRC
 0001:000076C8       MXQEDCOM
 0001:00009258       MXQPARSE
 0001:00015F4C       Mxstore
 0001:00009BB4       MXTABLES
 0002:00000074       Names
 0001:0000BC44       NextArg
 0001:000004C4       PostMessage
 0002:00000030       ProgressDlg
 0002:00000004       PtrToNil
 0001:000090CC       ptToQNode
 0001:00000424       RegCloseKey
 0001:0000042C       RegOpenKeyEx
 0001:00000434       RegQueryValueEx
 0001:00000AE0       RegStr
 0001:0001F34C       ReleaseBitmap
 0001:00009AD0       RemoveDimensionItem
 0001:000014E0       RichEdit
 0001:00000484       SetBkMode
 0001:000004CC       SetCursor
 0001:00002A98       SetMemoryCapacity
 0001:00000B18       ShellAPI
 0001:00000A38       ShlObj
 0001:000186E0       ShowDSSCubeEditor
 0001:00011A28       ShowProgress
 0001:00025038       ShowSQLWindow
 0001:0000041C       SysInit
 0001:00003390       TBaseArray.BlockCopy
 0001:00002D80       TBaseArray.Clear
 0001:00003270       TBaseArray.ClearFlag
 0001:00003058       TBaseArray.CopyFrom
 0001:00002C8C       TBaseArray.Create
 0001:00002F58       TBaseArray.Delete
 0001:00002CF8       TBaseArray.Destroy
 0001:00003050       TBaseArray.Exchange
 0001:00003314       TBaseArray.FindItem
 0001:000032A0       TBaseArray.GetAutoSize
 0001:0000317C       TBaseArray.GetItem
 0001:000031E4       TBaseArray.GetItemPtr
 0001:00002E54       TBaseArray.GetLimit
 0001:00002E1C       TBaseArray.Grow
 0001:00003248       TBaseArray.HasFlag
 0001:000032A8       TBaseArray.IndexOf
 0001:00002E64       TBaseArray.Insert
 0001:00002E6C       TBaseArray.InsertAt
 0001:00003420       TBaseArray.InternalHandleException
 0001:00003244       TBaseArray.InvalidateItems
 0001:000030DC       TBaseArray.PutItem
 0001:00002F50       TBaseArray.RemoveItem
 0001:00002FD0       TBaseArray.RemoveRange
 0001:00003288       TBaseArray.SetAutoSize
 0001:00002DA8       TBaseArray.SetCapacity
 0001:00002D30       TBaseArray.SetCount
 0001:00003258       TBaseArray.SetFlag
 0001:00003054       TBaseArray.Sort
 0001:0000320C       TBaseArray.ValidateBounds
 0001:00002F38       TBaseArray.ValidIndex
 0001:0000C3CC       TBinData.AddBin
 0001:0000BF84       TBinData.AddBinValue
 0001:0000C060       TBinData.AddBinValues
 0001:0000C5B4       TBinData.AddIBinValue
 0001:0000BEF0       TBinData.Assign
 0001:0000C0E0       TBinData.BinValueCount
 0001:0000C390       TBinData.Clear
 0001:0000BE24       TBinData.create
 0001:0000BE84       TBinData.destroy
 0001:0000C458       TBinData.FindName
 0001:0000C150       TBinData.GetAllBinValueCount
 0001:0000C2E8       TBinData.GetBinCount
 0001:0000C2CC       TBinData.GetBinName
 0001:0000C2F4       TBinData.GetBinNameDataType
 0001:0000C180       TBinData.GetBinValue
 0001:0000C1F4       TBinData.GetBinValues
 0001:0000C4FC       TBinData.GetIBinValue
 0001:0000C55C       TBinData.GetIBinValueCount
 0001:0000C2F8       TBinData.GetMaxBinNameSize
 0001:0000F0F4       TBinTable.Attach
 0001:00010394       TBinTable.BinPost
 0001:0001042C       TBinTable.CheckKeyViol
 0001:0000F040       TBinTable.CleanUp
 0001:0000FCE8       TBinTable.CreateHandle
 0001:0000F9BC       TBinTable.CreateIndexTable
 0001:0000F4E0       TBinTable.CreateTempTable
 0001:0000FD78       TBinTable.EmptyTable
 0001:0000FC68       TBinTable.EncodeFieldDesc
 0001:00010030       TBinTable.FillRecord
 0001:0000FF8C       TBinTable.GetCanModify
 0001:0000FF2C       TBinTable.GetDriverTypeName
 0001:0000FCE0       TBinTable.GetHandle
 0001:0000FD4C       TBinTable.GetTableLevel
 0001:0000FBA8       TBinTable.GetTableTypeName
 0001:0001011C       TBinTable.HandleKeyViol
 0001:0000FEB0       TBinTable.IsDBaseTable
 0001:0000FB2C       TBinTable.save
 0001:0000FE64       TBinTable.SetTableName
 0001:0000FE94       TBinTable.SetTableType
 0001:00014988       TBuilderDim.Add
 0001:000149EC       TBuilderDim.AddSummary
 0001:000148C8       TBuilderDim.Create
 0001:00014924       TBuilderDim.Destroy
 0001:00014CDC       TBuilderDim.GetLastVal
 0001:00014DB4       TBuilderDim.GetSumCount
 0001:00014CF0       TBuilderDim.GetSummary
 0001:00014964       TBuilderDim.InitSummary
 0001:00014A88       TBuilderDim.MatchLastVal
 0001:00014BB0       TBuilderDim.SetLastVal
 0001:00014F20       TCubeDim.Assign
 0001:000154D8       TCubeDim.AssignBinTypeFormat
 0001:0001549C       TCubeDim.AssignBinTypeTransform
 0001:00014E94       TCubeDim.Create
 0001:00015070       TCubeDim.DataSetTransform
 0001:000157BC       TCubeDim.DefineProperties
 0001:00014EEC       TCubeDim.Destroy
 0001:00015B14       TCubeDim.DoTransform
 0001:0001564C       TCubeDim.GetBin
 0001:00015B28       TCubeDim.GetBinValues
 0001:00015004       TCubeDim.GetLoaded
 0001:00014F9C       TCubeDim.InitializeRange
 0001:00015B08       TCubeDim.IsBinData
 0001:000152A4       TCubeDim.MonthTransform
 0001:00015064       TCubeDim.NotifyCollection
 0001:00015434       TCubeDim.QuarterTransform
 0001:00015AE0       TCubeDim.ReadActive
 0001:00015884       TCubeDim.ReadDateBin
 0001:000159D4       TCubeDim.ReadStartDate
 0001:000159F4       TCubeDim.ReadStartValue
 0001:00015558       TCubeDim.SetBin
 0001:00015650       TCubeDim.SetDate
 0001:00015008       TCubeDim.SetLoaded
 0001:000156B0       TCubeDim.SetStart
 0001:00015AFC       TCubeDim.WriteActive
 0001:00015AA8       TCubeDim.WriteStartValue
 0001:000151B0       TCubeDim.YearTransform
 0001:00014E3C       TCubeDims.Add
 0001:00014E48       TCubeDims.Assign
 0001:00014DC0       TCubeDims.Create
 0001:00014E08       TCubeDims.GetCubeDim
 0001:00014E50       TCubeDims.GetDirtyFlag
 0001:00014E00       TCubeDims.GetOwner
 0001:00014E1C       TCubeDims.SetCubeDim
 0001:00003DE8       TCurrencyArray.Add
 0001:00003E3C       TCurrencyArray.Assign
 0001:00003CAC       TCurrencyArray.Create
 0001:00003EC0       TCurrencyArray.Find
 0001:00003D7C       TCurrencyArray.GetItem
 0001:00003F40       TCurrencyArray.IndexOf
 0001:00003CF0       TCurrencyArray.PutItem
 0001:00005910       TCustomArray.Add
 0001:00005858       TCustomArray.Assign
 0001:00005B68       TCustomArray.ConvertVar
 0001:00004F60       TCustomArray.Create
 0001:000050B0       TCustomArray.Destroy
 0001:00005B14       TCustomArray.GetCompProc
 0001:000052DC       TCustomArray.GetCurrency
 0001:000052C4       TCustomArray.GetDouble
 0001:00005B58       TCustomArray.GetDups
 0001:000052F4       TCustomArray.GetInteger
 0001:00005168       TCustomArray.GetItem
 0001:00005160       TCustomArray.GetMemberCount
 0001:00005B44       TCustomArray.GetSort
 0001:00005630       TCustomArray.IndexOf
 0001:00005300       TCustomArray.IsBlank
 0001:00005B34       TCustomArray.MemoryUsage
 0001:00005B1C       TCustomArray.SetCompProc
 0001:00005B60       TCustomArray.SetDups
 0001:000053BC       TCustomArray.SetItem
 0001:00005B24       TCustomArray.SetSize
 0001:00005B50       TCustomArray.SetSort
 0001:000050F0       TCustomArray.UnsupportedTypeError
 0001:0000E058       TCustomDataStore.ActiveChanged
 0001:0000E294       TCustomDataStore.BinMapHasBinData
 0001:0000ED04       TCustomDataStore.CalcSubTotals
 0001:0000EC24       TCustomDataStore.CanDimBeClosed
 0001:0000EC28       TCustomDataStore.CanSumBeClosed
 0001:0000E39C       TCustomDataStore.CheckDimensionMap
 0001:0000DFA0       TCustomDataStore.CloseCache
 0001:0000DD24       TCustomDataStore.Create
 0001:0000DDD0       TCustomDataStore.Destroy
 0001:0000E338       TCustomDataStore.DoAfterClose
 0001:0000E310       TCustomDataStore.DoAfterOpen
 0001:0000E324       TCustomDataStore.DoBeforeClose
 0001:0000E2FC       TCustomDataStore.DoBeforeOpen
 0001:0000E34C       TCustomDataStore.DoOnRefresh
 0001:0000DE94       TCustomDataStore.GetActive
 0001:0000E2F4       TCustomDataStore.GetCapacity
 0001:0000DE30       TCustomDataStore.GetCubeState
 0001:0000E258       TCustomDataStore.GetCurrentSummary
 0001:0000E048       TCustomDataStore.GetDataSet
 0001:0000DFB4       TCustomDataStore.GetDataSource
 0001:0000E174       TCustomDataStore.GetDimensionCount
 0001:0000E2E0       TCustomDataStore.GetDimensionMapCount
 0001:0000E168       TCustomDataStore.GetDimensionMemberCount
 0001:0000E060       TCustomDataStore.GetDimensionName
 0001:0000E13C       TCustomDataStore.GetDomain
 0001:0000E0F4       TCustomDataStore.GetMemberAsString
 0001:0000E118       TCustomDataStore.GetMemberAsVariant
 0001:0000E27C       TCustomDataStore.GetMemoryUsage
 0001:0000E220       TCustomDataStore.GetSummaryAsString
 0001:0000E23C       TCustomDataStore.GetSummaryAsVariant
 0001:0000E180       TCustomDataStore.GetSummaryCount
 0001:0000E18C       TCustomDataStore.GetSummaryName
 0001:0000E04C       TCustomDataStore.LayoutChanged
 0001:0000E020       TCustomDataStore.Notification
 0001:0000DF54       TCustomDataStore.OpenCache
 0001:0000EC4C       TCustomDataStore.Refresh
 0001:0000DE9C       TCustomDataStore.SetActive
 0001:0000E390       TCustomDataStore.SetBinData
 0001:0000E2EC       TCustomDataStore.SetCapacity
 0001:0000E260       TCustomDataStore.SetCurrentSummary
 0001:0000DFF4       TCustomDataStore.SetDataSet
 0001:0000DFBC       TCustomDataStore.SetDataSource
 0001:0000DE20       TCustomDataStore.SetDesignState
 0001:0000E5E8       TCustomDataStore.SetLoadMap
 0001:0000E36C       TCustomDataStore.SetMaxDims
 0001:0000E384       TCustomDataStore.SetMaxSums
 0001:0000DE88       TCustomDataStore.SetState
 0001:0000E05C       TCustomDataStore.StateChanged
 0001:00026624       TCustomDecisionGraph.Create
 0001:000266BC       TCustomDecisionGraph.Destroy
 0001:00027098       TCustomDecisionGraph.GetCleanDimName
 0001:00027064       TCustomDecisionGraph.GetDecisionSource
 0001:0002722C       TCustomDecisionGraph.GetLabel
 0001:00026DC0       TCustomDecisionGraph.MakeNewSeries
 0001:00026750       TCustomDecisionGraph.NewDataStructure
 0001:0002686C       TCustomDecisionGraph.NewGraphLayout
 0001:00026708       TCustomDecisionGraph.Notification
 0001:00027070       TCustomDecisionGraph.SetDecisionSource
 0001:000266F4       TCustomDecisionGraph.Updated
 0001:00022C24       TCustomDecisionGrid.CellDrawState
 0001:00020A78       TCustomDecisionGrid.CellRect
 0001:00022CDC       TCustomDecisionGrid.CellValueArray
 0001:000228A4       TCustomDecisionGrid.CMDesignHitTest
 0001:00020928       TCustomDecisionGrid.ColWidthsChanged
 0001:0001F534       TCustomDecisionGrid.Create
 0001:0001F960       TCustomDecisionGrid.DataToRawCoord
 0001:0001F98C       TCustomDecisionGrid.DataToRawX
 0001:0001F9A4       TCustomDecisionGrid.DataToRawY
 0001:0001F838       TCustomDecisionGrid.Destroy
 0001:00020BC0       TCustomDecisionGrid.DrawCell
 0001:00020700       TCustomDecisionGrid.DrawSpecialState
 0001:000206D0       TCustomDecisionGrid.FontChanged
 0001:00022A5C       TCustomDecisionGrid.GetCaption
 0001:00022BA0       TCustomDecisionGrid.GetCells
 0001:00022D70       TCustomDecisionGrid.GetColCount
 0001:00022970       TCustomDecisionGrid.GetData
 0001:000204A0       TCustomDecisionGrid.GetDataPoint
 0001:00022870       TCustomDecisionGrid.GeTDecisionSource
 0001:0002189C       TCustomDecisionGrid.GetDimensionIndex
 0001:00022D60       TCustomDecisionGrid.GetFixedCols
 0001:00022D58       TCustomDecisionGrid.GetFixedRows
 0001:0001FF94       TCustomDecisionGrid.GetHitTypes
 0001:00021628       TCustomDecisionGrid.GetHorzButtonPlace
 0001:00022AC8       TCustomDecisionGrid.GetLabel
 0001:00022D68       TCustomDecisionGrid.GetRowCount
 0001:00020448       TCustomDecisionGrid.GetSpecialState
 0001:00022D14       TCustomDecisionGrid.GetTotals
 0001:0001FDA8       TCustomDecisionGrid.InitializeGridCells
 0001:000215E0       TCustomDecisionGrid.InvalidateTargetCell
 0001:000219E0       TCustomDecisionGrid.MouseDown
 0001:000227DC       TCustomDecisionGrid.MouseMove
 0001:000215A0       TCustomDecisionGrid.MouseToDataCoord
 0001:00022818       TCustomDecisionGrid.MouseUp
 0001:0001F9BC       TCustomDecisionGrid.NewDataStructure
 0001:0001FB74       TCustomDecisionGrid.NewGridLayout
 0001:0001F8EC       TCustomDecisionGrid.Notification
 0001:00020AC0       TCustomDecisionGrid.Paint
 0001:000218E8       TCustomDecisionGrid.PerformPivot
 0001:0001F934       TCustomDecisionGrid.RawToDataCoord
 0001:000225A8       TCustomDecisionGrid.RightMouse
 0001:000209DC       TCustomDecisionGrid.RowHeightsChanged
 0001:00020900       TCustomDecisionGrid.SelectCell
 0001:000224C8       TCustomDecisionGrid.SelectDimOptions
 0001:000223E4       TCustomDecisionGrid.SelectGridOptions
 0001:00020694       TCustomDecisionGrid.SetCaptionColor
 0001:0002067C       TCustomDecisionGrid.SetCaptionFont
 0001:000205F4       TCustomDecisionGrid.SetColWidth
 0001:000206B8       TCustomDecisionGrid.SetDataColor
 0001:000206A0       TCustomDecisionGrid.SetDataFont
 0001:000206C4       TCustomDecisionGrid.SetDataSumColor
 0001:0002287C       TCustomDecisionGrid.SeTDecisionSource
 0001:00020640       TCustomDecisionGrid.SetGridLineColor
 0001:00020634       TCustomDecisionGrid.SetGridLineWidth
 0001:00020664       TCustomDecisionGrid.SetLabelColor
 0001:0002064C       TCustomDecisionGrid.SetLabelFont
 0001:00020670       TCustomDecisionGrid.SetLabelSumColor
 0001:000216CC       TCustomDecisionGrid.SetNearestTargetCell
 0001:000206D8       TCustomDecisionGrid.SetOptions
 0001:00020610       TCustomDecisionGrid.SetRowHeight
 0001:00022D78       TCustomDecisionGrid.SetTotals
 0001:00020904       TCustomDecisionGrid.TopLeftChanged
 0001:0002139C       TCustomDecisionGrid.WhichCoord
 0001:00021500       TCustomDecisionGrid.WhichCoordExCap
 0001:00013984       TDataCache.AddAggIndex
 0001:00013B20       TDataCache.AddIndex
 0001:000127F4       TDataCache.AppendDimension
 0001:00012878       TDataCache.AppendSummary
 0001:000136E4       TDataCache.CalcSubTotals
 0001:00013D40       TDataCache.ClearIndexInfo
 0001:00012604       TDataCache.Create
 0001:00013708       TDataCache.CreateTable
 0001:00012654       TDataCache.Destroy
 0001:00013CB4       TDataCache.DimensionFromFieldName
 0001:000126E0       TDataCache.FreeCache
 0001:00012F4C       TDataCache.GetAggSummary
 0001:0001301C       TDataCache.GetBaseSummary
 0001:000127A8       TDataCache.GetDimension
 0001:00012788       TDataCache.GetDimensionCount
 0001:00012AEC       TDataCache.GetDimensionMember
 0001:00012B94       TDataCache.GetDimensionMemberAsVariant
 0001:00012C40       TDataCache.GetDimensionMemberCount
 0001:00012AB8       TDataCache.GetDimensionName
 0001:00013318       TDataCache.GetDomain
 0001:00013C98       TDataCache.GetHasIndex
 0001:0001397C       TDataCache.GetIndexCount
 0001:00013BC4       TDataCache.GetMemoryUsage
 0001:00013C60       TDataCache.GetPreCalcTotals
 0001:00012D38       TDataCache.GetScope
 0001:00013C7C       TDataCache.GetSparsing
 0001:00013C44       TDataCache.GetSuccess
 0001:000127D4       TDataCache.GetSummary
 0001:000130DC       TDataCache.GetSummaryAsString
 0001:00013164       TDataCache.GetSummaryAsVariant
 0001:00012798       TDataCache.GetSummaryCount
 0001:00012A84       TDataCache.GetSummaryName
 0001:00012C64       TDataCache.HasSubTotals
 0001:00012C98       TDataCache.HasValidSubTotals
 0001:00012E6C       TDataCache.IncSummaryIndex
 0001:00012680       TDataCache.Init
 0001:00013D84       TDataCache.IsBlankSummary
 0001:00012910       TDataCache.IsDimension
 0001:0001320C       TDataCache.IsIndexSparse
 0001:0001294C       TDataCache.IsSummary
 0001:000135DC       TDataCache.SetActiveSummary
 0001:000127C8       TDataCache.SetDimension
 0001:00013CA0       TDataCache.SetHasIndex
 0001:00013C68       TDataCache.SetPreCalcTotals
 0001:00013C84       TDataCache.SetSparsing
 0001:00013C4C       TDataCache.SetSuccess
 0001:00012A48       TDataCache.SummaryFromCubeDimIndex
 0001:000129C4       TDataCache.SummaryFromFieldName
 0001:00012988       TDataCache.SummaryFromPosition
 0001:0001AE14       TDecisionCube.AddDataSource
 0001:0001AC74       TDecisionCube.CanDimBeClosed
 0001:0001AD4C       TDecisionCube.CanSumBeClosed
 0001:0001ABB8       TDecisionCube.Create
 0001:0001AEA8       TDecisionCube.CubeGetActive
 0001:0001AE78       TDecisionCube.CubeSetActive
 0001:0001AC24       TDecisionCube.Destroy
 0001:0001B090       TDecisionCube.GetAnySQL
 0001:0001B030       TDecisionCube.GetDetailSQL
 0001:0001AF3C       TDecisionCube.GetSparsing
 0001:0001B008       TDecisionCube.GetSQL
 0001:0001AE44       TDecisionCube.NotifyDataSources
 0001:0001AE30       TDecisionCube.RemoveDataSource
 0001:0001B51C       TDecisionCube.SetSparsing
 0001:0001AF48       TDecisionCube.ShowCubeDialog
 0001:0001AEBC       TDecisionCube.StateChanged
 0001:0001D36C       TDecisionDataLink.Create
 0001:0001D3C0       TDecisionDataLink.DecisionDataEvent
 0001:0001D390       TDecisionDataLink.Destroy
 0001:0001D3C4       TDecisionDataLink.SetDecisionSource
 0001:000272E4       TDecisionGraphDataLink.Create
 0001:0002726C       TDecisionGraphDataLink.DecisionDataEvent
 0001:00027308       TDecisionGraphDataLink.Destroy
 0001:00022E3C       TDecisionGridDataLink.Create
 0001:00022DB8       TDecisionGridDataLink.DecisionDataEvent
 0001:00022E60       TDecisionGridDataLink.Destroy
 0001:00024CA0       TDecisionPivot.AdjustClientRect
 0001:000239E8       TDecisionPivot.Create
 0001:00023AA8       TDecisionPivot.Destroy
 0001:00024AD0       TDecisionPivot.DimStateChange
 0001:00024C98       TDecisionPivot.GetBorderStyle
 0001:00024C90       TDecisionPivot.GetBorderWidth
 0001:0002484C       TDecisionPivot.GetButtonSizes
 0001:000240C8       TDecisionPivot.NewDimLayout
 0001:00023B98       TDecisionPivot.NewPanelSetup
 0001:00023B34       TDecisionPivot.Notification
 0001:00024C54       TDecisionPivot.SetAutoSize
 0001:00024D18       TDecisionPivot.SetBorderStyle
 0001:00024D04       TDecisionPivot.SetBorderWidth
 0001:00023B74       TDecisionPivot.SetBounds
 0001:00024C40       TDecisionPivot.SetContents
 0001:00024C78       TDecisionPivot.SetControlHeight
 0001:00024C6C       TDecisionPivot.SetControlWidth
 0001:00024C0C       TDecisionPivot.SeTDecisionSource
 0001:00024C84       TDecisionPivot.SetGroupSpacing
 0001:00024C60       TDecisionPivot.SetSpacing
 0001:00024C34       TDecisionPivot.SetStyle
 0001:0001C6E8       TDecisionSource.AddDatalink
 0001:0001BAC8       TDecisionSource.BeginChange
 0001:0001C2C0       TDecisionSource.BuildLookups
 0001:0001C894       TDecisionSource.CloseDimIndexRight
 0001:0001B528       TDecisionSource.Create
 0001:0001D310       TDecisionSource.DecisionDataEvent
 0001:0001B6B0       TDecisionSource.DefineProperties
 0001:0001B5A0       TDecisionSource.Destroy
 0001:0001DADC       TDecisionSource.DrillDimIndex
 0001:0001DD80       TDecisionSource.DrillValue
 0001:0001BACC       TDecisionSource.EndChange
 0001:0001BB24       TDecisionSource.EnforceConstraints
 0001:0001C5FC       TDecisionSource.FetchPivotState
 0001:0001CEA4       TDecisionSource.Get2DDataAsVariant
 0001:0001DAC4       TDecisionSource.GetActiveDim
 0001:0001B66C       TDecisionSource.GetColSparsing
 0001:0001ABB0       TDecisionSource.GetCurrentSum
 0001:0001CA70       TDecisionSource.GetDataAsString
 0001:0001CD44       TDecisionSource.GetDataAsVariant
 0001:0001D2D8       TDecisionSource.GetDecisionCube
 0001:0001CD10       TDecisionSource.GetDimensionMemberCount
 0001:0001CCE4       TDecisionSource.GetDimensionName
 0001:0001ABA0       TDecisionSource.GetDims
 0001:0001DA38       TDecisionSource.GetExampleRepCount
 0001:0001AB00       TDecisionSource.GetGroup
 0001:0001AAF4       TDecisionSource.GetGroupCount
 0001:0001D11C       TDecisionSource.GetGroupExtent
 0001:0001AB1C       TDecisionSource.GetIndex
 0001:0001CBD0       TDecisionSource.GetMemberAsString
 0001:0001CC1C       TDecisionSource.GetMemberAsVariant
 0001:0001CA6C       TDecisionSource.GetReady
 0001:0001B628       TDecisionSource.GetRowSparsing
 0001:0001AB64       TDecisionSource.GetRowState
 0001:0001AB4C       TDecisionSource.GetState
 0001:0001CC6C       TDecisionSource.GetSummaryName
 0001:0001ABA8       TDecisionSource.GetSums
 0001:0001AB84       TDecisionSource.GetValue
 0001:0001D1B8       TDecisionSource.GetValueArray
 0001:0001CFB8       TDecisionSource.GetValueIndex
 0001:0001DB04       TDecisionSource.MoveDimIndexes
 0001:0001C710       TDecisionSource.NotifyDataLinks
 0001:0001C960       TDecisionSource.OpenDimIndexLeft
 0001:0001C7DC       TDecisionSource.OpenDimIndexRight
 0001:0001C62C       TDecisionSource.ProcessPivotState
 0001:0001B898       TDecisionSource.ReadColSparse
 0001:0001B848       TDecisionSource.ReadCurrentSum
 0001:0001B7E8       TDecisionSource.ReadDimCount
 0001:0001B8C0       TDecisionSource.ReadDimInfo
 0001:0001B870       TDecisionSource.ReadRowSparse
 0001:0001B820       TDecisionSource.ReadSumCount
 0001:0001BFE8       TDecisionSource.RebuildPivotState
 0001:0001C700       TDecisionSource.RemoveDatalink
 0001:0001B674       TDecisionSource.SetColSparsing
 0001:0001CC9C       TDecisionSource.SetCurrentSummary
 0001:0001D2DC       TDecisionSource.SetDecisionCube
 0001:0001AA50       TDecisionSource.SetDimGroup
 0001:0001AA98       TDecisionSource.SetDimState
 0001:0001B630       TDecisionSource.SetRowSparsing
 0001:0001BC40       TDecisionSource.SetUpData
 0001:0001C608       TDecisionSource.StorePivotState
 0001:0001DCA0       TDecisionSource.SwapDimIndexes
 0001:0001CA04       TDecisionSource.ToggleDimIndex
 0001:0001B8B0       TDecisionSource.WriteColSparse
 0001:0001B860       TDecisionSource.WriteCurrentSum
 0001:0001B800       TDecisionSource.WriteDimCount
 0001:0001B9EC       TDecisionSource.WriteDimInfo
 0001:0001B888       TDecisionSource.WriteRowSparse
 0001:0001B838       TDecisionSource.WriteSumCount
 0001:000145CC       TDimension.AssignSorted
 0001:00014590       TDimension.ClearFlag
 0001:00014458       TDimension.Create
 0001:000144B8       TDimension.Destroy
 0001:000144F8       TDimension.GetFieldType
 0001:00014550       TDimension.GetName
 0001:00014580       TDimension.HasFlag
 0001:000145D8       TDimension.IsString
 0001:000144EC       TDimension.SetFieldType
 0001:00014568       TDimension.SetFlag
 0001:00014504       TDimension.SetName
 0001:00014500       TDimension.SetPosition
 0001:000145E4       TDimension.SetRange
 0001:000145A8       TDimension.SetRangeCounting
 0001:0000A9E0       TDimensionItem.Assign
 0001:0000A974       TDimensionItem.Create
 0001:0000ABF8       TDimensionItem.InitializeRange
 0001:0000AC08       TDimensionItem.IsDimension
 0001:0000AC10       TDimensionItem.IsSummary
 0001:0000ABFC       TDimensionItem.NotifyCollection
 0001:0000ABCC       TDimensionItem.SetActive
 0001:0000ABD8       TDimensionItem.SetActiveFlag
 0001:0000AAA0       TDimensionItem.SetBaseName
 0001:0000AB50       TDimensionItem.SetDerivedFrom
 0001:0000AAF8       TDimensionItem.SetFieldName
 0001:0000ABB4       TDimensionItem.SetFieldType
 0001:0000AB5C       TDimensionItem.SetFormat
 0001:0000AA48       TDimensionItem.SetName
 0001:0000ABC0       TDimensionItem.SetType
 0001:0000A554       TDimensionItems.Add
 0001:0000A6FC       TDimensionItems.AddDerivedField
 0001:0000A668       TDimensionItems.AlreadyExists
 0001:0000A560       TDimensionItems.Assign
 0001:0000A7E0       TDimensionItems.AverageFieldCheck
 0001:0000A4C8       TDimensionItems.Create
 0001:0000A5D8       TDimensionItems.GetActiveDimCount
 0001:0000A620       TDimensionItems.GetActiveSumCount
 0001:0000A568       TDimensionItems.GetDimCount
 0001:0000A518       TDimensionItems.GetDimensionItem
 0001:0000A514       TDimensionItems.GetOwner
 0001:0000A5A0       TDimensionItems.GetSumCount
 0001:0000A52C       TDimensionItems.NotifyOwner
 0001:0000A534       TDimensionItems.SetDimensionItem
 0001:0001D490       TDimInfoArray.Assign
 0001:0001D3F8       TDimInfoArray.Create
 0001:0001D44C       TDimInfoArray.Destroy
 0001:0001D700       TDimInfoArray.Find
 0001:0001D614       TDimInfoArray.GetGroupArray
 0001:0001D530       TDimInfoArray.GetGroupIndex
 0001:0001D59C       TDimInfoArray.GetGroupItem
 0001:0001D5C4       TDimInfoArray.GetGroupSize
 0001:0001D6D4       TDimInfoArray.GetItem
 0001:0001D4E8       TDimInfoArray.IsEqual
 0001:00022FB0       TDisplayDim.assign
 0001:00022F50       TDisplayDim.Create
 0001:00023138       TDisplayDim.NotifyCollection
 0001:00023114       TDisplayDim.SetAlignment
 0001:00023120       TDisplayDim.SetColor
 0001:00023050       TDisplayDim.SetFieldName
 0001:000230BC       TDisplayDim.SetFormat
 0001:00022FF8       TDisplayDim.SetName
 0001:0002312C       TDisplayDim.SetSubs
 0001:00022E88       TDisplayDims.Create
 0001:00022ED8       TDisplayDims.GetDisplayDim
 0001:00022ED4       TDisplayDims.GetOwner
 0001:00022EEC       TDisplayDims.NotifyOwner
 0001:00022F30       TDisplayDims.SetDisplayDim
 0001:00003AE4       TDoubleArray.Add
 0001:00003B38       TDoubleArray.Assign
 0001:000039A8       TDoubleArray.Create
 0001:00003BBC       TDoubleArray.Find
 0001:00003A78       TDoubleArray.GetItem
 0001:00003C3C       TDoubleArray.IndexOf
 0001:000039EC       TDoubleArray.PutItem
 0001:00019C54       TDssCubeEditor.ActiveEditChange
 0001:00019C5C       TDssCubeEditor.CancelButtonClick
 0001:00019274       TDssCubeEditor.CommitEdit
 0001:000187A8       TDssCubeEditor.Create
 0001:000187FC       TDssCubeEditor.Destroy
 0001:00018E68       TDssCubeEditor.FieldListClick
 0001:00019F44       TDssCubeEditor.FormKeyPress
 0001:00019F28       TDssCubeEditor.GetCellCountsClick
 0001:00019CAC       TDssCubeEditor.GetValueCounts
 0001:00019C4C       TDssCubeEditor.HandleBeginEdit
 0001:00019A0C       TDssCubeEditor.HandleFieldEdit
 0001:00019F60       TDssCubeEditor.HelpButtonClick
 0001:00019658       TDssCubeEditor.InitCapacityPage
 0001:00018EE4       TDssCubeEditor.InitEdit
 0001:00018D48       TDssCubeEditor.InitializePanel
 0001:000199A4       TDssCubeEditor.OKButtonClick
 0001:00019C64       TDssCubeEditor.PagerChange
 0001:00019984       TDssCubeEditor.RadioAllDataClick
 0001:00019974       TDssCubeEditor.RadioDimensionDataClick
 0001:00019964       TDssCubeEditor.RadioMetaDataClick
 0001:00019994       TDssCubeEditor.RadioNoDataClick
 0001:00018A00       TDssCubeEditor.SFinalize
 0001:0001882C       TDssCubeEditor.SInitialize
 0001:00018C74       TDssCubeEditor.UpdateLists
 0001:0000D3DC       TestMatch
 0001:000145E8       TFieldDefinition.Create
 0001:00014624       TFieldDefinition.FormatVariantToStr
 0001:0001485C       TFieldDefinition.SetFieldType
 0001:0001487C       TFieldDefinition.SetName
 0001:0001D81C       TIArray.Alloc
 0001:0001D8B0       TIArray.Assign
 0001:0001D79C       TIArray.Create
 0001:0001D7EC       TIArray.Destroy
 0001:0001D8DC       TIArray.GetItem
 0001:0001D964       TIArray.InsertAt
 0001:0001D85C       TIArray.Realloc
 0001:0001D9CC       TIArray.RemoveItem
 0001:0001D90C       TIArray.SetItem
 0001:00006130       TIndexArray.Add
 0001:00005EE4       TIndexArray.Create
 0001:00005F34       TIndexArray.Destroy
 0001:00006024       TIndexArray.Expand
 0001:000060CC       TIndexArray.GetElement
 0001:000060E8       TIndexArray.SetElement
 0001:00005FE8       TIndexArray.SetSize
 0001:00015D90       TIndexInfo.Add
 0001:00015EA8       TIndexInfo.AddOffset
 0001:00015CA0       TIndexInfo.Create
 0001:00015D0C       TIndexInfo.Destroy
 0001:00015E84       TIndexInfo.GetCapacity
 0001:00015E1C       TIndexInfo.IsSparse
 0001:00015E8C       TIndexInfo.IsSparseAgg
 0001:00015EFC       TIndexInfo.LockIndex
 0001:00015E34       TIndexInfo.SetCapacity
 0001:00015F10       TIndexInfo.UnlockIndex
 0001:0000356C       TIntArray.Add
 0001:000035BC       TIntArray.Assign
 0001:00003440       TIntArray.Create
 0001:0000363C       TIntArray.Find
 0001:00003508       TIntArray.GetItem
 0001:00003484       TIntArray.PutItem
 0001:00000250       TlsAlloc
 0002:0000100C       tlsBuffer
 0001:00000258       TlsFree
 0001:00000260       TlsGetValue
 0002:00000000       TlsIndex
 0002:BF757000       TlsLast
 0002:00000020       TlsProc
 0001:00000268       TlsSetValue
 0001:000125F4       TMultiDimDataLink.ActiveChanged
 0001:000121D0       TMultiDimDataLink.AddDimension
 0001:000122EC       TMultiDimDataLink.AddSummary
 0001:00010450       TMultiDimDataLink.Create
 0001:00011AA0       TMultiDimDataLink.CreateSummaryIndex
 0001:00010494       TMultiDimDataLink.Destroy
 0001:000104D0       TMultiDimDataLink.DoUpdateCache
 0001:00012130       TMultiDimDataLink.EstimateCapacity
 0001:00011424       TMultiDimDataLink.FetchAndBinValues
 0001:00010FAC       TMultiDimDataLink.FetchValues
 0001:00012600       TMultiDimDataLink.LayoutChanged
 0001:00010684       TMultiDimDataLink.UpdateCache
 0001:00010E88       TMultiDimDataLink.UpdateDimensions
 0001:00012534       TMultiDimDataLink.UpdateFormatStrings
 0002:00001050       TotalAllocatedMemory
 0001:00016730       TPivotButton.Click
 0001:000166E4       TPivotButton.CMDesignHitTest
 0001:00016494       TPivotButton.Create
 0001:0001654C       TPivotButton.Destroy
 0001:00016888       TPivotButton.DragCanceled
 0001:00017CBC       TPivotButton.DragDrop
 0001:00017BB0       TPivotButton.DragOver
 0001:00017220       TPivotButton.EHOnProperty
 0001:00016DC0       TPivotButton.EHOnValue
 0001:000167D0       TPivotButton.MouseDown
 0001:00016804       TPivotButton.MouseMove
 0001:00016780       TPivotButton.MouseUp
 0001:000165A8       TPivotButton.NewState
 0001:0001731C       TPivotButton.Paint
 0001:00016898       TPivotButton.SelectButtonProperties
 0001:000169D8       TPivotButton.SelectButtonValue
 0001:00016584       TPivotButton.SetDecisionSource
 0001:00016594       TPivotButton.SetMyDim
 0001:00016890       TPivotButton.SetState
 0001:000165A0       TPivotButton.SetType
 0001:00024DA4       TPivotDataLink.Create
 0001:00024D2C       TPivotDataLink.DecisionDataEvent
 0001:00024DC8       TPivotDataLink.Destroy
 0001:0001DE94       TPivotState.Assign
 0001:0001DE04       TPivotState.Create
 0001:0001DE60       TPivotState.Destroy
 0001:0001DECC       TPivotState.IsEqual
 0001:000046C0       TPointerArray.CloneItem
 0001:000044F0       TPointerArray.CopyFrom
 0001:0000456C       TPointerArray.CopyTo
 0001:000044A4       TPointerArray.Create
 0001:00004644       TPointerArray.FreeItem
 0001:00004620       TPointerArray.GetData
 0001:00004648       TPointerArray.InvalidateItems
 0001:000045D0       TPointerArray.PutData
 0001:00006D28       TProgressDialog.CancelButtonClick
 0001:00006D8C       TProgressDialog.FormActivate
 0001:00006DB0       TProgressDialog.FormCreate
 0001:00006BC4       TProgressDialog.GetMax
 0001:00006D78       TProgressDialog.Reset
 0001:00006D54       TProgressDialog.SetInterval
 0001:00006BCC       TProgressDialog.SetMax
 0001:00006CC4       TProgressDialog.ShowStatus
 0001:00006AC4       TProgressDialog.StartBuild
 0001:00006C70       TProgressDialog.StepProgress
 0001:00006B9C       TProgressDialog.UpdateProgress
 0001:00009B78       TQueryDims.Add
 0001:00009B04       TQueryDims.Create
 0001:00009B44       TQueryDims.GetQueryDim
 0001:00009B58       TQueryDims.SetQueryDim
 0001:00017DE8       TQuickMenu.AddLine
 0001:00017D84       TQuickMenu.Clear
 0001:00017EDC       TQuickMenu.EHOnItemClick
 0001:00017DA4       TQuickMenu.PopUpAtMe
 0001:00017E68       TQuickMenu.SetTitle
 0001:000037E8       TSingleArray.Add
 0001:00003838       TSingleArray.Assign
 0001:000036B8       TSingleArray.Create
 0001:000038BC       TSingleArray.Find
 0001:00003784       TSingleArray.GetItem
 0001:0000393C       TSingleArray.IndexOf
 0001:000036FC       TSingleArray.PutItem
 0001:000040E0       TSmallIntArray.Add
 0001:00004134       TSmallIntArray.Assign
 0001:00003FB0       TSmallIntArray.Create
 0001:00004078       TSmallIntArray.GetItem
 0001:00003FF4       TSmallIntArray.PutItem
 0001:00025114       TSQLWindow.SInitialize
 0001:00004714       TStringArray.Add
 0001:00004C98       TStringArray.AddStrings
 0001:00004D2C       TStringArray.Assign
 0001:000046C4       TStringArray.Create
 0001:00004770       TStringArray.Exchange
 0001:000047A4       TStringArray.ExchangeItems
 0001:000047C8       TStringArray.Find
 0001:00004874       TStringArray.GetObject
 0001:00004B4C       TStringArray.GetString
 0001:00004898       TStringArray.Grow
 0001:000048CC       TStringArray.IndexOf
 0001:0000496C       TStringArray.Insert
 0001:000049F0       TStringArray.InsertItem
 0001:00004D88       TStringArray.InvalidateItems
 0001:00004BA0       TStringArray.PutObject
 0001:00004AD0       TStringArray.PutString
 0001:00004BC4       TStringArray.QuickSort
 0001:00004C80       TStringArray.Sort
 0001:00014068       TSummary.AddIndexInfo
 0001:00014008       TSummary.AddSubTotal
 0001:00013FA4       TSummary.AddSum
 0001:00014424       TSummary.ClearTotals
 0001:00013E84       TSummary.Create
 0001:00013F14       TSummary.Destroy
 0001:0001441C       TSummary.GetDerived
 0001:00013F80       TSummary.GetFieldType
 0001:00014190       TSummary.GetName
 0001:00014134       TSummary.HasFlag
 0001:000141A4       TSummary.IsSparse
 0001:000141B0       TSummary.MemoryUsage
 0001:000142A0       TSummary.SetAggregator
 0001:00013F74       TSummary.SetFieldType
 0001:00013F8C       TSummary.SetFlag
 0001:00014144       TSummary.SetName
 0001:00013F88       TSummary.SetPosition
 0001:000141E0       TSummary.UpdateIndexInfo
 0001:00006240       TThreadCustomArray.Add
 0001:00006164       TThreadCustomArray.Create
 0001:000061C4       TThreadCustomArray.Destroy
 0001:00006300       TThreadCustomArray.GetItem
 0001:000062EC       TThreadCustomArray.LockArray
 0001:00006354       TThreadCustomArray.MemoryUsage
 0001:000063A4       TThreadCustomArray.UnlockArray
 0001:0000ACF0       TTicks.Clear
 0001:0000AC18       TTicks.Create
 0001:0000ACB0       TTicks.Destroy
 0001:0000AF84       TTicks.Dump
 0001:0000AD30       TTicks.Ticks
 0001:0000AE14       TTicks.TicksIntArray
 0001:0000AECC       TTicks.TicksSmallIntArray
 0001:00005C98       TTwoDimArray.Create
 0001:00005CDC       TTwoDimArray.Destroy
 0001:00005E00       TTwoDimArray.GetElement
 0001:00005E6C       TTwoDimArray.SetElement
 0001:00005D8C       TTwoDimArray.SetSize
 0001:000042E4       TWordArray.Add
 0001:00004338       TWordArray.Assign
 0001:000041B4       TWordArray.Create
 0001:000043B8       TWordArray.Find
 0001:0000427C       TWordArray.GetItem
 0001:00004438       TWordArray.IndexOf
 0001:000041F8       TWordArray.PutItem
 0001:00007F40       TXtabQuery.AddNewItem
 0001:00007E40       TXtabQuery.AddTable
 0001:000087F4       TXtabQuery.AddWhereCondition
 0001:00008654       TXtabQuery.AddWhereOp
 0001:00007F10       TXtabQuery.AllDimensionsGrouped
 0001:000089FC       TXtabQuery.buildProjectorMaps
 0001:00007AE8       TXtabQuery.Create
 0001:0000841C       TXtabQuery.DeleteDimensions
 0001:000083D8       TXtabQuery.DeleteGroupBys
 0001:00008218       TXtabQuery.DeleteProjector
 0001:0000851C       TXtabQuery.DeleteProjectors
 0001:0000849C       TXtabQuery.DeleteSummaries
 0001:00007C10       TXtabQuery.Destroy
 0001:00008548       TXtabQuery.FixUpGroupBys
 0001:0000893C       TXtabQuery.getAggregate
 0001:00007EA8       TXtabQuery.getDialectSQLString
 0001:00008964       TXtabQuery.getDimension
 0001:00008FB8       TXtabQuery.GetExprFieldType
 0001:0000890C       TXtabQuery.getNAggregates
 0001:00008904       TXtabQuery.getNDimensions
 0001:000088FC       TXtabQuery.getNProjectors
 0001:0000898C       TXtabQuery.getNTables
 0001:00008914       TXtabQuery.getProjector
 0001:00008F70       TXtabQuery.GetProjFieldType
 0001:00007E0C       TXtabQuery.getSQLString
 0001:000089B8       TXtabQuery.getTableName
 0001:00007EDC       TXtabQuery.IsLegal
 0001:00007C50       TXtabQuery.setSQLString
 0001:00008E94       TXtabQuery.XtabProjType
 0001:00010BE4       TypeError
 0002:00000088       TypeMap
 0001:0000034C       UninitializeModule
 0001:0000BB00       UpdateDesigner
 0001:00000A70       UrlMon
 0002:00001088       UserCount
 0001:0001F328       UsesBitmap
 0001:00004D9C       VariantTypeToName
 0001:0000D940       VarScan
 0001:0000D574       VarScan
 0001:00014B1C       VarToCubeStr
 0001:0000B7E4       VerifyRTQuery
 0001:00000520       Windows
 0001:00000AA8       WinInet
 0001:000013F8       WinSpool
 0001:0001F368       WriteText


  Address         Publics by Value

 0002:BF757000       TlsLast
 0001:00000238       FreeLibrary
 0001:00000240       LocalAlloc
 0001:00000248       LocalFree
 0001:00000250       TlsAlloc
 0001:00000258       TlsFree
 0001:00000260       TlsGetValue
 0001:00000268       TlsSetValue
 0001:00000270       AllocTlsBuffer
 0001:0000027C       GetTlsSize
 0001:00000284       InitThreadTLS
 0001:000002C8       InitProcessTLS
 0001:000002F4       ExitThreadTLS
 0001:0000031C       ExitProcessTLS
 0001:00000340       InitializeModule
 0001:0000034C       UninitializeModule
 0001:00000370       @InitPkg
 0001:000003D4       @PackageLoad
 0001:000003E0       @PackageUnload
 0001:000003EC       Finalization
 0001:0000041C       SysInit
 0001:00000424       RegCloseKey
 0001:0000042C       RegOpenKeyEx
 0001:00000434       RegQueryValueEx
 0001:0000043C       CloseHandle
 0001:00000444       DeleteCriticalSection
 0001:0000044C       EnterCriticalSection
 0001:00000454       GetTickCount
 0001:0000045C       GlobalMemoryStatus
 0001:00000464       InitializeCriticalSection
 0001:0000046C       LeaveCriticalSection
 0001:00000474       ExtTextOut
 0001:0000047C       GetNearestColor
 0001:00000484       SetBkMode
 0001:0000048C       DrawEdge
 0001:00000494       DrawText
 0001:0000049C       GetCursor
 0001:000004A4       GetSystemMetrics
 0001:000004AC       InflateRect
 0001:000004B4       LoadBitmap
 0001:000004BC       LoadCursor
 0001:000004C4       PostMessage
 0001:000004CC       SetCursor
 0001:000004D4       MoveMemory
 0001:000004DC       CopyMemory
 0001:000004E4       FillMemory
 0001:000004F0       Finalization
 0001:00000520       Windows
 0001:00000880       Finalization
 0001:000008B0       Messages
 0001:00000A08       Finalization
 0001:00000A38       ShlObj
 0001:00000A40       Finalization
 0001:00000A70       UrlMon
 0001:00000A78       Finalization
 0001:00000AA8       WinInet
 0001:00000AB0       Finalization
 0001:00000AE0       RegStr
 0001:00000AE8       Finalization
 0001:00000B18       ShellAPI
 0001:00000B20       Finalization
 0001:00000B50       CommCtrl
 0001:00001178       Finalization
 0001:000011A8       Imm
 0001:000013C8       Finalization
 0001:000013F8       WinSpool
 0001:00001400       Finalization
 0001:00001430       CommDlg
 0001:00001438       Finalization
 0001:00001468       Dlgs
 0001:000014B0       Finalization
 0001:000014E0       RichEdit
 0001:00001E20       Finalization
 0001:00001E50       Mxconsts
 0001:00002A80       GetAvailableMem
 0001:00002A98       SetMemoryCapacity
 0001:00002AA0       GetMemoryCapacity
 0001:00002AA8       CheckLowCapacity
 0001:00002AC8       LowCapacityError
 0001:00002AE0       CmpWord
 0001:00002B18       CmpSmallInt
 0001:00002B24       CmpInteger
 0001:00002B44       CmpSingle
 0001:00002B90       CmpDouble
 0001:00002BE0       CmpCurrency
 0001:00002C3C       CmpString
 0001:00002C48       ArrayDuplicateError
 0001:00002C60       ArrayIndexError
 0001:00002C8C       TBaseArray.Create
 0001:00002CF8       TBaseArray.Destroy
 0001:00002D30       TBaseArray.SetCount
 0001:00002D80       TBaseArray.Clear
 0001:00002DA8       TBaseArray.SetCapacity
 0001:00002E1C       TBaseArray.Grow
 0001:00002E54       TBaseArray.GetLimit
 0001:00002E64       TBaseArray.Insert
 0001:00002E6C       TBaseArray.InsertAt
 0001:00002F38       TBaseArray.ValidIndex
 0001:00002F50       TBaseArray.RemoveItem
 0001:00002F58       TBaseArray.Delete
 0001:00002FD0       TBaseArray.RemoveRange
 0001:00003050       TBaseArray.Exchange
 0001:00003054       TBaseArray.Sort
 0001:00003058       TBaseArray.CopyFrom
 0001:000030DC       TBaseArray.PutItem
 0001:0000317C       TBaseArray.GetItem
 0001:000031E4       TBaseArray.GetItemPtr
 0001:0000320C       TBaseArray.ValidateBounds
 0001:00003244       TBaseArray.InvalidateItems
 0001:00003248       TBaseArray.HasFlag
 0001:00003258       TBaseArray.SetFlag
 0001:00003270       TBaseArray.ClearFlag
 0001:00003288       TBaseArray.SetAutoSize
 0001:000032A0       TBaseArray.GetAutoSize
 0001:000032A8       TBaseArray.IndexOf
 0001:00003314       TBaseArray.FindItem
 0001:00003390       TBaseArray.BlockCopy
 0001:00003420       TBaseArray.InternalHandleException
 0001:00003440       TIntArray.Create
 0001:00003484       TIntArray.PutItem
 0001:00003508       TIntArray.GetItem
 0001:0000356C       TIntArray.Add
 0001:000035BC       TIntArray.Assign
 0001:0000363C       TIntArray.Find
 0001:000036B8       TSingleArray.Create
 0001:000036FC       TSingleArray.PutItem
 0001:00003784       TSingleArray.GetItem
 0001:000037E8       TSingleArray.Add
 0001:00003838       TSingleArray.Assign
 0001:000038BC       TSingleArray.Find
 0001:0000393C       TSingleArray.IndexOf
 0001:000039A8       TDoubleArray.Create
 0001:000039EC       TDoubleArray.PutItem
 0001:00003A78       TDoubleArray.GetItem
 0001:00003AE4       TDoubleArray.Add
 0001:00003B38       TDoubleArray.Assign
 0001:00003BBC       TDoubleArray.Find
 0001:00003C3C       TDoubleArray.IndexOf
 0001:00003CAC       TCurrencyArray.Create
 0001:00003CF0       TCurrencyArray.PutItem
 0001:00003D7C       TCurrencyArray.GetItem
 0001:00003DE8       TCurrencyArray.Add
 0001:00003E3C       TCurrencyArray.Assign
 0001:00003EC0       TCurrencyArray.Find
 0001:00003F40       TCurrencyArray.IndexOf
 0001:00003FB0       TSmallIntArray.Create
 0001:00003FF4       TSmallIntArray.PutItem
 0001:00004078       TSmallIntArray.GetItem
 0001:000040E0       TSmallIntArray.Add
 0001:00004134       TSmallIntArray.Assign
 0001:000041B4       TWordArray.Create
 0001:000041F8       TWordArray.PutItem
 0001:0000427C       TWordArray.GetItem
 0001:000042E4       TWordArray.Add
 0001:00004338       TWordArray.Assign
 0001:000043B8       TWordArray.Find
 0001:00004438       TWordArray.IndexOf
 0001:000044A4       TPointerArray.Create
 0001:000044F0       TPointerArray.CopyFrom
 0001:0000456C       TPointerArray.CopyTo
 0001:000045D0       TPointerArray.PutData
 0001:00004620       TPointerArray.GetData
 0001:00004644       TPointerArray.FreeItem
 0001:00004648       TPointerArray.InvalidateItems
 0001:000046C0       TPointerArray.CloneItem
 0001:000046C4       TStringArray.Create
 0001:00004714       TStringArray.Add
 0001:00004770       TStringArray.Exchange
 0001:000047A4       TStringArray.ExchangeItems
 0001:000047C8       TStringArray.Find
 0001:00004874       TStringArray.GetObject
 0001:00004898       TStringArray.Grow
 0001:000048CC       TStringArray.IndexOf
 0001:0000496C       TStringArray.Insert
 0001:000049F0       TStringArray.InsertItem
 0001:00004AD0       TStringArray.PutString
 0001:00004B4C       TStringArray.GetString
 0001:00004BA0       TStringArray.PutObject
 0001:00004BC4       TStringArray.QuickSort
 0001:00004C80       TStringArray.Sort
 0001:00004C98       TStringArray.AddStrings
 0001:00004D2C       TStringArray.Assign
 0001:00004D88       TStringArray.InvalidateItems
 0001:00004D9C       VariantTypeToName
 0001:00004F60       TCustomArray.Create
 0001:000050B0       TCustomArray.Destroy
 0001:000050F0       TCustomArray.UnsupportedTypeError
 0001:00005160       TCustomArray.GetMemberCount
 0001:00005168       TCustomArray.GetItem
 0001:000052C4       TCustomArray.GetDouble
 0001:000052DC       TCustomArray.GetCurrency
 0001:000052F4       TCustomArray.GetInteger
 0001:00005300       TCustomArray.IsBlank
 0001:000053BC       TCustomArray.SetItem
 0001:00005630       TCustomArray.IndexOf
 0001:00005858       TCustomArray.Assign
 0001:00005910       TCustomArray.Add
 0001:00005B14       TCustomArray.GetCompProc
 0001:00005B1C       TCustomArray.SetCompProc
 0001:00005B24       TCustomArray.SetSize
 0001:00005B34       TCustomArray.MemoryUsage
 0001:00005B44       TCustomArray.GetSort
 0001:00005B50       TCustomArray.SetSort
 0001:00005B58       TCustomArray.GetDups
 0001:00005B60       TCustomArray.SetDups
 0001:00005B68       TCustomArray.ConvertVar
 0001:00005C98       TTwoDimArray.Create
 0001:00005CDC       TTwoDimArray.Destroy
 0001:00005D8C       TTwoDimArray.SetSize
 0001:00005E00       TTwoDimArray.GetElement
 0001:00005E6C       TTwoDimArray.SetElement
 0001:00005EE4       TIndexArray.Create
 0001:00005F34       TIndexArray.Destroy
 0001:00005FE8       TIndexArray.SetSize
 0001:00006024       TIndexArray.Expand
 0001:000060CC       TIndexArray.GetElement
 0001:000060E8       TIndexArray.SetElement
 0001:00006130       TIndexArray.Add
 0001:00006164       TThreadCustomArray.Create
 0001:000061C4       TThreadCustomArray.Destroy
 0001:00006240       TThreadCustomArray.Add
 0001:000062EC       TThreadCustomArray.LockArray
 0001:00006300       TThreadCustomArray.GetItem
 0001:00006354       TThreadCustomArray.MemoryUsage
 0001:000063A4       TThreadCustomArray.UnlockArray
 0001:000063B0       Finalization
 0001:000063E0       Mxarrays
 0001:00006AC4       TProgressDialog.StartBuild
 0001:00006B9C       TProgressDialog.UpdateProgress
 0001:00006BC4       TProgressDialog.GetMax
 0001:00006BCC       TProgressDialog.SetMax
 0001:00006C70       TProgressDialog.StepProgress
 0001:00006CC4       TProgressDialog.ShowStatus
 0001:00006D28       TProgressDialog.CancelButtonClick
 0001:00006D54       TProgressDialog.SetInterval
 0001:00006D78       TProgressDialog.Reset
 0001:00006D8C       TProgressDialog.FormActivate
 0001:00006DB0       TProgressDialog.FormCreate
 0001:00006DF4       Finalization
 0001:00006E24       MXPBAR
 0001:00007698       Finalization
 0001:000076C8       MXQEDCOM
 0001:00007944       FormatVariantQuoted
 0001:00007AE8       TXtabQuery.Create
 0001:00007C10       TXtabQuery.Destroy
 0001:00007C50       TXtabQuery.setSQLString
 0001:00007E0C       TXtabQuery.getSQLString
 0001:00007E40       TXtabQuery.AddTable
 0001:00007EA8       TXtabQuery.getDialectSQLString
 0001:00007EDC       TXtabQuery.IsLegal
 0001:00007F10       TXtabQuery.AllDimensionsGrouped
 0001:00007F40       TXtabQuery.AddNewItem
 0001:00008218       TXtabQuery.DeleteProjector
 0001:000083D8       TXtabQuery.DeleteGroupBys
 0001:0000841C       TXtabQuery.DeleteDimensions
 0001:0000849C       TXtabQuery.DeleteSummaries
 0001:0000851C       TXtabQuery.DeleteProjectors
 0001:00008548       TXtabQuery.FixUpGroupBys
 0001:00008654       TXtabQuery.AddWhereOp
 0001:000087F4       TXtabQuery.AddWhereCondition
 0001:000088FC       TXtabQuery.getNProjectors
 0001:00008904       TXtabQuery.getNDimensions
 0001:0000890C       TXtabQuery.getNAggregates
 0001:00008914       TXtabQuery.getProjector
 0001:0000893C       TXtabQuery.getAggregate
 0001:00008964       TXtabQuery.getDimension
 0001:0000898C       TXtabQuery.getNTables
 0001:000089B8       TXtabQuery.getTableName
 0001:000089FC       TXtabQuery.buildProjectorMaps
 0001:00008E94       TXtabQuery.XtabProjType
 0001:00008F70       TXtabQuery.GetProjFieldType
 0001:00008FB8       TXtabQuery.GetExprFieldType
 0001:000090C0       BDEcheck
 0001:000090CC       ptToQNode
 0001:00009118       BDEDLLPath
 0001:00009228       Finalization
 0001:00009258       MXQPARSE
 0001:000096B4       BuildMasterDimensionMap
 0001:000097C8       BuildDimensionMap
 0001:000099A0       AddDimensionItem
 0001:00009AD0       RemoveDimensionItem
 0001:00009B04       TQueryDims.Create
 0001:00009B44       TQueryDims.GetQueryDim
 0001:00009B58       TQueryDims.SetQueryDim
 0001:00009B78       TQueryDims.Add
 0001:00009B84       Finalization
 0001:00009BB4       MXTABLES
 0001:0000A230       IsBDEAvailable
 0001:0000A2D4       GetAggName
 0001:0000A4B8       FieldTypeToVarType
 0001:0000A4C8       TDimensionItems.Create
 0001:0000A514       TDimensionItems.GetOwner
 0001:0000A518       TDimensionItems.GetDimensionItem
 0001:0000A52C       TDimensionItems.NotifyOwner
 0001:0000A534       TDimensionItems.SetDimensionItem
 0001:0000A554       TDimensionItems.Add
 0001:0000A560       TDimensionItems.Assign
 0001:0000A568       TDimensionItems.GetDimCount
 0001:0000A5A0       TDimensionItems.GetSumCount
 0001:0000A5D8       TDimensionItems.GetActiveDimCount
 0001:0000A620       TDimensionItems.GetActiveSumCount
 0001:0000A668       TDimensionItems.AlreadyExists
 0001:0000A6FC       TDimensionItems.AddDerivedField
 0001:0000A7E0       TDimensionItems.AverageFieldCheck
 0001:0000A974       TDimensionItem.Create
 0001:0000A9E0       TDimensionItem.Assign
 0001:0000AA48       TDimensionItem.SetName
 0001:0000AAA0       TDimensionItem.SetBaseName
 0001:0000AAF8       TDimensionItem.SetFieldName
 0001:0000AB50       TDimensionItem.SetDerivedFrom
 0001:0000AB5C       TDimensionItem.SetFormat
 0001:0000ABB4       TDimensionItem.SetFieldType
 0001:0000ABC0       TDimensionItem.SetType
 0001:0000ABCC       TDimensionItem.SetActive
 0001:0000ABD8       TDimensionItem.SetActiveFlag
 0001:0000ABF8       TDimensionItem.InitializeRange
 0001:0000ABFC       TDimensionItem.NotifyCollection
 0001:0000AC08       TDimensionItem.IsDimension
 0001:0000AC10       TDimensionItem.IsSummary
 0001:0000AC18       TTicks.Create
 0001:0000ACB0       TTicks.Destroy
 0001:0000ACF0       TTicks.Clear
 0001:0000AD30       TTicks.Ticks
 0001:0000AE14       TTicks.TicksIntArray
 0001:0000AECC       TTicks.TicksSmallIntArray
 0001:0000AF84       TTicks.Dump
 0001:0000B0A4       LogicalDataSetMatch
 0001:0000B1EC       BuildMap
 0001:0000B750       isMapLegal
 0001:0000B7E4       VerifyRTQuery
 0001:0000B804       BuildDataSetMap
 0001:0000B88C       IsAggValid
 0001:0000B904       AddToQuerySelect
 0001:0000BA3C       CheckIfEmptyQuery
 0001:0000BB00       UpdateDesigner
 0001:0000BB44       FormatVariant
 0001:0000BC44       NextArg
 0001:0000BD08       ConvertToVariant
 0001:0000BE24       TBinData.create
 0001:0000BE84       TBinData.destroy
 0001:0000BEF0       TBinData.Assign
 0001:0000BF84       TBinData.AddBinValue
 0001:0000C060       TBinData.AddBinValues
 0001:0000C0E0       TBinData.BinValueCount
 0001:0000C150       TBinData.GetAllBinValueCount
 0001:0000C180       TBinData.GetBinValue
 0001:0000C1F4       TBinData.GetBinValues
 0001:0000C2CC       TBinData.GetBinName
 0001:0000C2E8       TBinData.GetBinCount
 0001:0000C2F4       TBinData.GetBinNameDataType
 0001:0000C2F8       TBinData.GetMaxBinNameSize
 0001:0000C390       TBinData.Clear
 0001:0000C3CC       TBinData.AddBin
 0001:0000C458       TBinData.FindName
 0001:0000C4FC       TBinData.GetIBinValue
 0001:0000C55C       TBinData.GetIBinValueCount
 0001:0000C5B4       TBinData.AddIBinValue
 0001:0000C630       HookToDataBase
 0001:0000C6B4       Finalization
 0001:0000C6E4       MXCOMMON
 0001:0000D3DC       TestMatch
 0001:0000D484       GetDisplayFormat
 0001:0000D4C8       GetPrecision
 0001:0000D4E0       IsDateField
 0001:0000D4F4       MatchIndex
 0001:0000D574       VarScan
 0001:0000D658       CurrencyScan
 0001:0000D6E8       IntScan
 0001:0000D770       DoubleScan
 0001:0000D7FC       CalcTotals1
 0001:0000D940       VarScan
 0001:0000DA24       CurrencyScan
 0001:0000DAB8       IntScan
 0001:0000DB44       DoubleScan
 0001:0000DBD4       CalcTotals2
 0001:0000DD24       TCustomDataStore.Create
 0001:0000DDD0       TCustomDataStore.Destroy
 0001:0000DE20       TCustomDataStore.SetDesignState
 0001:0000DE30       TCustomDataStore.GetCubeState
 0001:0000DE88       TCustomDataStore.SetState
 0001:0000DE94       TCustomDataStore.GetActive
 0001:0000DE9C       TCustomDataStore.SetActive
 0001:0000DF54       TCustomDataStore.OpenCache
 0001:0000DFA0       TCustomDataStore.CloseCache
 0001:0000DFB4       TCustomDataStore.GetDataSource
 0001:0000DFBC       TCustomDataStore.SetDataSource
 0001:0000DFF4       TCustomDataStore.SetDataSet
 0001:0000E020       TCustomDataStore.Notification
 0001:0000E048       TCustomDataStore.GetDataSet
 0001:0000E04C       TCustomDataStore.LayoutChanged
 0001:0000E058       TCustomDataStore.ActiveChanged
 0001:0000E05C       TCustomDataStore.StateChanged
 0001:0000E060       TCustomDataStore.GetDimensionName
 0001:0000E0F4       TCustomDataStore.GetMemberAsString
 0001:0000E118       TCustomDataStore.GetMemberAsVariant
 0001:0000E13C       TCustomDataStore.GetDomain
 0001:0000E168       TCustomDataStore.GetDimensionMemberCount
 0001:0000E174       TCustomDataStore.GetDimensionCount
 0001:0000E180       TCustomDataStore.GetSummaryCount
 0001:0000E18C       TCustomDataStore.GetSummaryName
 0001:0000E220       TCustomDataStore.GetSummaryAsString
 0001:0000E23C       TCustomDataStore.GetSummaryAsVariant
 0001:0000E258       TCustomDataStore.GetCurrentSummary
 0001:0000E260       TCustomDataStore.SetCurrentSummary
 0001:0000E27C       TCustomDataStore.GetMemoryUsage
 0001:0000E294       TCustomDataStore.BinMapHasBinData
 0001:0000E2E0       TCustomDataStore.GetDimensionMapCount
 0001:0000E2EC       TCustomDataStore.SetCapacity
 0001:0000E2F4       TCustomDataStore.GetCapacity
 0001:0000E2FC       TCustomDataStore.DoBeforeOpen
 0001:0000E310       TCustomDataStore.DoAfterOpen
 0001:0000E324       TCustomDataStore.DoBeforeClose
 0001:0000E338       TCustomDataStore.DoAfterClose
 0001:0000E34C       TCustomDataStore.DoOnRefresh
 0001:0000E36C       TCustomDataStore.SetMaxDims
 0001:0000E384       TCustomDataStore.SetMaxSums
 0001:0000E390       TCustomDataStore.SetBinData
 0001:0000E39C       TCustomDataStore.CheckDimensionMap
 0001:0000E5E8       TCustomDataStore.SetLoadMap
 0001:0000EC24       TCustomDataStore.CanDimBeClosed
 0001:0000EC28       TCustomDataStore.CanSumBeClosed
 0001:0000EC2C       HardRebuild
 0001:0000EC4C       TCustomDataStore.Refresh
 0001:0000ED04       TCustomDataStore.CalcSubTotals
 0001:0000F014       GetIntProp
 0001:0000F040       TBinTable.CleanUp
 0001:0000F054       GetDimFromFieldName
 0001:0000F0F4       TBinTable.Attach
 0001:0000F3F8       GetStandardLanguageDriver
 0001:0000F4E0       TBinTable.CreateTempTable
 0001:0000F9BC       TBinTable.CreateIndexTable
 0001:0000FB2C       TBinTable.save
 0001:0000FBA8       TBinTable.GetTableTypeName
 0001:0000FC68       TBinTable.EncodeFieldDesc
 0001:0000FCE0       TBinTable.GetHandle
 0001:0000FCE8       TBinTable.CreateHandle
 0001:0000FD4C       TBinTable.GetTableLevel
 0001:0000FD78       TBinTable.EmptyTable
 0001:0000FE64       TBinTable.SetTableName
 0001:0000FE94       TBinTable.SetTableType
 0001:0000FEB0       TBinTable.IsDBaseTable
 0001:0000FF2C       TBinTable.GetDriverTypeName
 0001:0000FF8C       TBinTable.GetCanModify
 0001:0000FF90       GetDimFromFieldName
 0001:00010030       TBinTable.FillRecord
 0001:0001011C       TBinTable.HandleKeyViol
 0001:00010394       TBinTable.BinPost
 0001:0001042C       TBinTable.CheckKeyViol
 0001:00010450       TMultiDimDataLink.Create
 0001:00010494       TMultiDimDataLink.Destroy
 0001:000104BC       DBCompareString
 0001:000104D0       TMultiDimDataLink.DoUpdateCache
 0001:0001063C       CleanUp
 0001:00010684       TMultiDimDataLink.UpdateCache
 0001:00010BE4       TypeError
 0001:00010C68       AddDim
 0001:00010E08       AddSum
 0001:00010E88       TMultiDimDataLink.UpdateDimensions
 0001:00010F68       FromFieldPos
 0001:00010FAC       TMultiDimDataLink.FetchValues
 0001:00011378       FromFieldName
 0001:000113FC       CleanUp
 0001:00011424       TMultiDimDataLink.FetchAndBinValues
 0001:00011A0C       CleanUp
 0001:00011A28       ShowProgress
 0001:00011AA0       TMultiDimDataLink.CreateSummaryIndex
 0001:00012130       TMultiDimDataLink.EstimateCapacity
 0001:000121D0       TMultiDimDataLink.AddDimension
 0001:000122EC       TMultiDimDataLink.AddSummary
 0001:00012534       TMultiDimDataLink.UpdateFormatStrings
 0001:000125F4       TMultiDimDataLink.ActiveChanged
 0001:00012600       TMultiDimDataLink.LayoutChanged
 0001:00012604       TDataCache.Create
 0001:00012654       TDataCache.Destroy
 0001:00012680       TDataCache.Init
 0001:000126E0       TDataCache.FreeCache
 0001:00012788       TDataCache.GetDimensionCount
 0001:00012798       TDataCache.GetSummaryCount
 0001:000127A8       TDataCache.GetDimension
 0001:000127C8       TDataCache.SetDimension
 0001:000127D4       TDataCache.GetSummary
 0001:000127F4       TDataCache.AppendDimension
 0001:00012878       TDataCache.AppendSummary
 0001:00012910       TDataCache.IsDimension
 0001:0001294C       TDataCache.IsSummary
 0001:00012988       TDataCache.SummaryFromPosition
 0001:000129C4       TDataCache.SummaryFromFieldName
 0001:00012A48       TDataCache.SummaryFromCubeDimIndex
 0001:00012A84       TDataCache.GetSummaryName
 0001:00012AB8       TDataCache.GetDimensionName
 0001:00012AEC       TDataCache.GetDimensionMember
 0001:00012B94       TDataCache.GetDimensionMemberAsVariant
 0001:00012C40       TDataCache.GetDimensionMemberCount
 0001:00012C64       TDataCache.HasSubTotals
 0001:00012C98       TDataCache.HasValidSubTotals
 0001:00012D38       TDataCache.GetScope
 0001:00012E6C       TDataCache.IncSummaryIndex
 0001:00012F4C       TDataCache.GetAggSummary
 0001:0001301C       TDataCache.GetBaseSummary
 0001:000130DC       TDataCache.GetSummaryAsString
 0001:00013164       TDataCache.GetSummaryAsVariant
 0001:0001320C       TDataCache.IsIndexSparse
 0001:00013270       InitIndex
 0001:000132C4       GetRange
 0001:00013318       TDataCache.GetDomain
 0001:000135DC       TDataCache.SetActiveSummary
 0001:00013608       CalcThreadProc
 0001:000136E4       TDataCache.CalcSubTotals
 0001:00013708       TDataCache.CreateTable
 0001:0001397C       TDataCache.GetIndexCount
 0001:00013984       TDataCache.AddAggIndex
 0001:00013B20       TDataCache.AddIndex
 0001:00013BC4       TDataCache.GetMemoryUsage
 0001:00013C44       TDataCache.GetSuccess
 0001:00013C4C       TDataCache.SetSuccess
 0001:00013C60       TDataCache.GetPreCalcTotals
 0001:00013C68       TDataCache.SetPreCalcTotals
 0001:00013C7C       TDataCache.GetSparsing
 0001:00013C84       TDataCache.SetSparsing
 0001:00013C98       TDataCache.GetHasIndex
 0001:00013CA0       TDataCache.SetHasIndex
 0001:00013CB4       TDataCache.DimensionFromFieldName
 0001:00013D40       TDataCache.ClearIndexInfo
 0001:00013D84       TDataCache.IsBlankSummary
 0001:00013DA0       AggAverage
 0001:00013E84       TSummary.Create
 0001:00013F14       TSummary.Destroy
 0001:00013F74       TSummary.SetFieldType
 0001:00013F80       TSummary.GetFieldType
 0001:00013F88       TSummary.SetPosition
 0001:00013F8C       TSummary.SetFlag
 0001:00013FA4       TSummary.AddSum
 0001:00014008       TSummary.AddSubTotal
 0001:00014068       TSummary.AddIndexInfo
 0001:00014134       TSummary.HasFlag
 0001:00014144       TSummary.SetName
 0001:00014190       TSummary.GetName
 0001:000141A4       TSummary.IsSparse
 0001:000141B0       TSummary.MemoryUsage
 0001:000141E0       TSummary.UpdateIndexInfo
 0001:000142A0       TSummary.SetAggregator
 0001:0001441C       TSummary.GetDerived
 0001:00014424       TSummary.ClearTotals
 0001:00014458       TDimension.Create
 0001:000144B8       TDimension.Destroy
 0001:000144EC       TDimension.SetFieldType
 0001:000144F8       TDimension.GetFieldType
 0001:00014500       TDimension.SetPosition
 0001:00014504       TDimension.SetName
 0001:00014550       TDimension.GetName
 0001:00014568       TDimension.SetFlag
 0001:00014580       TDimension.HasFlag
 0001:00014590       TDimension.ClearFlag
 0001:000145A8       TDimension.SetRangeCounting
 0001:000145CC       TDimension.AssignSorted
 0001:000145D8       TDimension.IsString
 0001:000145E4       TDimension.SetRange
 0001:000145E8       TFieldDefinition.Create
 0001:00014624       TFieldDefinition.FormatVariantToStr
 0001:0001485C       TFieldDefinition.SetFieldType
 0001:0001487C       TFieldDefinition.SetName
 0001:000148C8       TBuilderDim.Create
 0001:00014924       TBuilderDim.Destroy
 0001:00014964       TBuilderDim.InitSummary
 0001:00014988       TBuilderDim.Add
 0001:000149EC       TBuilderDim.AddSummary
 0001:00014A88       TBuilderDim.MatchLastVal
 0001:00014B1C       VarToCubeStr
 0001:00014BB0       TBuilderDim.SetLastVal
 0001:00014CDC       TBuilderDim.GetLastVal
 0001:00014CF0       TBuilderDim.GetSummary
 0001:00014DB4       TBuilderDim.GetSumCount
 0001:00014DC0       TCubeDims.Create
 0001:00014E00       TCubeDims.GetOwner
 0001:00014E08       TCubeDims.GetCubeDim
 0001:00014E1C       TCubeDims.SetCubeDim
 0001:00014E3C       TCubeDims.Add
 0001:00014E48       TCubeDims.Assign
 0001:00014E50       TCubeDims.GetDirtyFlag
 0001:00014E94       TCubeDim.Create
 0001:00014EEC       TCubeDim.Destroy
 0001:00014F20       TCubeDim.Assign
 0001:00014F9C       TCubeDim.InitializeRange
 0001:00015004       TCubeDim.GetLoaded
 0001:00015008       TCubeDim.SetLoaded
 0001:00015064       TCubeDim.NotifyCollection
 0001:00015070       TCubeDim.DataSetTransform
 0001:000151B0       TCubeDim.YearTransform
 0001:000152A4       TCubeDim.MonthTransform
 0001:00015390       GetQuarterRange
 0001:00015434       TCubeDim.QuarterTransform
 0001:0001549C       TCubeDim.AssignBinTypeTransform
 0001:000154D8       TCubeDim.AssignBinTypeFormat
 0001:00015558       TCubeDim.SetBin
 0001:0001564C       TCubeDim.GetBin
 0001:00015650       TCubeDim.SetDate
 0001:000156B0       TCubeDim.SetStart
 0001:000157BC       TCubeDim.DefineProperties
 0001:00015884       TCubeDim.ReadDateBin
 0001:000159D4       TCubeDim.ReadStartDate
 0001:000159F4       TCubeDim.ReadStartValue
 0001:00015AA8       TCubeDim.WriteStartValue
 0001:00015AE0       TCubeDim.ReadActive
 0001:00015AFC       TCubeDim.WriteActive
 0001:00015B08       TCubeDim.IsBinData
 0001:00015B14       TCubeDim.DoTransform
 0001:00015B28       TCubeDim.GetBinValues
 0001:00015CA0       TIndexInfo.Create
 0001:00015D0C       TIndexInfo.Destroy
 0001:00015D90       TIndexInfo.Add
 0001:00015E1C       TIndexInfo.IsSparse
 0001:00015E34       TIndexInfo.SetCapacity
 0001:00015E84       TIndexInfo.GetCapacity
 0001:00015E8C       TIndexInfo.IsSparseAgg
 0001:00015EA8       TIndexInfo.AddOffset
 0001:00015EFC       TIndexInfo.LockIndex
 0001:00015F10       TIndexInfo.UnlockIndex
 0001:00015F1C       Finalization
 0001:00015F4C       Mxstore
 0001:00016494       TPivotButton.Create
 0001:0001654C       TPivotButton.Destroy
 0001:00016584       TPivotButton.SetDecisionSource
 0001:00016594       TPivotButton.SetMyDim
 0001:000165A0       TPivotButton.SetType
 0001:000165A8       TPivotButton.NewState
 0001:000166E4       TPivotButton.CMDesignHitTest
 0001:00016730       TPivotButton.Click
 0001:00016780       TPivotButton.MouseUp
 0001:000167D0       TPivotButton.MouseDown
 0001:00016804       TPivotButton.MouseMove
 0001:00016888       TPivotButton.DragCanceled
 0001:00016890       TPivotButton.SetState
 0001:00016898       TPivotButton.SelectButtonProperties
 0001:000169D8       TPivotButton.SelectButtonValue
 0001:00016DC0       TPivotButton.EHOnValue
 0001:00017220       TPivotButton.EHOnProperty
 0001:0001731C       TPivotButton.Paint
 0001:00017BB0       TPivotButton.DragOver
 0001:00017CBC       TPivotButton.DragDrop
 0001:00017D84       TQuickMenu.Clear
 0001:00017DA4       TQuickMenu.PopUpAtMe
 0001:00017DE8       TQuickMenu.AddLine
 0001:00017E68       TQuickMenu.SetTitle
 0001:00017EDC       TQuickMenu.EHOnItemClick
 0001:00017F40       Finalization
 0001:00017F70       MXBUTTON
 0001:000186E0       ShowDSSCubeEditor
 0001:000187A8       TDssCubeEditor.Create
 0001:000187FC       TDssCubeEditor.Destroy
 0001:0001882C       TDssCubeEditor.SInitialize
 0001:00018A00       TDssCubeEditor.SFinalize
 0001:00018C74       TDssCubeEditor.UpdateLists
 0001:00018D48       TDssCubeEditor.InitializePanel
 0001:00018E68       TDssCubeEditor.FieldListClick
 0001:00018EE4       TDssCubeEditor.InitEdit
 0001:00019274       TDssCubeEditor.CommitEdit
 0001:00019658       TDssCubeEditor.InitCapacityPage
 0001:00019964       TDssCubeEditor.RadioMetaDataClick
 0001:00019974       TDssCubeEditor.RadioDimensionDataClick
 0001:00019984       TDssCubeEditor.RadioAllDataClick
 0001:00019994       TDssCubeEditor.RadioNoDataClick
 0001:000199A4       TDssCubeEditor.OKButtonClick
 0001:00019A0C       TDssCubeEditor.HandleFieldEdit
 0001:00019C4C       TDssCubeEditor.HandleBeginEdit
 0001:00019C54       TDssCubeEditor.ActiveEditChange
 0001:00019C5C       TDssCubeEditor.CancelButtonClick
 0001:00019C64       TDssCubeEditor.PagerChange
 0001:00019CAC       TDssCubeEditor.GetValueCounts
 0001:00019F28       TDssCubeEditor.GetCellCountsClick
 0001:00019F44       TDssCubeEditor.FormKeyPress
 0001:00019F60       TDssCubeEditor.HelpButtonClick
 0001:00019F74       Finalization
 0001:00019FA4       MXDCUBE
 0001:0001AA50       TDecisionSource.SetDimGroup
 0001:0001AA98       TDecisionSource.SetDimState
 0001:0001AAF4       TDecisionSource.GetGroupCount
 0001:0001AB00       TDecisionSource.GetGroup
 0001:0001AB1C       TDecisionSource.GetIndex
 0001:0001AB4C       TDecisionSource.GetState
 0001:0001AB64       TDecisionSource.GetRowState
 0001:0001AB84       TDecisionSource.GetValue
 0001:0001ABA0       TDecisionSource.GetDims
 0001:0001ABA8       TDecisionSource.GetSums
 0001:0001ABB0       TDecisionSource.GetCurrentSum
 0001:0001ABB8       TDecisionCube.Create
 0001:0001AC24       TDecisionCube.Destroy
 0001:0001AC74       TDecisionCube.CanDimBeClosed
 0001:0001AD4C       TDecisionCube.CanSumBeClosed
 0001:0001AE14       TDecisionCube.AddDataSource
 0001:0001AE30       TDecisionCube.RemoveDataSource
 0001:0001AE44       TDecisionCube.NotifyDataSources
 0001:0001AE78       TDecisionCube.CubeSetActive
 0001:0001AEA8       TDecisionCube.CubeGetActive
 0001:0001AEBC       TDecisionCube.StateChanged
 0001:0001AF3C       TDecisionCube.GetSparsing
 0001:0001AF48       TDecisionCube.ShowCubeDialog
 0001:0001B008       TDecisionCube.GetSQL
 0001:0001B030       TDecisionCube.GetDetailSQL
 0001:0001B090       TDecisionCube.GetAnySQL
 0001:0001B51C       TDecisionCube.SetSparsing
 0001:0001B528       TDecisionSource.Create
 0001:0001B5A0       TDecisionSource.Destroy
 0001:0001B628       TDecisionSource.GetRowSparsing
 0001:0001B630       TDecisionSource.SetRowSparsing
 0001:0001B66C       TDecisionSource.GetColSparsing
 0001:0001B674       TDecisionSource.SetColSparsing
 0001:0001B6B0       TDecisionSource.DefineProperties
 0001:0001B7E8       TDecisionSource.ReadDimCount
 0001:0001B800       TDecisionSource.WriteDimCount
 0001:0001B820       TDecisionSource.ReadSumCount
 0001:0001B838       TDecisionSource.WriteSumCount
 0001:0001B848       TDecisionSource.ReadCurrentSum
 0001:0001B860       TDecisionSource.WriteCurrentSum
 0001:0001B870       TDecisionSource.ReadRowSparse
 0001:0001B888       TDecisionSource.WriteRowSparse
 0001:0001B898       TDecisionSource.ReadColSparse
 0001:0001B8B0       TDecisionSource.WriteColSparse
 0001:0001B8C0       TDecisionSource.ReadDimInfo
 0001:0001B9EC       TDecisionSource.WriteDimInfo
 0001:0001BAC8       TDecisionSource.BeginChange
 0001:0001BACC       TDecisionSource.EndChange
 0001:0001BB24       TDecisionSource.EnforceConstraints
 0001:0001BC40       TDecisionSource.SetUpData
 0001:0001BFE8       TDecisionSource.RebuildPivotState
 0001:0001C2C0       TDecisionSource.BuildLookups
 0001:0001C5FC       TDecisionSource.FetchPivotState
 0001:0001C608       TDecisionSource.StorePivotState
 0001:0001C62C       TDecisionSource.ProcessPivotState
 0001:0001C6E8       TDecisionSource.AddDatalink
 0001:0001C700       TDecisionSource.RemoveDatalink
 0001:0001C710       TDecisionSource.NotifyDataLinks
 0001:0001C7DC       TDecisionSource.OpenDimIndexRight
 0001:0001C894       TDecisionSource.CloseDimIndexRight
 0001:0001C960       TDecisionSource.OpenDimIndexLeft
 0001:0001CA04       TDecisionSource.ToggleDimIndex
 0001:0001CA6C       TDecisionSource.GetReady
 0001:0001CA70       TDecisionSource.GetDataAsString
 0001:0001CBD0       TDecisionSource.GetMemberAsString
 0001:0001CC1C       TDecisionSource.GetMemberAsVariant
 0001:0001CC6C       TDecisionSource.GetSummaryName
 0001:0001CC9C       TDecisionSource.SetCurrentSummary
 0001:0001CCE4       TDecisionSource.GetDimensionName
 0001:0001CD10       TDecisionSource.GetDimensionMemberCount
 0001:0001CD44       TDecisionSource.GetDataAsVariant
 0001:0001CEA4       TDecisionSource.Get2DDataAsVariant
 0001:0001CFB8       TDecisionSource.GetValueIndex
 0001:0001D11C       TDecisionSource.GetGroupExtent
 0001:0001D1B8       TDecisionSource.GetValueArray
 0001:0001D2D8       TDecisionSource.GetDecisionCube
 0001:0001D2DC       TDecisionSource.SetDecisionCube
 0001:0001D310       TDecisionSource.DecisionDataEvent
 0001:0001D36C       TDecisionDataLink.Create
 0001:0001D390       TDecisionDataLink.Destroy
 0001:0001D3C0       TDecisionDataLink.DecisionDataEvent
 0001:0001D3C4       TDecisionDataLink.SetDecisionSource
 0001:0001D3F8       TDimInfoArray.Create
 0001:0001D44C       TDimInfoArray.Destroy
 0001:0001D490       TDimInfoArray.Assign
 0001:0001D4E8       TDimInfoArray.IsEqual
 0001:0001D530       TDimInfoArray.GetGroupIndex
 0001:0001D59C       TDimInfoArray.GetGroupItem
 0001:0001D5C4       TDimInfoArray.GetGroupSize
 0001:0001D614       TDimInfoArray.GetGroupArray
 0001:0001D6D4       TDimInfoArray.GetItem
 0001:0001D700       TDimInfoArray.Find
 0001:0001D79C       TIArray.Create
 0001:0001D7EC       TIArray.Destroy
 0001:0001D81C       TIArray.Alloc
 0001:0001D85C       TIArray.Realloc
 0001:0001D8B0       TIArray.Assign
 0001:0001D8DC       TIArray.GetItem
 0001:0001D90C       TIArray.SetItem
 0001:0001D964       TIArray.InsertAt
 0001:0001D9CC       TIArray.RemoveItem
 0001:0001DA38       TDecisionSource.GetExampleRepCount
 0001:0001DAC4       TDecisionSource.GetActiveDim
 0001:0001DADC       TDecisionSource.DrillDimIndex
 0001:0001DB04       TDecisionSource.MoveDimIndexes
 0001:0001DCA0       TDecisionSource.SwapDimIndexes
 0001:0001DD80       TDecisionSource.DrillValue
 0001:0001DE04       TPivotState.Create
 0001:0001DE60       TPivotState.Destroy
 0001:0001DE94       TPivotState.Assign
 0001:0001DECC       TPivotState.IsEqual
 0001:0001DF18       Finalization
 0001:0001DF48       MXDB
 0001:0001F328       UsesBitmap
 0001:0001F34C       ReleaseBitmap
 0001:0001F368       WriteText
 0001:0001F534       TCustomDecisionGrid.Create
 0001:0001F838       TCustomDecisionGrid.Destroy
 0001:0001F8EC       TCustomDecisionGrid.Notification
 0001:0001F934       TCustomDecisionGrid.RawToDataCoord
 0001:0001F960       TCustomDecisionGrid.DataToRawCoord
 0001:0001F98C       TCustomDecisionGrid.DataToRawX
 0001:0001F9A4       TCustomDecisionGrid.DataToRawY
 0001:0001F9BC       TCustomDecisionGrid.NewDataStructure
 0001:0001FB74       TCustomDecisionGrid.NewGridLayout
 0001:0001FDA8       TCustomDecisionGrid.InitializeGridCells
 0001:0001FF94       TCustomDecisionGrid.GetHitTypes
 0001:00020448       TCustomDecisionGrid.GetSpecialState
 0001:000204A0       TCustomDecisionGrid.GetDataPoint
 0001:000205F4       TCustomDecisionGrid.SetColWidth
 0001:00020610       TCustomDecisionGrid.SetRowHeight
 0001:00020634       TCustomDecisionGrid.SetGridLineWidth
 0001:00020640       TCustomDecisionGrid.SetGridLineColor
 0001:0002064C       TCustomDecisionGrid.SetLabelFont
 0001:00020664       TCustomDecisionGrid.SetLabelColor
 0001:00020670       TCustomDecisionGrid.SetLabelSumColor
 0001:0002067C       TCustomDecisionGrid.SetCaptionFont
 0001:00020694       TCustomDecisionGrid.SetCaptionColor
 0001:000206A0       TCustomDecisionGrid.SetDataFont
 0001:000206B8       TCustomDecisionGrid.SetDataColor
 0001:000206C4       TCustomDecisionGrid.SetDataSumColor
 0001:000206D0       TCustomDecisionGrid.FontChanged
 0001:000206D8       TCustomDecisionGrid.SetOptions
 0001:00020700       TCustomDecisionGrid.DrawSpecialState
 0001:00020900       TCustomDecisionGrid.SelectCell
 0001:00020904       TCustomDecisionGrid.TopLeftChanged
 0001:00020928       TCustomDecisionGrid.ColWidthsChanged
 0001:000209DC       TCustomDecisionGrid.RowHeightsChanged
 0001:00020A78       TCustomDecisionGrid.CellRect
 0001:00020AC0       TCustomDecisionGrid.Paint
 0001:00020BC0       TCustomDecisionGrid.DrawCell
 0001:0002139C       TCustomDecisionGrid.WhichCoord
 0001:00021500       TCustomDecisionGrid.WhichCoordExCap
 0001:000215A0       TCustomDecisionGrid.MouseToDataCoord
 0001:000215E0       TCustomDecisionGrid.InvalidateTargetCell
 0001:00021628       TCustomDecisionGrid.GetHorzButtonPlace
 0001:000216CC       TCustomDecisionGrid.SetNearestTargetCell
 0001:0002189C       TCustomDecisionGrid.GetDimensionIndex
 0001:000218E8       TCustomDecisionGrid.PerformPivot
 0001:000219E0       TCustomDecisionGrid.MouseDown
 0001:000223E4       TCustomDecisionGrid.SelectGridOptions
 0001:000224C8       TCustomDecisionGrid.SelectDimOptions
 0001:000225A8       TCustomDecisionGrid.RightMouse
 0001:000227DC       TCustomDecisionGrid.MouseMove
 0001:00022818       TCustomDecisionGrid.MouseUp
 0001:00022870       TCustomDecisionGrid.GeTDecisionSource
 0001:0002287C       TCustomDecisionGrid.SeTDecisionSource
 0001:000228A4       TCustomDecisionGrid.CMDesignHitTest
 0001:00022970       TCustomDecisionGrid.GetData
 0001:00022A5C       TCustomDecisionGrid.GetCaption
 0001:00022AC8       TCustomDecisionGrid.GetLabel
 0001:00022BA0       TCustomDecisionGrid.GetCells
 0001:00022C24       TCustomDecisionGrid.CellDrawState
 0001:00022CDC       TCustomDecisionGrid.CellValueArray
 0001:00022D14       TCustomDecisionGrid.GetTotals
 0001:00022D58       TCustomDecisionGrid.GetFixedRows
 0001:00022D60       TCustomDecisionGrid.GetFixedCols
 0001:00022D68       TCustomDecisionGrid.GetRowCount
 0001:00022D70       TCustomDecisionGrid.GetColCount
 0001:00022D78       TCustomDecisionGrid.SetTotals
 0001:00022DB8       TDecisionGridDataLink.DecisionDataEvent
 0001:00022E3C       TDecisionGridDataLink.Create
 0001:00022E60       TDecisionGridDataLink.Destroy
 0001:00022E88       TDisplayDims.Create
 0001:00022ED4       TDisplayDims.GetOwner
 0001:00022ED8       TDisplayDims.GetDisplayDim
 0001:00022EEC       TDisplayDims.NotifyOwner
 0001:00022F30       TDisplayDims.SetDisplayDim
 0001:00022F50       TDisplayDim.Create
 0001:00022FB0       TDisplayDim.assign
 0001:00022FF8       TDisplayDim.SetName
 0001:00023050       TDisplayDim.SetFieldName
 0001:000230BC       TDisplayDim.SetFormat
 0001:00023114       TDisplayDim.SetAlignment
 0001:00023120       TDisplayDim.SetColor
 0001:0002312C       TDisplayDim.SetSubs
 0001:00023138       TDisplayDim.NotifyCollection
 0001:00023144       Finalization
 0001:0002318C       MXGRID
 0001:000239E8       TDecisionPivot.Create
 0001:00023AA8       TDecisionPivot.Destroy
 0001:00023B34       TDecisionPivot.Notification
 0001:00023B74       TDecisionPivot.SetBounds
 0001:00023B98       TDecisionPivot.NewPanelSetup
 0001:000240C8       TDecisionPivot.NewDimLayout
 0001:0002484C       TDecisionPivot.GetButtonSizes
 0001:00024AD0       TDecisionPivot.DimStateChange
 0001:00024C0C       TDecisionPivot.SeTDecisionSource
 0001:00024C34       TDecisionPivot.SetStyle
 0001:00024C40       TDecisionPivot.SetContents
 0001:00024C54       TDecisionPivot.SetAutoSize
 0001:00024C60       TDecisionPivot.SetSpacing
 0001:00024C6C       TDecisionPivot.SetControlWidth
 0001:00024C78       TDecisionPivot.SetControlHeight
 0001:00024C84       TDecisionPivot.SetGroupSpacing
 0001:00024C90       TDecisionPivot.GetBorderWidth
 0001:00024C98       TDecisionPivot.GetBorderStyle
 0001:00024CA0       TDecisionPivot.AdjustClientRect
 0001:00024D04       TDecisionPivot.SetBorderWidth
 0001:00024D18       TDecisionPivot.SetBorderStyle
 0001:00024D2C       TPivotDataLink.DecisionDataEvent
 0001:00024DA4       TPivotDataLink.Create
 0001:00024DC8       TPivotDataLink.Destroy
 0001:00024DF0       Finalization
 0001:00024E20       MXPIVSRC
 0001:00025038       ShowSQLWindow
 0001:00025114       TSQLWindow.SInitialize
 0001:000251B8       Finalization
 0001:000251E8       MXDSQL
 0001:00026624       TCustomDecisionGraph.Create
 0001:000266BC       TCustomDecisionGraph.Destroy
 0001:000266F4       TCustomDecisionGraph.Updated
 0001:00026708       TCustomDecisionGraph.Notification
 0001:00026750       TCustomDecisionGraph.NewDataStructure
 0001:0002686C       TCustomDecisionGraph.NewGraphLayout
 0001:00026DC0       TCustomDecisionGraph.MakeNewSeries
 0001:00027064       TCustomDecisionGraph.GetDecisionSource
 0001:00027070       TCustomDecisionGraph.SetDecisionSource
 0001:00027098       TCustomDecisionGraph.GetCleanDimName
 0001:0002722C       TCustomDecisionGraph.GetLabel
 0001:0002726C       TDecisionGraphDataLink.DecisionDataEvent
 0001:000272E4       TDecisionGraphDataLink.Create
 0001:00027308       TDecisionGraphDataLink.Destroy
 0001:00027330       Finalization
 0001:00027360       MXGRAPH
 0001:000276AC       @GetPackageInfoTable
 0001:000276B4       @PackageLoad
 0001:000276C0       @PackageUnload
 0001:000276CC       dss
 0002:00000000       TlsIndex
 0002:00000004       PtrToNil
 0002:00000008       Module
 0002:00000020       TlsProc
 0002:00000030       ProgressDlg
 0002:00000034       CLSID_IDSQL32
 0002:00000044       IID_IQStmt
 0002:00000054       IID_BDE_IUnknown
 0002:00000064       IID_BDE_IClassFactory
 0002:00000074       Names
 0002:00000088       TypeMap
 0002:00000098       BitmapArray
 0002:000000B0       AlignFlags
 0002:000000BC       Freeing
 0002:000000C0       Lock
 0002:00001000       ModuleIsLib
 0002:00001001       ModuleIsPackage
 0002:00001004       HInstance
 0002:00001008       .1
 0002:0000100C       tlsBuffer
 0002:00001010       .3
 0002:00001014       .1
 0002:00001018       .1
 0002:0000101C       .1
 0002:00001020       .1
 0002:00001024       .1
 0002:00001028       .1
 0002:0000102C       .1
 0002:00001030       .1
 0002:00001034       .3
 0002:00001038       .1
 0002:0000103C       .1
 0002:00001040       .1
 0002:00001044       .1
 0002:00001048       .81
 0002:0000104C       AvailableMemory
 0002:00001050       TotalAllocatedMemory
 0002:00001054       .3
 0002:00001058       .9
 0002:0000105C       .3
 0002:00001060       .4
 0002:00001064       .6
 0002:00001068       .31
 0002:0000106C       MXDBLocale
 0002:00001070       .4
 0002:00001074       DSSCubeEditor
 0002:00001078       .4
 0002:0000107C       .01
 0002:00001080       .7
 0002:00001084       DrawBitmap
 0002:00001088       UserCount
 0002:0000108C       .3
 0002:00001090       Form2
 0002:00001094       .2
 0002:00001098       .4


Bound resource files

mxconsts.res
MXPBAR.DFM
MXDCUBE.DFM
MXDSQL.DFM
dss.res
C:\DOCUME~1\~KOKOP~1\LOCALS~1\Temp\dtf28CA.tmp


Program entry point at 0001:000276CC
