
 Start         Length     Name                   Class
 0001:00000000 00003510H .text                   CODE
 0002:00000000 00000050H .data                   DATA
 0002:00000050 00000021H .bss                    BSS


Detailed map of segments

 0001:00000000 0000013E C=CODE     S=.text    G=(none)   M=System   ACBP=A9
 0001:00000140 000001EC C=CODE     S=.text    G=(none)   M=SysInit  ACBP=A9
 0001:0000032C 00000026 C=CODE     S=.text    G=(none)   M=SysUtils ACBP=A9
 0001:00000354 0000000E C=CODE     S=.text    G=(none)   M=SysConst ACBP=A9
 0001:00000364 00000038 C=CODE     S=.text    G=(none)   M=Windows  ACBP=A9
 0001:0000039C 0000000E C=CODE     S=.text    G=(none)   M=Types    ACBP=A9
 0001:000003AC 0000012E C=CODE     S=.text    G=(none)   M=Classes  ACBP=A9
 0001:000004DC 0000000E C=CODE     S=.text    G=(none)   M=ActiveX  ACBP=A9
 0001:000004EC 00000038 C=CODE     S=.text    G=(none)   M=Messages ACBP=A9
 0001:00000524 0000000E C=CODE     S=.text    G=(none)   M=TypInfo  ACBP=A9
 0001:00000534 0000000E C=CODE     S=.text    G=(none)   M=Variants ACBP=A9
 0001:00000544 0000000E C=CODE     S=.text    G=(none)   M=VarUtils ACBP=A9
 0001:00000554 0000000E C=CODE     S=.text    G=(none)   M=RTLConsts ACBP=A9
 0001:00000564 0000002E C=CODE     S=.text    G=(none)   M=HTTPApp  ACBP=A9
 0001:00000594 0000000E C=CODE     S=.text    G=(none)   M=Contnrs  ACBP=A9
 0001:000005A4 0000000E C=CODE     S=.text    G=(none)   M=Math     ACBP=A9
 0001:000005B4 0000000E C=CODE     S=.text    G=(none)   M=Masks    ACBP=A9
 0001:000005C4 0000000E C=CODE     S=.text    G=(none)   M=BrkrConst ACBP=A9
 0001:000005D4 0000000E C=CODE     S=.text    G=(none)   M=WebConst ACBP=A9
 0001:000005E4 000000E6 C=CODE     S=.text    G=(none)   M=DB       ACBP=A9
 0001:000006CC 0000000E C=CODE     S=.text    G=(none)   M=FMTBcd   ACBP=A9
 0001:000006DC 0000000E C=CODE     S=.text    G=(none)   M=DBConsts ACBP=A9
 0001:000006EC 0000000E C=CODE     S=.text    G=(none)   M=SqlTimSt ACBP=A9
 0001:000006FC 0000000E C=CODE     S=.text    G=(none)   M=DateUtils ACBP=A9
 0001:0000070C 0000000E C=CODE     S=.text    G=(none)   M=MaskUtils ACBP=A9
 0001:0000071C 0000000E C=CODE     S=.text    G=(none)   M=ComObj   ACBP=A9
 0001:0000072C 0000000E C=CODE     S=.text    G=(none)   M=ComConst ACBP=A9
 0001:0000073C 0000008E C=CODE     S=.text    G=(none)   M=HTTPProd ACBP=A9
 0001:000007CC 0000000E C=CODE     S=.text    G=(none)   M=CopyPrsr ACBP=A9
 0001:000007DC 00002818 C=CODE     S=.text    G=(none)   M=DBWeb    ACBP=A9
 0001:00002FF4 000003EC C=CODE     S=.text    G=(none)   M=DSProd   ACBP=A9
 0001:000033E0 0000012D C=CODE     S=.text    G=(none)   M=inetdb   ACBP=A9
 0002:00000000 00000030 C=DATA     S=.data    G=DGROUP   M=SysInit  ACBP=A9
 0002:00000030 0000000C C=DATA     S=.data    G=DGROUP   M=DBWeb    ACBP=A9
 0002:00001000 00000010 C=BSS      S=.bss     G=DGROUP   M=SysInit  ACBP=A9
 0002:00001010 00000004 C=BSS      S=.bss     G=DGROUP   M=Windows  ACBP=A9
 0002:00001014 00000004 C=BSS      S=.bss     G=DGROUP   M=Messages ACBP=A9
 0002:00001018 00000004 C=BSS      S=.bss     G=DGROUP   M=DBWeb    ACBP=A9
 0002:0000101C 00000004 C=BSS      S=.bss     G=DGROUP   M=DSProd   ACBP=A9


  Address         Publics by Name

 0002:00001014       .1
 0002:00001008       .1
 0002:0000101C       .3
 0002:00001010       .3
 0002:00001018       .7
 0001:000034E8       @GetPackageInfoTable
 0001:00000278       @InitPkg
 0001:000002DC       @PackageLoad
 0001:000034F0       @PackageLoad
 0001:000002E8       @PackageUnload
 0001:000034FC       @PackageUnload
 0002:00000030       Align
 0001:00000178       AllocTlsBuffer
 0001:00002FEC       DBWeb
 0001:000033D8       DSProd
 0001:00000224       ExitProcessTLS
 0001:000001FC       ExitThreadTLS
 0001:00001F98       FieldIsMapped
 0001:00000364       Finalization
 0001:000004EC       Finalization
 0001:000002F4       Finalization
 0001:000033A8       Finalization
 0001:00002FA4       Finalization
 0001:00000140       FreeLibrary
 0001:00000184       GetTlsSize
 0002:00001004       HInstance
 0001:00002D8C       HtmlTable
 0001:00003508       inetdb
 0001:00000248       InitializeModule
 0001:000001D0       InitProcessTLS
 0001:0000018C       InitThreadTLS
 0001:00000148       LocalAlloc
 0001:00000150       LocalFree
 0001:0000051C       Messages
 0002:00000008       Module
 0002:00001000       ModuleIsLib
 0002:00001001       ModuleIsPackage
 0002:00000004       PtrToNil
 0001:00000324       SysInit
 0001:000011A4       TableError
 0001:00003378       TCustomDataSetPageProducer.Content
 0001:000032E0       TCustomDataSetPageProducer.DoTagEvent
 0001:00003294       TCustomDataSetPageProducer.GetDataSet
 0001:000032B8       TCustomDataSetPageProducer.Notification
 0001:00003298       TCustomDataSetPageProducer.SetDataSet
 0001:00002BE8       TDataSetTableProducer.Content
 0001:00002D24       TDataSetTableProducer.GetDataSet
 0001:00002D2C       TDataSetTableProducer.Notification
 0001:00002D5C       TDataSetTableProducer.SetDataSet
 0001:00001D3C       TDSTableProducer.AcquireLayoutLock
 0001:00001D5C       TDSTableProducer.AttributeChanged
 0001:00001D64       TDSTableProducer.BeginLayout
 0001:00001D84       TDSTableProducer.BeginUpdate
 0001:00001D88       TDSTableProducer.Changed
 0001:00002AD4       TDSTableProducer.ColumnHeader
 0001:00001BE0       TDSTableProducer.Create
 0001:00001DA4       TDSTableProducer.DefineFieldMap
 0001:00001CC0       TDSTableProducer.Destroy
 0001:00001E28       TDSTableProducer.DoCreateContent
 0001:00001E50       TDSTableProducer.DoFormatCell
 0001:00001E8C       TDSTableProducer.DoGetCaption
 0001:00001EC4       TDSTableProducer.EndLayout
 0001:00001F4C       TDSTableProducer.EndUpdate
 0001:00002444       TDSTableProducer.FormatCell
 0001:00001F90       TDSTableProducer.GetDataSource
 0001:00001FE4       TDSTableProducer.InternalLayout
 0001:00002228       TDSTableProducer.LayoutChanged
 0001:00002240       TDSTableProducer.LinkActive
 0001:00002248       TDSTableProducer.Notification
 0001:00002644       TDSTableProducer.RowHeader
 0001:00002324       TDSTableProducer.SetCaption
 0001:00002340       TDSTableProducer.SetCaptionAlignment
 0001:00002350       TDSTableProducer.SetColumns
 0001:00002360       TDSTableProducer.SetDataSource
 0001:000023A0       TDSTableProducer.SetFooter
 0001:000023B4       TDSTableProducer.SetHeader
 0001:000023C8       TDSTableProducer.SetMaxRows
 0001:000023D8       TDSTableProducer.SetRowAttributes
 0001:000023E4       TDSTableProducer.SetTableAttributes
 0001:000023F0       TDSTableProducer.StoreColumns
 0001:00002788       TDSTableProducer.TableCaption
 0001:00002850       TDSTableProducer.TableHeader
 0001:00001238       TDSTableProducerEditor.Changed
 0001:000011BC       TDSTableProducerEditor.Create
 0001:00001204       TDSTableProducerEditor.Destroy
 0001:00001240       TDSTableProducerEditor.GetDataSource
 0001:0000123C       TDSTableProducerEditor.PostChange
 0001:00001254       TDSTableProducerEditor.SetDataSource
 0001:00001360       THTMLTableColumn.AssignTo
 0001:00001264       THTMLTableColumn.Create
 0001:00001330       THTMLTableColumn.Destroy
 0001:000014C8       THTMLTableColumn.GetDisplayName
 0001:000014A0       THTMLTableColumn.GeTDSTableProducer
 0001:00001418       THTMLTableColumn.GetField
 0001:00001478       THTMLTableColumn.GetTableProducer
 0001:000014F0       THTMLTableColumn.IsStored
 0001:000014F4       THTMLTableColumn.RestoreDefaults
 0001:0000151C       THTMLTableColumn.SetAlign
 0001:0000152C       THTMLTableColumn.SetBgColor
 0001:00001554       THTMLTableColumn.SetCustom
 0001:0000157C       THTMLTableColumn.SetField
 0001:000015A8       THTMLTableColumn.SetFieldName
 0001:00001608       THTMLTableColumn.SetTitle
 0001:00001614       THTMLTableColumn.SetVAlign
 0001:00001624       THTMLTableColumn.TitleChanged
 0001:0000162C       THTMLTableColumn.Update
 0001:0000167C       THTMLTableColumns.Add
 0001:00001634       THTMLTableColumns.Create
 0001:00001850       THTMLTableColumns.GetAttr
 0001:00001848       THTMLTableColumns.GetAttrCount
 0001:00001688       THTMLTableColumns.GetColumn
 0001:00001884       THTMLTableColumns.GetItemAttr
 0001:0000190C       THTMLTableColumns.GetOwner
 0001:0000169C       THTMLTableColumns.GetState
 0001:0000171C       THTMLTableColumns.RebuildColumns
 0001:000016B4       THTMLTableColumns.RestoreDefaults
 0001:00001800       THTMLTableColumns.SetColumn
 0001:00001820       THTMLTableColumns.SetState
 0001:00001910       THTMLTableColumns.Update
 0001:00001B34       THTTPDataLink.ActiveChanged
 0001:00001A28       THTTPDataLink.AddMapping
 0001:00001B40       THTTPDataLink.ClearMapping
 0001:0000193C       THTTPDataLink.Create
 0001:00001B70       THTTPDataLink.DataSetChanged
 0001:00001B84       THTTPDataLink.DataSetScrolled
 0001:00001978       THTTPDataLink.Destroy
 0001:00001B98       THTTPDataLink.EditingChanged
 0001:00001B94       THTTPDataLink.FocusControl
 0001:000019A4       THTTPDataLink.GetDefaultFields
 0001:000019F0       THTTPDataLink.GetFields
 0001:00001BA4       THTTPDataLink.GetMappedIndex
 0001:00001B88       THTTPDataLink.LayoutChanged
 0001:00001B68       THTTPDataLink.Modified
 0001:00001B9C       THTTPDataLink.RecordChanged
 0001:00001BB8       THTTPDataLink.Reset
 0001:00001BA0       THTTPDataLink.UpdateData
 0001:00000158       TlsAlloc
 0002:0000100C       tlsBuffer
 0001:00000160       TlsFree
 0001:00000168       TlsGetValue
 0002:00000000       TlsIndex
 0002:BF48B000       TlsLast
 0002:00000020       TlsProc
 0001:00000170       TlsSetValue
 0001:00000254       UninitializeModule
 0001:00000394       Windows


  Address         Publics by Value

 0002:BF48B000       TlsLast
 0001:00000140       FreeLibrary
 0001:00000148       LocalAlloc
 0001:00000150       LocalFree
 0001:00000158       TlsAlloc
 0001:00000160       TlsFree
 0001:00000168       TlsGetValue
 0001:00000170       TlsSetValue
 0001:00000178       AllocTlsBuffer
 0001:00000184       GetTlsSize
 0001:0000018C       InitThreadTLS
 0001:000001D0       InitProcessTLS
 0001:000001FC       ExitThreadTLS
 0001:00000224       ExitProcessTLS
 0001:00000248       InitializeModule
 0001:00000254       UninitializeModule
 0001:00000278       @InitPkg
 0001:000002DC       @PackageLoad
 0001:000002E8       @PackageUnload
 0001:000002F4       Finalization
 0001:00000324       SysInit
 0001:00000364       Finalization
 0001:00000394       Windows
 0001:000004EC       Finalization
 0001:0000051C       Messages
 0001:000011A4       TableError
 0001:000011BC       TDSTableProducerEditor.Create
 0001:00001204       TDSTableProducerEditor.Destroy
 0001:00001238       TDSTableProducerEditor.Changed
 0001:0000123C       TDSTableProducerEditor.PostChange
 0001:00001240       TDSTableProducerEditor.GetDataSource
 0001:00001254       TDSTableProducerEditor.SetDataSource
 0001:00001264       THTMLTableColumn.Create
 0001:00001330       THTMLTableColumn.Destroy
 0001:00001360       THTMLTableColumn.AssignTo
 0001:00001418       THTMLTableColumn.GetField
 0001:00001478       THTMLTableColumn.GetTableProducer
 0001:000014A0       THTMLTableColumn.GeTDSTableProducer
 0001:000014C8       THTMLTableColumn.GetDisplayName
 0001:000014F0       THTMLTableColumn.IsStored
 0001:000014F4       THTMLTableColumn.RestoreDefaults
 0001:0000151C       THTMLTableColumn.SetAlign
 0001:0000152C       THTMLTableColumn.SetBgColor
 0001:00001554       THTMLTableColumn.SetCustom
 0001:0000157C       THTMLTableColumn.SetField
 0001:000015A8       THTMLTableColumn.SetFieldName
 0001:00001608       THTMLTableColumn.SetTitle
 0001:00001614       THTMLTableColumn.SetVAlign
 0001:00001624       THTMLTableColumn.TitleChanged
 0001:0000162C       THTMLTableColumn.Update
 0001:00001634       THTMLTableColumns.Create
 0001:0000167C       THTMLTableColumns.Add
 0001:00001688       THTMLTableColumns.GetColumn
 0001:0000169C       THTMLTableColumns.GetState
 0001:000016B4       THTMLTableColumns.RestoreDefaults
 0001:0000171C       THTMLTableColumns.RebuildColumns
 0001:00001800       THTMLTableColumns.SetColumn
 0001:00001820       THTMLTableColumns.SetState
 0001:00001848       THTMLTableColumns.GetAttrCount
 0001:00001850       THTMLTableColumns.GetAttr
 0001:00001884       THTMLTableColumns.GetItemAttr
 0001:0000190C       THTMLTableColumns.GetOwner
 0001:00001910       THTMLTableColumns.Update
 0001:0000193C       THTTPDataLink.Create
 0001:00001978       THTTPDataLink.Destroy
 0001:000019A4       THTTPDataLink.GetDefaultFields
 0001:000019F0       THTTPDataLink.GetFields
 0001:00001A28       THTTPDataLink.AddMapping
 0001:00001B34       THTTPDataLink.ActiveChanged
 0001:00001B40       THTTPDataLink.ClearMapping
 0001:00001B68       THTTPDataLink.Modified
 0001:00001B70       THTTPDataLink.DataSetChanged
 0001:00001B84       THTTPDataLink.DataSetScrolled
 0001:00001B88       THTTPDataLink.LayoutChanged
 0001:00001B94       THTTPDataLink.FocusControl
 0001:00001B98       THTTPDataLink.EditingChanged
 0001:00001B9C       THTTPDataLink.RecordChanged
 0001:00001BA0       THTTPDataLink.UpdateData
 0001:00001BA4       THTTPDataLink.GetMappedIndex
 0001:00001BB8       THTTPDataLink.Reset
 0001:00001BE0       TDSTableProducer.Create
 0001:00001CC0       TDSTableProducer.Destroy
 0001:00001D3C       TDSTableProducer.AcquireLayoutLock
 0001:00001D5C       TDSTableProducer.AttributeChanged
 0001:00001D64       TDSTableProducer.BeginLayout
 0001:00001D84       TDSTableProducer.BeginUpdate
 0001:00001D88       TDSTableProducer.Changed
 0001:00001DA4       TDSTableProducer.DefineFieldMap
 0001:00001E28       TDSTableProducer.DoCreateContent
 0001:00001E50       TDSTableProducer.DoFormatCell
 0001:00001E8C       TDSTableProducer.DoGetCaption
 0001:00001EC4       TDSTableProducer.EndLayout
 0001:00001F4C       TDSTableProducer.EndUpdate
 0001:00001F90       TDSTableProducer.GetDataSource
 0001:00001F98       FieldIsMapped
 0001:00001FE4       TDSTableProducer.InternalLayout
 0001:00002228       TDSTableProducer.LayoutChanged
 0001:00002240       TDSTableProducer.LinkActive
 0001:00002248       TDSTableProducer.Notification
 0001:00002324       TDSTableProducer.SetCaption
 0001:00002340       TDSTableProducer.SetCaptionAlignment
 0001:00002350       TDSTableProducer.SetColumns
 0001:00002360       TDSTableProducer.SetDataSource
 0001:000023A0       TDSTableProducer.SetFooter
 0001:000023B4       TDSTableProducer.SetHeader
 0001:000023C8       TDSTableProducer.SetMaxRows
 0001:000023D8       TDSTableProducer.SetRowAttributes
 0001:000023E4       TDSTableProducer.SetTableAttributes
 0001:000023F0       TDSTableProducer.StoreColumns
 0001:00002444       TDSTableProducer.FormatCell
 0001:00002644       TDSTableProducer.RowHeader
 0001:00002788       TDSTableProducer.TableCaption
 0001:00002850       TDSTableProducer.TableHeader
 0001:00002AD4       TDSTableProducer.ColumnHeader
 0001:00002BE8       TDataSetTableProducer.Content
 0001:00002D24       TDataSetTableProducer.GetDataSet
 0001:00002D2C       TDataSetTableProducer.Notification
 0001:00002D5C       TDataSetTableProducer.SetDataSet
 0001:00002D8C       HtmlTable
 0001:00002FA4       Finalization
 0001:00002FEC       DBWeb
 0001:00003294       TCustomDataSetPageProducer.GetDataSet
 0001:00003298       TCustomDataSetPageProducer.SetDataSet
 0001:000032B8       TCustomDataSetPageProducer.Notification
 0001:000032E0       TCustomDataSetPageProducer.DoTagEvent
 0001:00003378       TCustomDataSetPageProducer.Content
 0001:000033A8       Finalization
 0001:000033D8       DSProd
 0001:000034E8       @GetPackageInfoTable
 0001:000034F0       @PackageLoad
 0001:000034FC       @PackageUnload
 0001:00003508       inetdb
 0002:00000000       TlsIndex
 0002:00000004       PtrToNil
 0002:00000008       Module
 0002:00000020       TlsProc
 0002:00000030       Align
 0002:00001000       ModuleIsLib
 0002:00001001       ModuleIsPackage
 0002:00001004       HInstance
 0002:00001008       .1
 0002:0000100C       tlsBuffer
 0002:00001010       .3
 0002:00001014       .1
 0002:00001018       .7
 0002:0000101C       .3


Bound resource files

inetdb.res
C:\DOCUME~1\~KOKOP~1\LOCALS~1\Temp\dtf279D.tmp


Program entry point at 0001:00003508
