
 Start         Length     Name                   Class
 0001:00000000 0000D304H .text                   CODE
 0002:00000000 00000194H .data                   DATA
 0002:00000194 000001DDH .bss                    BSS


Detailed map of segments

 0001:00000000 00000256 C=CODE     S=.text    G=(none)   M=System   ACBP=A9
 0001:00000258 0000022C C=CODE     S=.text    G=(none)   M=SysInit  ACBP=A9
 0001:00000484 000000DE C=CODE     S=.text    G=(none)   M=SysUtils ACBP=A9
 0001:00000564 0000000E C=CODE     S=.text    G=(none)   M=SysConst ACBP=A9
 0001:00000574 00000038 C=CODE     S=.text    G=(none)   M=Windows  ACBP=A9
 0001:000005AC 0000000E C=CODE     S=.text    G=(none)   M=Types    ACBP=A9
 0001:000005BC 00000266 C=CODE     S=.text    G=(none)   M=Classes  ACBP=A9
 0001:00000824 0000000E C=CODE     S=.text    G=(none)   M=ActiveX  ACBP=A9
 0001:00000834 00000038 C=CODE     S=.text    G=(none)   M=Messages ACBP=A9
 0001:0000086C 0000000E C=CODE     S=.text    G=(none)   M=TypInfo  ACBP=A9
 0001:0000087C 0000000E C=CODE     S=.text    G=(none)   M=Variants ACBP=A9
 0001:0000088C 0000000E C=CODE     S=.text    G=(none)   M=VarUtils ACBP=A9
 0001:0000089C 0000000E C=CODE     S=.text    G=(none)   M=RTLConsts ACBP=A9
 0001:000008AC 0000001E C=CODE     S=.text    G=(none)   M=Masks    ACBP=A9
 0001:000008CC 00000026 C=CODE     S=.text    G=(none)   M=Contnrs  ACBP=A9
 0001:000008F4 0000000E C=CODE     S=.text    G=(none)   M=Math     ACBP=A9
 0001:00000904 00000108 C=CODE     S=.text    G=(none)   M=WebConst ACBP=A9
 0001:00000A0C 00000070 C=CODE     S=.text    G=(none)   M=BrkrConst ACBP=A9
 0001:00000A7C 00005508 C=CODE     S=.text    G=(none)   M=HTTPApp  ACBP=A9
 0001:00005F84 00000BA8 C=CODE     S=.text    G=(none)   M=CopyPrsr ACBP=A9
 0001:00006B2C 00002A40 C=CODE     S=.text    G=(none)   M=HTTPProd ACBP=A9
 0001:0000956C 000004F4 C=CODE     S=.text    G=(none)   M=AutoDisp ACBP=A9
 0001:00009A60 00000138 C=CODE     S=.text    G=(none)   M=WinSock  ACBP=A9
 0001:00009B98 00002847 C=CODE     S=.text    G=(none)   M=Sockets  ACBP=A9
 0001:0000C3E0 00000E24 C=CODE     S=.text    G=(none)   M=WebCntxt ACBP=A9
 0001:0000D204 000000FD C=CODE     S=.text    G=(none)   M=inet     ACBP=A9
 0002:00000000 00000030 C=DATA     S=.data    G=DGROUP   M=SysInit  ACBP=A9
 0002:00000030 0000004C C=DATA     S=.data    G=DGROUP   M=HTTPApp  ACBP=A9
 0002:0000007C 00000048 C=DATA     S=.data    G=DGROUP   M=HTTPProd ACBP=A9
 0002:000000C4 00000074 C=DATA     S=.data    G=DGROUP   M=Sockets  ACBP=A9
 0002:00000138 00000004 C=DATA     S=.data    G=DGROUP   M=WebCntxt ACBP=A9
 0002:00001000 00000010 C=BSS      S=.bss     G=DGROUP   M=SysInit  ACBP=A9
 0002:00001010 00000004 C=BSS      S=.bss     G=DGROUP   M=Windows  ACBP=A9
 0002:00001014 00000004 C=BSS      S=.bss     G=DGROUP   M=Messages ACBP=A9
 0002:00001018 00000004 C=BSS      S=.bss     G=DGROUP   M=WebConst ACBP=A9
 0002:0000101C 00000004 C=BSS      S=.bss     G=DGROUP   M=BrkrConst ACBP=A9
 0002:00001020 00000008 C=BSS      S=.bss     G=DGROUP   M=HTTPApp  ACBP=A9
 0002:00001028 00000004 C=BSS      S=.bss     G=DGROUP   M=CopyPrsr ACBP=A9
 0002:0000102C 00000004 C=BSS      S=.bss     G=DGROUP   M=HTTPProd ACBP=A9
 0002:00001030 00000004 C=BSS      S=.bss     G=DGROUP   M=AutoDisp ACBP=A9
 0002:00001034 00000004 C=BSS      S=.bss     G=DGROUP   M=WinSock  ACBP=A9
 0002:00001038 00000194 C=BSS      S=.bss     G=DGROUP   M=Sockets  ACBP=A9
 0002:000011CC 00000010 C=BSS      S=.bss     G=DGROUP   M=WebCntxt ACBP=A9


  Address         Publics by Name

 0002:00001008       .1
 0002:00001034       .1
 0002:00001018       .1
 0002:0000101C       .1
 0002:00001014       .1
 0002:00001028       .2
 0002:00001038       .21
 0002:00001020       .22
 0002:00001030       .3
 0002:00001010       .3
 0002:000011D8       .5
 0002:0000102C       .71
 0001:0000D2DC       @GetPackageInfoTable
 0001:00000360       @GetTls
 0001:000003D0       @InitPkg
 0001:00000434       @PackageLoad
 0001:0000D2E4       @PackageLoad
 0001:0000D2F0       @PackageUnload
 0001:00000440       @PackageUnload
 0001:00009A90       accept
 0001:00000290       AllocTlsBuffer
 0001:00009A58       AutoDisp
 0001:00009A98       bind
 0001:00000A74       BrkrConst
 0001:0000C364       Cleanup
 0001:00009AA0       closesocket
 0001:00009AA8       connect
 0001:00009218       ContentFromScriptFile
 0001:00009134       ContentFromScriptStream
 0001:00008DE8       ContentFromStream
 0001:000090CC       ContentFromString
 0001:00002484       ContentParsers
 0001:00006B24       CopyPrsr
 0001:00005A84       DayOfWeekStr
 0002:00000060       DaysOfWeek
 0002:000000A4       DesignerFileManager
 0001:00004044       DispatchHandler
 0001:00005A34       DosPathToUnixPath
 0001:00005094       DoStripQuotes
 0001:000093F8       EScriptError.Create
 0001:00009490       EScriptError.Destroy
 0001:0000033C       ExitProcessTLS
 0001:00000314       ExitThreadTLS
 0001:0000511C       ExtractHeaderFields
 0001:00005350       ExtractHTTPFields
 0002:00001024       FContentParsers
 0001:00009A60       FD_ISSET
 0001:00009A78       FD_SET
 0001:00009A88       FD_ZERO
 0001:00009A28       Finalization
 0001:000094E8       Finalization
 0001:00005F18       Finalization
 0001:0000D1CC       Finalization
 0001:0000C398       Finalization
 0001:00000A44       Finalization
 0001:00006AF4       Finalization
 0001:000009D4       Finalization
 0001:0000044C       Finalization
 0001:00000834       Finalization
 0001:00000574       Finalization
 0001:00009B60       Finalization
 0001:000092C4       FindComponentWebModuleContext
 0001:00008448       FindNamedModuleVariable
 0001:00007D00       FindScriptProducerClass
 0001:00000258       FreeLibrary
 0001:00009B18       gethostbyaddr
 0001:00009B20       gethostbyname
 0001:00009B38       gethostname
 0002:00000138       GetModuleFileNameProc
 0001:000085DC       GetModuleVariable
 0001:00008698       GetModuleVariableCount
 0001:00004E50       GetMonth
 0001:00009B28       getprotobyname
 0001:00009B30       getservbyname
 0001:000087EC       GetTagID
 0001:00004E94       GetTime
 0001:0000029C       GetTlsSize
 0002:000011CC       GetWebContextProc
 0002:000011D4       GetWebEndUserProc
 0002:00001004       HInstance
 0002:0000007C       HTMLAlign
 0001:00004A68       HTMLDecode
 0001:0000493C       HTMLEncode
 0002:0000008C       HTMLVAlign
 0001:00009AB0       htons
 0001:00005F7C       HTTPApp
 0001:00004620       HTTPDecode
 0001:00004880       HTTPEncode
 0001:00009564       HTTPProd
 0001:0000D2FC       inet
 0001:00009AB8       inet_addr
 0001:00009AC0       inet_ntoa
 0001:000003A0       InitializeModule
 0001:000002E8       InitProcessTLS
 0001:000002A4       InitThreadTLS
 0001:000063A4       InternalSkipBlanks
 0001:00009AC8       ioctlsocket
 0001:00009AD0       listen
 0001:00000260       LocalAlloc
 0001:00000268       LocalFree
 0001:0000CC94       MakeWebPageInfoList
 0001:00000864       Messages
 0002:00000008       Module
 0002:00001000       ModuleIsLib
 0002:00001001       ModuleIsPackage
 0002:00000030       Months
 0001:00005A4C       MonthStr
 0001:00009AD8       ntohs
 0001:00004EFC       ParseDate
 0002:00000004       PtrToNil
 0001:00009AE0       recv
 0001:00009AE8       recvfrom
 0001:000024A4       RegisterContentParser
 0002:000000A0       ScriptEnginesList
 0001:00008C7C       ScriptProducerContentFromStream
 0001:00008D44       ScriptProducerContentFromString
 0001:00009AF0       select
 0001:00009AF8       send
 0001:00009B00       sendto
 0002:000011D0       SetWebContextProc
 0001:00009B08       shutdown
 0001:00009B10       socket
 0001:0000C3D0       Sockets
 0001:0000C324       Startup
 0001:00005394       StatusString
 0001:0000047C       SysInit
 0001:0000D124       TAbstractAdapterRequest.Create
 0001:0000D16C       TAbstractAdapterRequest.GetRequest
 0001:0000D178       TAbstractAdapterResponse.Create
 0001:0000D1C0       TAbstractAdapterResponse.GetResponse
 0001:00005DE4       TAbstractContentParser.CanParse
 0001:00005DE8       TAbstractContentParser.Create
 0001:000094C0       TAbstractScriptEnginesList.Create
 0001:00009388       TAbstractScriptProducer.Create
 0001:0000CF58       TAbstractWebContext.Create
 0001:0000CFA0       TAbstractWebContext.Destroy
 0001:00005B04       TAbstractWebModuleFactory.GetWebPageInfo
 0001:00005AEC       TAbstractWebPageInfo.GetFactory
 0001:00005AF4       TAbstractWebPageInfo.GetIsLoginRequired
 0001:00005AAC       TAbstractWebPageInfo.GetIsPublished
 0001:00005AB0       TAbstractWebPageInfo.GetPageDescription
 0001:00005AC4       TAbstractWebPageInfo.GetPageHREF
 0001:00005AD8       TAbstractWebPageInfo.GetPageTitle
 0001:00005AF8       TAbstractWebPageInfo.GetViewAccess
 0001:00005AF0       TAbstractWebPageInfo.SetFactory
 0001:00005B08       TAbstractWebPageModuleFactory.Create
 0001:00005B54       TAbstractWebPageModuleFactory.Destroy
 0001:00005B84       TAbstractWebPageModuleFactory.GetWebPageInfo
 0002:000000A8       TagSymbols
 0001:00008818       TBasePageProducer.Content
 0001:00008148       TBasePageProducer.ContentFromStream
 0001:00008240       TBasePageProducer.ContentFromString
 0001:00008108       TBasePageProducer.Create
 0001:00008884       TBasePageProducer.DoTagEvent
 0001:00008950       TBasePageProducer.GetLocateFileService
 0001:00008A60       TBasePageProducer.GetProducerTemplateFileName
 0001:000089DC       TBasePageProducer.GetProducerTemplateStream
 0001:000088F0       TBasePageProducer.GetScriptEngine
 0001:00008780       TBasePageProducer.GetTagID
 0001:00008ACC       TBasePageProducer.GetTemplateFileName
 0001:000089D8       TBasePageProducer.GetTemplateStream
 0001:00008740       TBasePageProducer.GetWebModuleContext
 0001:000082D8       TBasePageProducer.HandleScriptTag
 0001:0000829C       TBasePageProducer.HandleTag
 0001:000088AC       TBasePageProducer.ImplHandleTag
 0001:0000821C       TBasePageProducer.ServerScriptFromStream
 0001:00008904       TBasePageProducer.UseScriptEngine
 0001:0000AD54       TBaseSocket.Close
 0001:0000AC14       TBaseSocket.Create
 0001:0000ACA0       TBaseSocket.Destroy
 0001:0000B21C       TBaseSocket.DoCreateHandle
 0001:0000B238       TBaseSocket.DoDestroyHandle
 0001:0000B200       TBaseSocket.DoHandleError
 0001:0000B24C       TBaseSocket.DoReceive
 0001:0000B26C       TBaseSocket.DoSend
 0001:0000B284       TBaseSocket.ErrorCheck
 0001:0000B29C       TBaseSocket.Loaded
 0001:0000AD8C       TBaseSocket.MapDomain
 0001:0000AD98       TBaseSocket.MapSockType
 0001:0000ACCC       TBaseSocket.Open
 0001:0000ADA4       TBaseSocket.PeekBuf
 0001:0000ADC8       TBaseSocket.ReceiveBuf
 0001:0000AE10       TBaseSocket.Receiveln
 0001:0000AF1C       TBaseSocket.Select
 0001:0000B0AC       TBaseSocket.SendBuf
 0001:0000B0F4       TBaseSocket.Sendln
 0001:0000B164       TBaseSocket.SendStream
 0001:0000B2C8       TBaseSocket.SetActive
 0001:0000B368       TBaseSocket.SetBlockMode
 0001:0000B2C0       TBaseSocket.SetBytesReceived
 0001:0000B2C4       TBaseSocket.SetBytesSent
 0001:0000B2F8       TBaseSocket.SetDomain
 0001:0000B340       TBaseSocket.SetProtocol
 0001:0000B31C       TBaseSocket.SetSockType
 0001:0000B1B0       TBaseSocket.WaitForData
 0001:0000BBCC       TClientSocketThread.Create
 0001:0000BC10       TClientSocketThread.Destroy
 0001:0000BC44       TClientSocketThread.Execute
 0001:0000BCF4       TClientSocketThread.ExecuteSyncProc
 0001:0000BD04       TClientSocketThread.SyncProc
 0001:00005E20       TContentParser.CanParse
 0001:00005E24       TContentParser.Destroy
 0001:00005E5C       TContentParser.GetContentFields
 0001:00005EF8       TContentParser.GetFiles
 0001:00002A28       TCookie.AssignTo
 0001:000029E4       TCookie.Create
 0001:00002A90       TCookie.GetHeaderValue
 0001:00002D18       TCookieCollection.Add
 0001:00002CD0       TCookieCollection.Create
 0001:00002D24       TCookieCollection.GetCookie
 0001:00002D38       TCookieCollection.SetCookie
 0001:000060C0       TCopyParser.CheckToken
 0001:0000618C       TCopyParser.CheckTokenSymbol
 0001:00006200       TCopyParser.CopySkipTo
 0001:00006308       TCopyParser.CopySkipToEOF
 0001:000062B8       TCopyParser.CopySkipToEOL
 0001:00006450       TCopyParser.CopySkipToToken
 0001:0000659C       TCopyParser.CopyTo
 0001:000065E8       TCopyParser.CopyToEOF
 0001:000065D4       TCopyParser.CopyToEOL
 0001:000065FC       TCopyParser.CopyTokenToOutput
 0001:000065B8       TCopyParser.CopyToToken
 0001:00006004       TCopyParser.Create
 0001:00006084       TCopyParser.Destroy
 0001:00006608       TCopyParser.Error
 0001:00006610       TCopyParser.ErrorFmt
 0001:0000666C       TCopyParser.ErrorStr
 0001:000066AC       TCopyParser.NextToken
 0001:000067A8       TCopyParser.ReadBuffer
 0001:00006870       TCopyParser.SkipBlanks
 0001:000068D4       TCopyParser.SkipEOL
 0001:000066B8       TCopyParser.SkipTo
 0001:00006704       TCopyParser.SkipToEOF
 0001:000066F0       TCopyParser.SkipToEOL
 0001:000067A0       TCopyParser.SkipToken
 0001:00006718       TCopyParser.SkipToNextToken
 0001:000066D4       TCopyParser.SkipToToken
 0001:000068C8       TCopyParser.SourcePos
 0001:00006A34       TCopyParser.TokenComponentIdent
 0001:00006908       TCopyParser.TokenFloat
 0001:00006960       TCopyParser.TokenInt
 0001:000069B0       TCopyParser.TokenString
 0001:000069D0       TCopyParser.TokenSymbolIs
 0001:00006AD4       TCopyParser.UpdateOutStream
 0001:00003170       TCustomContentProducer.Content
 0001:0000317C       TCustomContentProducer.ContentFromStream
 0001:00003190       TCustomContentProducer.ContentFromString
 0001:00003238       TCustomContentProducer.GetAppDispatcher
 0001:000031AC       TCustomContentProducer.GetDispatcher
 0001:00003128       TCustomContentProducer.Notification
 0001:000031F4       TCustomContentProducer.ProduceContent
 0001:00003208       TCustomContentProducer.ProduceContentFromStream
 0001:00003220       TCustomContentProducer.ProduceContentFromString
 0001:000031A4       TCustomContentProducer.SetAppDispatcher
 0001:00003150       TCustomContentProducer.SetDispatcher
 0001:0000BAA0       TCustomIpClient.Close
 0001:0000BAD8       TCustomIpClient.Connect
 0001:0000B9E8       TCustomIpClient.Create
 0001:0000BAEC       TCustomIpClient.Disconnect
 0001:0000BB00       TCustomIpClient.DoConnect
 0001:0000BB20       TCustomIpClient.DoDisconnect
 0001:0000BAF4       TCustomIpClient.GetThreadObject
 0001:0000BA40       TCustomIpClient.Open
 0001:00008AD8       TCustomPageProducer.Create
 0001:00008B1C       TCustomPageProducer.Destroy
 0001:00009374       TCustomPageProducer.GetTemplateFileName
 0001:00008B4C       TCustomPageProducer.GetTemplateStream
 0001:00008C58       TCustomPageProducer.HandleTag
 0001:00008C40       TCustomPageProducer.SetHTMLDoc
 0001:00008C14       TCustomPageProducer.SetHTMLFile
 0001:0000C070       TCustomTcpServer.Accept
 0001:0000C014       TCustomTcpServer.Accept
 0001:0000BFDC       TCustomTcpServer.Close
 0001:0000BEF0       TCustomTcpServer.Create
 0001:0000BF68       TCustomTcpServer.Destroy
 0001:0000C24C       TCustomTcpServer.DoAccept
 0001:0000C1E8       TCustomTcpServer.GetServerSocketThread
 0001:0000C1C8       TCustomTcpServer.GetThread
 0001:0000C26C       TCustomTcpServer.Listen
 0001:0000BF90       TCustomTcpServer.Open
 0001:0000C2A8       TCustomTcpServer.SetServerBlockMode
 0001:0000C224       TCustomTcpServer.SetServerSocketThread
 0001:0000C2EC       TCustomTcpServer.WaitForConnection
 0001:000043F4       TCustomWebDispatcher.Access_Request
 0001:000043FC       TCustomWebDispatcher.Access_Response
 0001:00003F68       TCustomWebDispatcher.ActionByName
 0001:00003BCC       TCustomWebDispatcher.Create
 0001:00003DD4       TCustomWebDispatcher.Destroy
 0001:00004104       TCustomWebDispatcher.DispatchAction
 0001:00003FF4       TCustomWebDispatcher.DoAfterDispatch
 0001:0000401C       TCustomWebDispatcher.DoBeforeDispatch
 0001:00004404       TCustomWebDispatcher.FinishContext
 0001:00004274       TCustomWebDispatcher.GetAction
 0001:000043EC       TCustomWebDispatcher.GetRequest
 0001:000043F0       TCustomWebDispatcher.GetResponse
 0001:00003E0C       TCustomWebDispatcher.HandleException
 0001:000043D0       TCustomWebDispatcher.HandleRequest
 0001:00004408       TCustomWebDispatcher.InitContext
 0001:0000441C       TCustomWebDispatcher.InitModule
 0001:00004280       TCustomWebDispatcher.Notification
 0001:000043DC       TCustomWebDispatcher.SetActions
 0001:00005B88       TDefaultWebAppServices.FindRequestHandler
 0001:00005CD8       TDefaultWebAppServices.FindWebDispatcher
 0001:00005C48       TDefaultWebAppServices.FinishContext
 0001:00005D78       TDefaultWebAppServices.GetExceptionHandler
 0001:00005BCC       TDefaultWebAppServices.GetRequestHandler
 0001:00005C2C       TDefaultWebAppServices.HandleRequest
 0001:00005C34       TDefaultWebAppServices.InitContext
 0001:00005C4C       TDefaultWebAppServices.InvokeDispatcher
 0001:00005EF0       TEmptyRequestFiles.GetCount
 0001:00005EF4       TEmptyRequestFiles.GetItem
 0001:00007DF8       THTMLTableAttributes.AssignTo
 0001:00007DA4       THTMLTableAttributes.Create
 0001:00007E54       THTMLTableAttributes.RestoreDefaults
 0001:00007E88       THTMLTableAttributes.SetAlign
 0001:00007EA8       THTMLTableAttributes.SetBGColor
 0001:00007E98       THTMLTableAttributes.SetBorder
 0001:00007F18       THTMLTableAttributes.SetCellPadding
 0001:00007F08       THTMLTableAttributes.SetCellSpacing
 0001:00007F28       THTMLTableAttributes.SetWidth
 0001:00007F38       THTMLTableElementAttributes.AssignTo
 0001:00007F80       THTMLTableElementAttributes.RestoreDefaults
 0001:00007FA4       THTMLTableElementAttributes.SetAlign
 0001:00007FB4       THTMLTableElementAttributes.SetBGColor
 0001:00008014       THTMLTableElementAttributes.SetVAlign
 0001:00008024       THTMLTableHeaderAttributes.AssignTo
 0001:00008078       THTMLTableHeaderAttributes.RestoreDefaults
 0001:000080A4       THTMLTableHeaderAttributes.SetCaption
 0001:00007D54       THTMLTagAttributes.Changed
 0001:00007D18       THTMLTagAttributes.Create
 0001:00007D68       THTMLTagAttributes.RestoreDefaults
 0001:00007D7C       THTMLTagAttributes.SetCustom
 0001:0000B734       TIpSocket.Bind
 0001:0000B38C       TIpSocket.Create
 0001:0000B3EC       TIpSocket.GetSocketAddr
 0001:0000B610       TIpSocket.LocalDomainName
 0001:0000B6E0       TIpSocket.LocalHostAddr
 0001:0000B698       TIpSocket.LocalHostName
 0001:0000B4DC       TIpSocket.LookupHostAddr
 0001:0000B490       TIpSocket.LookupHostName
 0001:0000B5B4       TIpSocket.LookupPort
 0001:0000B5F0       TIpSocket.LookupProtocol
 0001:0000B774       TIpSocket.ReceiveFrom
 0001:0000B7D0       TIpSocket.SendTo
 0001:0000B838       TIpSocket.SetLocalHost
 0001:0000B8A4       TIpSocket.SetLocalPort
 0001:0000B910       TIpSocket.SetRemoteHost
 0001:0000B97C       TIpSocket.SetRemotePort
 0001:000083CC       TLocalWebModuleContext.Create
 0001:0000850C       TLocalWebModuleContext.FindNamedVariable
 0001:00008518       TLocalWebModuleContext.FindVariable
 0001:00008520       TLocalWebModuleContext.FindVariableContainer
 0001:0000868C       TLocalWebModuleContext.GetVariable
 0001:00008734       TLocalWebModuleContext.GetVariableCount
 0001:00008420       TLocalWebModuleContext.QueryInterface
 0001:00008408       TLocalWebModuleContext._AddRef
 0001:00008414       TLocalWebModuleContext._Release
 0001:00000270       TlsAlloc
 0002:0000100C       tlsBuffer
 0001:00000278       TlsFree
 0001:00000280       TlsGetValue
 0002:00000000       TlsIndex
 0002:BF4A1004       TlsLast
 0002:00000020       TlsProc
 0001:00000288       TlsSetValue
 0001:000059C8       TranslateChar
 0001:0000BB40       TRawSocket.Create
 0001:0000BE34       TServerSocketThread.AddClientSocketThread
 0001:0000BDA0       TServerSocketThread.ClearThreadPool
 0001:0000BD08       TServerSocketThread.Create
 0001:0000BE88       TServerSocketThread.CreateThread
 0001:0000BD60       TServerSocketThread.Destroy
 0001:0000BDDC       TServerSocketThread.Execute
 0001:0000BE98       TServerSocketThread.FetchClientSocketThread
 0001:0000BEE4       TServerSocketThread.RemoveClientSocketThread
 0001:0000BE30       TServerSocketThread.SetThreadCacheSize
 0001:0000BB80       TUdpSocket.Create
 0001:000032A8       TWebActionItem.AssignTo
 0001:0000323C       TWebActionItem.Create
 0001:00003278       TWebActionItem.Destroy
 0001:0000338C       TWebActionItem.DispatchAction
 0001:000034C8       TWebActionItem.GetDisplayName
 0001:00003798       TWebActionItem.GetMask
 0001:0000376C       TWebActionItem.GetPathInfo
 0001:00003744       TWebActionItem.ProducerPathInfo
 0001:000034DC       TWebActionItem.SetDefault
 0001:00003554       TWebActionItem.SetDisplayName
 0001:00003534       TWebActionItem.SetEnabled
 0001:00003544       TWebActionItem.SetMethodType
 0001:0000363C       TWebActionItem.SetOnAction
 0001:00003658       TWebActionItem.SetPathInfo
 0001:00003720       TWebActionItem.SetProducer
 0001:00003864       TWebActionItem.SetProducerContent
 0001:000038D0       TWebActionItems.Add
 0001:00003888       TWebActionItems.Create
 0001:000038DC       TWebActionItems.GetActionItem
 0001:000038F8       TWebActionItems.GetAttr
 0001:000038F0       TWebActionItems.GetAttrCount
 0001:0000396C       TWebActionItems.GetItemAttr
 0001:00003AB8       TWebActionItems.GetOwner
 0001:00003ABC       TWebActionItems.SetActionItem
 0001:00003ADC       TWebActionItems.SetItemName
 0001:00003BC8       TWebActionItems.Update
 0001:0000C7F0       TWebContext.Create
 0001:0000C858       TWebContext.Destroy
 0001:0000CE0C       TWebContext.FindApplicationModule
 0001:0000C9FC       TWebContext.FindDefaultPageInfo
 0001:0000CA70       TWebContext.FindModuleClass
 0001:0000CA9C       TWebContext.FindModuleName
 0001:0000C89C       TWebContext.FindPage
 0001:0000C928       TWebContext.FindPageInfo
 0001:0000CB64       TWebContext.FindVariableContainer
 0001:0000CB3C       TWebContext.GetAdapterRequest
 0001:0000CB50       TWebContext.GetAdapterResponse
 0001:0000CF08       TWebContext.GetDispatchedPageName
 0001:0000CACC       TWebContext.GetEndUser
 0001:0000CD28       TWebContext.GetPageCount
 0001:0000CD98       TWebContext.GetPageInfo
 0001:0000CF1C       TWebContext.GetRequestedPageName
 0001:0000CE6C       TWebContext.GetSession
 0001:0000CAC8       TWebContext.GetWebModules
 0001:0000CB34       TWebContext.GetWebRequest
 0001:0000CB38       TWebContext.GetWebResponse
 0001:0000CE70       TWebContext.SetAdapterRequest
 0001:0000CEBC       TWebContext.SetAdapterResponse
 0001:0000CF30       TWebContext.SetDispatchedPageName
 0001:0000CF44       TWebContext.SetRequestedPageName
 0001:00009794       TWebDispatch.AssignTo
 0001:00009704       TWebDispatch.Create
 0001:00009758       TWebDispatch.Destroy
 0001:00009824       TWebDispatch.GetMask
 0001:00009810       TWebDispatch.GetPathInfo
 0001:00009788       TWebDispatch.SetPathInfo
 0001:000044C8       TWebModule.Create
 0001:0000CFD8       TWebPageInfoWrapper.Create
 0001:0000D078       TWebPageInfoWrapper.GetHasViewAccess
 0001:0000D058       TWebPageInfoWrapper.GetLoginRequired
 0001:0000D010       TWebPageInfoWrapper.GetPageDescription
 0001:0000D038       TWebPageInfoWrapper.GetPageHREF
 0001:0000D04C       TWebPageInfoWrapper.GetPageIsPublished
 0001:0000D064       TWebPageInfoWrapper.GetPageName
 0001:0000D024       TWebPageInfoWrapper.GetPageTitle
 0001:00009830       TWebPathInfo.Create
 0001:00009880       TWebPathInfo.Destroy
 0001:000098B0       TWebPathInfo.GetMask
 0001:000099C8       TWebPathInfo.GetPathInfo
 0001:000099F4       TWebPathInfo.SetPathInfo
 0001:000024B8       TWebRequest.Create
 0001:000025F8       TWebRequest.Destroy
 0001:0000267C       TWebRequest.ExtractContentFields
 0001:00002784       TWebRequest.ExtractCookieFields
 0001:00002640       TWebRequest.ExtractFields
 0001:0000282C       TWebRequest.ExtractQueryFields
 0001:000028D4       TWebRequest.GetContentFields
 0001:00002980       TWebRequest.GetContentParser
 0001:000028E4       TWebRequest.GetCookieFields
 0001:0000296C       TWebRequest.GetFiles
 0001:0000293C       TWebRequest.GetInternalPathInfo
 0001:00002954       TWebRequest.GetInternalScriptName
 0001:00002910       TWebRequest.GetQueryFields
 0001:000024F4       TWebRequest.UpdateMethodType
 0001:00002DFC       TWebResponse.AddCustomHeaders
 0001:00002D58       TWebResponse.Create
 0001:00002DBC       TWebResponse.Destroy
 0001:00003054       TWebResponse.FormatAuthenticate
 0001:00002EB4       TWebResponse.GetCustomHeader
 0001:00002ED0       TWebResponse.Sent
 0001:00002ED4       TWebResponse.SetContentStream
 0001:00002F58       TWebResponse.SetCookieField
 0001:00003038       TWebResponse.SetCustomHeader
 0001:00003044       TWebResponse.SetCustomHeaders
 0001:000003AC       UninitializeModule
 0001:00005A1C       UnixPathToDosPath
 0001:0000D1FC       WebCntxt
 0001:00000A04       WebConst
 0001:0000C7DC       WebContext
 0001:000005A4       Windows
 0001:00009B90       WinSock
 0001:00009B50       WSACleanup
 0002:0000103C       WSAData
 0001:00009B40       WSAGetLastError
 0001:00009B48       WSAStartup
 0002:000000C4       Xlat_Domain
 0002:00000124       Xlat_SocketType
 0001:00009B58       __WSAFDIsSet


  Address         Publics by Value

 0002:BF4A1004       TlsLast
 0001:00000258       FreeLibrary
 0001:00000260       LocalAlloc
 0001:00000268       LocalFree
 0001:00000270       TlsAlloc
 0001:00000278       TlsFree
 0001:00000280       TlsGetValue
 0001:00000288       TlsSetValue
 0001:00000290       AllocTlsBuffer
 0001:0000029C       GetTlsSize
 0001:000002A4       InitThreadTLS
 0001:000002E8       InitProcessTLS
 0001:00000314       ExitThreadTLS
 0001:0000033C       ExitProcessTLS
 0001:00000360       @GetTls
 0001:000003A0       InitializeModule
 0001:000003AC       UninitializeModule
 0001:000003D0       @InitPkg
 0001:00000434       @PackageLoad
 0001:00000440       @PackageUnload
 0001:0000044C       Finalization
 0001:0000047C       SysInit
 0001:00000574       Finalization
 0001:000005A4       Windows
 0001:00000834       Finalization
 0001:00000864       Messages
 0001:000009D4       Finalization
 0001:00000A04       WebConst
 0001:00000A44       Finalization
 0001:00000A74       BrkrConst
 0001:00002484       ContentParsers
 0001:000024A4       RegisterContentParser
 0001:000024B8       TWebRequest.Create
 0001:000024F4       TWebRequest.UpdateMethodType
 0001:000025F8       TWebRequest.Destroy
 0001:00002640       TWebRequest.ExtractFields
 0001:0000267C       TWebRequest.ExtractContentFields
 0001:00002784       TWebRequest.ExtractCookieFields
 0001:0000282C       TWebRequest.ExtractQueryFields
 0001:000028D4       TWebRequest.GetContentFields
 0001:000028E4       TWebRequest.GetCookieFields
 0001:00002910       TWebRequest.GetQueryFields
 0001:0000293C       TWebRequest.GetInternalPathInfo
 0001:00002954       TWebRequest.GetInternalScriptName
 0001:0000296C       TWebRequest.GetFiles
 0001:00002980       TWebRequest.GetContentParser
 0001:000029E4       TCookie.Create
 0001:00002A28       TCookie.AssignTo
 0001:00002A90       TCookie.GetHeaderValue
 0001:00002CD0       TCookieCollection.Create
 0001:00002D18       TCookieCollection.Add
 0001:00002D24       TCookieCollection.GetCookie
 0001:00002D38       TCookieCollection.SetCookie
 0001:00002D58       TWebResponse.Create
 0001:00002DBC       TWebResponse.Destroy
 0001:00002DFC       TWebResponse.AddCustomHeaders
 0001:00002EB4       TWebResponse.GetCustomHeader
 0001:00002ED0       TWebResponse.Sent
 0001:00002ED4       TWebResponse.SetContentStream
 0001:00002F58       TWebResponse.SetCookieField
 0001:00003038       TWebResponse.SetCustomHeader
 0001:00003044       TWebResponse.SetCustomHeaders
 0001:00003054       TWebResponse.FormatAuthenticate
 0001:00003128       TCustomContentProducer.Notification
 0001:00003150       TCustomContentProducer.SetDispatcher
 0001:00003170       TCustomContentProducer.Content
 0001:0000317C       TCustomContentProducer.ContentFromStream
 0001:00003190       TCustomContentProducer.ContentFromString
 0001:000031A4       TCustomContentProducer.SetAppDispatcher
 0001:000031AC       TCustomContentProducer.GetDispatcher
 0001:000031F4       TCustomContentProducer.ProduceContent
 0001:00003208       TCustomContentProducer.ProduceContentFromStream
 0001:00003220       TCustomContentProducer.ProduceContentFromString
 0001:00003238       TCustomContentProducer.GetAppDispatcher
 0001:0000323C       TWebActionItem.Create
 0001:00003278       TWebActionItem.Destroy
 0001:000032A8       TWebActionItem.AssignTo
 0001:0000338C       TWebActionItem.DispatchAction
 0001:000034C8       TWebActionItem.GetDisplayName
 0001:000034DC       TWebActionItem.SetDefault
 0001:00003534       TWebActionItem.SetEnabled
 0001:00003544       TWebActionItem.SetMethodType
 0001:00003554       TWebActionItem.SetDisplayName
 0001:0000363C       TWebActionItem.SetOnAction
 0001:00003658       TWebActionItem.SetPathInfo
 0001:00003720       TWebActionItem.SetProducer
 0001:00003744       TWebActionItem.ProducerPathInfo
 0001:0000376C       TWebActionItem.GetPathInfo
 0001:00003798       TWebActionItem.GetMask
 0001:00003864       TWebActionItem.SetProducerContent
 0001:00003888       TWebActionItems.Create
 0001:000038D0       TWebActionItems.Add
 0001:000038DC       TWebActionItems.GetActionItem
 0001:000038F0       TWebActionItems.GetAttrCount
 0001:000038F8       TWebActionItems.GetAttr
 0001:0000396C       TWebActionItems.GetItemAttr
 0001:00003AB8       TWebActionItems.GetOwner
 0001:00003ABC       TWebActionItems.SetActionItem
 0001:00003ADC       TWebActionItems.SetItemName
 0001:00003BC8       TWebActionItems.Update
 0001:00003BCC       TCustomWebDispatcher.Create
 0001:00003DD4       TCustomWebDispatcher.Destroy
 0001:00003E0C       TCustomWebDispatcher.HandleException
 0001:00003F68       TCustomWebDispatcher.ActionByName
 0001:00003FF4       TCustomWebDispatcher.DoAfterDispatch
 0001:0000401C       TCustomWebDispatcher.DoBeforeDispatch
 0001:00004044       DispatchHandler
 0001:00004104       TCustomWebDispatcher.DispatchAction
 0001:00004274       TCustomWebDispatcher.GetAction
 0001:00004280       TCustomWebDispatcher.Notification
 0001:000043D0       TCustomWebDispatcher.HandleRequest
 0001:000043DC       TCustomWebDispatcher.SetActions
 0001:000043EC       TCustomWebDispatcher.GetRequest
 0001:000043F0       TCustomWebDispatcher.GetResponse
 0001:000043F4       TCustomWebDispatcher.Access_Request
 0001:000043FC       TCustomWebDispatcher.Access_Response
 0001:00004404       TCustomWebDispatcher.FinishContext
 0001:00004408       TCustomWebDispatcher.InitContext
 0001:0000441C       TCustomWebDispatcher.InitModule
 0001:000044C8       TWebModule.Create
 0001:00004620       HTTPDecode
 0001:00004880       HTTPEncode
 0001:0000493C       HTMLEncode
 0001:00004A68       HTMLDecode
 0001:00004E50       GetMonth
 0001:00004E94       GetTime
 0001:00004EFC       ParseDate
 0001:00005094       DoStripQuotes
 0001:0000511C       ExtractHeaderFields
 0001:00005350       ExtractHTTPFields
 0001:00005394       StatusString
 0001:000059C8       TranslateChar
 0001:00005A1C       UnixPathToDosPath
 0001:00005A34       DosPathToUnixPath
 0001:00005A4C       MonthStr
 0001:00005A84       DayOfWeekStr
 0001:00005AAC       TAbstractWebPageInfo.GetIsPublished
 0001:00005AB0       TAbstractWebPageInfo.GetPageDescription
 0001:00005AC4       TAbstractWebPageInfo.GetPageHREF
 0001:00005AD8       TAbstractWebPageInfo.GetPageTitle
 0001:00005AEC       TAbstractWebPageInfo.GetFactory
 0001:00005AF0       TAbstractWebPageInfo.SetFactory
 0001:00005AF4       TAbstractWebPageInfo.GetIsLoginRequired
 0001:00005AF8       TAbstractWebPageInfo.GetViewAccess
 0001:00005B04       TAbstractWebModuleFactory.GetWebPageInfo
 0001:00005B08       TAbstractWebPageModuleFactory.Create
 0001:00005B54       TAbstractWebPageModuleFactory.Destroy
 0001:00005B84       TAbstractWebPageModuleFactory.GetWebPageInfo
 0001:00005B88       TDefaultWebAppServices.FindRequestHandler
 0001:00005BCC       TDefaultWebAppServices.GetRequestHandler
 0001:00005C2C       TDefaultWebAppServices.HandleRequest
 0001:00005C34       TDefaultWebAppServices.InitContext
 0001:00005C48       TDefaultWebAppServices.FinishContext
 0001:00005C4C       TDefaultWebAppServices.InvokeDispatcher
 0001:00005CD8       TDefaultWebAppServices.FindWebDispatcher
 0001:00005D78       TDefaultWebAppServices.GetExceptionHandler
 0001:00005DE4       TAbstractContentParser.CanParse
 0001:00005DE8       TAbstractContentParser.Create
 0001:00005E20       TContentParser.CanParse
 0001:00005E24       TContentParser.Destroy
 0001:00005E5C       TContentParser.GetContentFields
 0001:00005EF0       TEmptyRequestFiles.GetCount
 0001:00005EF4       TEmptyRequestFiles.GetItem
 0001:00005EF8       TContentParser.GetFiles
 0001:00005F18       Finalization
 0001:00005F7C       HTTPApp
 0001:00006004       TCopyParser.Create
 0001:00006084       TCopyParser.Destroy
 0001:000060C0       TCopyParser.CheckToken
 0001:0000618C       TCopyParser.CheckTokenSymbol
 0001:00006200       TCopyParser.CopySkipTo
 0001:000062B8       TCopyParser.CopySkipToEOL
 0001:00006308       TCopyParser.CopySkipToEOF
 0001:000063A4       InternalSkipBlanks
 0001:00006450       TCopyParser.CopySkipToToken
 0001:0000659C       TCopyParser.CopyTo
 0001:000065B8       TCopyParser.CopyToToken
 0001:000065D4       TCopyParser.CopyToEOL
 0001:000065E8       TCopyParser.CopyToEOF
 0001:000065FC       TCopyParser.CopyTokenToOutput
 0001:00006608       TCopyParser.Error
 0001:00006610       TCopyParser.ErrorFmt
 0001:0000666C       TCopyParser.ErrorStr
 0001:000066AC       TCopyParser.NextToken
 0001:000066B8       TCopyParser.SkipTo
 0001:000066D4       TCopyParser.SkipToToken
 0001:000066F0       TCopyParser.SkipToEOL
 0001:00006704       TCopyParser.SkipToEOF
 0001:00006718       TCopyParser.SkipToNextToken
 0001:000067A0       TCopyParser.SkipToken
 0001:000067A8       TCopyParser.ReadBuffer
 0001:00006870       TCopyParser.SkipBlanks
 0001:000068C8       TCopyParser.SourcePos
 0001:000068D4       TCopyParser.SkipEOL
 0001:00006908       TCopyParser.TokenFloat
 0001:00006960       TCopyParser.TokenInt
 0001:000069B0       TCopyParser.TokenString
 0001:000069D0       TCopyParser.TokenSymbolIs
 0001:00006A34       TCopyParser.TokenComponentIdent
 0001:00006AD4       TCopyParser.UpdateOutStream
 0001:00006AF4       Finalization
 0001:00006B24       CopyPrsr
 0001:00007D00       FindScriptProducerClass
 0001:00007D18       THTMLTagAttributes.Create
 0001:00007D54       THTMLTagAttributes.Changed
 0001:00007D68       THTMLTagAttributes.RestoreDefaults
 0001:00007D7C       THTMLTagAttributes.SetCustom
 0001:00007DA4       THTMLTableAttributes.Create
 0001:00007DF8       THTMLTableAttributes.AssignTo
 0001:00007E54       THTMLTableAttributes.RestoreDefaults
 0001:00007E88       THTMLTableAttributes.SetAlign
 0001:00007E98       THTMLTableAttributes.SetBorder
 0001:00007EA8       THTMLTableAttributes.SetBGColor
 0001:00007F08       THTMLTableAttributes.SetCellSpacing
 0001:00007F18       THTMLTableAttributes.SetCellPadding
 0001:00007F28       THTMLTableAttributes.SetWidth
 0001:00007F38       THTMLTableElementAttributes.AssignTo
 0001:00007F80       THTMLTableElementAttributes.RestoreDefaults
 0001:00007FA4       THTMLTableElementAttributes.SetAlign
 0001:00007FB4       THTMLTableElementAttributes.SetBGColor
 0001:00008014       THTMLTableElementAttributes.SetVAlign
 0001:00008024       THTMLTableHeaderAttributes.AssignTo
 0001:00008078       THTMLTableHeaderAttributes.RestoreDefaults
 0001:000080A4       THTMLTableHeaderAttributes.SetCaption
 0001:00008108       TBasePageProducer.Create
 0001:00008148       TBasePageProducer.ContentFromStream
 0001:0000821C       TBasePageProducer.ServerScriptFromStream
 0001:00008240       TBasePageProducer.ContentFromString
 0001:0000829C       TBasePageProducer.HandleTag
 0001:000082D8       TBasePageProducer.HandleScriptTag
 0001:000083CC       TLocalWebModuleContext.Create
 0001:00008408       TLocalWebModuleContext._AddRef
 0001:00008414       TLocalWebModuleContext._Release
 0001:00008420       TLocalWebModuleContext.QueryInterface
 0001:00008448       FindNamedModuleVariable
 0001:0000850C       TLocalWebModuleContext.FindNamedVariable
 0001:00008518       TLocalWebModuleContext.FindVariable
 0001:00008520       TLocalWebModuleContext.FindVariableContainer
 0001:000085DC       GetModuleVariable
 0001:0000868C       TLocalWebModuleContext.GetVariable
 0001:00008698       GetModuleVariableCount
 0001:00008734       TLocalWebModuleContext.GetVariableCount
 0001:00008740       TBasePageProducer.GetWebModuleContext
 0001:00008780       TBasePageProducer.GetTagID
 0001:000087EC       GetTagID
 0001:00008818       TBasePageProducer.Content
 0001:00008884       TBasePageProducer.DoTagEvent
 0001:000088AC       TBasePageProducer.ImplHandleTag
 0001:000088F0       TBasePageProducer.GetScriptEngine
 0001:00008904       TBasePageProducer.UseScriptEngine
 0001:00008950       TBasePageProducer.GetLocateFileService
 0001:000089D8       TBasePageProducer.GetTemplateStream
 0001:000089DC       TBasePageProducer.GetProducerTemplateStream
 0001:00008A60       TBasePageProducer.GetProducerTemplateFileName
 0001:00008ACC       TBasePageProducer.GetTemplateFileName
 0001:00008AD8       TCustomPageProducer.Create
 0001:00008B1C       TCustomPageProducer.Destroy
 0001:00008B4C       TCustomPageProducer.GetTemplateStream
 0001:00008C14       TCustomPageProducer.SetHTMLFile
 0001:00008C40       TCustomPageProducer.SetHTMLDoc
 0001:00008C58       TCustomPageProducer.HandleTag
 0001:00008C7C       ScriptProducerContentFromStream
 0001:00008D44       ScriptProducerContentFromString
 0001:00008DE8       ContentFromStream
 0001:000090CC       ContentFromString
 0001:00009134       ContentFromScriptStream
 0001:00009218       ContentFromScriptFile
 0001:000092C4       FindComponentWebModuleContext
 0001:00009374       TCustomPageProducer.GetTemplateFileName
 0001:00009388       TAbstractScriptProducer.Create
 0001:000093F8       EScriptError.Create
 0001:00009490       EScriptError.Destroy
 0001:000094C0       TAbstractScriptEnginesList.Create
 0001:000094E8       Finalization
 0001:00009564       HTTPProd
 0001:00009704       TWebDispatch.Create
 0001:00009758       TWebDispatch.Destroy
 0001:00009788       TWebDispatch.SetPathInfo
 0001:00009794       TWebDispatch.AssignTo
 0001:00009810       TWebDispatch.GetPathInfo
 0001:00009824       TWebDispatch.GetMask
 0001:00009830       TWebPathInfo.Create
 0001:00009880       TWebPathInfo.Destroy
 0001:000098B0       TWebPathInfo.GetMask
 0001:000099C8       TWebPathInfo.GetPathInfo
 0001:000099F4       TWebPathInfo.SetPathInfo
 0001:00009A28       Finalization
 0001:00009A58       AutoDisp
 0001:00009A60       FD_ISSET
 0001:00009A78       FD_SET
 0001:00009A88       FD_ZERO
 0001:00009A90       accept
 0001:00009A98       bind
 0001:00009AA0       closesocket
 0001:00009AA8       connect
 0001:00009AB0       htons
 0001:00009AB8       inet_addr
 0001:00009AC0       inet_ntoa
 0001:00009AC8       ioctlsocket
 0001:00009AD0       listen
 0001:00009AD8       ntohs
 0001:00009AE0       recv
 0001:00009AE8       recvfrom
 0001:00009AF0       select
 0001:00009AF8       send
 0001:00009B00       sendto
 0001:00009B08       shutdown
 0001:00009B10       socket
 0001:00009B18       gethostbyaddr
 0001:00009B20       gethostbyname
 0001:00009B28       getprotobyname
 0001:00009B30       getservbyname
 0001:00009B38       gethostname
 0001:00009B40       WSAGetLastError
 0001:00009B48       WSAStartup
 0001:00009B50       WSACleanup
 0001:00009B58       __WSAFDIsSet
 0001:00009B60       Finalization
 0001:00009B90       WinSock
 0001:0000AC14       TBaseSocket.Create
 0001:0000ACA0       TBaseSocket.Destroy
 0001:0000ACCC       TBaseSocket.Open
 0001:0000AD54       TBaseSocket.Close
 0001:0000AD8C       TBaseSocket.MapDomain
 0001:0000AD98       TBaseSocket.MapSockType
 0001:0000ADA4       TBaseSocket.PeekBuf
 0001:0000ADC8       TBaseSocket.ReceiveBuf
 0001:0000AE10       TBaseSocket.Receiveln
 0001:0000AF1C       TBaseSocket.Select
 0001:0000B0AC       TBaseSocket.SendBuf
 0001:0000B0F4       TBaseSocket.Sendln
 0001:0000B164       TBaseSocket.SendStream
 0001:0000B1B0       TBaseSocket.WaitForData
 0001:0000B200       TBaseSocket.DoHandleError
 0001:0000B21C       TBaseSocket.DoCreateHandle
 0001:0000B238       TBaseSocket.DoDestroyHandle
 0001:0000B24C       TBaseSocket.DoReceive
 0001:0000B26C       TBaseSocket.DoSend
 0001:0000B284       TBaseSocket.ErrorCheck
 0001:0000B29C       TBaseSocket.Loaded
 0001:0000B2C0       TBaseSocket.SetBytesReceived
 0001:0000B2C4       TBaseSocket.SetBytesSent
 0001:0000B2C8       TBaseSocket.SetActive
 0001:0000B2F8       TBaseSocket.SetDomain
 0001:0000B31C       TBaseSocket.SetSockType
 0001:0000B340       TBaseSocket.SetProtocol
 0001:0000B368       TBaseSocket.SetBlockMode
 0001:0000B38C       TIpSocket.Create
 0001:0000B3EC       TIpSocket.GetSocketAddr
 0001:0000B490       TIpSocket.LookupHostName
 0001:0000B4DC       TIpSocket.LookupHostAddr
 0001:0000B5B4       TIpSocket.LookupPort
 0001:0000B5F0       TIpSocket.LookupProtocol
 0001:0000B610       TIpSocket.LocalDomainName
 0001:0000B698       TIpSocket.LocalHostName
 0001:0000B6E0       TIpSocket.LocalHostAddr
 0001:0000B734       TIpSocket.Bind
 0001:0000B774       TIpSocket.ReceiveFrom
 0001:0000B7D0       TIpSocket.SendTo
 0001:0000B838       TIpSocket.SetLocalHost
 0001:0000B8A4       TIpSocket.SetLocalPort
 0001:0000B910       TIpSocket.SetRemoteHost
 0001:0000B97C       TIpSocket.SetRemotePort
 0001:0000B9E8       TCustomIpClient.Create
 0001:0000BA40       TCustomIpClient.Open
 0001:0000BAA0       TCustomIpClient.Close
 0001:0000BAD8       TCustomIpClient.Connect
 0001:0000BAEC       TCustomIpClient.Disconnect
 0001:0000BAF4       TCustomIpClient.GetThreadObject
 0001:0000BB00       TCustomIpClient.DoConnect
 0001:0000BB20       TCustomIpClient.DoDisconnect
 0001:0000BB40       TRawSocket.Create
 0001:0000BB80       TUdpSocket.Create
 0001:0000BBCC       TClientSocketThread.Create
 0001:0000BC10       TClientSocketThread.Destroy
 0001:0000BC44       TClientSocketThread.Execute
 0001:0000BCF4       TClientSocketThread.ExecuteSyncProc
 0001:0000BD04       TClientSocketThread.SyncProc
 0001:0000BD08       TServerSocketThread.Create
 0001:0000BD60       TServerSocketThread.Destroy
 0001:0000BDA0       TServerSocketThread.ClearThreadPool
 0001:0000BDDC       TServerSocketThread.Execute
 0001:0000BE30       TServerSocketThread.SetThreadCacheSize
 0001:0000BE34       TServerSocketThread.AddClientSocketThread
 0001:0000BE88       TServerSocketThread.CreateThread
 0001:0000BE98       TServerSocketThread.FetchClientSocketThread
 0001:0000BEE4       TServerSocketThread.RemoveClientSocketThread
 0001:0000BEF0       TCustomTcpServer.Create
 0001:0000BF68       TCustomTcpServer.Destroy
 0001:0000BF90       TCustomTcpServer.Open
 0001:0000BFDC       TCustomTcpServer.Close
 0001:0000C014       TCustomTcpServer.Accept
 0001:0000C070       TCustomTcpServer.Accept
 0001:0000C1C8       TCustomTcpServer.GetThread
 0001:0000C1E8       TCustomTcpServer.GetServerSocketThread
 0001:0000C224       TCustomTcpServer.SetServerSocketThread
 0001:0000C24C       TCustomTcpServer.DoAccept
 0001:0000C26C       TCustomTcpServer.Listen
 0001:0000C2A8       TCustomTcpServer.SetServerBlockMode
 0001:0000C2EC       TCustomTcpServer.WaitForConnection
 0001:0000C324       Startup
 0001:0000C364       Cleanup
 0001:0000C398       Finalization
 0001:0000C3D0       Sockets
 0001:0000C7DC       WebContext
 0001:0000C7F0       TWebContext.Create
 0001:0000C858       TWebContext.Destroy
 0001:0000C89C       TWebContext.FindPage
 0001:0000C928       TWebContext.FindPageInfo
 0001:0000C9FC       TWebContext.FindDefaultPageInfo
 0001:0000CA70       TWebContext.FindModuleClass
 0001:0000CA9C       TWebContext.FindModuleName
 0001:0000CAC8       TWebContext.GetWebModules
 0001:0000CACC       TWebContext.GetEndUser
 0001:0000CB34       TWebContext.GetWebRequest
 0001:0000CB38       TWebContext.GetWebResponse
 0001:0000CB3C       TWebContext.GetAdapterRequest
 0001:0000CB50       TWebContext.GetAdapterResponse
 0001:0000CB64       TWebContext.FindVariableContainer
 0001:0000CC94       MakeWebPageInfoList
 0001:0000CD28       TWebContext.GetPageCount
 0001:0000CD98       TWebContext.GetPageInfo
 0001:0000CE0C       TWebContext.FindApplicationModule
 0001:0000CE6C       TWebContext.GetSession
 0001:0000CE70       TWebContext.SetAdapterRequest
 0001:0000CEBC       TWebContext.SetAdapterResponse
 0001:0000CF08       TWebContext.GetDispatchedPageName
 0001:0000CF1C       TWebContext.GetRequestedPageName
 0001:0000CF30       TWebContext.SetDispatchedPageName
 0001:0000CF44       TWebContext.SetRequestedPageName
 0001:0000CF58       TAbstractWebContext.Create
 0001:0000CFA0       TAbstractWebContext.Destroy
 0001:0000CFD8       TWebPageInfoWrapper.Create
 0001:0000D010       TWebPageInfoWrapper.GetPageDescription
 0001:0000D024       TWebPageInfoWrapper.GetPageTitle
 0001:0000D038       TWebPageInfoWrapper.GetPageHREF
 0001:0000D04C       TWebPageInfoWrapper.GetPageIsPublished
 0001:0000D058       TWebPageInfoWrapper.GetLoginRequired
 0001:0000D064       TWebPageInfoWrapper.GetPageName
 0001:0000D078       TWebPageInfoWrapper.GetHasViewAccess
 0001:0000D124       TAbstractAdapterRequest.Create
 0001:0000D16C       TAbstractAdapterRequest.GetRequest
 0001:0000D178       TAbstractAdapterResponse.Create
 0001:0000D1C0       TAbstractAdapterResponse.GetResponse
 0001:0000D1CC       Finalization
 0001:0000D1FC       WebCntxt
 0001:0000D2DC       @GetPackageInfoTable
 0001:0000D2E4       @PackageLoad
 0001:0000D2F0       @PackageUnload
 0001:0000D2FC       inet
 0002:00000000       TlsIndex
 0002:00000004       PtrToNil
 0002:00000008       Module
 0002:00000020       TlsProc
 0002:00000030       Months
 0002:00000060       DaysOfWeek
 0002:0000007C       HTMLAlign
 0002:0000008C       HTMLVAlign
 0002:000000A0       ScriptEnginesList
 0002:000000A4       DesignerFileManager
 0002:000000A8       TagSymbols
 0002:000000C4       Xlat_Domain
 0002:00000124       Xlat_SocketType
 0002:00000138       GetModuleFileNameProc
 0002:00001000       ModuleIsLib
 0002:00001001       ModuleIsPackage
 0002:00001004       HInstance
 0002:00001008       .1
 0002:0000100C       tlsBuffer
 0002:00001010       .3
 0002:00001014       .1
 0002:00001018       .1
 0002:0000101C       .1
 0002:00001020       .22
 0002:00001024       FContentParsers
 0002:00001028       .2
 0002:0000102C       .71
 0002:00001030       .3
 0002:00001034       .1
 0002:00001038       .21
 0002:0000103C       WSAData
 0002:000011CC       GetWebContextProc
 0002:000011D0       SetWebContextProc
 0002:000011D4       GetWebEndUserProc
 0002:000011D8       .5


Bound resource files

inet.RES
C:\DOCUME~1\~KOKOP~1\LOCALS~1\Temp\dtf279A.tmp


Program entry point at 0001:0000D2FC
