
 Start         Length     Name                   Class
 0001:00000000 000026E4H .text                   CODE
 0002:00000000 0000002CH .data                   DATA
 0002:0000002C 00000049H .bss                    BSS


Detailed map of segments

 0001:00000000 00000096 C=CODE     S=.text    G=(none)   M=System   ACBP=A9
 0001:00000098 000001EC C=CODE     S=.text    G=(none)   M=SysInit  ACBP=A9
 0001:00000284 00000038 C=CODE     S=.text    G=(none)   M=Windows  ACBP=A9
 0001:000002BC 0000000E C=CODE     S=.text    G=(none)   M=Types    ACBP=A9
 0001:000002CC 00000038 C=CODE     S=.text    G=(none)   M=Messages ACBP=A9
 0001:00000304 0000000E C=CODE     S=.text    G=(none)   M=SysUtils ACBP=A9
 0001:00000314 0000000E C=CODE     S=.text    G=(none)   M=SysConst ACBP=A9
 0001:00000324 00000056 C=CODE     S=.text    G=(none)   M=Classes  ACBP=A9
 0001:0000037C 0000000E C=CODE     S=.text    G=(none)   M=ActiveX  ACBP=A9
 0001:0000038C 0000000E C=CODE     S=.text    G=(none)   M=TypInfo  ACBP=A9
 0001:0000039C 0000000E C=CODE     S=.text    G=(none)   M=Variants ACBP=A9
 0001:000003AC 0000000E C=CODE     S=.text    G=(none)   M=VarUtils ACBP=A9
 0001:000003BC 0000000E C=CODE     S=.text    G=(none)   M=RTLConsts ACBP=A9
 0001:000003CC 00000016 C=CODE     S=.text    G=(none)   M=Graphics ACBP=A9
 0001:000003E4 0000000E C=CODE     S=.text    G=(none)   M=Consts   ACBP=A9
 0001:000003F4 000001E6 C=CODE     S=.text    G=(none)   M=Controls ACBP=A9
 0001:000005DC 0000000E C=CODE     S=.text    G=(none)   M=ActnList ACBP=A9
 0001:000005EC 0000000E C=CODE     S=.text    G=(none)   M=Contnrs  ACBP=A9
 0001:000005FC 0000000E C=CODE     S=.text    G=(none)   M=Math     ACBP=A9
 0001:0000060C 0000000E C=CODE     S=.text    G=(none)   M=ImgList  ACBP=A9
 0001:0000061C 00000038 C=CODE     S=.text    G=(none)   M=CommCtrl ACBP=A9
 0001:00000654 0000000E C=CODE     S=.text    G=(none)   M=Forms    ACBP=A9
 0001:00000664 0000000E C=CODE     S=.text    G=(none)   M=HelpIntfs ACBP=A9
 0001:00000674 0000000E C=CODE     S=.text    G=(none)   M=MultiMon ACBP=A9
 0001:00000684 00000038 C=CODE     S=.text    G=(none)   M=Imm      ACBP=A9
 0001:000006BC 0000000E C=CODE     S=.text    G=(none)   M=Menus    ACBP=A9
 0001:000006CC 0000000E C=CODE     S=.text    G=(none)   M=Themes   ACBP=A9
 0001:000006DC 0000000E C=CODE     S=.text    G=(none)   M=UxTheme  ACBP=A9
 0001:000006EC 0000000E C=CODE     S=.text    G=(none)   M=SyncObjs ACBP=A9
 0001:000006FC 0000000E C=CODE     S=.text    G=(none)   M=ComCtrls ACBP=A9
 0001:0000070C 00000038 C=CODE     S=.text    G=(none)   M=ShlObj   ACBP=A9
 0001:00000744 00000038 C=CODE     S=.text    G=(none)   M=UrlMon   ACBP=A9
 0001:0000077C 00000038 C=CODE     S=.text    G=(none)   M=WinInet  ACBP=A9
 0001:000007B4 00000038 C=CODE     S=.text    G=(none)   M=RegStr   ACBP=A9
 0001:000007EC 00000038 C=CODE     S=.text    G=(none)   M=ShellAPI ACBP=A9
 0001:00000824 0000000E C=CODE     S=.text    G=(none)   M=ListActns ACBP=A9
 0001:00000834 0000004E C=CODE     S=.text    G=(none)   M=ExtCtrls ACBP=A9
 0001:00000884 0000000E C=CODE     S=.text    G=(none)   M=StdCtrls ACBP=A9
 0001:00000894 0000000E C=CODE     S=.text    G=(none)   M=WinHelpViewer ACBP=A9
 0001:000008A4 0000000E C=CODE     S=.text    G=(none)   M=StdActns ACBP=A9
 0001:000008B4 0000000E C=CODE     S=.text    G=(none)   M=Dialogs  ACBP=A9
 0001:000008C4 0000000E C=CODE     S=.text    G=(none)   M=Printers ACBP=A9
 0001:000008D4 00000038 C=CODE     S=.text    G=(none)   M=WinSpool ACBP=A9
 0001:0000090C 00000038 C=CODE     S=.text    G=(none)   M=CommDlg  ACBP=A9
 0001:00000944 00000038 C=CODE     S=.text    G=(none)   M=Dlgs     ACBP=A9
 0001:0000097C 0000000E C=CODE     S=.text    G=(none)   M=StrUtils ACBP=A9
 0001:0000098C 0000000E C=CODE     S=.text    G=(none)   M=Clipbrd  ACBP=A9
 0001:0000099C 0000000E C=CODE     S=.text    G=(none)   M=FlatSB   ACBP=A9
 0001:000009AC 0000000E C=CODE     S=.text    G=(none)   M=ToolWin  ACBP=A9
 0001:000009BC 00000038 C=CODE     S=.text    G=(none)   M=RichEdit ACBP=A9
 0001:000009F4 0000000E C=CODE     S=.text    G=(none)   M=ExtActns ACBP=A9
 0001:00000A04 0000000E C=CODE     S=.text    G=(none)   M=Registry ACBP=A9
 0001:00000A14 0000000E C=CODE     S=.text    G=(none)   M=IniFiles ACBP=A9
 0001:00000A24 0000000E C=CODE     S=.text    G=(none)   M=ExtDlgs  ACBP=A9
 0001:00000A34 0000000E C=CODE     S=.text    G=(none)   M=Buttons  ACBP=A9
 0001:00000A44 0000000E C=CODE     S=.text    G=(none)   M=Mapi     ACBP=A9
 0001:00000A54 0000000E C=CODE     S=.text    G=(none)   M=ComStrs  ACBP=A9
 0001:00000A64 000000AE C=CODE     S=.text    G=(none)   M=TeeProcs ACBP=A9
 0001:00000B14 0000000E C=CODE     S=.text    G=(none)   M=TeCanvas ACBP=A9
 0001:00000B24 0000000E C=CODE     S=.text    G=(none)   M=TeeConst ACBP=A9
 0001:00000B34 0000006E C=CODE     S=.text    G=(none)   M=TeEngine ACBP=A9
 0001:00000BA4 000000AE C=CODE     S=.text    G=(none)   M=Chart    ACBP=A9
 0001:00000C54 0000000E C=CODE     S=.text    G=(none)   M=TeeFunci ACBP=A9
 0001:00000C64 00000086 C=CODE     S=.text    G=(none)   M=QuickRpt ACBP=A9
 0001:00000CEC 0000000E C=CODE     S=.text    G=(none)   M=QRExpBld ACBP=A9
 0001:00000CFC 0000000E C=CODE     S=.text    G=(none)   M=QR3Const ACBP=A9
 0001:00000D0C 0000000E C=CODE     S=.text    G=(none)   M=QRExpr   ACBP=A9
 0001:00000D1C 0000000E C=CODE     S=.text    G=(none)   M=DBTables ACBP=A9
 0001:00000D2C 0000000E C=CODE     S=.text    G=(none)   M=SMINTF   ACBP=A9
 0001:00000D3C 0000000E C=CODE     S=.text    G=(none)   M=BDE      ACBP=A9
 0001:00000D4C 0000000E C=CODE     S=.text    G=(none)   M=DBCommon ACBP=A9
 0001:00000D5C 0000000E C=CODE     S=.text    G=(none)   M=SqlTimSt ACBP=A9
 0001:00000D6C 0000000E C=CODE     S=.text    G=(none)   M=DBConsts ACBP=A9
 0001:00000D7C 0000000E C=CODE     S=.text    G=(none)   M=DateUtils ACBP=A9
 0001:00000D8C 0000000E C=CODE     S=.text    G=(none)   M=DB       ACBP=A9
 0001:00000D9C 0000000E C=CODE     S=.text    G=(none)   M=FMTBcd   ACBP=A9
 0001:00000DAC 0000000E C=CODE     S=.text    G=(none)   M=MaskUtils ACBP=A9
 0001:00000DBC 0000000E C=CODE     S=.text    G=(none)   M=ComObj   ACBP=A9
 0001:00000DCC 0000000E C=CODE     S=.text    G=(none)   M=ComConst ACBP=A9
 0001:00000DDC 0000000E C=CODE     S=.text    G=(none)   M=bdeconst ACBP=A9
 0001:00000DEC 0000000E C=CODE     S=.text    G=(none)   M=QREnvEd  ACBP=A9
 0001:00000DFC 0000000E C=CODE     S=.text    G=(none)   M=Grids    ACBP=A9
 0001:00000E0C 0000000E C=CODE     S=.text    G=(none)   M=Mask     ACBP=A9
 0001:00000E1C 0000000E C=CODE     S=.text    G=(none)   M=QRExtra  ACBP=A9
 0001:00000E2C 0000000E C=CODE     S=.text    G=(none)   M=QRPrev   ACBP=A9
 0001:00000E3C 00000026 C=CODE     S=.text    G=(none)   M=QRPrntr  ACBP=A9
 0001:00000E64 0000000E C=CODE     S=.text    G=(none)   M=QRPrgres ACBP=A9
 0001:00000E74 0000000E C=CODE     S=.text    G=(none)   M=QRPrnSu  ACBP=A9
 0001:00000E84 0000000E C=CODE     S=.text    G=(none)   M=QRCtrls  ACBP=A9
 0001:00000E94 0000000E C=CODE     S=.text    G=(none)   M=QRExprEd ACBP=A9
 0001:00000EA4 0000000E C=CODE     S=.text    G=(none)   M=QRLablEd ACBP=A9
 0001:00000EB4 0000000E C=CODE     S=.text    G=(none)   M=QRCompEd ACBP=A9
 0001:00000EC4 0000000E C=CODE     S=.text    G=(none)   M=QRAbout  ACBP=A9
 0001:00000ED4 0000000E C=CODE     S=.text    G=(none)   M=OleCtrls ACBP=A9
 0001:00000EE4 0000000E C=CODE     S=.text    G=(none)   M=AxCtrls  ACBP=A9
 0001:00000EF4 0000000E C=CODE     S=.text    G=(none)   M=StdVCL   ACBP=A9
 0001:00000F04 0000000E C=CODE     S=.text    G=(none)   M=OleConst ACBP=A9
 0001:00000F14 0000004E C=CODE     S=.text    G=(none)   M=DbChart  ACBP=A9
 0001:00000F64 00001430 C=CODE     S=.text    G=(none)   M=QRTEE    ACBP=A9
 0001:00002394 0000034D C=CODE     S=.text    G=(none)   M=teeqr    ACBP=A9
 0002:00000000 0000002C C=DATA     S=.data    G=DGROUP   M=SysInit  ACBP=A9
 0002:00001000 00000010 C=BSS      S=.bss     G=DGROUP   M=SysInit  ACBP=A9
 0002:00001010 00000004 C=BSS      S=.bss     G=DGROUP   M=Windows  ACBP=A9
 0002:00001014 00000004 C=BSS      S=.bss     G=DGROUP   M=Messages ACBP=A9
 0002:00001018 00000004 C=BSS      S=.bss     G=DGROUP   M=CommCtrl ACBP=A9
 0002:0000101C 00000004 C=BSS      S=.bss     G=DGROUP   M=Imm      ACBP=A9
 0002:00001020 00000004 C=BSS      S=.bss     G=DGROUP   M=ShlObj   ACBP=A9
 0002:00001024 00000004 C=BSS      S=.bss     G=DGROUP   M=UrlMon   ACBP=A9
 0002:00001028 00000004 C=BSS      S=.bss     G=DGROUP   M=WinInet  ACBP=A9
 0002:0000102C 00000004 C=BSS      S=.bss     G=DGROUP   M=RegStr   ACBP=A9
 0002:00001030 00000004 C=BSS      S=.bss     G=DGROUP   M=ShellAPI ACBP=A9
 0002:00001034 00000004 C=BSS      S=.bss     G=DGROUP   M=WinSpool ACBP=A9
 0002:00001038 00000004 C=BSS      S=.bss     G=DGROUP   M=CommDlg  ACBP=A9
 0002:0000103C 00000004 C=BSS      S=.bss     G=DGROUP   M=Dlgs     ACBP=A9
 0002:00001040 00000004 C=BSS      S=.bss     G=DGROUP   M=RichEdit ACBP=A9
 0002:00001044 00000004 C=BSS      S=.bss     G=DGROUP   M=QRTEE    ACBP=A9


  Address         Publics by Name

 0002:0000103C       .1
 0002:00001030       .1
 0002:00001014       .1
 0002:00001018       .1
 0002:0000102C       .1
 0002:00001008       .1
 0002:0000101C       .1
 0002:00001028       .1
 0002:00001024       .1
 0002:00001038       .1
 0002:00001040       .1
 0002:00001020       .1
 0002:00001034       .3
 0002:00001044       .3
 0002:00001010       .3
 0001:000026BC       @GetPackageInfoTable
 0001:000001D0       @InitPkg
 0001:00000234       @PackageLoad
 0001:000026C4       @PackageLoad
 0001:000026D0       @PackageUnload
 0001:00000240       @PackageUnload
 0001:000000D0       AllocTlsBuffer
 0001:0000064C       CommCtrl
 0001:0000093C       CommDlg
 0001:00000974       Dlgs
 0001:0000017C       ExitProcessTLS
 0001:00000154       ExitThreadTLS
 0001:00000284       Finalization
 0001:0000090C       Finalization
 0001:00000744       Finalization
 0001:000002CC       Finalization
 0001:00002350       Finalization
 0001:0000061C       Finalization
 0001:00000684       Finalization
 0001:0000070C       Finalization
 0001:000009BC       Finalization
 0001:000008D4       Finalization
 0001:0000024C       Finalization
 0001:0000077C       Finalization
 0001:000007B4       Finalization
 0001:000007EC       Finalization
 0001:00000944       Finalization
 0001:00000098       FreeLibrary
 0001:000000DC       GetTlsSize
 0002:00001004       HInstance
 0001:000006B4       Imm
 0001:000001A0       InitializeModule
 0001:00000128       InitProcessTLS
 0001:000000E4       InitThreadTLS
 0001:000000A0       LocalAlloc
 0001:000000A8       LocalFree
 0001:000002FC       Messages
 0002:00000004       Module
 0002:00001000       ModuleIsLib
 0002:00001001       ModuleIsPackage
 0001:00002380       QRTEE
 0001:000007E4       RegStr
 0001:000009EC       RichEdit
 0001:0000081C       ShellAPI
 0001:0000073C       ShlObj
 0001:0000027C       SysInit
 0001:000026DC       teeqr
 0001:000000B0       TlsAlloc
 0002:0000100C       tlsBuffer
 0001:000000B8       TlsFree
 0001:000000C0       TlsGetValue
 0002:00000000       TlsIndex
 0002:BF52C000       TlsLast
 0002:0000001C       TlsProc
 0001:000000C8       TlsSetValue
 0001:00001F84       TQRChart.Create
 0001:00002330       TQRChart.GetChart
 0001:00002308       TQRChart.Paint
 0001:000020FC       TQRChart.Print
 0001:000020B4       TQRChart.ReadState
 0001:000020E4       TQRChart.SetPrintMethod
 0001:00001D88       TQRDBChart.Create
 0001:00001E00       TQRDBChart.GetRectangle
 0001:00001F74       TQRDBChart.Invalidate
 0001:00001E80       TQRDBChart.Paint
 0001:000001AC       UninitializeModule
 0001:00000774       UrlMon
 0001:000002B4       Windows
 0001:000007AC       WinInet
 0001:00000904       WinSpool


  Address         Publics by Value

 0002:BF52C000       TlsLast
 0001:00000098       FreeLibrary
 0001:000000A0       LocalAlloc
 0001:000000A8       LocalFree
 0001:000000B0       TlsAlloc
 0001:000000B8       TlsFree
 0001:000000C0       TlsGetValue
 0001:000000C8       TlsSetValue
 0001:000000D0       AllocTlsBuffer
 0001:000000DC       GetTlsSize
 0001:000000E4       InitThreadTLS
 0001:00000128       InitProcessTLS
 0001:00000154       ExitThreadTLS
 0001:0000017C       ExitProcessTLS
 0001:000001A0       InitializeModule
 0001:000001AC       UninitializeModule
 0001:000001D0       @InitPkg
 0001:00000234       @PackageLoad
 0001:00000240       @PackageUnload
 0001:0000024C       Finalization
 0001:0000027C       SysInit
 0001:00000284       Finalization
 0001:000002B4       Windows
 0001:000002CC       Finalization
 0001:000002FC       Messages
 0001:0000061C       Finalization
 0001:0000064C       CommCtrl
 0001:00000684       Finalization
 0001:000006B4       Imm
 0001:0000070C       Finalization
 0001:0000073C       ShlObj
 0001:00000744       Finalization
 0001:00000774       UrlMon
 0001:0000077C       Finalization
 0001:000007AC       WinInet
 0001:000007B4       Finalization
 0001:000007E4       RegStr
 0001:000007EC       Finalization
 0001:0000081C       ShellAPI
 0001:000008D4       Finalization
 0001:00000904       WinSpool
 0001:0000090C       Finalization
 0001:0000093C       CommDlg
 0001:00000944       Finalization
 0001:00000974       Dlgs
 0001:000009BC       Finalization
 0001:000009EC       RichEdit
 0001:00001D88       TQRDBChart.Create
 0001:00001E00       TQRDBChart.GetRectangle
 0001:00001E80       TQRDBChart.Paint
 0001:00001F74       TQRDBChart.Invalidate
 0001:00001F84       TQRChart.Create
 0001:000020B4       TQRChart.ReadState
 0001:000020E4       TQRChart.SetPrintMethod
 0001:000020FC       TQRChart.Print
 0001:00002308       TQRChart.Paint
 0001:00002330       TQRChart.GetChart
 0001:00002350       Finalization
 0001:00002380       QRTEE
 0001:000026BC       @GetPackageInfoTable
 0001:000026C4       @PackageLoad
 0001:000026D0       @PackageUnload
 0001:000026DC       teeqr
 0002:00000000       TlsIndex
 0002:00000004       Module
 0002:0000001C       TlsProc
 0002:00001000       ModuleIsLib
 0002:00001001       ModuleIsPackage
 0002:00001004       HInstance
 0002:00001008       .1
 0002:0000100C       tlsBuffer
 0002:00001010       .3
 0002:00001014       .1
 0002:00001018       .1
 0002:0000101C       .1
 0002:00001020       .1
 0002:00001024       .1
 0002:00001028       .1
 0002:0000102C       .1
 0002:00001030       .1
 0002:00001034       .3
 0002:00001038       .1
 0002:0000103C       .1
 0002:00001040       .1
 0002:00001044       .3


Bound resource files

teeqr.res
C:\DOCUME~1\~KOKOP~1\LOCALS~1\Temp\dtf28BE.tmp


Program entry point at 0001:000026DC
