
 Start         Length     Name                   Class
 0001:00000000 000242DCH .text                   CODE
 0002:00000000 00000134H .data                   DATA
 0002:00000134 000000ADH .bss                    BSS


Detailed map of segments

 0001:00000000 000001B6 C=CODE     S=.text    G=(none)   M=System   ACBP=A9
 0001:000001B8 000001EC C=CODE     S=.text    G=(none)   M=SysInit  ACBP=A9
 0001:000003A4 000001A0 C=CODE     S=.text    G=(none)   M=Windows  ACBP=A9
 0001:00000544 0000000E C=CODE     S=.text    G=(none)   M=Types    ACBP=A9
 0001:00000554 00000038 C=CODE     S=.text    G=(none)   M=Messages ACBP=A9
 0001:0000058C 000003E6 C=CODE     S=.text    G=(none)   M=Classes  ACBP=A9
 0001:00000974 0000000E C=CODE     S=.text    G=(none)   M=ActiveX  ACBP=A9
 0001:00000984 0000000E C=CODE     S=.text    G=(none)   M=TypInfo  ACBP=A9
 0001:00000994 00000076 C=CODE     S=.text    G=(none)   M=SysUtils ACBP=A9
 0001:00000A0C 0000000E C=CODE     S=.text    G=(none)   M=SysConst ACBP=A9
 0001:00000A1C 0000000E C=CODE     S=.text    G=(none)   M=Variants ACBP=A9
 0001:00000A2C 0000000E C=CODE     S=.text    G=(none)   M=VarUtils ACBP=A9
 0001:00000A3C 0000000E C=CODE     S=.text    G=(none)   M=RTLConsts ACBP=A9
 0001:00000A4C 0000059E C=CODE     S=.text    G=(none)   M=Controls ACBP=A9
 0001:00000FEC 00000156 C=CODE     S=.text    G=(none)   M=ActnList ACBP=A9
 0001:00001144 00000056 C=CODE     S=.text    G=(none)   M=Contnrs  ACBP=A9
 0001:0000119C 00000016 C=CODE     S=.text    G=(none)   M=Math     ACBP=A9
 0001:000011B4 0000002E C=CODE     S=.text    G=(none)   M=ImgList  ACBP=A9
 0001:000011E4 00000040 C=CODE     S=.text    G=(none)   M=CommCtrl ACBP=A9
 0001:00001224 00000156 C=CODE     S=.text    G=(none)   M=Graphics ACBP=A9
 0001:0000137C 0000000E C=CODE     S=.text    G=(none)   M=Consts   ACBP=A9
 0001:0000138C 00000206 C=CODE     S=.text    G=(none)   M=Forms    ACBP=A9
 0001:00001594 0000000E C=CODE     S=.text    G=(none)   M=HelpIntfs ACBP=A9
 0001:000015A4 0000000E C=CODE     S=.text    G=(none)   M=MultiMon ACBP=A9
 0001:000015B4 00000038 C=CODE     S=.text    G=(none)   M=Imm      ACBP=A9
 0001:000015EC 0000003E C=CODE     S=.text    G=(none)   M=Menus    ACBP=A9
 0001:0000162C 00000026 C=CODE     S=.text    G=(none)   M=Themes   ACBP=A9
 0001:00001654 0000000E C=CODE     S=.text    G=(none)   M=UxTheme  ACBP=A9
 0001:00001664 0000000E C=CODE     S=.text    G=(none)   M=SyncObjs ACBP=A9
 0001:00001674 0000006E C=CODE     S=.text    G=(none)   M=ComCtrls ACBP=A9
 0001:000016E4 00000038 C=CODE     S=.text    G=(none)   M=ShlObj   ACBP=A9
 0001:0000171C 00000038 C=CODE     S=.text    G=(none)   M=UrlMon   ACBP=A9
 0001:00001754 00000038 C=CODE     S=.text    G=(none)   M=WinInet  ACBP=A9
 0001:0000178C 00000038 C=CODE     S=.text    G=(none)   M=RegStr   ACBP=A9
 0001:000017C4 00000038 C=CODE     S=.text    G=(none)   M=ShellAPI ACBP=A9
 0001:000017FC 0000000E C=CODE     S=.text    G=(none)   M=ListActns ACBP=A9
 0001:0000180C 0000002E C=CODE     S=.text    G=(none)   M=ExtCtrls ACBP=A9
 0001:0000183C 00000096 C=CODE     S=.text    G=(none)   M=StdCtrls ACBP=A9
 0001:000018D4 0000000E C=CODE     S=.text    G=(none)   M=WinHelpViewer ACBP=A9
 0001:000018E4 0000002E C=CODE     S=.text    G=(none)   M=StdActns ACBP=A9
 0001:00001914 0000001E C=CODE     S=.text    G=(none)   M=Dialogs  ACBP=A9
 0001:00001934 0000000E C=CODE     S=.text    G=(none)   M=Printers ACBP=A9
 0001:00001944 00000038 C=CODE     S=.text    G=(none)   M=WinSpool ACBP=A9
 0001:0000197C 00000038 C=CODE     S=.text    G=(none)   M=CommDlg  ACBP=A9
 0001:000019B4 00000038 C=CODE     S=.text    G=(none)   M=Dlgs     ACBP=A9
 0001:000019EC 0000000E C=CODE     S=.text    G=(none)   M=StrUtils ACBP=A9
 0001:000019FC 0000000E C=CODE     S=.text    G=(none)   M=Clipbrd  ACBP=A9
 0001:00001A0C 0000000E C=CODE     S=.text    G=(none)   M=FlatSB   ACBP=A9
 0001:00001A1C 0000004E C=CODE     S=.text    G=(none)   M=ToolWin  ACBP=A9
 0001:00001A6C 00000038 C=CODE     S=.text    G=(none)   M=RichEdit ACBP=A9
 0001:00001AA4 0000000E C=CODE     S=.text    G=(none)   M=ExtActns ACBP=A9
 0001:00001AB4 0000000E C=CODE     S=.text    G=(none)   M=Registry ACBP=A9
 0001:00001AC4 0000000E C=CODE     S=.text    G=(none)   M=IniFiles ACBP=A9
 0001:00001AD4 0000000E C=CODE     S=.text    G=(none)   M=ExtDlgs  ACBP=A9
 0001:00001AE4 00000026 C=CODE     S=.text    G=(none)   M=Buttons  ACBP=A9
 0001:00001B0C 0000000E C=CODE     S=.text    G=(none)   M=Mapi     ACBP=A9
 0001:00001B1C 0000000E C=CODE     S=.text    G=(none)   M=ComStrs  ACBP=A9
 0001:00001B2C 0000004E C=CODE     S=.text    G=(none)   M=GraphUtil ACBP=A9
 0001:00001B7C 0000090C C=CODE     S=.text    G=(none)   M=ShadowWnd ACBP=A9
 0001:00002488 00000040 C=CODE     S=.text    G=(none)   M=MMSystem ACBP=A9
 0001:000024C8 00000E7C C=CODE     S=.text    G=(none)   M=ActnColorMaps ACBP=A9
 0001:00003344 00003B24 C=CODE     S=.text    G=(none)   M=ActnCtrls ACBP=A9
 0001:00006E68 0000BBA4 C=CODE     S=.text    G=(none)   M=ActnMan  ACBP=A9
 0001:00012A0C 0000879F C=CODE     S=.text    G=(none)   M=ActnMenus ACBP=A9
 0001:0001B1AC 000025D0 C=CODE     S=.text    G=(none)   M=StdActnMenus ACBP=A9
 0001:0001D77C 00003538 C=CODE     S=.text    G=(none)   M=XPActnCtrls ACBP=A9
 0001:00020CB4 00000026 C=CODE     S=.text    G=(none)   M=CheckLst ACBP=A9
 0001:00020CDC 00002B9E C=CODE     S=.text    G=(none)   M=CustomizeDlg ACBP=A9
 0001:0002387C 000002B8 C=CODE     S=.text    G=(none)   M=BandActn ACBP=A9
 0001:00023B34 000002B9 C=CODE     S=.text    G=(none)   M=XPStyleActnCtrls ACBP=A9
 0001:00023DF0 00000279 C=CODE     S=.text    G=(none)   M=StdStyleActnCtrls ACBP=A9
 0001:0002406C 0000026D C=CODE     S=.text    G=(none)   M=vclactnband ACBP=A9
 0002:00000000 00000030 C=DATA     S=.data    G=DGROUP   M=SysInit  ACBP=A9
 0002:00000030 0000001C C=DATA     S=.data    G=DGROUP   M=ActnCtrls ACBP=A9
 0002:0000004C 00000016 C=DATA     S=.data    G=DGROUP   M=ActnMan  ACBP=A9
 0002:00000064 00000030 C=DATA     S=.data    G=DGROUP   M=ActnMenus ACBP=A9
 0002:00000094 00000018 C=DATA     S=.data    G=DGROUP   M=StdActnMenus ACBP=A9
 0002:000000AC 00000008 C=DATA     S=.data    G=DGROUP   M=CustomizeDlg ACBP=A9
 0002:00001000 00000010 C=BSS      S=.bss     G=DGROUP   M=SysInit  ACBP=A9
 0002:00001010 00000004 C=BSS      S=.bss     G=DGROUP   M=Windows  ACBP=A9
 0002:00001014 00000004 C=BSS      S=.bss     G=DGROUP   M=Messages ACBP=A9
 0002:00001018 00000004 C=BSS      S=.bss     G=DGROUP   M=CommCtrl ACBP=A9
 0002:0000101C 00000004 C=BSS      S=.bss     G=DGROUP   M=Imm      ACBP=A9
 0002:00001020 00000004 C=BSS      S=.bss     G=DGROUP   M=ShlObj   ACBP=A9
 0002:00001024 00000004 C=BSS      S=.bss     G=DGROUP   M=UrlMon   ACBP=A9
 0002:00001028 00000004 C=BSS      S=.bss     G=DGROUP   M=WinInet  ACBP=A9
 0002:0000102C 00000004 C=BSS      S=.bss     G=DGROUP   M=RegStr   ACBP=A9
 0002:00001030 00000004 C=BSS      S=.bss     G=DGROUP   M=ShellAPI ACBP=A9
 0002:00001034 00000004 C=BSS      S=.bss     G=DGROUP   M=WinSpool ACBP=A9
 0002:00001038 00000004 C=BSS      S=.bss     G=DGROUP   M=CommDlg  ACBP=A9
 0002:0000103C 00000004 C=BSS      S=.bss     G=DGROUP   M=Dlgs     ACBP=A9
 0002:00001040 00000004 C=BSS      S=.bss     G=DGROUP   M=RichEdit ACBP=A9
 0002:00001044 00000004 C=BSS      S=.bss     G=DGROUP   M=ShadowWnd ACBP=A9
 0002:00001048 00000004 C=BSS      S=.bss     G=DGROUP   M=MMSystem ACBP=A9
 0002:0000104C 00000004 C=BSS      S=.bss     G=DGROUP   M=ActnColorMaps ACBP=A9
 0002:00001050 00000004 C=BSS      S=.bss     G=DGROUP   M=ActnCtrls ACBP=A9
 0002:00001054 0000000C C=BSS      S=.bss     G=DGROUP   M=ActnMan  ACBP=A9
 0002:00001060 00000028 C=BSS      S=.bss     G=DGROUP   M=ActnMenus ACBP=A9
 0002:00001088 00000004 C=BSS      S=.bss     G=DGROUP   M=StdActnMenus ACBP=A9
 0002:0000108C 00000004 C=BSS      S=.bss     G=DGROUP   M=XPActnCtrls ACBP=A9
 0002:00001090 00000008 C=BSS      S=.bss     G=DGROUP   M=CustomizeDlg ACBP=A9
 0002:00001098 00000004 C=BSS      S=.bss     G=DGROUP   M=BandActn ACBP=A9
 0002:0000109C 00000008 C=BSS      S=.bss     G=DGROUP   M=XPStyleActnCtrls ACBP=A9
 0002:000010A4 00000008 C=BSS      S=.bss     G=DGROUP   M=StdStyleActnCtrls ACBP=A9


  Address         Publics by Name

 0002:0000108C       .01
 0002:00001050       .01
 0002:0000101C       .1
 0002:00001020       .1
 0002:00001024       .1
 0002:00001008       .1
 0002:00001028       .1
 0002:0000102C       .1
 0002:00001014       .1
 0002:00001038       .1
 0002:0000103C       .1
 0002:00001040       .1
 0002:00001018       .1
 0002:00001030       .1
 0002:000010A8       .2
 0002:00001044       .2
 0002:00001098       .2
 0002:000010A0       .2
 0002:00001090       .3
 0002:00001034       .3
 0002:00001010       .3
 0002:0000105C       .32
 0002:0000104C       .4
 0002:00001078       .51
 0002:00001048       .7
 0002:00001088       .9
 0001:000242B4       @GetPackageInfoTable
 0001:000002F0       @InitPkg
 0001:00000354       @PackageLoad
 0001:000242BC       @PackageLoad
 0001:000242C8       @PackageUnload
 0001:00000360       @PackageUnload
 0002:00000054       ActionBarDesigner
 0002:00001054       ActionBarStyles
 0002:00001084       ActiveMenu
 0001:0000333C       ActnColorMaps
 0001:00006E60       ActnCtrls
 0001:000129C4       ActnMan
 0001:0001B18C       ActnMenus
 0001:000225E8       AddActions
 0001:000091D8       AddActions
 0001:00018B9C       AddItems
 0001:00014EAC       AddMenuToList
 0001:00018B70       AddSeparator
 0001:000001F0       AllocTlsBuffer
 0002:0000003C       ArrowDirection
 0002:00000048       ArrowDirection
 0001:00023B2C       BandActn
 0001:000003AC       BitBlt
 0002:00000060       BrushStyle
 0002:00000044       BtnAlignment
 0002:00000084       ButtonStyles
 0001:00001FC8       CalcShadowColor
 0001:000003CC       CallNextHookEx
 0001:00014E44       CallWndHook
 0002:00000050       cDefaultSchedule
 0001:00022A38       CheckAction
 0001:0001670C       CheckChangesAllowed
 0001:0000CC98       CheckImageList
 0001:0000D6D4       ColorProc
 0001:00002024       ColorRGBToHLS
 0001:0000121C       CommCtrl
 0001:000019AC       CommDlg
 0002:0000004C       ControlDragMode
 0001:0000AB40       CopyToBest
 0001:00023860       CustomizeDlg
 0002:00001094       CustomizeFrm
 0002:00001058       DefaultActnBarStyle
 0001:00015054       DefaultSystemAnimation
 0001:000003D4       DispatchMessage
 0001:000019E4       Dlgs
 0001:00015194       DoAnimation
 0001:000003DC       DrawEdge
 0001:000003E4       DrawFrameControl
 0001:0001EFF8       DrawSelectedFrame
 0001:000003EC       DrawState
 0001:000003F4       DrawText
 0002:000000A4       EdgesOffset
 0001:000003B4       ExcludeClipRect
 0001:0000029C       ExitProcessTLS
 0001:00000274       ExitThreadTLS
 0002:0000007C       FadeAnimationStyle
 0002:00000094       FillStyles
 0001:00001944       Finalization
 0001:00001A6C       Finalization
 0001:0000197C       Finalization
 0001:000019B4       Finalization
 0001:00020C7C       Finalization
 0001:000017C4       Finalization
 0001:0000178C       Finalization
 0001:00001754       Finalization
 0001:00002450       Finalization
 0001:0000171C       Finalization
 0001:00002490       Finalization
 0001:000016E4       Finalization
 0001:0001D744       Finalization
 0001:000015B4       Finalization
 0001:0000330C       Finalization
 0001:000011EC       Finalization
 0001:0001B15C       Finalization
 0001:00000554       Finalization
 0001:0000036C       Finalization
 0001:00023830       Finalization
 0001:0000050C       Finalization
 0001:00023AFC       Finalization
 0001:00012974       Finalization
 0001:00024000       Finalization
 0001:00006E30       Finalization
 0001:00023D38       Finalization
 0001:0001956C       FindChildAction
 0001:00018910       FindItem
 0001:0000D71C       FontColorProc
 0002:0000009C       FrameStyle
 0001:000001B8       FreeLibrary
 0001:000003FC       GetAsyncKeyState
 0001:00000508       GetBValue
 0001:00000404       GetCapture
 0001:0000040C       GetClientRect
 0001:000003A4       GetCurrentThreadId
 0001:00000414       GetCursorPos
 0001:0000041C       GetDC
 0001:00000424       GetDesktopWindow
 0001:0000042C       GetForegroundWindow
 0001:00000504       GetGValue
 0001:00000434       GetParent
 0001:00000500       GetRValue
 0001:0000043C       GetSystemMetrics
 0001:000001FC       GetTlsSize
 0001:00000444       GetWindowRect
 0001:0000044C       HideCaret
 0001:0000644C       HideItem
 0002:00000064       HideShow
 0002:00001004       HInstance
 0001:0000AB10       IfHotkeyAvailable
 0001:000011E4       ImageList_DrawEx
 0001:000015E4       Imm
 0001:00000454       InflateRect
 0001:000002C0       InitializeModule
 0001:00000248       InitProcessTLS
 0001:00000204       InitThreadTLS
 0001:0000ABC4       InsertHotkeyFarEastFormat
 0001:000003BC       IntersectClipRect
 0001:0001E658       IsMouseButtonPressed
 0001:00016ECC       IsScreenFont
 0001:0000045C       IsWindowEnabled
 0001:00000464       IsWindowVisible
 0001:000001C0       LocalAlloc
 0001:000001C8       LocalFree
 0001:0000046C       MapWindowPoints
 0002:00001064       MenuAddRemoveItemClass
 0002:00001068       MenuButtonControlClass
 0002:0000107C       MenuCallWndHook
 0002:00001070       MenuCustomizePopupClass
 0002:00001060       MenuItemControlClass
 0002:00001080       MenuList
 0002:0000106C       MenuPopupClass
 0001:00000584       Messages
 0001:000024C0       MMSystem
 0002:00000008       Module
 0002:00001000       ModuleIsLib
 0002:00001001       ModuleIsPackage
 0001:00017C00       MonitorSize
 0002:0000008C       MouseStyles
 0001:00008FE0       NotifyDesigner
 0002:00000034       Offset
 0001:00000474       OffsetRect
 0001:000003C4       PatBlt
 0001:0000047C       PeekMessage
 0001:0000EC68       PointToRow
 0001:00000484       PostMessage
 0001:0000A10C       PrioritySort
 0001:0000048C       PtInRect
 0002:00000004       PtrToNil
 0002:00000090       PushStyles
 0001:0001B08C       RegisterActnBarStyle
 0001:0001BF38       RegisterStandardMenus
 0001:000017BC       RegStr
 0001:00000494       ReleaseDC
 0001:00014EEC       RemoveMenuFromList
 0001:000004E4       RGB
 0001:00001A9C       RichEdit
 0001:00022630       SelectCategory
 0001:0000049C       SendMessage
 0002:00000058       SepSize
 0001:000004A4       SetFocus
 0001:000197E0       SetupMDIButton
 0001:000004AC       SetWindowsHookEx
 0001:00002480       ShadowWnd
 0001:000017F4       ShellAPI
 0001:00001714       ShlObj
 0001:000004B4       ShowCaret
 0001:00016654       SkipItems
 0002:00000074       SlideAnimationStyle
 0001:00002488       sndPlaySound
 0002:000010A4       StandardStyle
 0002:00000030       StateFlag
 0001:0001D774       StdActnMenus
 0001:00024044       StdStyleActnCtrls
 0001:000095F0       StyleNameStored
 0001:0000039C       SysInit
 0001:000004BC       SystemParametersInfo
 0001:0000BB10       TActionBarItem.ColorChanged
 0001:0000BB38       TActionBarItem.Create
 0001:0000BB74       TActionBarItem.GetActionBars
 0001:0000BB78       TActionBarItem.GetDisplayName
 0001:0000BBBC       TActionBarItem.Refresh
 0001:0000BBD8       TActionBarItem.SetAutoSize
 0001:0000BBF4       TActionBarItem.SetGlyphLayout
 0001:0000BD00       TActionBarItem.SetVisible
 0001:0000BD74       TActionBars.Add
 0001:0000BD1C       TActionBars.Create
 0001:0000BD80       TActionBars.DoShowHint
 0001:0000BDB8       TActionBars.GetActionBar
 0001:0000BDCC       TActionBars.GetHintShortCuts
 0001:0000BDE4       TActionBars.Notify
 0001:0000BE40       TActionBars.SetHintShortCuts
 0001:0000BE28       TActionBars.SetShowHints
 0001:00012B90       TActionBarStyleEx.GetAddRemoveItemClass
 0001:00012B88       TActionBarStyleEx.GetPopupClass
 0001:00012B98       TActionBarStyleEx.GetScrollBtnClass
 0001:000128F8       TActionBarStyleList.GetStyle
 0001:0000B46C       TActionClient.AreContextItemsStored
 0001:0000B4B8       TActionClient.Assign
 0001:0000B5A8       TActionClient.ClearActionBar
 0001:0000B5B0       TActionClient.ColorChanged
 0001:0000B3A8       TActionClient.Create
 0001:0000B408       TActionClient.Destroy
 0001:0000B5B4       TActionClient.FreeChildren
 0001:0000B614       TActionClient.GetBackground
 0001:0000B634       TActionClient.GetContextItems
 0001:0000B668       TActionClient.GetHasItems
 0001:0000B6A8       TActionClient.GetItems
 0001:0000B744       TActionClient.GetOwningCollection
 0001:0000B748       TActionClient.HasBackground
 0001:0000B770       TActionClient.HasVisibleItems
 0001:0000B7E4       TActionClient.IsBackgroundStored
 0001:0000B80C       TActionClient.IsChildItem
 0001:0000B860       TActionClient.IsItemsStored
 0001:0000B8AC       TActionClient.Refresh
 0001:0000B8B0       TActionClient.SetActionBar
 0001:0000B9B8       TActionClient.SetBackground
 0001:0000BA34       TActionClient.SetBackgroundLayout
 0001:0000BAD0       TActionClient.SetChangesAllowed
 0001:0000BAE8       TActionClient.SetColor
 0001:0000BAFC       TActionClient.SetContextItems
 0001:0000B9A0       TActionClient.SetItems
 0001:0000BB00       TActionClient.SetVisible
 0001:0000C888       TActionClientItem.ActionChange
 0001:0000C9B8       TActionClientItem.Assign
 0001:0000CB00       TActionClientItem.ColorChanged
 0001:0000C7EC       TActionClientItem.Create
 0001:0000C850       TActionClientItem.Destroy
 0001:0000CB38       TActionClientItem.DoActionChange
 0001:0000CB68       TActionClientItem.GetAction
 0001:0000CB5C       TActionClientItem.GetActionClients
 0001:0000CB60       TActionClientItem.GetActionLinkClass
 0001:0000CB78       TActionClientItem.GetCaption
 0001:0000CBF0       TActionClientItem.GetDisplayName
 0001:0000B688       TActionClientItem.GetParentItem
 0001:0000CCD4       TActionClientItem.HasGlyph
 0001:0000CD34       TActionClientItem.InitiateAction
 0001:0000CD44       TActionClientItem.IsCaptionStored
 0001:0000D4E0       TActionClientItem.IsHelpContextStored
 0001:0000CDC8       TActionClientItem.Refresh
 0001:0000CDE0       TActionClientItem.ResetUsageData
 0001:0000CE90       TActionClientItem.SetAction
 0001:0000CF9C       TActionClientItem.SetCaption
 0001:0000D2E0       TActionClientItem.SetChangesAllowed
 0001:0000D34C       TActionClientItem.SetCollection
 0001:0000D02C       TActionClientItem.SetControl
 0001:0000D070       TActionClientItem.SetImageIndex
 0001:0000D098       TActionClientItem.SetIndex
 0001:0000D0BC       TActionClientItem.SetLastSession
 0001:0000D0CC       TActionClientItem.SetMergeIndex
 0001:0000D158       TActionClientItem.SetShortCut
 0001:0000D1BC       TActionClientItem.SetShowCaption
 0001:0000D32C       TActionClientItem.SetShowGlyph
 0001:0000D214       TActionClientItem.SetShowShortCut
 0001:0000D240       TActionClientItem.SetUsageCount
 0001:0000D268       TActionClientItem.SetVisible
 0001:0000D380       TActionClientItem.Unused
 0001:0000C344       TActionClientLink.AssignClient
 0001:0000C360       TActionClientLink.DoShowHint
 0001:0000C450       TActionClientLink.IsCaptionLinked
 0001:0000C514       TActionClientLink.IsEnabledLinked
 0001:0000C554       TActionClientLink.IsHelpContextLinked
 0001:0000C584       TActionClientLink.IsHintLinked
 0001:0000C5C8       TActionClientLink.IsImageIndexLinked
 0001:0000C60C       TActionClientLink.IsOnExecuteLinked
 0001:0000C640       TActionClientLink.IsShortCutLinked
 0001:0000C674       TActionClientLink.IsVisibleLinked
 0001:0000C6A8       TActionClientLink.SetCaption
 0001:0000C6C8       TActionClientLink.SetChecked
 0001:0000C6F4       TActionClientLink.SetEnabled
 0001:0000C718       TActionClientLink.SetHelpContext
 0001:0000C734       TActionClientLink.SetHint
 0001:0000C75C       TActionClientLink.SetImageIndex
 0001:0000C77C       TActionClientLink.SetOnExecute
 0001:0000C7AC       TActionClientLink.SetShortCut
 0001:0000C7CC       TActionClientLink.SetVisible
 0001:0000BEA8       TActionClients.Add
 0001:0000BEB4       TActionClients.Assign
 0001:0000BE58       TActionClients.Create
 0001:0000BF0C       TActionClients.DoHideUnused
 0001:0000BF50       TActionClients.DoShowCaptions
 0001:0000BF8C       TActionClients.GetActionClient
 0001:0000BFA0       TActionClients.Notify
 0001:0000C12C       TActionClients.SetActionClient
 0001:0000C134       TActionClients.SetCaptionOptions
 0001:0000C1C0       TActionClients.SetHideUnused
 0001:0000C1EC       TActionClients.SetSmallIcons
 0001:0000C280       TActionClients.ToggleSmallIcons
 0001:0000C310       TActionClients.VisibleCount
 0001:0000B22C       TActionClientsCollection.AfterConstruction
 0001:0000AAE4       TActionClientsCollection.GetActionClient
 0001:0000AAF8       TActionClientsCollection.GetActionManager
 0001:0000AD24       TActionClientsCollection.InternalRethinkHotkeys
 0001:0000B274       TActionClientsCollection.IterateClients
 0001:0000AADC       TActionClientsCollection.SetActionClient
 0001:0000B398       TActionClientsCollection.SetAutoHotKeys
 0001:0000D570       TActionDragObject.AddAction
 0001:0000D57C       TActionDragObject.AddActionClass
 0001:0000D500       TActionDragObject.Create
 0001:0000D540       TActionDragObject.Destroy
 0001:0000D588       TActionDragObject.GetAction
 0001:0000D5BC       TActionDragObject.GetActionCount
 0001:0000D640       TActionItemDragObject.Finished
 0001:0000AA9C       TActionListCollection.GetActionManager
 0001:0000AAA8       TActionListCollection.GetListItem
 0001:0000AABC       TActionListCollection.SetListItem
 0001:0000A8DC       TActionListItem.Assign
 0001:0000A9A4       TActionListItem.GetCaption
 0001:0000A9E4       TActionListItem.GetDisplayName
 0001:0000AA08       TActionListItem.Owner
 0001:0000AA0C       TActionListItem.SetActionList
 0001:00023798       TActionSeparatorDragObject.Create
 0001:000237C8       TActionSeparatorDragObject.Finished
 0001:0000D5C4       TCategoryDragObject.Create
 0001:0000DB7C       TCustomActionBar.AlignControls
 0001:0000DBA8       TCustomActionBar.AutoSizingChanged
 0001:0000DBAC       TCustomActionBar.BackgroundSize
 0001:0000DBBC       TCustomActionBar.CalcInsertPosition
 0001:0000DC9C       TCustomActionBar.Clear
 0001:0000DD2C       TCustomActionBar.CMEnabledchanged
 0001:000107FC       TCustomActionBar.CMMouseLeave
 0001:0000FB70       TCustomActionBar.CMResetBar
 0001:000107B0       TCustomActionBar.CMWinINIChange
 0001:0000DA68       TCustomActionBar.Create
 0001:0000DD48       TCustomActionBar.CreateControl
 0001:0000DE48       TCustomActionBar.CreateControls
 0001:0000DF60       TCustomActionBar.CustomAlignInsertBefore
 0001:0000E09C       TCustomActionBar.CustomAlignPosition
 0001:00010840       TCustomActionBar.DesignWndProc
 0001:0000DB38       TCustomActionBar.Destroy
 0001:0000E8C4       TCustomActionBar.DoControlCreated
 0001:0000F6D4       TCustomActionBar.DoDropActions
 0001:0000F784       TCustomActionBar.DoDropCategory
 0001:0000FD74       TCustomActionBar.DoDropItem
 0001:0000E888       TCustomActionBar.DoGetControlClass
 0001:0000E720       TCustomActionBar.DragDrop
 0001:0000E6BC       TCustomActionBar.DragOver
 0001:0000E550       TCustomActionBar.DrawBackground
 0001:0000E8E8       TCustomActionBar.FindAccelItem
 0001:0000E9A4       TCustomActionBar.FindFirst
 0001:0000EC34       TCustomActionBar.FindFirstVisibleItem
 0001:0000E9DC       TCustomActionBar.FindItemAt
 0001:0000EA04       TCustomActionBar.FindItemCaption
 0001:0000EAA0       TCustomActionBar.FindLast
 0001:0000EBFC       TCustomActionBar.FindLastVisibleItem
 0001:0000EAD8       TCustomActionBar.FindLeastUsedItem
 0001:0000ED04       TCustomActionBar.FindNearestControl
 0001:0000EF3C       TCustomActionBar.FindNext
 0001:0000EF04       TCustomActionBar.FindNextVisibleItem
 0001:0000EFC8       TCustomActionBar.FindPrevious
 0001:0000F8C4       TCustomActionBar.FindPreviousVisibleItem
 0001:0000F044       TCustomActionBar.GetActionControl
 0001:0000FD10       TCustomActionBar.GetAutoSizing
 0001:0000F078       TCustomActionBar.GetBannerWidth
 0001:0000F938       TCustomActionBar.GetBarHeight
 0001:0000F9E8       TCustomActionBar.GetBarWidth
 0001:000107D0       TCustomActionBar.GetColorMap
 0001:0000F0F0       TCustomActionBar.GetControlClass
 0001:0001003C       TCustomActionBar.GetDefaultColorMapClass
 0001:0000FAAC       TCustomActionBar.GetDesignMode
 0001:0000F10C       TCustomActionBar.GetItems
 0001:000107C8       TCustomActionBar.GetPopupMenuClass
 0001:0000F138       TCustomActionBar.HasItems
 0001:0000F17C       TCustomActionBar.ItemCount
 0001:0000F1A8       TCustomActionBar.Loaded
 0001:000100C4       TCustomActionBar.NCPaint
 0001:0000F1E4       TCustomActionBar.Notification
 0001:0000F238       TCustomActionBar.Paint
 0001:0000F260       TCustomActionBar.PaintWindow
 0001:0000FE84       TCustomActionBar.RecreateControls
 0001:0000FB7C       TCustomActionBar.Reset
 0001:0000F30C       TCustomActionBar.SetActionClient
 0001:0000F684       TCustomActionBar.SetActionManager
 0001:0000FD3C       TCustomActionBar.SetAutoSizing
 0001:0000F8F4       TCustomActionBar.SetBiDiMode
 0001:0000FED8       TCustomActionBar.SetBounds
 0001:0000FFC0       TCustomActionBar.SetColorMap
 0001:0000F388       TCustomActionBar.SetDesignMode
 0001:0000FAD0       TCustomActionBar.SetHorzMargin
 0001:0000FB20       TCustomActionBar.SetHorzSeparator
 0001:0000F5DC       TCustomActionBar.SetOrientation
 0001:0000F6C0       TCustomActionBar.SetPersistentHotKeys
 0001:0000F670       TCustomActionBar.SetSpacing
 0001:00010054       TCustomActionBar.SetupDefaultColorMap
 0001:0000FAF8       TCustomActionBar.SetVertMargin
 0001:0000FB48       TCustomActionBar.SetVertSeparator
 0001:00010874       TCustomActionBar.Style
 0001:0000FBFC       TCustomActionBar.VisibleChanging
 0001:0000FC7C       TCustomActionBar.WMContextMenu
 0001:0000FF8C       TCustomActionBar.WMPaint
 0001:0000D738       TCustomActionBarColorMap.Add
 0001:0000D994       TCustomActionBarColorMap.Assign
 0001:0000D778       TCustomActionBarColorMap.Create
 0001:0000D7C4       TCustomActionBarColorMap.Destroy
 0001:0000D7F4       TCustomActionBarColorMap.GetDisabledColor
 0001:0000D80C       TCustomActionBarColorMap.GetUnusedColor
 0001:0000D828       TCustomActionBarColorMap.Notification
 0001:0000D870       TCustomActionBarColorMap.Remove
 0001:0000D8A0       TCustomActionBarColorMap.SetColor
 0001:0000D908       TCustomActionBarColorMap.SetFontColor
 0001:0000D964       TCustomActionBarColorMap.UpdateActionBars
 0001:0000D95C       TCustomActionBarColorMap.UpdateColors
 0001:0000594C       TCustomActionCombo.BeginAutoDrag
 0001:00005B9C       TCustomActionCombo.ComboWndProc
 0001:00005960       TCustomActionCombo.DesignWndProc
 0001:00005978       TCustomActionCombo.DragDrop
 0001:000059A0       TCustomActionCombo.DragOver
 0001:00010A34       TCustomActionControl.ActualSpacing
 0001:00010980       TCustomActionControl.BeginAutoDrag
 0001:00012464       TCustomActionControl.CalcBounds
 0001:00010A64       TCustomActionControl.CalcLayout
 0001:000109EC       TCustomActionControl.CaptionHeight
 0001:000109A4       TCustomActionControl.CaptionLength
 0001:00010D18       TCustomActionControl.Click
 0001:00011E10       TCustomActionControl.CMDesignHitTest
 0001:00010CF8       TCustomActionControl.CMFontChanged
 0001:00011E18       TCustomActionControl.CMHintShow
 0001:000128E0       TCustomActionControl.CMItemDropPoint
 0001:00011CA4       TCustomActionControl.CMItemSelected
 0001:00012360       TCustomActionControl.CMTextChanged
 0001:0001089C       TCustomActionControl.Create
 0001:00010D6C       TCustomActionControl.DesignWndProc
 0001:00010944       TCustomActionControl.Destroy
 0001:00012574       TCustomActionControl.DoDragDrop
 0001:000121D0       TCustomActionControl.DoStartDrag
 0001:00011EB8       TCustomActionControl.DragDrop
 0001:00011EEC       TCustomActionControl.DragOver
 0001:00010E00       TCustomActionControl.DrawBackground
 0001:00011E4C       TCustomActionControl.DrawDesignFocus
 0001:000120A4       TCustomActionControl.DrawDragDropPoint
 0001:00010F10       TCustomActionControl.DrawGlyph
 0001:00010FA0       TCustomActionControl.DrawLargeGlyph
 0001:000112DC       TCustomActionControl.DrawSeparator
 0001:00011578       TCustomActionControl.DrawShadowedText
 0001:00011508       TCustomActionControl.DrawText
 0001:00012320       TCustomActionControl.GetAction
 0001:0001234C       TCustomActionControl.GetActionBar
 0001:00011A78       TCustomActionControl.GetImageSize
 0001:00012264       TCustomActionControl.GetSeparator
 0001:00012278       TCustomActionControl.GetShowCaption
 0001:000122B8       TCustomActionControl.GetShowShortCut
 0001:00012210       TCustomActionControl.HasGlyph
 0001:00012338       TCustomActionControl.InitiateAction
 0001:000122E4       TCustomActionControl.IsChecked
 0001:00011650       TCustomActionControl.IsGrouped
 0001:00011DE4       TCustomActionControl.Keyed
 0001:00011680       TCustomActionControl.Paint
 0001:00011A30       TCustomActionControl.PositionChanged
 0001:00011E58       TCustomActionControl.ResetUsageData
 0001:00011B60       TCustomActionControl.SetActionClient
 0001:00012894       TCustomActionControl.SetDropPoint
 0001:00011D88       TCustomActionControl.SetGlyphLayout
 0001:00011CF0       TCustomActionControl.SetMargins
 0001:00011C4C       TCustomActionControl.SetSelected
 0001:000127E0       TCustomActionControl.SetSmallIcon
 0001:00011D50       TCustomActionControl.SetSpacing
 0001:00011A3C       TCustomActionControl.SetTransparent
 0001:00011C74       TCustomActionControl.UpdateSelection
 0001:00012384       TCustomActionControl.UpdateTextBounds
 0001:0001280C       TCustomActionControl.WMContextMenu
 0001:00012244       TCustomActionControl.WMSetText
 0001:00005D24       TCustomActionDockBar.Create
 0001:00005D6C       TCustomActionDockBar.Dock
 0001:00005E18       TCustomActionDockBar.DoEndDock
 0001:00005E44       TCustomActionDockBar.DoStartDock
 0001:00005F08       TCustomActionDockBar.GetFloatingDockSiteClass
 0001:00005E70       TCustomActionDockBar.GetSiteInfo
 0001:00005ED0       TCustomActionDockBar.Loaded
 0001:000191B0       TCustomActionMainMenuBar.CanFocus
 0001:00019048       TCustomActionMainMenuBar.CloseMenu
 0001:00019438       TCustomActionMainMenuBar.CMEnabledchanged
 0001:000193CC       TCustomActionMainMenuBar.CMWininichange
 0001:00018F08       TCustomActionMainMenuBar.Create
 0001:000191B4       TCustomActionMainMenuBar.CreateControl
 0001:00019B08       TCustomActionMainMenuBar.CreateControls
 0001:00019A84       TCustomActionMainMenuBar.CustomAlignPosition
 0001:000191EC       TCustomActionMainMenuBar.DesignWndProc
 0001:00018FF8       TCustomActionMainMenuBar.Destroy
 0001:0001924C       TCustomActionMainMenuBar.DoneMenuLoop
 0001:00019280       TCustomActionMainMenuBar.GetActiveMDIChild
 0001:00019C50       TCustomActionMainMenuBar.MainWndHook
 0001:000199B8       TCustomActionMainMenuBar.MDIChildMaximized
 0001:00019A5C       TCustomActionMainMenuBar.MDIChildRestored
 0001:00019458       TCustomActionMainMenuBar.NewPopup
 0001:00019478       TCustomActionMainMenuBar.Notification
 0001:00019368       TCustomActionMainMenuBar.ProcessMouseMsg
 0001:000195E0       TCustomActionMainMenuBar.RefreshMDIMenu
 0001:000193FC       TCustomActionMainMenuBar.SetDesignMode
 0001:00019424       TCustomActionMainMenuBar.SetInActive
 0001:00019CA0       TCustomActionMainMenuBar.SetShadows
 0001:00019514       TCustomActionMainMenuBar.SetupWindowMenu
 0001:00019540       TCustomActionMainMenuBar.SetWindowMenu
 0001:00019CBC       TCustomActionMainMenuBar.TrackMenu
 0001:0001905C       TCustomActionMainMenuBar.WMKeyDown
 0001:00019340       TCustomActionMainMenuBar.WMNCHitTest
 0001:00019B34       TCustomActionMainMenuBar.WMSysCommand
 0001:00019C28       TCustomActionMainMenuBar.WMSysKeyDown
 0001:00019C3C       TCustomActionMainMenuBar.WMSysKeyUp
 0001:00009160       TCustomActionManager.AddAction
 0001:000092B8       TCustomActionManager.AddCategory
 0001:000093E8       TCustomActionManager.AddSeparator
 0001:0000A7D0       TCustomActionManager.AfterConstruction
 0001:00009444       TCustomActionManager.Assign
 0001:0000A504       TCustomActionManager.Change
 0001:000094C8       TCustomActionManager.CompareAction
 0001:00009508       TCustomActionManager.CompareCaption
 0001:00009008       TCustomActionManager.Create
 0001:00009584       TCustomActionManager.CreateActionBars
 0001:0000962C       TCustomActionManager.DefineProperties
 0001:000095AC       TCustomActionManager.DeleteActionItems
 0001:00009688       TCustomActionManager.DeleteItem
 0001:0000910C       TCustomActionManager.Destroy
 0001:00009854       TCustomActionManager.FindActionBar
 0001:000097AC       TCustomActionManager.FindActionClient
 0001:000096F0       TCustomActionManager.FindClient
 0001:00009710       TCustomActionManager.FindItem
 0001:00009734       TCustomActionManager.FindItemByAction
 0001:00009748       TCustomActionManager.FindItemByCaption
 0001:0000A5D0       TCustomActionManager.GetActionBarItemClass
 0001:0000A59C       TCustomActionManager.GetActionBarsClass
 0001:0000A560       TCustomActionManager.GetActionClientItemClass
 0001:0000A524       TCustomActionManager.GetActionClientsClass
 0001:0000A644       TCustomActionManager.GetLinkedActionLists
 0001:0000A2EC       TCustomActionManager.GetUsage
 0001:0000A7C4       TCustomActionManager.HasLinkedActionLists
 0001:0000A630       TCustomActionManager.IsActionBarsStored
 0001:0000A60C       TCustomActionManager.IsLinkedActionListsStored
 0001:0000A3B4       TCustomActionManager.IsPriorityScheduleStored
 0001:00009AEC       TCustomActionManager.Loaded
 0001:000098E4       TCustomActionManager.LoadFromFile
 0001:000099F4       TCustomActionManager.LoadFromStream
 0001:00009BAC       TCustomActionManager.LoadMenu
 0001:00009C60       TCustomActionManager.Notification
 0001:0000A674       TCustomActionManager.ReadStyleProp
 0001:0000A410       TCustomActionManager.ResetActionBar
 0001:0000A474       TCustomActionManager.ResetClientUsageData
 0001:0000A4B4       TCustomActionManager.ResetUsageData
 0001:00009E58       TCustomActionManager.SaveToFile
 0001:00009F58       TCustomActionManager.SaveToStream
 0001:0000A058       TCustomActionManager.SetActionBars
 0001:0000A068       TCustomActionManager.SetImages
 0001:0000A4C8       TCustomActionManager.SetLinkedActionLists
 0001:0000A17C       TCustomActionManager.SetPrioritySchedule
 0001:0000A80C       TCustomActionManager.SetStyle
 0001:00009FCC       TCustomActionManager.SetupActionBars
 0001:0000A754       TCustomActionManager.WriteStyleProp
 0001:000152D8       TCustomActionMenuBar.Animate
 0001:00015388       TCustomActionMenuBar.CleanupStack
 0001:000153B4       TCustomActionMenuBar.ClearSubMenus
 0001:000153F8       TCustomActionMenuBar.CloseMenu
 0001:000154C4       TCustomActionMenuBar.CMEnterMenuLoop
 0001:00016FF8       TCustomActionMenuBar.CMFontchanged
 0001:00015490       TCustomActionMenuBar.CMItemClicked
 0001:000154D0       TCustomActionMenuBar.CMItemKeyed
 0001:00014F7C       TCustomActionMenuBar.Create
 0001:00015504       TCustomActionMenuBar.CreateControl
 0001:00015574       TCustomActionMenuBar.CreatePopup
 0001:00015008       TCustomActionMenuBar.Destroy
 0001:00017164       TCustomActionMenuBar.DoActionIdle
 0001:000158F8       TCustomActionMenuBar.DoGetPopupClass
 0001:0001592C       TCustomActionMenuBar.DoItemClicked
 0001:00015AC4       TCustomActionMenuBar.DoItemKeyed
 0001:000157F0       TCustomActionMenuBar.DoItemSelected
 0001:00015C10       TCustomActionMenuBar.DoMenuDelay
 0001:00017080       TCustomActionMenuBar.DoMouseIdle
 0001:00015CF8       TCustomActionMenuBar.DoneMenuLoop
 0001:00015D74       TCustomActionMenuBar.DoPopup
 0001:000158A8       TCustomActionMenuBar.ExecAction
 0001:00015D94       TCustomActionMenuBar.Expand
 0001:00015E60       TCustomActionMenuBar.ExpandTimer
 0001:00015B4C       TCustomActionMenuBar.GetDefaultSounds
 0001:00015ED0       TCustomActionMenuBar.GetDesignMode
 0001:00015F00       TCustomActionMenuBar.GetMouseHoverItem
 0001:00015FB8       TCustomActionMenuBar.GetPopupClass
 0001:00015FF4       TCustomActionMenuBar.GetSelected
 0001:000171CC       TCustomActionMenuBar.Idle
 0001:00016054       TCustomActionMenuBar.InitMenuLoop
 0001:00015B50       TCustomActionMenuBar.IsDesignMsg
 0001:000173F8       TCustomActionMenuBar.Loaded
 0001:000161AC       TCustomActionMenuBar.NewPopup
 0001:00017028       TCustomActionMenuBar.Notification
 0001:00016360       TCustomActionMenuBar.ProcessMenuLoop
 0001:00017328       TCustomActionMenuBar.ProcessMessage
 0001:00017394       TCustomActionMenuBar.ProcessMessages
 0001:00016240       TCustomActionMenuBar.ProcessMouseMsg
 0001:00017424       TCustomActionMenuBar.RecreateControls
 0001:00016794       TCustomActionMenuBar.Select
 0001:000168AC       TCustomActionMenuBar.SelectItem
 0001:00016EB4       TCustomActionMenuBar.SetAnimateDuration
 0001:000168C0       TCustomActionMenuBar.SetDesignMode
 0001:0001743C       TCustomActionMenuBar.SetMouseControl
 0001:000169BC       TCustomActionMenuBar.SetParent
 0001:000168EC       TCustomActionMenuBar.SetParentMenu
 0001:00016958       TCustomActionMenuBar.SetPersistentHotkeys
 0001:000173CC       TCustomActionMenuBar.SetUseSystemFont
 0001:000173AC       TCustomActionMenuBar.Style
 0001:000169D8       TCustomActionMenuBar.TrackMenu
 0001:00016B0C       TCustomActionMenuBar.WMKeyDown
 0001:00016E18       TCustomActionMenuBar.WMMouseActivate
 0001:00016E3C       TCustomActionMenuBar.WMSysKeyDown
 0001:00016AF4       TCustomActionMenuBar.WndProc
 0001:00017710       TCustomActionPopupMenu.AddEdges
 0001:00018544       TCustomActionPopupMenu.CanAutoSize
 0001:000184D0       TCustomActionPopupMenu.CloseMenu
 0001:0001787C       TCustomActionPopupMenu.CMMouseLeave
 0001:000178C4       TCustomActionPopupMenu.CMVisibleChanged
 0001:000175D0       TCustomActionPopupMenu.Create
 0001:000178F4       TCustomActionPopupMenu.CreateControl
 0001:00017958       TCustomActionPopupMenu.CreateControls
 0001:00017988       TCustomActionPopupMenu.CreateParams
 0001:000179E4       TCustomActionPopupMenu.DesignWndProc
 0001:000176C8       TCustomActionPopupMenu.Destroy
 0001:0001856C       TCustomActionPopupMenu.DisplayShadow
 0001:00018680       TCustomActionPopupMenu.DrawBackground
 0001:000179E8       TCustomActionPopupMenu.ExecAction
 0001:00017A04       TCustomActionPopupMenu.Expand
 0001:00017B44       TCustomActionPopupMenu.ExpandClick
 0001:0001851C       TCustomActionPopupMenu.GetClientRect
 0001:0001853C       TCustomActionPopupMenu.GetExpandBtnClass
 0001:000185DC       TCustomActionPopupMenu.HideShadow
 0001:00018624       TCustomActionPopupMenu.Notification
 0001:00017B80       TCustomActionPopupMenu.Popup
 0001:00017C0C       TCustomActionPopupMenu.PositionPopup
 0001:000185FC       TCustomActionPopupMenu.SetColorMap
 0001:0001802C       TCustomActionPopupMenu.SetOrientation
 0001:0001866C       TCustomActionPopupMenu.SetShadow
 0001:00017F7C       TCustomActionPopupMenu.SetupExpandBtn
 0001:000183BC       TCustomActionPopupMenu.VisibleChanging
 0001:0001803C       TCustomActionPopupMenu.WMKeyDown
 0001:000182E4       TCustomActionPopupMenu.WMPrint
 0001:00018304       TCustomActionPopupMenu.WMPrintClient
 0001:00005FE0       TCustomActionToolBar.AutoSizingChanged
 0001:0000604C       TCustomActionToolBar.CalcButtonWidth
 0001:00006D3C       TCustomActionToolBar.CMColorchanged
 0001:00005F10       TCustomActionToolBar.Create
 0001:00006094       TCustomActionToolBar.CreateControl
 0001:00005F9C       TCustomActionToolBar.Destroy
 0001:00006108       TCustomActionToolBar.DisableHiding
 0001:0000612C       TCustomActionToolBar.DoDropCategory
 0001:00006DA0       TCustomActionToolBar.DragDrop
 0001:000061B0       TCustomActionToolBar.DrawBackground
 0001:000062F0       TCustomActionToolBar.DrawSeparator
 0001:00006414       TCustomActionToolBar.EnableHiding
 0001:00006110       TCustomActionToolBar.GetControlClass
 0001:00006434       TCustomActionToolBar.GetHiddenCount
 0001:00006DEC       TCustomActionToolBar.GetPopupClass
 0001:00006E10       TCustomActionToolBar.GetScrollBtnClass
 0001:00006664       TCustomActionToolBar.HideUnusedItems
 0001:00006CB4       TCustomActionToolBar.Reset
 0001:00006878       TCustomActionToolBar.ScrollBtnClick
 0001:00006D74       TCustomActionToolBar.SetBounds
 0001:00006B0C       TCustomActionToolBar.SetOrientation
 0001:00006BDC       TCustomActionToolBar.SetupDropDownBtn
 0001:000186C0       TCustomAddRemoveItem.CalcBounds
 0001:00018738       TCustomAddRemoveItem.IsActionVisible
 0001:000187B8       TCustomAddRemoveItem.MouseUp
 0001:000187E4       TCustomAddRemoveItem.SetEnabled
 0001:00004B20       TCustomButtonControl.CalcBounds
 0001:00004B38       TCustomButtonControl.Click
 0001:000051B0       TCustomButtonControl.CMDialogChar
 0001:00004B50       TCustomButtonControl.CMEnabledChanged
 0001:00004BC8       TCustomButtonControl.CMMouseEnter
 0001:00004C0C       TCustomButtonControl.CMMouseLeave
 0001:00004B6C       TCustomButtonControl.CMTextChanged
 0001:00004AD0       TCustomButtonControl.Create
 0001:00004C60       TCustomButtonControl.DrawBackground
 0001:00004CC4       TCustomButtonControl.DrawFrame
 0001:00005158       TCustomButtonControl.DrawLargeGlyph
 0001:00004CC8       TCustomButtonControl.GetShowShortCut
 0001:00004CCC       TCustomButtonControl.Loaded
 0001:00004CFC       TCustomButtonControl.MouseDown
 0001:00004D54       TCustomButtonControl.MouseMove
 0001:00004DF0       TCustomButtonControl.MouseUp
 0001:00004F34       TCustomButtonControl.Paint
 0001:00004F9C       TCustomButtonControl.SetActionClient
 0001:00004FD8       TCustomButtonControl.SetAllowAllUp
 0001:000050B4       TCustomButtonControl.SetBounds
 0001:00004FE8       TCustomButtonControl.SetDown
 0001:00005050       TCustomButtonControl.SetFlat
 0001:00005140       TCustomButtonControl.SetGlyphLayout
 0001:0000506C       TCustomButtonControl.SetSelected
 0001:00005098       TCustomButtonControl.SetState
 0001:000050D8       TCustomButtonControl.UpdateTracking
 0001:00005120       TCustomButtonControl.WMLButtonDblClk
 0001:00005AE0       TCustomComboControl.CalcBounds
 0001:00005B30       TCustomComboControl.Click
 0001:00005B50       TCustomComboControl.CMVisiblechanged
 0001:00005B6C       TCustomComboControl.ComboClick
 0001:00005A18       TCustomComboControl.Create
 0001:00005AB0       TCustomComboControl.Destroy
 0001:00005BC4       TCustomComboControl.Paint
 0001:00005BF4       TCustomComboControl.SetActionClient
 0001:00005C38       TCustomComboControl.SetBounds
 0001:00005CD4       TCustomComboControl.SetDragMode
 0001:00005CF4       TCustomComboControl.SetParent
 0001:00005D1C       TCustomComboControl.VisibleChanging
 0001:00005650       TCustomDropDownButton.CalcBounds
 0001:0000566C       TCustomDropDownButton.Click
 0001:00005690       TCustomDropDownButton.CMMouseleave
 0001:000056A4       TCustomDropDownButton.DrawFrame
 0001:0000570C       TCustomDropDownButton.DropDownClick
 0001:0000580C       TCustomDropDownButton.GetPopupClass
 0001:00005840       TCustomDropDownButton.MouseDown
 0001:00005888       TCustomDropDownButton.MouseOverDropDown
 0001:000058F0       TCustomDropDownButton.Paint
 0001:000239B4       TCustomizeActionBars.Create
 0001:00023AC4       TCustomizeActionBars.ExecuteTarget
 0001:00023AE8       TCustomizeActionBars.HandlesTarget
 0001:00018E98       TCustomizeActionClientItem.GetActionLinkClass
 0001:00018E80       TCustomizeActionLink.SetEnabled
 0001:00018870       TCustomizeActionToolBar.CanAutoSize
 0001:000188A4       TCustomizeActionToolBar.Clear
 0001:000188A8       TCustomizeActionToolBar.CMItemSelected
 0001:000187EC       TCustomizeActionToolBar.Create
 0001:00018840       TCustomizeActionToolBar.Destroy
 0001:00018990       TCustomizeActionToolBar.DoItemClicked
 0001:000188B4       TCustomizeActionToolBar.GetActionControl
 0001:00018E44       TCustomizeActionToolBar.GetAddRemoveItemClass
 0001:00018ACC       TCustomizeActionToolBar.GetSubMenuControlClass
 0001:000188EC       TCustomizeActionToolBar.ItemCount
 0001:00018B3C       TCustomizeActionToolBar.NewPopup
 0001:00018C50       TCustomizeActionToolBar.SetActionClient
 0001:00023480       TCustomizeDlg.Notification
 0001:000234CC       TCustomizeDlg.SetActionManager
 0001:000234F8       TCustomizeDlg.SetStayOnTop
 0001:0002351C       TCustomizeDlg.SetupDlg
 0001:000235F8       TCustomizeDlg.Show
 0001:00023174       TCustomizeFrm.ActionBarListClick
 0001:000224B4       TCustomizeFrm.ActionBarListClickCheck
 0001:00022DA0       TCustomizeFrm.ActionsListClick
 0001:000231E0       TCustomizeFrm.ActionsListData
 0001:00021978       TCustomizeFrm.ActionsListDrawItem
 0001:000225A0       TCustomizeFrm.ActionsListMeasureItem
 0001:000218D4       TCustomizeFrm.ActionsListStartDrag
 0001:00021648       TCustomizeFrm.AddAction
 0001:000237F0       TCustomizeFrm.ApplyToAllActnUpdate
 0001:00023394       TCustomizeFrm.CaptionOptionsComboChange
 0001:00021800       TCustomizeFrm.CatListClick
 0001:000222FC       TCustomizeFrm.CatListStartDrag
 0001:000228F8       TCustomizeFrm.ClearCatList
 0001:0002210C       TCustomizeFrm.CloseBtnClick
 0001:00022A1C       TCustomizeFrm.CMVisiblechanged
 0001:00021DE8       TCustomizeFrm.FindActionBars
 0001:00022038       TCustomizeFrm.FormClose
 0001:00022D70       TCustomizeFrm.FormCreate
 0001:00023474       TCustomizeFrm.FormResize
 0001:00022A90       TCustomizeFrm.IsDupShortCut
 0001:00023258       TCustomizeFrm.LargeIconsActnExecute
 0001:000232D8       TCustomizeFrm.LargeIconsActnUpdate
 0001:00023364       TCustomizeFrm.ListComboSelect
 0001:00022E74       TCustomizeFrm.MenuAnimationStylesChange
 0001:00022114       TCustomizeFrm.Notification
 0001:00022FD0       TCustomizeFrm.RecentlyUsedActnExecute
 0001:000230D4       TCustomizeFrm.RecentlyUsedActnUpdate
 0001:00022F40       TCustomizeFrm.ResetActnExecute
 0001:00022EF4       TCustomizeFrm.ResetActnUpdate
 0001:00022F60       TCustomizeFrm.ResetUsageDataActnExecute
 0001:00023698       TCustomizeFrm.SeparatorBtnStartDrag
 0001:00021798       TCustomizeFrm.SetActionManager
 0001:00022BC8       TCustomizeFrm.SetActiveActionList
 0001:00022BE8       TCustomizeFrm.SetupListCombo
 0001:0002305C       TCustomizeFrm.ShowHintsActnExecute
 0001:00023074       TCustomizeFrm.ShowHintsActnUpdate
 0001:000230BC       TCustomizeFrm.ShowShortCutsInTipsActnExecute
 0001:000226D8       TCustomizeFrm.UpdateDialog
 0001:00018EA0       TCustomMDIMenuButton.Paint
 0001:0001AB84       TCustomMenuButton.BeginAutoDrag
 0001:0001ABA4       TCustomMenuButton.Click
 0001:0001B088       TCustomMenuButton.CMDialogChar
 0001:0001AC54       TCustomMenuButton.CMMouseEnter
 0001:0001AAF8       TCustomMenuButton.Create
 0001:0001AB34       TCustomMenuButton.Destroy
 0001:0001ACC8       TCustomMenuButton.DoDragDrop
 0001:0001AD40       TCustomMenuButton.DragOver
 0001:0001AE0C       TCustomMenuButton.DrawText
 0001:0001AF20       TCustomMenuButton.GetMenu
 0001:0001AF38       TCustomMenuButton.Keyed
 0001:0001AF50       TCustomMenuButton.MouseDown
 0001:0001B00C       TCustomMenuButton.MouseUp
 0001:0001B058       TCustomMenuButton.Paint
 0001:00017470       TCustomMenuExpandBtn.Create
 0001:000174F4       TCustomMenuExpandBtn.DragOver
 0001:00017504       TCustomMenuExpandBtn.DrawBackground
 0001:00017574       TCustomMenuExpandBtn.DrawFrame
 0001:000175B8       TCustomMenuExpandBtn.GetMenu
 0001:0001A434       TCustomMenuItem.CalcBounds
 0001:0001A5AC       TCustomMenuItem.CalcLayout
 0001:0001A01C       TCustomMenuItem.Click
 0001:0001A120       TCustomMenuItem.CMMouseEnter
 0001:0001A1B0       TCustomMenuItem.CMTextchanged
 0001:00019D14       TCustomMenuItem.Create
 0001:00019DBC       TCustomMenuItem.Destroy
 0001:0001A838       TCustomMenuItem.DoDragDrop
 0001:0001A2C4       TCustomMenuItem.DragDrop
 0001:0001A324       TCustomMenuItem.DragOver
 0001:0001A604       TCustomMenuItem.DrawEdge
 0001:0001A608       TCustomMenuItem.DrawShadowedText
 0001:00019E0C       TCustomMenuItem.DrawSubMenuGlyph
 0001:0001A71C       TCustomMenuItem.DrawText
 0001:00019F54       TCustomMenuItem.DrawUnusedEdges
 0001:0001A03C       TCustomMenuItem.Keyed
 0001:0001AA64       TCustomMenuItem.MouseUp
 0001:00019EF4       TCustomMenuItem.Paint
 0001:0001A800       TCustomMenuItem.PositionChanged
 0001:0001A090       TCustomMenuItem.SetEdges
 0001:0001A21C       TCustomMenuItem.SetSelected
 0001:000054EC       TCustomToolScrollBtn.Create
 0001:00005534       TCustomToolScrollBtn.DrawArrows
 0001:0000527C       TCustomUtilityButton.Click
 0001:0000529C       TCustomUtilityButton.CMMouseEnter
 0001:000052C0       TCustomUtilityButton.CMMouseLeave
 0001:000051BC       TCustomUtilityButton.Create
 0001:0000524C       TCustomUtilityButton.Destroy
 0001:000052DC       TCustomUtilityButton.DrawArrows
 0001:000053E8       TCustomUtilityButton.MouseDown
 0001:00005424       TCustomUtilityButton.OnDelay
 0001:000054B8       TCustomUtilityButton.Paint
 0001:00005464       TCustomUtilityButton.SetArrowSize
 0001:00005480       TCustomUtilityButton.SetArrowType
 0001:0000549C       TCustomUtilityButton.SetDirection
 0002:000000AC       TextColor
 0001:00014D78       TInternalMDIAction.Destroy
 0001:00014DAC       TInternalMDIAction.ExecuteTarget
 0001:00014E38       TInternalMDIAction.HandlesTarget
 0001:00014E3C       TInternalMDIAction.UpdateTarget
 0001:000001D0       TlsAlloc
 0002:0000100C       tlsBuffer
 0001:000001D8       TlsFree
 0001:000001E0       TlsGetValue
 0002:00000000       TlsIndex
 0002:FFBDA000       TlsLast
 0002:00000020       TlsProc
 0001:000001E8       TlsSetValue
 0001:00014F18       TMenuList.Notify
 0001:00014B30       TMenuStack.Create
 0001:00014B6C       TMenuStack.GetBars
 0001:00014B80       TMenuStack.Peek
 0001:00014B8C       TMenuStack.Pop
 0001:00014C20       TMenuStack.Push
 0001:000004C4       TranslateMessage
 0001:00001D18       TShadowWindow.Create
 0001:00001E2C       TShadowWindow.CreateParams
 0001:00001DB0       TShadowWindow.CreateShadow
 0001:00001DFC       TShadowWindow.Destroy
 0001:00001E68       TShadowWindow.Notification
 0001:00001EA0       TShadowWindow.Paint
 0001:000020C8       TShadowWindow.SetBounds
 0001:00001EDC       TShadowWindow.SetControl
 0001:00001FC0       TShadowWindow.WMEraseBkgnd
 0001:0001CE80       TStandardAddRemoveItem.DrawBackground
 0001:0001CB5C       TStandardAddRemoveItem.DrawGlyph
 0001:0001D314       TStandardButtonControl.DrawFrame
 0001:0001D444       TStandardButtonControl.DrawGlyph
 0001:0001D488       TStandardButtonControl.DrawText
 0001:000030DC       TStandardColorMap.SetColor
 0001:00003114       TStandardColorMap.UpdateColors
 0001:0001CFDC       TStandardCustomizePopup.CanAutoSize
 0001:0001CFE4       TStandardCustomizePopup.PositionPopup
 0001:0001CFEC       TStandardMenuButton.DrawBackground
 0001:0001D044       TStandardMenuButton.DrawDesignFocus
 0001:0001D068       TStandardMenuButton.DrawFrame
 0001:0001D198       TStandardMenuButton.DrawText
 0001:0001D524       TStandardMenuExpandBtn.DrawBackground
 0001:0001D5B8       TStandardMenuExpandBtn.DrawFrame
 0001:0001C218       TStandardMenuItem.CMTextchanged
 0001:0001BF64       TStandardMenuItem.DrawBackground
 0001:0001C24C       TStandardMenuItem.DrawDesignFocus
 0001:0001C5D8       TStandardMenuItem.DrawEdge
 0001:0001C0DC       TStandardMenuItem.DrawGlyph
 0001:0001C34C       TStandardMenuItem.DrawGlyphFrame
 0001:0001C5B0       TStandardMenuItem.DrawLargeGlyph
 0001:0001BF3C       TStandardMenuItem.DrawSeparator
 0001:0001C16C       TStandardMenuItem.DrawText
 0001:0001C884       TStandardMenuPopup.CanAutoSize
 0001:0001C894       TStandardMenuPopup.GetExpandBtnClass
 0001:0001C89C       TStandardMenuPopup.NCPaint
 0001:0001CB08       TStandardMenuPopup.PositionPopup
 0001:00023EAC       TStandardStyleActionBars.GetAddRemoveItemClass
 0001:00023EB4       TStandardStyleActionBars.GetColorMapClass
 0001:00023EBC       TStandardStyleActionBars.GetControlClass
 0001:00023FAC       TStandardStyleActionBars.GetPopupClass
 0001:00023FD0       TStandardStyleActionBars.GetScrollBtnClass
 0001:00023FD8       TStandardStyleActionBars.GetStyleName
 0001:0001D214       TStandardToolScrollBtn.DrawFrame
 0001:00003284       TTwilightColorMap.UpdateColors
 0001:000031CC       TXPColorMap.UpdateColors
 0001:00023BE4       TXPStyleActionBars.GetAddRemoveItemClass
 0001:00023BEC       TXPStyleActionBars.GetColorMapClass
 0001:00023BF4       TXPStyleActionBars.GetControlClass
 0001:00023CE4       TXPStyleActionBars.GetPopupClass
 0001:00023D08       TXPStyleActionBars.GetScrollBtnClass
 0001:00023D10       TXPStyleActionBars.GetStyleName
 0001:0002025C       TXPStyleAddRemoveItem.CalcBounds
 0001:00020294       TXPStyleAddRemoveItem.DrawBackground
 0001:00020448       TXPStyleAddRemoveItem.DrawGlyph
 0001:0002093C       TXPStyleAddRemoveItem.DrawSeparator
 0001:00020AA4       TXPStyleAddRemoveItem.DrawText
 0001:00020BC8       TXPStyleAddRemoveItem.DrawUnusedEdges
 0001:0001F970       TXPStyleButton.DrawBackground
 0001:0001FA24       TXPStyleButton.DrawFrame
 0001:0001FAC0       TXPStyleButton.DrawGlyph
 0001:0001FCB0       TXPStyleButton.DrawText
 0001:00020080       TXPStyleCustomizePopup.Create
 0001:000200C0       TXPStyleCustomizePopup.GetAddRemoveItemClass
 0001:000200C8       TXPStyleCustomizePopup.GetDefaultColorMapClass
 0001:000200D0       TXPStyleCustomizePopup.NCPaint
 0001:0001FD40       TXPStyleDropDownBtn.DrawBackground
 0001:0001FDEC       TXPStyleDropDownBtn.DrawFrame
 0001:0001FE8C       TXPStyleDropDownBtn.DrawGlyph
 0001:00020078       TXPStyleDropDownBtn.GetPopupClass
 0001:0001F7FC       TXPStyleExpandBtn.DrawBackground
 0001:0001F8DC       TXPStyleExpandBtn.DrawFrame
 0001:0001F070       TXPStyleMenuButton.DrawBackground
 0001:0001F27C       TXPStyleMenuButton.DrawText
 0001:0001E67C       TXPStyleMenuItem.CalcBounds
 0001:0001E6E4       TXPStyleMenuItem.CalcLayout
 0001:0001E71C       TXPStyleMenuItem.DrawBackground
 0001:0001E900       TXPStyleMenuItem.DrawGlyph
 0001:0001ED38       TXPStyleMenuItem.DrawSeparator
 0001:0001EEAC       TXPStyleMenuItem.DrawShadowedText
 0001:0001EF24       TXPStyleMenuItem.DrawSubMenuGlyph
 0001:0001EF94       TXPStyleMenuItem.DrawText
 0001:0001EFF4       TXPStyleMenuItem.DrawUnusedEdges
 0001:0001F2DC       TXPStylePopupMenu.Create
 0001:0001F31C       TXPStylePopupMenu.Destroy
 0001:0001F34C       TXPStylePopupMenu.DisplayShadow
 0001:0001F3D8       TXPStylePopupMenu.GetExpandBtnClass
 0001:0001F3E0       TXPStylePopupMenu.HideShadow
 0001:0001F3FC       TXPStylePopupMenu.NCPaint
 0001:0001F750       TXPStylePopupMenu.PositionPopup
 0001:0001F7D0       TXPStylePopupMenu.VisibleChanging
 0001:00020BCC       TXPStyleToolScrollBtn.DrawBackground
 0001:00008FAC       TXToolDockForm.CMDialogChar
 0002:0000006C       UnfoldAnimationStyle
 0001:000004CC       UnhookWindowsHookEx
 0001:000002CC       UninitializeModule
 0001:0001B120       UnRegisterActnBarStyle
 0001:0000B23C       UpdateActionBar
 0002:00001074       UpdateActnMenusProc
 0001:0000174C       UrlMon
 0001:000242D4       vclactnband
 0001:000004D4       WaitMessage
 0001:000004DC       WindowFromPoint
 0001:0000053C       Windows
 0001:00001784       WinInet
 0001:00001974       WinSpool
 0001:00020CAC       XPActnCtrls
 0002:0000109C       XPStyle
 0001:00023D7C       XPStyleActnCtrls


  Address         Publics by Value

 0002:FFBDA000       TlsLast
 0001:000001B8       FreeLibrary
 0001:000001C0       LocalAlloc
 0001:000001C8       LocalFree
 0001:000001D0       TlsAlloc
 0001:000001D8       TlsFree
 0001:000001E0       TlsGetValue
 0001:000001E8       TlsSetValue
 0001:000001F0       AllocTlsBuffer
 0001:000001FC       GetTlsSize
 0001:00000204       InitThreadTLS
 0001:00000248       InitProcessTLS
 0001:00000274       ExitThreadTLS
 0001:0000029C       ExitProcessTLS
 0001:000002C0       InitializeModule
 0001:000002CC       UninitializeModule
 0001:000002F0       @InitPkg
 0001:00000354       @PackageLoad
 0001:00000360       @PackageUnload
 0001:0000036C       Finalization
 0001:0000039C       SysInit
 0001:000003A4       GetCurrentThreadId
 0001:000003AC       BitBlt
 0001:000003B4       ExcludeClipRect
 0001:000003BC       IntersectClipRect
 0001:000003C4       PatBlt
 0001:000003CC       CallNextHookEx
 0001:000003D4       DispatchMessage
 0001:000003DC       DrawEdge
 0001:000003E4       DrawFrameControl
 0001:000003EC       DrawState
 0001:000003F4       DrawText
 0001:000003FC       GetAsyncKeyState
 0001:00000404       GetCapture
 0001:0000040C       GetClientRect
 0001:00000414       GetCursorPos
 0001:0000041C       GetDC
 0001:00000424       GetDesktopWindow
 0001:0000042C       GetForegroundWindow
 0001:00000434       GetParent
 0001:0000043C       GetSystemMetrics
 0001:00000444       GetWindowRect
 0001:0000044C       HideCaret
 0001:00000454       InflateRect
 0001:0000045C       IsWindowEnabled
 0001:00000464       IsWindowVisible
 0001:0000046C       MapWindowPoints
 0001:00000474       OffsetRect
 0001:0000047C       PeekMessage
 0001:00000484       PostMessage
 0001:0000048C       PtInRect
 0001:00000494       ReleaseDC
 0001:0000049C       SendMessage
 0001:000004A4       SetFocus
 0001:000004AC       SetWindowsHookEx
 0001:000004B4       ShowCaret
 0001:000004BC       SystemParametersInfo
 0001:000004C4       TranslateMessage
 0001:000004CC       UnhookWindowsHookEx
 0001:000004D4       WaitMessage
 0001:000004DC       WindowFromPoint
 0001:000004E4       RGB
 0001:00000500       GetRValue
 0001:00000504       GetGValue
 0001:00000508       GetBValue
 0001:0000050C       Finalization
 0001:0000053C       Windows
 0001:00000554       Finalization
 0001:00000584       Messages
 0001:000011E4       ImageList_DrawEx
 0001:000011EC       Finalization
 0001:0000121C       CommCtrl
 0001:000015B4       Finalization
 0001:000015E4       Imm
 0001:000016E4       Finalization
 0001:00001714       ShlObj
 0001:0000171C       Finalization
 0001:0000174C       UrlMon
 0001:00001754       Finalization
 0001:00001784       WinInet
 0001:0000178C       Finalization
 0001:000017BC       RegStr
 0001:000017C4       Finalization
 0001:000017F4       ShellAPI
 0001:00001944       Finalization
 0001:00001974       WinSpool
 0001:0000197C       Finalization
 0001:000019AC       CommDlg
 0001:000019B4       Finalization
 0001:000019E4       Dlgs
 0001:00001A6C       Finalization
 0001:00001A9C       RichEdit
 0001:00001D18       TShadowWindow.Create
 0001:00001DB0       TShadowWindow.CreateShadow
 0001:00001DFC       TShadowWindow.Destroy
 0001:00001E2C       TShadowWindow.CreateParams
 0001:00001E68       TShadowWindow.Notification
 0001:00001EA0       TShadowWindow.Paint
 0001:00001EDC       TShadowWindow.SetControl
 0001:00001FC0       TShadowWindow.WMEraseBkgnd
 0001:00001FC8       CalcShadowColor
 0001:00002024       ColorRGBToHLS
 0001:000020C8       TShadowWindow.SetBounds
 0001:00002450       Finalization
 0001:00002480       ShadowWnd
 0001:00002488       sndPlaySound
 0001:00002490       Finalization
 0001:000024C0       MMSystem
 0001:000030DC       TStandardColorMap.SetColor
 0001:00003114       TStandardColorMap.UpdateColors
 0001:000031CC       TXPColorMap.UpdateColors
 0001:00003284       TTwilightColorMap.UpdateColors
 0001:0000330C       Finalization
 0001:0000333C       ActnColorMaps
 0001:00004AD0       TCustomButtonControl.Create
 0001:00004B20       TCustomButtonControl.CalcBounds
 0001:00004B38       TCustomButtonControl.Click
 0001:00004B50       TCustomButtonControl.CMEnabledChanged
 0001:00004B6C       TCustomButtonControl.CMTextChanged
 0001:00004BC8       TCustomButtonControl.CMMouseEnter
 0001:00004C0C       TCustomButtonControl.CMMouseLeave
 0001:00004C60       TCustomButtonControl.DrawBackground
 0001:00004CC4       TCustomButtonControl.DrawFrame
 0001:00004CC8       TCustomButtonControl.GetShowShortCut
 0001:00004CCC       TCustomButtonControl.Loaded
 0001:00004CFC       TCustomButtonControl.MouseDown
 0001:00004D54       TCustomButtonControl.MouseMove
 0001:00004DF0       TCustomButtonControl.MouseUp
 0001:00004F34       TCustomButtonControl.Paint
 0001:00004F9C       TCustomButtonControl.SetActionClient
 0001:00004FD8       TCustomButtonControl.SetAllowAllUp
 0001:00004FE8       TCustomButtonControl.SetDown
 0001:00005050       TCustomButtonControl.SetFlat
 0001:0000506C       TCustomButtonControl.SetSelected
 0001:00005098       TCustomButtonControl.SetState
 0001:000050B4       TCustomButtonControl.SetBounds
 0001:000050D8       TCustomButtonControl.UpdateTracking
 0001:00005120       TCustomButtonControl.WMLButtonDblClk
 0001:00005140       TCustomButtonControl.SetGlyphLayout
 0001:00005158       TCustomButtonControl.DrawLargeGlyph
 0001:000051B0       TCustomButtonControl.CMDialogChar
 0001:000051BC       TCustomUtilityButton.Create
 0001:0000524C       TCustomUtilityButton.Destroy
 0001:0000527C       TCustomUtilityButton.Click
 0001:0000529C       TCustomUtilityButton.CMMouseEnter
 0001:000052C0       TCustomUtilityButton.CMMouseLeave
 0001:000052DC       TCustomUtilityButton.DrawArrows
 0001:000053E8       TCustomUtilityButton.MouseDown
 0001:00005424       TCustomUtilityButton.OnDelay
 0001:00005464       TCustomUtilityButton.SetArrowSize
 0001:00005480       TCustomUtilityButton.SetArrowType
 0001:0000549C       TCustomUtilityButton.SetDirection
 0001:000054B8       TCustomUtilityButton.Paint
 0001:000054EC       TCustomToolScrollBtn.Create
 0001:00005534       TCustomToolScrollBtn.DrawArrows
 0001:00005650       TCustomDropDownButton.CalcBounds
 0001:0000566C       TCustomDropDownButton.Click
 0001:00005690       TCustomDropDownButton.CMMouseleave
 0001:000056A4       TCustomDropDownButton.DrawFrame
 0001:0000570C       TCustomDropDownButton.DropDownClick
 0001:0000580C       TCustomDropDownButton.GetPopupClass
 0001:00005840       TCustomDropDownButton.MouseDown
 0001:00005888       TCustomDropDownButton.MouseOverDropDown
 0001:000058F0       TCustomDropDownButton.Paint
 0001:0000594C       TCustomActionCombo.BeginAutoDrag
 0001:00005960       TCustomActionCombo.DesignWndProc
 0001:00005978       TCustomActionCombo.DragDrop
 0001:000059A0       TCustomActionCombo.DragOver
 0001:00005A18       TCustomComboControl.Create
 0001:00005AB0       TCustomComboControl.Destroy
 0001:00005AE0       TCustomComboControl.CalcBounds
 0001:00005B30       TCustomComboControl.Click
 0001:00005B50       TCustomComboControl.CMVisiblechanged
 0001:00005B6C       TCustomComboControl.ComboClick
 0001:00005B9C       TCustomActionCombo.ComboWndProc
 0001:00005BC4       TCustomComboControl.Paint
 0001:00005BF4       TCustomComboControl.SetActionClient
 0001:00005C38       TCustomComboControl.SetBounds
 0001:00005CD4       TCustomComboControl.SetDragMode
 0001:00005CF4       TCustomComboControl.SetParent
 0001:00005D1C       TCustomComboControl.VisibleChanging
 0001:00005D24       TCustomActionDockBar.Create
 0001:00005D6C       TCustomActionDockBar.Dock
 0001:00005E18       TCustomActionDockBar.DoEndDock
 0001:00005E44       TCustomActionDockBar.DoStartDock
 0001:00005E70       TCustomActionDockBar.GetSiteInfo
 0001:00005ED0       TCustomActionDockBar.Loaded
 0001:00005F08       TCustomActionDockBar.GetFloatingDockSiteClass
 0001:00005F10       TCustomActionToolBar.Create
 0001:00005F9C       TCustomActionToolBar.Destroy
 0001:00005FE0       TCustomActionToolBar.AutoSizingChanged
 0001:0000604C       TCustomActionToolBar.CalcButtonWidth
 0001:00006094       TCustomActionToolBar.CreateControl
 0001:00006108       TCustomActionToolBar.DisableHiding
 0001:00006110       TCustomActionToolBar.GetControlClass
 0001:0000612C       TCustomActionToolBar.DoDropCategory
 0001:000061B0       TCustomActionToolBar.DrawBackground
 0001:000062F0       TCustomActionToolBar.DrawSeparator
 0001:00006414       TCustomActionToolBar.EnableHiding
 0001:00006434       TCustomActionToolBar.GetHiddenCount
 0001:0000644C       HideItem
 0001:00006664       TCustomActionToolBar.HideUnusedItems
 0001:00006878       TCustomActionToolBar.ScrollBtnClick
 0001:00006B0C       TCustomActionToolBar.SetOrientation
 0001:00006BDC       TCustomActionToolBar.SetupDropDownBtn
 0001:00006CB4       TCustomActionToolBar.Reset
 0001:00006D3C       TCustomActionToolBar.CMColorchanged
 0001:00006D74       TCustomActionToolBar.SetBounds
 0001:00006DA0       TCustomActionToolBar.DragDrop
 0001:00006DEC       TCustomActionToolBar.GetPopupClass
 0001:00006E10       TCustomActionToolBar.GetScrollBtnClass
 0001:00006E30       Finalization
 0001:00006E60       ActnCtrls
 0001:00008FAC       TXToolDockForm.CMDialogChar
 0001:00008FE0       NotifyDesigner
 0001:00009008       TCustomActionManager.Create
 0001:0000910C       TCustomActionManager.Destroy
 0001:00009160       TCustomActionManager.AddAction
 0001:000091D8       AddActions
 0001:000092B8       TCustomActionManager.AddCategory
 0001:000093E8       TCustomActionManager.AddSeparator
 0001:00009444       TCustomActionManager.Assign
 0001:000094C8       TCustomActionManager.CompareAction
 0001:00009508       TCustomActionManager.CompareCaption
 0001:00009584       TCustomActionManager.CreateActionBars
 0001:000095AC       TCustomActionManager.DeleteActionItems
 0001:000095F0       StyleNameStored
 0001:0000962C       TCustomActionManager.DefineProperties
 0001:00009688       TCustomActionManager.DeleteItem
 0001:000096F0       TCustomActionManager.FindClient
 0001:00009710       TCustomActionManager.FindItem
 0001:00009734       TCustomActionManager.FindItemByAction
 0001:00009748       TCustomActionManager.FindItemByCaption
 0001:000097AC       TCustomActionManager.FindActionClient
 0001:00009854       TCustomActionManager.FindActionBar
 0001:000098E4       TCustomActionManager.LoadFromFile
 0001:000099F4       TCustomActionManager.LoadFromStream
 0001:00009AEC       TCustomActionManager.Loaded
 0001:00009BAC       TCustomActionManager.LoadMenu
 0001:00009C60       TCustomActionManager.Notification
 0001:00009E58       TCustomActionManager.SaveToFile
 0001:00009F58       TCustomActionManager.SaveToStream
 0001:00009FCC       TCustomActionManager.SetupActionBars
 0001:0000A058       TCustomActionManager.SetActionBars
 0001:0000A068       TCustomActionManager.SetImages
 0001:0000A10C       PrioritySort
 0001:0000A17C       TCustomActionManager.SetPrioritySchedule
 0001:0000A2EC       TCustomActionManager.GetUsage
 0001:0000A3B4       TCustomActionManager.IsPriorityScheduleStored
 0001:0000A410       TCustomActionManager.ResetActionBar
 0001:0000A474       TCustomActionManager.ResetClientUsageData
 0001:0000A4B4       TCustomActionManager.ResetUsageData
 0001:0000A4C8       TCustomActionManager.SetLinkedActionLists
 0001:0000A504       TCustomActionManager.Change
 0001:0000A524       TCustomActionManager.GetActionClientsClass
 0001:0000A560       TCustomActionManager.GetActionClientItemClass
 0001:0000A59C       TCustomActionManager.GetActionBarsClass
 0001:0000A5D0       TCustomActionManager.GetActionBarItemClass
 0001:0000A60C       TCustomActionManager.IsLinkedActionListsStored
 0001:0000A630       TCustomActionManager.IsActionBarsStored
 0001:0000A644       TCustomActionManager.GetLinkedActionLists
 0001:0000A674       TCustomActionManager.ReadStyleProp
 0001:0000A754       TCustomActionManager.WriteStyleProp
 0001:0000A7C4       TCustomActionManager.HasLinkedActionLists
 0001:0000A7D0       TCustomActionManager.AfterConstruction
 0001:0000A80C       TCustomActionManager.SetStyle
 0001:0000A8DC       TActionListItem.Assign
 0001:0000A9A4       TActionListItem.GetCaption
 0001:0000A9E4       TActionListItem.GetDisplayName
 0001:0000AA08       TActionListItem.Owner
 0001:0000AA0C       TActionListItem.SetActionList
 0001:0000AA9C       TActionListCollection.GetActionManager
 0001:0000AAA8       TActionListCollection.GetListItem
 0001:0000AABC       TActionListCollection.SetListItem
 0001:0000AADC       TActionClientsCollection.SetActionClient
 0001:0000AAE4       TActionClientsCollection.GetActionClient
 0001:0000AAF8       TActionClientsCollection.GetActionManager
 0001:0000AB10       IfHotkeyAvailable
 0001:0000AB40       CopyToBest
 0001:0000ABC4       InsertHotkeyFarEastFormat
 0001:0000AD24       TActionClientsCollection.InternalRethinkHotkeys
 0001:0000B22C       TActionClientsCollection.AfterConstruction
 0001:0000B23C       UpdateActionBar
 0001:0000B274       TActionClientsCollection.IterateClients
 0001:0000B398       TActionClientsCollection.SetAutoHotKeys
 0001:0000B3A8       TActionClient.Create
 0001:0000B408       TActionClient.Destroy
 0001:0000B46C       TActionClient.AreContextItemsStored
 0001:0000B4B8       TActionClient.Assign
 0001:0000B5A8       TActionClient.ClearActionBar
 0001:0000B5B0       TActionClient.ColorChanged
 0001:0000B5B4       TActionClient.FreeChildren
 0001:0000B614       TActionClient.GetBackground
 0001:0000B634       TActionClient.GetContextItems
 0001:0000B668       TActionClient.GetHasItems
 0001:0000B688       TActionClientItem.GetParentItem
 0001:0000B6A8       TActionClient.GetItems
 0001:0000B744       TActionClient.GetOwningCollection
 0001:0000B748       TActionClient.HasBackground
 0001:0000B770       TActionClient.HasVisibleItems
 0001:0000B7E4       TActionClient.IsBackgroundStored
 0001:0000B80C       TActionClient.IsChildItem
 0001:0000B860       TActionClient.IsItemsStored
 0001:0000B8AC       TActionClient.Refresh
 0001:0000B8B0       TActionClient.SetActionBar
 0001:0000B9A0       TActionClient.SetItems
 0001:0000B9B8       TActionClient.SetBackground
 0001:0000BA34       TActionClient.SetBackgroundLayout
 0001:0000BAD0       TActionClient.SetChangesAllowed
 0001:0000BAE8       TActionClient.SetColor
 0001:0000BAFC       TActionClient.SetContextItems
 0001:0000BB00       TActionClient.SetVisible
 0001:0000BB10       TActionBarItem.ColorChanged
 0001:0000BB38       TActionBarItem.Create
 0001:0000BB74       TActionBarItem.GetActionBars
 0001:0000BB78       TActionBarItem.GetDisplayName
 0001:0000BBBC       TActionBarItem.Refresh
 0001:0000BBD8       TActionBarItem.SetAutoSize
 0001:0000BBF4       TActionBarItem.SetGlyphLayout
 0001:0000BD00       TActionBarItem.SetVisible
 0001:0000BD1C       TActionBars.Create
 0001:0000BD74       TActionBars.Add
 0001:0000BD80       TActionBars.DoShowHint
 0001:0000BDB8       TActionBars.GetActionBar
 0001:0000BDCC       TActionBars.GetHintShortCuts
 0001:0000BDE4       TActionBars.Notify
 0001:0000BE28       TActionBars.SetShowHints
 0001:0000BE40       TActionBars.SetHintShortCuts
 0001:0000BE58       TActionClients.Create
 0001:0000BEA8       TActionClients.Add
 0001:0000BEB4       TActionClients.Assign
 0001:0000BF0C       TActionClients.DoHideUnused
 0001:0000BF50       TActionClients.DoShowCaptions
 0001:0000BF8C       TActionClients.GetActionClient
 0001:0000BFA0       TActionClients.Notify
 0001:0000C12C       TActionClients.SetActionClient
 0001:0000C134       TActionClients.SetCaptionOptions
 0001:0000C1C0       TActionClients.SetHideUnused
 0001:0000C1EC       TActionClients.SetSmallIcons
 0001:0000C280       TActionClients.ToggleSmallIcons
 0001:0000C310       TActionClients.VisibleCount
 0001:0000C344       TActionClientLink.AssignClient
 0001:0000C360       TActionClientLink.DoShowHint
 0001:0000C450       TActionClientLink.IsCaptionLinked
 0001:0000C514       TActionClientLink.IsEnabledLinked
 0001:0000C554       TActionClientLink.IsHelpContextLinked
 0001:0000C584       TActionClientLink.IsHintLinked
 0001:0000C5C8       TActionClientLink.IsImageIndexLinked
 0001:0000C60C       TActionClientLink.IsOnExecuteLinked
 0001:0000C640       TActionClientLink.IsShortCutLinked
 0001:0000C674       TActionClientLink.IsVisibleLinked
 0001:0000C6A8       TActionClientLink.SetCaption
 0001:0000C6C8       TActionClientLink.SetChecked
 0001:0000C6F4       TActionClientLink.SetEnabled
 0001:0000C718       TActionClientLink.SetHelpContext
 0001:0000C734       TActionClientLink.SetHint
 0001:0000C75C       TActionClientLink.SetImageIndex
 0001:0000C77C       TActionClientLink.SetOnExecute
 0001:0000C7AC       TActionClientLink.SetShortCut
 0001:0000C7CC       TActionClientLink.SetVisible
 0001:0000C7EC       TActionClientItem.Create
 0001:0000C850       TActionClientItem.Destroy
 0001:0000C888       TActionClientItem.ActionChange
 0001:0000C9B8       TActionClientItem.Assign
 0001:0000CB00       TActionClientItem.ColorChanged
 0001:0000CB38       TActionClientItem.DoActionChange
 0001:0000CB5C       TActionClientItem.GetActionClients
 0001:0000CB60       TActionClientItem.GetActionLinkClass
 0001:0000CB68       TActionClientItem.GetAction
 0001:0000CB78       TActionClientItem.GetCaption
 0001:0000CBF0       TActionClientItem.GetDisplayName
 0001:0000CC98       CheckImageList
 0001:0000CCD4       TActionClientItem.HasGlyph
 0001:0000CD34       TActionClientItem.InitiateAction
 0001:0000CD44       TActionClientItem.IsCaptionStored
 0001:0000CDC8       TActionClientItem.Refresh
 0001:0000CDE0       TActionClientItem.ResetUsageData
 0001:0000CE90       TActionClientItem.SetAction
 0001:0000CF9C       TActionClientItem.SetCaption
 0001:0000D02C       TActionClientItem.SetControl
 0001:0000D070       TActionClientItem.SetImageIndex
 0001:0000D098       TActionClientItem.SetIndex
 0001:0000D0BC       TActionClientItem.SetLastSession
 0001:0000D0CC       TActionClientItem.SetMergeIndex
 0001:0000D158       TActionClientItem.SetShortCut
 0001:0000D1BC       TActionClientItem.SetShowCaption
 0001:0000D214       TActionClientItem.SetShowShortCut
 0001:0000D240       TActionClientItem.SetUsageCount
 0001:0000D268       TActionClientItem.SetVisible
 0001:0000D2E0       TActionClientItem.SetChangesAllowed
 0001:0000D32C       TActionClientItem.SetShowGlyph
 0001:0000D34C       TActionClientItem.SetCollection
 0001:0000D380       TActionClientItem.Unused
 0001:0000D4E0       TActionClientItem.IsHelpContextStored
 0001:0000D500       TActionDragObject.Create
 0001:0000D540       TActionDragObject.Destroy
 0001:0000D570       TActionDragObject.AddAction
 0001:0000D57C       TActionDragObject.AddActionClass
 0001:0000D588       TActionDragObject.GetAction
 0001:0000D5BC       TActionDragObject.GetActionCount
 0001:0000D5C4       TCategoryDragObject.Create
 0001:0000D640       TActionItemDragObject.Finished
 0001:0000D6D4       ColorProc
 0001:0000D71C       FontColorProc
 0001:0000D738       TCustomActionBarColorMap.Add
 0001:0000D778       TCustomActionBarColorMap.Create
 0001:0000D7C4       TCustomActionBarColorMap.Destroy
 0001:0000D7F4       TCustomActionBarColorMap.GetDisabledColor
 0001:0000D80C       TCustomActionBarColorMap.GetUnusedColor
 0001:0000D828       TCustomActionBarColorMap.Notification
 0001:0000D870       TCustomActionBarColorMap.Remove
 0001:0000D8A0       TCustomActionBarColorMap.SetColor
 0001:0000D908       TCustomActionBarColorMap.SetFontColor
 0001:0000D95C       TCustomActionBarColorMap.UpdateColors
 0001:0000D964       TCustomActionBarColorMap.UpdateActionBars
 0001:0000D994       TCustomActionBarColorMap.Assign
 0001:0000DA68       TCustomActionBar.Create
 0001:0000DB38       TCustomActionBar.Destroy
 0001:0000DB7C       TCustomActionBar.AlignControls
 0001:0000DBA8       TCustomActionBar.AutoSizingChanged
 0001:0000DBAC       TCustomActionBar.BackgroundSize
 0001:0000DBBC       TCustomActionBar.CalcInsertPosition
 0001:0000DC9C       TCustomActionBar.Clear
 0001:0000DD2C       TCustomActionBar.CMEnabledchanged
 0001:0000DD48       TCustomActionBar.CreateControl
 0001:0000DE48       TCustomActionBar.CreateControls
 0001:0000DF60       TCustomActionBar.CustomAlignInsertBefore
 0001:0000E09C       TCustomActionBar.CustomAlignPosition
 0001:0000E550       TCustomActionBar.DrawBackground
 0001:0000E6BC       TCustomActionBar.DragOver
 0001:0000E720       TCustomActionBar.DragDrop
 0001:0000E888       TCustomActionBar.DoGetControlClass
 0001:0000E8C4       TCustomActionBar.DoControlCreated
 0001:0000E8E8       TCustomActionBar.FindAccelItem
 0001:0000E9A4       TCustomActionBar.FindFirst
 0001:0000E9DC       TCustomActionBar.FindItemAt
 0001:0000EA04       TCustomActionBar.FindItemCaption
 0001:0000EAA0       TCustomActionBar.FindLast
 0001:0000EAD8       TCustomActionBar.FindLeastUsedItem
 0001:0000EBFC       TCustomActionBar.FindLastVisibleItem
 0001:0000EC34       TCustomActionBar.FindFirstVisibleItem
 0001:0000EC68       PointToRow
 0001:0000ED04       TCustomActionBar.FindNearestControl
 0001:0000EF04       TCustomActionBar.FindNextVisibleItem
 0001:0000EF3C       TCustomActionBar.FindNext
 0001:0000EFC8       TCustomActionBar.FindPrevious
 0001:0000F044       TCustomActionBar.GetActionControl
 0001:0000F078       TCustomActionBar.GetBannerWidth
 0001:0000F0F0       TCustomActionBar.GetControlClass
 0001:0000F10C       TCustomActionBar.GetItems
 0001:0000F138       TCustomActionBar.HasItems
 0001:0000F17C       TCustomActionBar.ItemCount
 0001:0000F1A8       TCustomActionBar.Loaded
 0001:0000F1E4       TCustomActionBar.Notification
 0001:0000F238       TCustomActionBar.Paint
 0001:0000F260       TCustomActionBar.PaintWindow
 0001:0000F30C       TCustomActionBar.SetActionClient
 0001:0000F388       TCustomActionBar.SetDesignMode
 0001:0000F5DC       TCustomActionBar.SetOrientation
 0001:0000F670       TCustomActionBar.SetSpacing
 0001:0000F684       TCustomActionBar.SetActionManager
 0001:0000F6C0       TCustomActionBar.SetPersistentHotKeys
 0001:0000F6D4       TCustomActionBar.DoDropActions
 0001:0000F784       TCustomActionBar.DoDropCategory
 0001:0000F8C4       TCustomActionBar.FindPreviousVisibleItem
 0001:0000F8F4       TCustomActionBar.SetBiDiMode
 0001:0000F938       TCustomActionBar.GetBarHeight
 0001:0000F9E8       TCustomActionBar.GetBarWidth
 0001:0000FAAC       TCustomActionBar.GetDesignMode
 0001:0000FAD0       TCustomActionBar.SetHorzMargin
 0001:0000FAF8       TCustomActionBar.SetVertMargin
 0001:0000FB20       TCustomActionBar.SetHorzSeparator
 0001:0000FB48       TCustomActionBar.SetVertSeparator
 0001:0000FB70       TCustomActionBar.CMResetBar
 0001:0000FB7C       TCustomActionBar.Reset
 0001:0000FBFC       TCustomActionBar.VisibleChanging
 0001:0000FC7C       TCustomActionBar.WMContextMenu
 0001:0000FD10       TCustomActionBar.GetAutoSizing
[...]
 0001:00015490       TCustomActionMenuBar.CMItemClicked
 0001:000154C4       TCustomActionMenuBar.CMEnterMenuLoop
 0001:000154D0       TCustomActionMenuBar.CMItemKeyed
 0001:00015504       TCustomActionMenuBar.CreateControl
 0001:00015574       TCustomActionMenuBar.CreatePopup
 0001:000157F0       TCustomActionMenuBar.DoItemSelected
 0001:000158A8       TCustomActionMenuBar.ExecAction
 0001:000158F8       TCustomActionMenuBar.DoGetPopupClass
 0001:0001592C       TCustomActionMenuBar.DoItemClicked
 0001:00015AC4       TCustomActionMenuBar.DoItemKeyed
 0001:00015B4C       TCustomActionMenuBar.GetDefaultSounds
 0001:00015B50       TCustomActionMenuBar.IsDesignMsg
 0001:00015C10       TCustomActionMenuBar.DoMenuDelay
 0001:00015CF8       TCustomActionMenuBar.DoneMenuLoop
 0001:00015D74       TCustomActionMenuBar.DoPopup
 0001:00015D94       TCustomActionMenuBar.Expand
 0001:00015E60       TCustomActionMenuBar.ExpandTimer
 0001:00015ED0       TCustomActionMenuBar.GetDesignMode
 0001:00015F00       TCustomActionMenuBar.GetMouseHoverItem
 0001:00015FB8       TCustomActionMenuBar.GetPopupClass
 0001:00015FF4       TCustomActionMenuBar.GetSelected
 0001:00016054       TCustomActionMenuBar.InitMenuLoop
 0001:000161AC       TCustomActionMenuBar.NewPopup
 0001:00016240       TCustomActionMenuBar.ProcessMouseMsg
 0001:00016360       TCustomActionMenuBar.ProcessMenuLoop
 0001:00016654       SkipItems
 0001:0001670C       CheckChangesAllowed
 0001:00016794       TCustomActionMenuBar.Select
 0001:000168AC       TCustomActionMenuBar.SelectItem
 0001:000168C0       TCustomActionMenuBar.SetDesignMode
 0001:000168EC       TCustomActionMenuBar.SetParentMenu
 0001:00016958       TCustomActionMenuBar.SetPersistentHotkeys
 0001:000169BC       TCustomActionMenuBar.SetParent
 0001:000169D8       TCustomActionMenuBar.TrackMenu
 0001:00016AF4       TCustomActionMenuBar.WndProc
 0001:00016B0C       TCustomActionMenuBar.WMKeyDown
 0001:00016E18       TCustomActionMenuBar.WMMouseActivate
 0001:00016E3C       TCustomActionMenuBar.WMSysKeyDown
 0001:00016EB4       TCustomActionMenuBar.SetAnimateDuration
 0001:00016ECC       IsScreenFont
 0001:00016FF8       TCustomActionMenuBar.CMFontchanged
 0001:00017028       TCustomActionMenuBar.Notification
 0001:00017080       TCustomActionMenuBar.DoMouseIdle
 0001:00017164       TCustomActionMenuBar.DoActionIdle
 0001:000171CC       TCustomActionMenuBar.Idle
 0001:00017328       TCustomActionMenuBar.ProcessMessage
 0001:00017394       TCustomActionMenuBar.ProcessMessages
 0001:000173AC       TCustomActionMenuBar.Style
 0001:000173CC       TCustomActionMenuBar.SetUseSystemFont
 0001:000173F8       TCustomActionMenuBar.Loaded
 0001:00017424       TCustomActionMenuBar.RecreateControls
 0001:0001743C       TCustomActionMenuBar.SetMouseControl
 0001:00017470       TCustomMenuExpandBtn.Create
 0001:000174F4       TCustomMenuExpandBtn.DragOver
 0001:00017504       TCustomMenuExpandBtn.DrawBackground
 0001:00017574       TCustomMenuExpandBtn.DrawFrame
 0001:000175B8       TCustomMenuExpandBtn.GetMenu
 0001:000175D0       TCustomActionPopupMenu.Create
 0001:000176C8       TCustomActionPopupMenu.Destroy
 0001:00017710       TCustomActionPopupMenu.AddEdges
 0001:0001787C       TCustomActionPopupMenu.CMMouseLeave
 0001:000178C4       TCustomActionPopupMenu.CMVisibleChanged
 0001:000178F4       TCustomActionPopupMenu.CreateControl
 0001:00017958       TCustomActionPopupMenu.CreateControls
 0001:00017988       TCustomActionPopupMenu.CreateParams
 0001:000179E4       TCustomActionPopupMenu.DesignWndProc
 0001:000179E8       TCustomActionPopupMenu.ExecAction
 0001:00017A04       TCustomActionPopupMenu.Expand
 0001:00017B44       TCustomActionPopupMenu.ExpandClick
 0001:00017B80       TCustomActionPopupMenu.Popup
 0001:00017C00       MonitorSize
 0001:00017C0C       TCustomActionPopupMenu.PositionPopup
 0001:00017F7C       TCustomActionPopupMenu.SetupExpandBtn
 0001:0001802C       TCustomActionPopupMenu.SetOrientation
 0001:0001803C       TCustomActionPopupMenu.WMKeyDown
 0001:000182E4       TCustomActionPopupMenu.WMPrint
 0001:00018304       TCustomActionPopupMenu.WMPrintClient
 0001:000183BC       TCustomActionPopupMenu.VisibleChanging
 0001:000184D0       TCustomActionPopupMenu.CloseMenu
 0001:0001851C       TCustomActionPopupMenu.GetClientRect
 0001:0001853C       TCustomActionPopupMenu.GetExpandBtnClass
 0001:00018544       TCustomActionPopupMenu.CanAutoSize
 0001:0001856C       TCustomActionPopupMenu.DisplayShadow
 0001:000185DC       TCustomActionPopupMenu.HideShadow
 0001:000185FC       TCustomActionPopupMenu.SetColorMap
 0001:00018624       TCustomActionPopupMenu.Notification
 0001:0001866C       TCustomActionPopupMenu.SetShadow
 0001:00018680       TCustomActionPopupMenu.DrawBackground
 0001:000186C0       TCustomAddRemoveItem.CalcBounds
 0001:00018738       TCustomAddRemoveItem.IsActionVisible
 0001:000187B8       TCustomAddRemoveItem.MouseUp
 0001:000187E4       TCustomAddRemoveItem.SetEnabled
 0001:000187EC       TCustomizeActionToolBar.Create
 0001:00018840       TCustomizeActionToolBar.Destroy
 0001:00018870       TCustomizeActionToolBar.CanAutoSize
 0001:000188A4       TCustomizeActionToolBar.Clear
 0001:000188A8       TCustomizeActionToolBar.CMItemSelected
 0001:000188B4       TCustomizeActionToolBar.GetActionControl
 0001:000188EC       TCustomizeActionToolBar.ItemCount
 0001:00018910       FindItem
 0001:00018990       TCustomizeActionToolBar.DoItemClicked
 0001:00018ACC       TCustomizeActionToolBar.GetSubMenuControlClass
 0001:00018B3C       TCustomizeActionToolBar.NewPopup
 0001:00018B70       AddSeparator
 0001:00018B9C       AddItems
 0001:00018C50       TCustomizeActionToolBar.SetActionClient
 0001:00018E44       TCustomizeActionToolBar.GetAddRemoveItemClass
 0001:00018E80       TCustomizeActionLink.SetEnabled
 0001:00018E98       TCustomizeActionClientItem.GetActionLinkClass
 0001:00018EA0       TCustomMDIMenuButton.Paint
 0001:00018F08       TCustomActionMainMenuBar.Create
 0001:00018FF8       TCustomActionMainMenuBar.Destroy
 0001:00019048       TCustomActionMainMenuBar.CloseMenu
 0001:0001905C       TCustomActionMainMenuBar.WMKeyDown
 0001:000191B0       TCustomActionMainMenuBar.CanFocus
 0001:000191B4       TCustomActionMainMenuBar.CreateControl
 0001:000191EC       TCustomActionMainMenuBar.DesignWndProc
 0001:0001924C       TCustomActionMainMenuBar.DoneMenuLoop
 0001:00019280       TCustomActionMainMenuBar.GetActiveMDIChild
 0001:00019340       TCustomActionMainMenuBar.WMNCHitTest
 0001:00019368       TCustomActionMainMenuBar.ProcessMouseMsg
 0001:000193CC       TCustomActionMainMenuBar.CMWininichange
 0001:000193FC       TCustomActionMainMenuBar.SetDesignMode
 0001:00019424       TCustomActionMainMenuBar.SetInActive
 0001:00019438       TCustomActionMainMenuBar.CMEnabledchanged
 0001:00019458       TCustomActionMainMenuBar.NewPopup
 0001:00019478       TCustomActionMainMenuBar.Notification
 0001:00019514       TCustomActionMainMenuBar.SetupWindowMenu
 0001:00019540       TCustomActionMainMenuBar.SetWindowMenu
 0001:0001956C       FindChildAction
 0001:000195E0       TCustomActionMainMenuBar.RefreshMDIMenu
 0001:000197E0       SetupMDIButton
 0001:000199B8       TCustomActionMainMenuBar.MDIChildMaximized
 0001:00019A5C       TCustomActionMainMenuBar.MDIChildRestored
 0001:00019A84       TCustomActionMainMenuBar.CustomAlignPosition
 0001:00019B08       TCustomActionMainMenuBar.CreateControls
 0001:00019B34       TCustomActionMainMenuBar.WMSysCommand
 0001:00019C28       TCustomActionMainMenuBar.WMSysKeyDown
 0001:00019C3C       TCustomActionMainMenuBar.WMSysKeyUp
 0001:00019C50       TCustomActionMainMenuBar.MainWndHook
 0001:00019CA0       TCustomActionMainMenuBar.SetShadows
 0001:00019CBC       TCustomActionMainMenuBar.TrackMenu
 0001:00019D14       TCustomMenuItem.Create
 0001:00019DBC       TCustomMenuItem.Destroy
 0001:00019E0C       TCustomMenuItem.DrawSubMenuGlyph
 0001:00019EF4       TCustomMenuItem.Paint
 0001:00019F54       TCustomMenuItem.DrawUnusedEdges
 0001:0001A01C       TCustomMenuItem.Click
 0001:0001A03C       TCustomMenuItem.Keyed
 0001:0001A090       TCustomMenuItem.SetEdges
 0001:0001A120       TCustomMenuItem.CMMouseEnter
 0001:0001A1B0       TCustomMenuItem.CMTextchanged
 0001:0001A21C       TCustomMenuItem.SetSelected
 0001:0001A2C4       TCustomMenuItem.DragDrop
 0001:0001A324       TCustomMenuItem.DragOver
 0001:0001A434       TCustomMenuItem.CalcBounds
 0001:0001A5AC       TCustomMenuItem.CalcLayout
 0001:0001A604       TCustomMenuItem.DrawEdge
 0001:0001A608       TCustomMenuItem.DrawShadowedText
 0001:0001A71C       TCustomMenuItem.DrawText
 0001:0001A800       TCustomMenuItem.PositionChanged
 0001:0001A838       TCustomMenuItem.DoDragDrop
 0001:0001AA64       TCustomMenuItem.MouseUp
 0001:0001AAF8       TCustomMenuButton.Create
 0001:0001AB34       TCustomMenuButton.Destroy
 0001:0001AB84       TCustomMenuButton.BeginAutoDrag
 0001:0001ABA4       TCustomMenuButton.Click
 0001:0001AC54       TCustomMenuButton.CMMouseEnter
 0001:0001ACC8       TCustomMenuButton.DoDragDrop
 0001:0001AD40       TCustomMenuButton.DragOver
 0001:0001AE0C       TCustomMenuButton.DrawText
 0001:0001AF20       TCustomMenuButton.GetMenu
 0001:0001AF38       TCustomMenuButton.Keyed
 0001:0001AF50       TCustomMenuButton.MouseDown
 0001:0001B00C       TCustomMenuButton.MouseUp
 0001:0001B058       TCustomMenuButton.Paint
 0001:0001B088       TCustomMenuButton.CMDialogChar
 0001:0001B08C       RegisterActnBarStyle
 0001:0001B120       UnRegisterActnBarStyle
 0001:0001B15C       Finalization
 0001:0001B18C       ActnMenus
 0001:0001BF38       RegisterStandardMenus
 0001:0001BF3C       TStandardMenuItem.DrawSeparator
 0001:0001BF64       TStandardMenuItem.DrawBackground
 0001:0001C0DC       TStandardMenuItem.DrawGlyph
 0001:0001C16C       TStandardMenuItem.DrawText
 0001:0001C218       TStandardMenuItem.CMTextchanged
 0001:0001C24C       TStandardMenuItem.DrawDesignFocus
 0001:0001C34C       TStandardMenuItem.DrawGlyphFrame
 0001:0001C5B0       TStandardMenuItem.DrawLargeGlyph
 0001:0001C5D8       TStandardMenuItem.DrawEdge
 0001:0001C884       TStandardMenuPopup.CanAutoSize
 0001:0001C894       TStandardMenuPopup.GetExpandBtnClass
 0001:0001C89C       TStandardMenuPopup.NCPaint
 0001:0001CB08       TStandardMenuPopup.PositionPopup
 0001:0001CB5C       TStandardAddRemoveItem.DrawGlyph
 0001:0001CE80       TStandardAddRemoveItem.DrawBackground
 0001:0001CFDC       TStandardCustomizePopup.CanAutoSize
 0001:0001CFE4       TStandardCustomizePopup.PositionPopup
 0001:0001CFEC       TStandardMenuButton.DrawBackground
 0001:0001D044       TStandardMenuButton.DrawDesignFocus
 0001:0001D068       TStandardMenuButton.DrawFrame
 0001:0001D198       TStandardMenuButton.DrawText
 0001:0001D214       TStandardToolScrollBtn.DrawFrame
 0001:0001D314       TStandardButtonControl.DrawFrame
 0001:0001D444       TStandardButtonControl.DrawGlyph
 0001:0001D488       TStandardButtonControl.DrawText
 0001:0001D524       TStandardMenuExpandBtn.DrawBackground
 0001:0001D5B8       TStandardMenuExpandBtn.DrawFrame
 0001:0001D744       Finalization
 0001:0001D774       StdActnMenus
 0001:0001E658       IsMouseButtonPressed
 0001:0001E67C       TXPStyleMenuItem.CalcBounds
 0001:0001E6E4       TXPStyleMenuItem.CalcLayout
 0001:0001E71C       TXPStyleMenuItem.DrawBackground
 0001:0001E900       TXPStyleMenuItem.DrawGlyph
 0001:0001ED38       TXPStyleMenuItem.DrawSeparator
 0001:0001EEAC       TXPStyleMenuItem.DrawShadowedText
 0001:0001EF24       TXPStyleMenuItem.DrawSubMenuGlyph
 0001:0001EF94       TXPStyleMenuItem.DrawText
 0001:0001EFF4       TXPStyleMenuItem.DrawUnusedEdges
 0001:0001EFF8       DrawSelectedFrame
 0001:0001F070       TXPStyleMenuButton.DrawBackground
 0001:0001F27C       TXPStyleMenuButton.DrawText
 0001:0001F2DC       TXPStylePopupMenu.Create
 0001:0001F31C       TXPStylePopupMenu.Destroy
 0001:0001F34C       TXPStylePopupMenu.DisplayShadow
 0001:0001F3D8       TXPStylePopupMenu.GetExpandBtnClass
 0001:0001F3E0       TXPStylePopupMenu.HideShadow
 0001:0001F3FC       TXPStylePopupMenu.NCPaint
 0001:0001F750       TXPStylePopupMenu.PositionPopup
 0001:0001F7D0       TXPStylePopupMenu.VisibleChanging
 0001:0001F7FC       TXPStyleExpandBtn.DrawBackground
 0001:0001F8DC       TXPStyleExpandBtn.DrawFrame
 0001:0001F970       TXPStyleButton.DrawBackground
 0001:0001FA24       TXPStyleButton.DrawFrame
 0001:0001FAC0       TXPStyleButton.DrawGlyph
 0001:0001FCB0       TXPStyleButton.DrawText
 0001:0001FD40       TXPStyleDropDownBtn.DrawBackground
 0001:0001FDEC       TXPStyleDropDownBtn.DrawFrame
 0001:0001FE8C       TXPStyleDropDownBtn.DrawGlyph
 0001:00020078       TXPStyleDropDownBtn.GetPopupClass
 0001:00020080       TXPStyleCustomizePopup.Create
 0001:000200C0       TXPStyleCustomizePopup.GetAddRemoveItemClass
 0001:000200C8       TXPStyleCustomizePopup.GetDefaultColorMapClass
 0001:000200D0       TXPStyleCustomizePopup.NCPaint
 0001:0002025C       TXPStyleAddRemoveItem.CalcBounds
 0001:00020294       TXPStyleAddRemoveItem.DrawBackground
 0001:00020448       TXPStyleAddRemoveItem.DrawGlyph
 0001:0002093C       TXPStyleAddRemoveItem.DrawSeparator
 0001:00020AA4       TXPStyleAddRemoveItem.DrawText
 0001:00020BC8       TXPStyleAddRemoveItem.DrawUnusedEdges
 0001:00020BCC       TXPStyleToolScrollBtn.DrawBackground
 0001:00020C7C       Finalization
 0001:00020CAC       XPActnCtrls
 0001:00021648       TCustomizeFrm.AddAction
 0001:00021798       TCustomizeFrm.SetActionManager
 0001:00021800       TCustomizeFrm.CatListClick
 0001:000218D4       TCustomizeFrm.ActionsListStartDrag
 0001:00021978       TCustomizeFrm.ActionsListDrawItem
 0001:00021DE8       TCustomizeFrm.FindActionBars
 0001:00022038       TCustomizeFrm.FormClose
 0001:0002210C       TCustomizeFrm.CloseBtnClick
 0001:00022114       TCustomizeFrm.Notification
 0001:000222FC       TCustomizeFrm.CatListStartDrag
 0001:000224B4       TCustomizeFrm.ActionBarListClickCheck
 0001:000225A0       TCustomizeFrm.ActionsListMeasureItem
 0001:000225E8       AddActions
 0001:00022630       SelectCategory
 0001:000226D8       TCustomizeFrm.UpdateDialog
 0001:000228F8       TCustomizeFrm.ClearCatList
 0001:00022A1C       TCustomizeFrm.CMVisiblechanged
 0001:00022A38       CheckAction
 0001:00022A90       TCustomizeFrm.IsDupShortCut
 0001:00022BC8       TCustomizeFrm.SetActiveActionList
 0001:00022BE8       TCustomizeFrm.SetupListCombo
 0001:00022D70       TCustomizeFrm.FormCreate
 0001:00022DA0       TCustomizeFrm.ActionsListClick
 0001:00022E74       TCustomizeFrm.MenuAnimationStylesChange
 0001:00022EF4       TCustomizeFrm.ResetActnUpdate
 0001:00022F40       TCustomizeFrm.ResetActnExecute
 0001:00022F60       TCustomizeFrm.ResetUsageDataActnExecute
 0001:00022FD0       TCustomizeFrm.RecentlyUsedActnExecute
 0001:0002305C       TCustomizeFrm.ShowHintsActnExecute
 0001:00023074       TCustomizeFrm.ShowHintsActnUpdate
 0001:000230BC       TCustomizeFrm.ShowShortCutsInTipsActnExecute
 0001:000230D4       TCustomizeFrm.RecentlyUsedActnUpdate
 0001:00023174       TCustomizeFrm.ActionBarListClick
 0001:000231E0       TCustomizeFrm.ActionsListData
 0001:00023258       TCustomizeFrm.LargeIconsActnExecute
 0001:000232D8       TCustomizeFrm.LargeIconsActnUpdate
 0001:00023364       TCustomizeFrm.ListComboSelect
 0001:00023394       TCustomizeFrm.CaptionOptionsComboChange
 0001:00023474       TCustomizeFrm.FormResize
 0001:00023480       TCustomizeDlg.Notification
 0001:000234CC       TCustomizeDlg.SetActionManager
 0001:000234F8       TCustomizeDlg.SetStayOnTop
 0001:0002351C       TCustomizeDlg.SetupDlg
 0001:000235F8       TCustomizeDlg.Show
 0001:00023698       TCustomizeFrm.SeparatorBtnStartDrag
 0001:00023798       TActionSeparatorDragObject.Create
 0001:000237C8       TActionSeparatorDragObject.Finished
 0001:000237F0       TCustomizeFrm.ApplyToAllActnUpdate
 0001:00023830       Finalization
 0001:00023860       CustomizeDlg
 0001:000239B4       TCustomizeActionBars.Create
 0001:00023AC4       TCustomizeActionBars.ExecuteTarget
 0001:00023AE8       TCustomizeActionBars.HandlesTarget
 0001:00023AFC       Finalization
 0001:00023B2C       BandActn
 0001:00023BE4       TXPStyleActionBars.GetAddRemoveItemClass
 0001:00023BEC       TXPStyleActionBars.GetColorMapClass
 0001:00023BF4       TXPStyleActionBars.GetControlClass
 0001:00023CE4       TXPStyleActionBars.GetPopupClass
 0001:00023D08       TXPStyleActionBars.GetScrollBtnClass
 0001:00023D10       TXPStyleActionBars.GetStyleName
 0001:00023D38       Finalization
 0001:00023D7C       XPStyleActnCtrls
 0001:00023EAC       TStandardStyleActionBars.GetAddRemoveItemClass
 0001:00023EB4       TStandardStyleActionBars.GetColorMapClass
 0001:00023EBC       TStandardStyleActionBars.GetControlClass
 0001:00023FAC       TStandardStyleActionBars.GetPopupClass
 0001:00023FD0       TStandardStyleActionBars.GetScrollBtnClass
 0001:00023FD8       TStandardStyleActionBars.GetStyleName
 0001:00024000       Finalization
 0001:00024044       StdStyleActnCtrls
 0001:000242B4       @GetPackageInfoTable
 0001:000242BC       @PackageLoad
 0001:000242C8       @PackageUnload
 0001:000242D4       vclactnband
 0002:00000000       TlsIndex
 0002:00000004       PtrToNil
 0002:00000008       Module
 0002:00000020       TlsProc
 0002:00000030       StateFlag
 0002:00000034       Offset
 0002:0000003C       ArrowDirection
 0002:00000044       BtnAlignment
 0002:00000048       ArrowDirection
 0002:0000004C       ControlDragMode
 0002:00000050       cDefaultSchedule
 0002:00000054       ActionBarDesigner
 0002:00000058       SepSize
 0002:00000060       BrushStyle
 0002:00000064       HideShow
 0002:0000006C       UnfoldAnimationStyle
 0002:00000074       SlideAnimationStyle
 0002:0000007C       FadeAnimationStyle
 0002:00000084       ButtonStyles
 0002:0000008C       MouseStyles
 0002:00000090       PushStyles
 0002:00000094       FillStyles
 0002:0000009C       FrameStyle
 0002:000000A4       EdgesOffset
 0002:000000AC       TextColor
 0002:00001000       ModuleIsLib
 0002:00001001       ModuleIsPackage
 0002:00001004       HInstance
 0002:00001008       .1
 0002:0000100C       tlsBuffer
 0002:00001010       .3
 0002:00001014       .1
 0002:00001018       .1
 0002:0000101C       .1
 0002:00001020       .1
 0002:00001024       .1
 0002:00001028       .1
 0002:0000102C       .1
 0002:00001030       .1
 0002:00001034       .3
 0002:00001038       .1
 0002:0000103C       .1
 0002:00001040       .1
 0002:00001044       .2
 0002:00001048       .7
 0002:0000104C       .4
 0002:00001050       .01
 0002:00001054       ActionBarStyles
 0002:00001058       DefaultActnBarStyle
 0002:0000105C       .32
 0002:00001060       MenuItemControlClass
 0002:00001064       MenuAddRemoveItemClass
 0002:00001068       MenuButtonControlClass
 0002:0000106C       MenuPopupClass
 0002:00001070       MenuCustomizePopupClass
 0002:00001074       UpdateActnMenusProc
 0002:00001078       .51
 0002:0000107C       MenuCallWndHook
 0002:00001080       MenuList
 0002:00001084       ActiveMenu
 0002:00001088       .9
 0002:0000108C       .01
 0002:00001090       .3
 0002:00001094       CustomizeFrm
 0002:00001098       .2
 0002:0000109C       XPStyle
 0002:000010A0       .2
 0002:000010A4       StandardStyle
 0002:000010A8       .2


Line numbers for vclactnband(vclactnband.dpkw) segment .text

    46 0001:000242D4

Bound resource files

CustomizeDlg.dfm
vclactnband.res
C:\DOCUME~1\~KOKOP~1\LOCALS~1\Temp\dtf26DB.tmp


Program entry point at 0001:000242D4
