
 Start         Length     Name                   Class
 0001:00000000 0001B1E4H .text                   CODE
 0002:00000000 0000015CH .data                   DATA
 0002:0000015C 00000079H .bss                    BSS


Detailed map of segments

 0001:00000000 0000022E C=CODE     S=.text    G=(none)   M=System   ACBP=A9
 0001:00000230 000001EC C=CODE     S=.text    G=(none)   M=SysInit  ACBP=A9
 0001:0000041C 000001C0 C=CODE     S=.text    G=(none)   M=Windows  ACBP=A9
 0001:000005DC 0000000E C=CODE     S=.text    G=(none)   M=Types    ACBP=A9
 0001:000005EC 0000033E C=CODE     S=.text    G=(none)   M=Classes  ACBP=A9
 0001:0000092C 0000000E C=CODE     S=.text    G=(none)   M=ActiveX  ACBP=A9
 0001:0000093C 00000038 C=CODE     S=.text    G=(none)   M=Messages ACBP=A9
 0001:00000974 0000000E C=CODE     S=.text    G=(none)   M=TypInfo  ACBP=A9
 0001:00000984 00000106 C=CODE     S=.text    G=(none)   M=SysUtils ACBP=A9
 0001:00000A8C 0000000E C=CODE     S=.text    G=(none)   M=SysConst ACBP=A9
 0001:00000A9C 0000000E C=CODE     S=.text    G=(none)   M=Variants ACBP=A9
 0001:00000AAC 0000000E C=CODE     S=.text    G=(none)   M=VarUtils ACBP=A9
 0001:00000ABC 0000000E C=CODE     S=.text    G=(none)   M=RTLConsts ACBP=A9
 0001:00000ACC 0000019E C=CODE     S=.text    G=(none)   M=Forms    ACBP=A9
 0001:00000C6C 0000000E C=CODE     S=.text    G=(none)   M=HelpIntfs ACBP=A9
 0001:00000C7C 0000000E C=CODE     S=.text    G=(none)   M=Contnrs  ACBP=A9
 0001:00000C8C 0000000E C=CODE     S=.text    G=(none)   M=Math     ACBP=A9
 0001:00000C9C 0000000E C=CODE     S=.text    G=(none)   M=MultiMon ACBP=A9
 0001:00000CAC 0000000E C=CODE     S=.text    G=(none)   M=ActnList ACBP=A9
 0001:00000CBC 00000026 C=CODE     S=.text    G=(none)   M=ImgList  ACBP=A9
 0001:00000CE4 00000038 C=CODE     S=.text    G=(none)   M=CommCtrl ACBP=A9
 0001:00000D1C 0000013E C=CODE     S=.text    G=(none)   M=Graphics ACBP=A9
 0001:00000E5C 0000000E C=CODE     S=.text    G=(none)   M=Consts   ACBP=A9
 0001:00000E6C 0000044E C=CODE     S=.text    G=(none)   M=Controls ACBP=A9
 0001:000012BC 00000038 C=CODE     S=.text    G=(none)   M=Imm      ACBP=A9
 0001:000012F4 0000000E C=CODE     S=.text    G=(none)   M=Menus    ACBP=A9
 0001:00001304 0000002E C=CODE     S=.text    G=(none)   M=Themes   ACBP=A9
 0001:00001334 0000000E C=CODE     S=.text    G=(none)   M=UxTheme  ACBP=A9
 0001:00001344 0000000E C=CODE     S=.text    G=(none)   M=SyncObjs ACBP=A9
 0001:00001354 0000007E C=CODE     S=.text    G=(none)   M=ComCtrls ACBP=A9
 0001:000013D4 00000058 C=CODE     S=.text    G=(none)   M=ShlObj   ACBP=A9
 0001:0000142C 00000038 C=CODE     S=.text    G=(none)   M=UrlMon   ACBP=A9
 0001:00001464 00000038 C=CODE     S=.text    G=(none)   M=WinInet  ACBP=A9
 0001:0000149C 00000038 C=CODE     S=.text    G=(none)   M=RegStr   ACBP=A9
 0001:000014D4 00000038 C=CODE     S=.text    G=(none)   M=ShellAPI ACBP=A9
 0001:0000150C 0000000E C=CODE     S=.text    G=(none)   M=ListActns ACBP=A9
 0001:0000151C 00000016 C=CODE     S=.text    G=(none)   M=ExtCtrls ACBP=A9
 0001:00001534 0000029E C=CODE     S=.text    G=(none)   M=StdCtrls ACBP=A9
 0001:000017D4 0000000E C=CODE     S=.text    G=(none)   M=WinHelpViewer ACBP=A9
 0001:000017E4 0000000E C=CODE     S=.text    G=(none)   M=StdActns ACBP=A9
 0001:000017F4 00000016 C=CODE     S=.text    G=(none)   M=Dialogs  ACBP=A9
 0001:0000180C 0000000E C=CODE     S=.text    G=(none)   M=Printers ACBP=A9
 0001:0000181C 00000038 C=CODE     S=.text    G=(none)   M=WinSpool ACBP=A9
 0001:00001854 00000038 C=CODE     S=.text    G=(none)   M=CommDlg  ACBP=A9
 0001:0000188C 00000038 C=CODE     S=.text    G=(none)   M=Dlgs     ACBP=A9
 0001:000018C4 0000000E C=CODE     S=.text    G=(none)   M=StrUtils ACBP=A9
 0001:000018D4 0000002E C=CODE     S=.text    G=(none)   M=Clipbrd  ACBP=A9
 0001:00001904 0000000E C=CODE     S=.text    G=(none)   M=FlatSB   ACBP=A9
 0001:00001914 0000000E C=CODE     S=.text    G=(none)   M=ToolWin  ACBP=A9
 0001:00001924 00000038 C=CODE     S=.text    G=(none)   M=RichEdit ACBP=A9
 0001:0000195C 0000000E C=CODE     S=.text    G=(none)   M=ExtActns ACBP=A9
 0001:0000196C 0000000E C=CODE     S=.text    G=(none)   M=Registry ACBP=A9
 0001:0000197C 0000000E C=CODE     S=.text    G=(none)   M=IniFiles ACBP=A9
 0001:0000198C 0000000E C=CODE     S=.text    G=(none)   M=ExtDlgs  ACBP=A9
 0001:0000199C 0000000E C=CODE     S=.text    G=(none)   M=Buttons  ACBP=A9
 0001:000019AC 0000000E C=CODE     S=.text    G=(none)   M=Mapi     ACBP=A9
 0001:000019BC 0000000E C=CODE     S=.text    G=(none)   M=ComStrs  ACBP=A9
 0001:000019CC 000000C8 C=CODE     S=.text    G=(none)   M=DDEml    ACBP=A9
 0001:00001A94 000035BF C=CODE     S=.text    G=(none)   M=DdeMan   ACBP=A9
 0001:00005054 00000060 C=CODE     S=.text    G=(none)   M=MMSystem ACBP=A9
 0001:000050B4 00002FA4 C=CODE     S=.text    G=(none)   M=MPlayer  ACBP=A9
 0001:00008058 00006478 C=CODE     S=.text    G=(none)   M=FileCtrl ACBP=A9
 0001:0000E4D0 000015C0 C=CODE     S=.text    G=(none)   M=ColorGrd ACBP=A9
 0001:0000FA90 000036C8 C=CODE     S=.text    G=(none)   M=Tabs     ACBP=A9
 0001:00013158 00001500 C=CODE     S=.text    G=(none)   M=TabNotBk ACBP=A9
 0001:00014658 000000EE C=CODE     S=.text    G=(none)   M=Grids    ACBP=A9
 0001:00014748 0000000E C=CODE     S=.text    G=(none)   M=Mask     ACBP=A9
 0001:00014758 0000000E C=CODE     S=.text    G=(none)   M=MaskUtils ACBP=A9
 0001:00014768 00004FD8 C=CODE     S=.text    G=(none)   M=Outline  ACBP=A9
 0001:00019740 0000183B C=CODE     S=.text    G=(none)   M=CheckLst ACBP=A9
 0001:0001AF7C 00000265 C=CODE     S=.text    G=(none)   M=vclx     ACBP=A9
 0002:00000000 00000030 C=DATA     S=.data    G=DGROUP   M=SysInit  ACBP=A9
 0002:00000030 00000064 C=DATA     S=.data    G=DGROUP   M=MPlayer  ACBP=A9
 0002:00000094 00000016 C=DATA     S=.data    G=DGROUP   M=FileCtrl ACBP=A9
 0002:000000AC 00000001 C=DATA     S=.data    G=DGROUP   M=TabNotBk ACBP=A9
 0002:000000B0 00000014 C=DATA     S=.data    G=DGROUP   M=Outline  ACBP=A9
 0002:00001000 00000010 C=BSS      S=.bss     G=DGROUP   M=SysInit  ACBP=A9
 0002:00001010 00000004 C=BSS      S=.bss     G=DGROUP   M=Windows  ACBP=A9
 0002:00001014 00000004 C=BSS      S=.bss     G=DGROUP   M=Messages ACBP=A9
 0002:00001018 00000004 C=BSS      S=.bss     G=DGROUP   M=CommCtrl ACBP=A9
 0002:0000101C 00000004 C=BSS      S=.bss     G=DGROUP   M=Imm      ACBP=A9
 0002:00001020 00000004 C=BSS      S=.bss     G=DGROUP   M=ShlObj   ACBP=A9
 0002:00001024 00000004 C=BSS      S=.bss     G=DGROUP   M=UrlMon   ACBP=A9
 0002:00001028 00000004 C=BSS      S=.bss     G=DGROUP   M=WinInet  ACBP=A9
 0002:0000102C 00000004 C=BSS      S=.bss     G=DGROUP   M=RegStr   ACBP=A9
 0002:00001030 00000004 C=BSS      S=.bss     G=DGROUP   M=ShellAPI ACBP=A9
 0002:00001034 00000004 C=BSS      S=.bss     G=DGROUP   M=WinSpool ACBP=A9
 0002:00001038 00000004 C=BSS      S=.bss     G=DGROUP   M=CommDlg  ACBP=A9
 0002:0000103C 00000004 C=BSS      S=.bss     G=DGROUP   M=Dlgs     ACBP=A9
 0002:00001040 00000004 C=BSS      S=.bss     G=DGROUP   M=RichEdit ACBP=A9
 0002:00001044 00000004 C=BSS      S=.bss     G=DGROUP   M=DDEml    ACBP=A9
 0002:00001048 00000008 C=BSS      S=.bss     G=DGROUP   M=DdeMan   ACBP=A9
 0002:00001050 00000004 C=BSS      S=.bss     G=DGROUP   M=MMSystem ACBP=A9
 0002:00001054 00000004 C=BSS      S=.bss     G=DGROUP   M=MPlayer  ACBP=A9
 0002:00001058 00000004 C=BSS      S=.bss     G=DGROUP   M=FileCtrl ACBP=A9
 0002:0000105C 00000004 C=BSS      S=.bss     G=DGROUP   M=ColorGrd ACBP=A9
 0002:00001060 00000004 C=BSS      S=.bss     G=DGROUP   M=Tabs     ACBP=A9
 0002:00001064 00000004 C=BSS      S=.bss     G=DGROUP   M=TabNotBk ACBP=A9
 0002:00001068 00000004 C=BSS      S=.bss     G=DGROUP   M=Outline  ACBP=A9
 0002:0000106C 0000000C C=BSS      S=.bss     G=DGROUP   M=CheckLst ACBP=A9


  Address         Publics by Name

 0002:00001028       .1
 0002:00001018       .1
 0002:00001020       .1
 0002:00001038       .1
 0002:00001044       .1
 0002:00001040       .1
 0002:00001014       .1
 0002:00001024       .1
 0002:0000101C       .1
 0002:00001030       .1
 0002:0000103C       .1
 0002:00001008       .1
 0002:0000102C       .1
 0002:0000105C       .2
 0002:0000106C       .2
 0002:00001054       .3
 0002:00001010       .3
 0002:00001064       .3
 0002:00001034       .3
 0002:00001060       .4
 0002:00001058       .5
 0002:00001068       .6
 0002:0000104C       .6
 0002:00001050       .7
 0001:0001B1BC       @GetPackageInfoTable
 0001:00000368       @InitPkg
 0001:0001B1C4       @PackageLoad
 0001:000003CC       @PackageLoad
 0001:000003D8       @PackageUnload
 0001:0001B1D0       @PackageUnload
 0001:0000AF88       AddDrive
 0002:00000094       Alignments
 0001:00000268       AllocTlsBuffer
 0002:0000009C       Attributes
 0002:00000030       BtnStateName
 0002:0000003C       BtnTypeName
 0001:00012D14       CalcNumTabs
 0001:0001AF6C       CheckLst
 0001:0000FA88       ColorGrd
 0001:00000D14       CommCtrl
 0001:00001884       CommDlg
 0001:00000484       CreateRectRgn
 0001:0000A72C       CutFirstDirectory
 0001:00001A1C       DdeAccessData
 0001:00002450       DDECheck
 0001:00001A0C       DdeClientTransaction
 0001:00001A54       DdeCmpStringHandles
 0001:000019DC       DdeConnect
 0001:00001A14       DdeCreateDataHandle
 0001:00001A3C       DdeCreateStringHandle
 0001:000019E4       DdeDisconnect
 0001:00001A2C       DdeFreeDataHandle
 0001:00001A4C       DdeFreeStringHandle
 0001:00001A34       DdeGetLastError
 0001:000019CC       DdeInitialize
 0001:00004FF0       DdeMan
 0002:00001048       ddeMgr
 0001:00002550       DdeMgrCallBack
 0001:00001A8C       DDEml
 0001:00001A04       DdeNameService
 0001:000019FC       DdePostAdvise
 0001:000019EC       DdeQueryConvInfo
 0001:00001A44       DdeQueryString
 0001:000019F4       DdeSetUserHandle
 0001:00001A24       DdeUnaccessData
 0001:000019D4       DdeUninitialize
 0001:0000048C       DeleteObject
 0002:00000060       DeviceName
 0001:0000E488       DirectoryExists
 0001:0000B704       DirLevel
 0001:000018BC       Dlgs
 0001:00018520       DrawFocusCell
 0001:000004DC       DrawFocusRect
 0001:000004E4       DrawFrameControl
 0001:000186C4       DrawPictureText
 0001:000185B8       DrawPlusMinusPicture
 0001:00018774       DrawPlusMinusText
 0001:00011A54       DrawSL
 0001:0001200C       DrawSR
 0001:000004EC       DrawText
 0001:00018568       DrawTheText
 0001:00018824       DrawTheTree
 0001:000188AC       DrawTreePicture
 0001:00011788       DrawUL
 0001:00011CFC       DrawUR
 0001:00000314       ExitProcessTLS
 0001:000002EC       ExitThreadTLS
 0001:00000494       ExtTextOut
 0002:00001074       FCheckHeight
 0002:00001070       FCheckWidth
 0001:0000E4C8       FileCtrl
 0001:00001854       Finalization
 0001:00019708       Finalization
 0001:0000181C       Finalization
 0001:0000188C       Finalization
 0001:000014D4       Finalization
 0001:0000149C       Finalization
 0001:00001464       Finalization
 0001:0000142C       Finalization
 0001:000013F4       Finalization
 0001:000012BC       Finalization
 0001:00000CE4       Finalization
 0001:0000093C       Finalization
 0001:000005A4       Finalization
 0001:00001924       Finalization
 0001:0000E498       Finalization
 0001:0000FA58       Finalization
 0001:00001A5C       Finalization
 0001:00014620       Finalization
 0001:000003E4       Finalization
 0001:00013120       Finalization
 0001:0001AF3C       Finalization
 0001:0000507C       Finalization
 0001:00008020       Finalization
 0001:00004FB4       Finalization
 0001:0000E490       ForceDirectories
 0001:00000230       FreeLibrary
 0001:00018508       GetBitmap
 0001:000156F8       GetBufStart
 0001:0001A284       GetCheckSize
 0001:0000049C       GetClipRgn
 0001:000004F4       GetDC
 0001:000004A4       GetDeviceCaps
 0001:0000041C       GetDriveType
 0001:000004FC       GetFocus
 0001:0000AE64       GetItemHeight
 0001:00000424       GetLogicalDrives
 0001:0000042C       GetModuleHandle
 0001:000004AC       GetPaletteEntries
 0001:00018148       GetParentNodeAtLevel
 0001:00002760       GetPasteLinkInfo
 0001:00000434       GetProcAddress
 0001:00012718       GetRightSide
 0001:0001A320       GetSaveDisabled
 0001:0001A31C       GetSaveState
 0001:000004B4       GetStockObject
 0001:00019280       GetString
 0001:000004BC       GetTextMetrics
 0001:00000274       GetTlsSize
 0001:0000043C       GetVolumeInformation
 0001:00000504       GetWindowLong
 0001:00000444       GlobalAlloc
 0001:0000044C       GlobalFree
 0001:00000454       GlobalLock
 0001:0000045C       GlobalUnlock
 0001:00000580       HiByte
 0002:00001004       HInstance
 0001:0000057C       HiWord
 0002:000000B0       Images
 0001:000012EC       Imm
 0001:0000050C       InflateRect
 0001:00000338       InitializeModule
 0001:000002C0       InitProcessTLS
 0001:0000027C       InitThreadTLS
 0001:00000514       InvalidateRect
 0001:00019258       LineStart
 0001:0000051C       LoadBitmap
 0001:00000238       LocalAlloc
 0001:00000240       LocalFree
 0001:0001A308       MakeSaveState
 0001:00005054       mciGetErrorString
 0001:0000505C       mciSendCommand
 0001:00005068       mci_TMSF_Minute
 0001:00005070       mci_TMSF_Second
 0001:00005064       mci_TMSF_Track
 0001:00000524       MessageBeep
 0001:0000096C       Messages
 0001:0000A7E8       MinimizeName
 0001:000050AC       MMSystem
 0002:00000008       Module
 0002:00001000       ModuleIsLib
 0002:00001001       ModuleIsPackage
 0001:00017A0C       MoveDown
 0001:000179BC       MoveUp
 0001:00008050       MPlayer
 0001:00000464       MulDiv
 0001:0000AACC       NetworkVolume
 0001:0000052C       OffsetRect
 0001:00019738       Outline
 0001:0000ABAC       ProcessPath
 0001:00000534       PtInRect
 0002:00000004       PtrToNil
 0001:00015710       PutString
 0001:00015E80       RecurseNode
 0001:0000053C       RegisterClipboardFormat
 0002:000000AC       Registered
 0001:000014CC       RegStr
 0001:00000544       ReleaseCapture
 0001:0000054C       ReleaseDC
 0001:0001277C       ReverseCalcNumTabs
 0001:00000588       RGB
 0001:00001954       RichEdit
 0001:000004C4       SelectClipRgn
 0001:0000E278       SelectDirCB
 0001:0000E090       SelectDirectory
 0001:0000E2A0       SelectDirectory
 0001:000004CC       SelectObject
 0001:00000554       SendMessage
 0001:000004D4       SetBkMode
 0001:0000055C       SetCapture
 0001:0000046C       SetErrorMode
 0001:00000564       SetWindowLong
 0001:000013D4       SHBrowseForFolder
 0001:00001504       ShellAPI
 0001:000013DC       SHGetDesktopFolder
 0001:000013E4       SHGetMalloc
 0001:000013EC       SHGetPathFromIDList
 0001:00001424       ShlObj
 0001:0000056C       ShowWindow
 0001:0000A5A4       SlashSep
 0001:00000414       SysInit
 0001:00014650       TabNotBk
 0001:00013150       Tabs
 0001:0001ACB4       TCheckListBox.ClickCheck
 0001:0001A4D0       TCheckListBox.CMFontChanged
 0001:0001A6E8       TCheckListBox.CNDrawItem
 0001:0001A344       TCheckListBox.Create
 0001:0001A4AC       TCheckListBox.CreateParams
 0001:0001A3C4       TCheckListBox.CreateWnd
 0001:0001AD88       TCheckListBox.CreateWrapper
 0001:0001AE38       TCheckListBox.DeleteString
 0001:0001A394       TCheckListBox.Destroy
 0001:0001A438       TCheckListBox.DestroyWnd
 0001:0001A744       TCheckListBox.DrawCheck
 0001:0001A540       TCheckListBox.DrawItem
 0001:0001AD1C       TCheckListBox.ExtractWrapper
 0001:0001AABC       TCheckListBox.GetChecked
 0001:0001A4C4       TCheckListBox.GetCheckWidth
 0001:0001AEBC       TCheckListBox.GetHeader
 0001:0001ACD4       TCheckListBox.GetItemData
 0001:0001AAE8       TCheckListBox.GetItemEnabled
 0001:0001AB14       TCheckListBox.GetState
 0001:0001ACFC       TCheckListBox.GetWrapper
 0001:0001ADB0       TCheckListBox.HaveWrapper
 0001:0001AD78       TCheckListBox.InternalGetItemData
 0001:0001AD80       TCheckListBox.InternalSetItemData
 0001:0001AA38       TCheckListBox.InvalidateCheck
 0001:0001AB44       TCheckListBox.KeyPress
 0001:0001AB70       TCheckListBox.MouseDown
 0001:0001ADF4       TCheckListBox.ResetContent
 0001:0001A4E4       TCheckListBox.ResetItemHeight
 0001:0001A9A0       TCheckListBox.SetChecked
 0001:0001AE68       TCheckListBox.SetFlat
 0001:0001AEE4       TCheckListBox.SetHeader
 0001:0001AF14       TCheckListBox.SetHeaderBackgroundColor
 0001:0001AF28       TCheckListBox.SetHeaderColor
 0001:0001ADC8       TCheckListBox.SetItemData
 0001:0001A9D4       TCheckListBox.SetItemEnabled
 0001:0001AA08       TCheckListBox.SetState
 0001:0001AC44       TCheckListBox.ToggleClickCheck
 0001:0001AE7C       TCheckListBox.WMDestroy
 0001:0001A338       TCheckListBoxDataWrapper.GetChecked
 0001:0001A340       TCheckListBoxDataWrapper.GetDefaultState
 0001:0001A328       TCheckListBoxDataWrapper.SetChecked
 0001:0000FA34       TColorGrid.Change
 0001:0000F580       TColorGrid.CMCtl3DChanged
 0001:0000ECA4       TColorGrid.ColorToIndex
 0001:0000EBD4       TColorGrid.Create
 0001:0000ECF8       TColorGrid.CreateWnd
 0001:0000EF3C       TColorGrid.DrawFgBg
 0001:0000ED28       TColorGrid.DrawSquare
 0001:0000F224       TColorGrid.EnableBackground
 0001:0000F1E0       TColorGrid.EnableForeground
 0001:0000F290       TColorGrid.GetBackgroundColor
 0001:0000F268       TColorGrid.GetForegroundColor
 0001:0000F318       TColorGrid.KeyDown
 0001:0000F594       TColorGrid.MouseDown
 0001:0000F6B8       TColorGrid.MouseMove
 0001:0000F720       TColorGrid.MouseUp
 0001:0000F768       TColorGrid.Paint
 0001:0000F7DC       TColorGrid.SetBackgroundIndex
 0001:0000F868       TColorGrid.SetForegroundIndex
 0001:0000F8F4       TColorGrid.SetGridOrdering
 0001:0000F930       TColorGrid.SetSelection
 0001:0000F96C       TColorGrid.SquareFromPos
 0001:0000F9B8       TColorGrid.UpdateCellSizes
 0001:0000F520       TColorGrid.WMGetDlgCode
 0001:0000F2E8       TColorGrid.WMKillFocus
 0001:0000F2B8       TColorGrid.WMSetFocus
 0001:0000F528       TColorGrid.WMSize
 0001:00017694       TCustomOutline.Add
 0001:0001772C       TCustomOutline.AddChild
 0001:00017734       TCustomOutline.AddChildObject
 0001:0001769C       TCustomOutline.AddObject
 0001:0001713C       TCustomOutline.AttachNode
 0001:000180C0       TCustomOutline.BadIndex
 0001:00017F70       TCustomOutline.BeginUpdate
 0001:00019100       TCustomOutline.ChangeBitmap
 0001:00016D60       TCustomOutline.Clear
 0001:000190E8       TCustomOutline.ClearBitmap
 0001:00017B5C       TCustomOutline.Click
 0001:00018390       TCustomOutline.CMFontChanged
 0001:000196E8       TCustomOutline.Collapse
 0001:00018158       TCustomOutline.CompareNodes
 0001:00016AA4       TCustomOutline.Create
 0001:00016C68       TCustomOutline.CreateGlyph
 0001:00017E7C       TCustomOutline.DblClick
 0001:00016DE8       TCustomOutline.DefineProperties
 0001:000177B0       TCustomOutline.Delete
 0001:000178E0       TCustomOutline.DeleteNode
 0001:00016BB0       TCustomOutline.Destroy
 0001:00017F64       TCustomOutline.DoExpand
 0001:00018990       TCustomOutline.DrawCell
 0001:00018EC4       TCustomOutline.DrawPictures
 0001:0001908C       TCustomOutline.DrawText
 0001:00018C84       TCustomOutline.DrawTree
 0001:00017F90       TCustomOutline.EndUpdate
 0001:000196B0       TCustomOutline.Error
 0001:000196C8       TCustomOutline.Expand
 0001:00017EDC       TCustomOutline.FullCollapse
 0001:00017ED0       TCustomOutline.FullExpand
 0001:0001732C       TCustomOutline.Get
 0001:0001822C       TCustomOutline.GetDataItem
 0001:00018238       TCustomOutline.GetItem
 0001:00016E84       TCustomOutline.GetItemCount
 0001:00018400       TCustomOutline.GetNodeDisplayWidth
 0001:00019154       TCustomOutline.GetPicture
 0001:00017418       TCustomOutline.GetSelectedItem
 0001:000196A8       TCustomOutline.GetStrings
 0001:0001828C       TCustomOutline.GetTextItem
 0001:000184F8       TCustomOutline.GetVisibleNode
 0001:00016C04       TCustomOutline.Init
 0001:000175FC       TCustomOutline.Insert
 0001:00017604       TCustomOutline.InsertObject
 0001:00016E68       TCustomOutline.IsCurItem
 0001:00017C40       TCustomOutline.KeyDown
 0001:00017BF4       TCustomOutline.KeyPress
 0001:00019500       TCustomOutline.Loaded
 0001:0001917C       TCustomOutline.LoadFromFile
 0001:000192B4       TCustomOutline.LoadFromStream
 0001:00017EA0       TCustomOutline.MouseDown
 0001:00017874       TCustomOutline.Move
 0001:00016E90       TCustomOutline.MoveNode
 0001:00016E40       TCustomOutline.ReadBinaryData
 0001:00017480       TCustomOutline.ResetSelectedItem
 0001:00018010       TCustomOutline.ResizeGrid
 0001:000195D0       TCustomOutline.SaveToFile
 0001:00019628       TCustomOutline.SaveToStream
 0001:00018298       TCustomOutline.SetCurItem
 0001:000183AC       TCustomOutline.SetDisplayWidth
 0001:000180E0       TCustomOutline.SetGoodIndex
 0001:00017F14       TCustomOutline.SetHorzScrollBar
 0001:000191D0       TCustomOutline.SetItemHeight
 0001:00017AD4       TCustomOutline.SetLevel
 0001:00019230       TCustomOutline.SetOutlineOptions
 0001:0001836C       TCustomOutline.SetOutlineStyle
 0001:0001914C       TCustomOutline.SetPicture
 0001:00017490       TCustomOutline.SetRowFromNode
 0001:00016CCC       TCustomOutline.SetRowHeight
 0001:000174C0       TCustomOutline.SetSelectedItem
 0001:00019680       TCustomOutline.SetStrings
 0001:00019218       TCustomOutline.SetStyle
 0001:00017FA8       TCustomOutline.SetUpdateState
 0001:000190D4       TCustomOutline.StoreBitmap
 0001:00017B9C       TCustomOutline.WMSize
 0001:00016E54       TCustomOutline.WriteBinaryData
 0001:00003354       TDdeClientConv.ChangeLink
 0001:00003618       TDdeClientConv.ClearItems
 0001:00003C48       TDdeClientConv.Close
 0001:00003598       TDdeClientConv.CloseLink
 0001:00002EA0       TDdeClientConv.Create
 0001:00003658       TDdeClientConv.CreateDdeConv
 0001:00003B14       TDdeClientConv.DataChange
 0001:00002F28       TDdeClientConv.DefineProperties
 0001:00002EE8       TDdeClientConv.Destroy
 0001:000037AC       TDdeClientConv.ExecuteMacro
 0001:00003730       TDdeClientConv.ExecuteMacroLines
 0001:000032A0       TDdeClientConv.GetCliItemByCtrl
 0001:00003A78       TDdeClientConv.GetCliItemByName
 0001:00002F78       TDdeClientConv.Loaded
 0001:00003C88       TDdeClientConv.Notification
 0001:000031A8       TDdeClientConv.OnAttach
 0001:000031E0       TDdeClientConv.OnDetach
 0001:00003218       TDdeClientConv.OnSetItem
 0001:00003C68       TDdeClientConv.Open
 0001:000033A4       TDdeClientConv.OpenLink
 0001:000032E8       TDdeClientConv.PasteLink
 0001:000038B4       TDdeClientConv.PokeData
 0001:00003838       TDdeClientConv.PokeDataLines
 0001:00002FF8       TDdeClientConv.ReadLinkInfo
 0001:00003954       TDdeClientConv.RequestData
 0001:00003BA0       TDdeClientConv.SetConnectMode
 0001:00003C18       TDdeClientConv.SetDdeService
 0001:00003C1C       TDdeClientConv.SetDdeTopic
 0001:00003BF8       TDdeClientConv.SetFormatChars
 0001:00003B54       TDdeClientConv.SetLink
 0001:00003C20       TDdeClientConv.SetService
 0001:00003C34       TDdeClientConv.SetTopic
 0001:00003AD0       TDdeClientConv.SrvrDisconnect
 0001:000036D0       TDdeClientConv.StartAdvise
 0001:000030C0       TDdeClientConv.WriteLinkInfo
 0001:00003AC8       TDdeClientConv.XactComplete
 0001:00003CFC       TDdeClientItem.Create
 0001:00003D40       TDdeClientItem.Destroy
 0001:00003ED8       TDdeClientItem.GetText
 0001:00003E54       TDdeClientItem.Notification
 0001:00003E90       TDdeClientItem.OnAdvise
 0001:00003D70       TDdeClientItem.SetDdeClientConv
 0001:00003DF8       TDdeClientItem.SetDdeClientItem
 0001:00003F08       TDdeClientItem.SetLines
 0001:00003F04       TDdeClientItem.SetText
 0001:0000416C       TDdeCliItem.AccessData
 0001:00003F0C       TDdeCliItem.Create
 0001:00004294       TDdeCliItem.DataChange
 0001:00003F50       TDdeCliItem.Destroy
 0001:00004104       TDdeCliItem.RefreshData
 0001:00004174       TDdeCliItem.ReleaseData
 0001:00003F7C       TDdeCliItem.SetItem
 0001:00004274       TDdeCliItem.SrvrDisconnect
 0001:0000417C       TDdeCliItem.StartAdvise
 0001:00004234       TDdeCliItem.StopAdvise
 0001:00004028       TDdeCliItem.StoreData
 0001:000029B4       TDdeMgr.AllowConnect
 0001:00002A68       TDdeMgr.AllowWildConnect
 0001:00002ACC       TDdeMgr.Connect
 0001:0000281C       TDdeMgr.Create
 0001:000028FC       TDdeMgr.Destroy
 0001:00002BB0       TDdeMgr.Disconnect
 0001:00002BF8       TDdeMgr.GetExeName
 0001:00002D38       TDdeMgr.GetForm
 0001:00002CE8       TDdeMgr.GetServerConv
 0001:00002DCC       TDdeMgr.GetSrvrConv
 0001:00002E80       TDdeMgr.InsertServerConv
 0001:00002E1C       TDdeMgr.PostDataChange
 0001:00002E94       TDdeMgr.RemoveServerConv
 0001:00002CBC       TDdeMgr.ResetAppName
 0001:00002C08       TDdeMgr.SetAppName
 0001:00004848       TDdeServerConv.Connect
 0001:00004734       TDdeServerConv.Create
 0001:00004778       TDdeServerConv.Destroy
 0001:0000485C       TDdeServerConv.Disconnect
 0001:000047AC       TDdeServerConv.ExecuteMacro
 0001:000046F8       TDdeServerItem.Change
 0001:00004530       TDdeServerItem.CopyToClipboard
 0001:000042A0       TDdeServerItem.Create
 0001:000042EC       TDdeServerItem.Destroy
 0001:0000432C       TDdeServerItem.GetText
 0001:0000470C       TDdeServerItem.Notification
 0001:0000449C       TDdeServerItem.PokeData
 0001:00004384       TDdeServerItem.SetLines
 0001:0000431C       TDdeServerItem.SetServerConv
 0001:00004358       TDdeServerItem.SetText
 0001:00004408       TDdeServerItem.ValueChanged
 0001:00004938       TDdeSrvrConv.AdvStart
 0001:00004A6C       TDdeSrvrConv.AdvStop
 0001:00004870       TDdeSrvrConv.Create
 0001:000048B4       TDdeSrvrConv.Destroy
 0001:00004B50       TDdeSrvrConv.ExecuteMacro
 0001:00004C84       TDdeSrvrConv.GetControl
 0001:00004D58       TDdeSrvrConv.GetItem
 0001:00004DA8       TDdeSrvrConv.GetSrvrItem
 0001:00004A9C       TDdeSrvrConv.PokeData
 0001:00004B70       TDdeSrvrConv.RequestData
 0001:00004DFC       TDdeSrvrItem.Create
 0001:00004E34       TDdeSrvrItem.Destroy
 0001:00004F3C       TDdeSrvrItem.PostDataChange
 0001:00004E74       TDdeSrvrItem.RequestData
 0001:00004F58       TDdeSrvrItem.SetItem
 0001:0000BB6C       TDirectoryListBox.BuildList
 0001:0000BF44       TDirectoryListBox.Change
 0001:0000C2C4       TDirectoryListBox.CMFontChanged
 0001:0000B730       TDirectoryListBox.Create
 0001:0000C294       TDirectoryListBox.CreateWnd
 0001:0000BF30       TDirectoryListBox.DblClick
 0001:0000B7A4       TDirectoryListBox.Destroy
 0001:0000B9D8       TDirectoryListBox.DisplayCase
 0001:0000BF80       TDirectoryListBox.DrawItem
 0001:0000B7EC       TDirectoryListBox.DriveChange
 0001:0000BA08       TDirectoryListBox.FileCompareText
 0001:0000C310       TDirectoryListBox.GetDrive
 0001:0000C0F8       TDirectoryListBox.GetItemPath
 0001:0000C4A4       TDirectoryListBox.KeyPress
 0001:0000C4C8       TDirectoryListBox.Notification
 0001:0000B960       TDirectoryListBox.OpenCurrent
 0001:0000BE70       TDirectoryListBox.ReadBitmaps
 0001:0000BA28       TDirectoryListBox.ReadDirectoryNames
 0001:0000C2D8       TDirectoryListBox.ResetItemHeight
 0001:0000B908       TDirectoryListBox.SetDir
 0001:0000C3AC       TDirectoryListBox.SetDirectory
 0001:0000B8E8       TDirectoryListBox.SetDirLabel
 0001:0000C51C       TDirectoryListBox.SetDirLabelCaption
 0001:0000C31C       TDirectoryListBox.SetDrive
 0001:0000B8B8       TDirectoryListBox.SetFileListBox
 0001:0000B9BC       TDirectoryListBox.Update
 0001:0000B01C       TDriveComboBox.BuildList
 0001:0000B4FC       TDriveComboBox.Click
 0001:0000B570       TDriveComboBox.CMFontChanged
 0001:0000AEA4       TDriveComboBox.Create
 0001:0000B390       TDriveComboBox.CreateWnd
 0001:0000AF2C       TDriveComboBox.Destroy
 0001:0000B3B4       TDriveComboBox.DrawItem
 0001:0000B6D4       TDriveComboBox.Notification
 0001:0000B5C8       TDriveComboBox.ReadBitmaps
 0001:0000B58C       TDriveComboBox.ResetItemHeight
 0001:0000B360       TDriveComboBox.SetDirListBox
 0001:0000B1F8       TDriveComboBox.SetDrive
 0001:0000B338       TDriveComboBox.SetTextCase
 0001:0000EF30       TernaryOp
 0001:0000D05C       TFileListBox.ApplyFilePath
 0001:0000CB10       TFileListBox.Change
 0001:0000CAE8       TFileListBox.Click
 0001:0000D004       TFileListBox.CMFontChanged
 0001:0000C594       TFileListBox.Create
 0001:0000C69C       TFileListBox.CreateWnd
 0001:0000C648       TFileListBox.Destroy
 0001:0000CD7C       TFileListBox.DrawItem
 0001:0000C6D8       TFileListBox.GetDrive
 0001:0000CC14       TFileListBox.GetFileName
 0001:0000D238       TFileListBox.GetFilePath
 0001:0000C6B4       TFileListBox.IsMaskStored
 0001:0000D2AC       TFileListBox.Notification
 0001:0000C6E4       TFileListBox.ReadBitmaps
 0001:0000C79C       TFileListBox.ReadFileNames
 0001:0000D018       TFileListBox.ResetItemHeight
 0001:0000CF50       TFileListBox.SetDirectory
 0001:0000CEC0       TFileListBox.SetDrive
 0001:0000CCEC       TFileListBox.SetFileEdit
 0001:0000CC64       TFileListBox.SetFileName
 0001:0000CFAC       TFileListBox.SetFileType
 0001:0000CFD4       TFileListBox.SetMask
 0001:0000CBCC       TFileListBox.SetShowGlyphs
 0001:0000C690       TFileListBox.Update
 0001:0000D510       TFilterComboBox.BuildList
 0001:0000D678       TFilterComboBox.Change
 0001:0000D480       TFilterComboBox.Click
 0001:0000D300       TFilterComboBox.Create
 0001:0000D394       TFilterComboBox.CreateWnd
 0001:0000D364       TFilterComboBox.Destroy
 0001:0000D49C       TFilterComboBox.GetMask
 0001:0000D3A8       TFilterComboBox.IsFilterStored
 0001:0000D648       TFilterComboBox.Notification
 0001:0000D448       TFilterComboBox.SetFileListBox
 0001:0000D404       TFilterComboBox.SetFilter
 0001:00000248       TlsAlloc
 0002:0000100C       tlsBuffer
 0001:00000250       TlsFree
 0001:00000258       TlsGetValue
 0002:00000000       TlsIndex
 0002:BFCF3000       TlsLast
 0002:00000020       TlsProc
 0001:00000260       TlsSetValue
 0001:00005F3C       TMediaPlayer.Adjust
 0001:00006364       TMediaPlayer.AutoButtonSet
 0001:0000766C       TMediaPlayer.Back
 0001:000069EC       TMediaPlayer.CheckIfOpen
 0001:00006A10       TMediaPlayer.Click
 0001:00006D6C       TMediaPlayer.Close
 0001:00005AB4       TMediaPlayer.Create
 0001:00005BA4       TMediaPlayer.Destroy
 0001:00005D88       TMediaPlayer.DestroyBitmaps
 0001:000066F4       TMediaPlayer.DoClick
 0001:0000658C       TMediaPlayer.DoMouseDown
 0001:00006A50       TMediaPlayer.DoNotify
 0001:000067B4       TMediaPlayer.DoPostClick
 0001:00005E2C       TMediaPlayer.DrawAutoButtons
 0001:00005FF4       TMediaPlayer.DrawButton
 0001:00007730       TMediaPlayer.Eject
 0001:00007C98       TMediaPlayer.GetDeviceCaps
 0001:00007C44       TMediaPlayer.GetDisplayRect
 0001:00007FD0       TMediaPlayer.GetErrorMessage
 0001:00007E74       TMediaPlayer.GetLength
 0001:00007F04       TMediaPlayer.GetMode
 0001:00007F48       TMediaPlayer.GetPosition
 0001:00007E2C       TMediaPlayer.GetStart
 0001:00007F88       TMediaPlayer.GetTimeFormat
 0001:000078AC       TMediaPlayer.GetTrackLength
 0001:000078F4       TMediaPlayer.GetTrackPosition
 0001:00007EBC       TMediaPlayer.GetTracks
 0001:0000686C       TMediaPlayer.KeyDown
 0001:00005C18       TMediaPlayer.LoadBitmaps
 0001:00005BF4       TMediaPlayer.Loaded
 0001:00006948       TMediaPlayer.MMNotify
 0001:00007244       TMediaPlayer.Next
 0001:00007B1C       TMediaPlayer.Notification
 0001:00006AF8       TMediaPlayer.Open
 0001:000062F0       TMediaPlayer.Paint
 0001:000070B0       TMediaPlayer.Pause
 0001:000070FC       TMediaPlayer.PauseOnly
 0001:00006E34       TMediaPlayer.Play
 0001:00006A30       TMediaPlayer.PostClick
 0001:000073D4       TMediaPlayer.Previous
 0001:00007190       TMediaPlayer.Resume
 0001:00007880       TMediaPlayer.Rewind
 0001:0000792C       TMediaPlayer.Save
 0001:00005DC0       TMediaPlayer.SetAutoEnable
 0001:00005E60       TMediaPlayer.SetColored
 0001:00007A48       TMediaPlayer.SetDeviceType
 0001:00007A94       TMediaPlayer.SetDisplay
 0001:00007BA8       TMediaPlayer.SetDisplayRect
 0001:00005DE8       TMediaPlayer.SetEnabledButtons
 0001:00007A18       TMediaPlayer.SetFrom
 0001:00007A00       TMediaPlayer.SetNotify
 0001:00007B5C       TMediaPlayer.SetOrigDisplay
 0001:000077DC       TMediaPlayer.SetPosition
 0001:00007A58       TMediaPlayer.SetTimeFormat
 0001:00007A30       TMediaPlayer.SetTo
 0001:00005EA4       TMediaPlayer.SetVisible
 0001:000079E8       TMediaPlayer.SetWait
 0001:00006F44       TMediaPlayer.StartRecording
 0001:00007590       TMediaPlayer.Step
 0001:0000701C       TMediaPlayer.Stop
 0001:00006A70       TMediaPlayer.Updated
 0001:00005F14       TMediaPlayer.VisibleButtonCount
 0001:00006864       TMediaPlayer.WMGetDlgCode
 0001:00006858       TMediaPlayer.WMKillFocus
 0001:0000667C       TMediaPlayer.WMLButtonDblClk
 0001:0000666C       TMediaPlayer.WMLButtonDown
 0001:000067C8       TMediaPlayer.WMLButtonUp
 0001:0000668C       TMediaPlayer.WMMouseMove
 0001:0000684C       TMediaPlayer.WMSetFocus
 0001:00005F64       TMediaPlayer.WMSize
 0001:00016204       TOutlineNode.AddNode
 0001:000159C0       TOutlineNode.ChangeExpandedCount
 0001:00015A30       TOutlineNode.ChangeLevelBy
 0001:000158B4       TOutlineNode.Clear
 0001:00016148       TOutlineNode.CloseNode
 0001:00016040       TOutlineNode.Collapse
 0001:00015740       TOutlineNode.Create
 0001:00015764       TOutlineNode.Destroy
 0001:000164C4       TOutlineNode.Error
 0001:00016038       TOutlineNode.Expand
 0001:00015C80       TOutlineNode.FullExpand
 0001:00015F88       TOutlineNode.GetDataItem
 0001:00015A50       TOutlineNode.GetDisplayWidth
 0001:00016438       TOutlineNode.GetExpandedNodeCount
 0001:00015B4C       TOutlineNode.getFirstChild
 0001:00015A84       TOutlineNode.GetFullPath
 0001:000159D8       TOutlineNode.GetIndex
 0001:00015B74       TOutlineNode.GetLastChild
 0001:00015944       TOutlineNode.GetLastIndex
 0001:000159F8       TOutlineNode.GetLevel
 0001:0001590C       TOutlineNode.GetList
 0001:00016478       TOutlineNode.GetMaxDisplayWidth
 0001:00015BA4       TOutlineNode.GetNextChild
 0001:0001592C       TOutlineNode.GetNode
 0001:00015EB4       TOutlineNode.GetNodeAtIndex
 0001:00015C08       TOutlineNode.GetPrevChild
 0001:00015CC4       TOutlineNode.GetRowOfNode
 0001:00015FDC       TOutlineNode.GetTextItem
 0001:00015B2C       TOutlineNode.GetTopItem
 0001:00015D28       TOutlineNode.GetVisibleNode
 0001:00015A70       TOutlineNode.GetVisibleParent
 0001:00015B10       TOutlineNode.HasAsParent
 0001:000164DC       TOutlineNode.HasChildren
 0001:00015A5C       TOutlineNode.HasVisibleParent
 0001:00016248       TOutlineNode.InsertNode
 0001:000162C0       TOutlineNode.InternalRemove
 0001:00016568       TOutlineNode.IsEqual
 0001:00015C5C       TOutlineNode.MoveTo
 0001:00016354       TOutlineNode.ReIndex
 0001:00016330       TOutlineNode.Remove
 0001:0001619C       TOutlineNode.Repaint
 0001:000163D4       TOutlineNode.Resync
 0001:00016048       TOutlineNode.SetExpandedState
 0001:000161C0       TOutlineNode.SetGoodIndex
 0001:000158F4       TOutlineNode.SetHorzScrollBar
 0001:00015A0C       TOutlineNode.SetLevel
 0001:00015970       TOutlineNode.SetText
 0001:000164F0       TOutlineNode.WriteNode
 0001:0001692C       TOutlineStrings.Add
 0001:00016604       TOutlineStrings.Clear
 0001:000166B8       TOutlineStrings.DefineProperties
 0001:00016A38       TOutlineStrings.Delete
 0001:00016598       TOutlineStrings.Get
 0001:000165F8       TOutlineStrings.GetCount
 0001:00016A64       TOutlineStrings.GetObject
 0001:00016A44       TOutlineStrings.Insert
 0001:00016A50       TOutlineStrings.PutObject
 0001:00016704       TOutlineStrings.ReadData
 0001:00016810       TOutlineStrings.WriteData
 0001:0000A5EC       TPathLabel.Create
 0001:0000A63C       TPathLabel.Paint
 0001:00010A40       TScroller.CanScrollLeft
 0001:00010A50       TScroller.CanScrollRight
 0001:00010778       TScroller.Create
 0001:00010808       TScroller.Destroy
 0001:00010A60       TScroller.DoMouseDown
 0001:00010838       TScroller.Paint
 0001:000109E4       TScroller.SetMax
 0001:000109D4       TScroller.SetMin
 0001:000109F4       TScroller.SetPosition
 0001:00010ADC       TScroller.WMLButtonDblClk
 0001:00010AD0       TScroller.WMLButtonDown
 0001:00010B8C       TScroller.WMLButtonUp
 0001:00010AE8       TScroller.WMMouseMove
 0001:000109AC       TScroller.WMSize
 0001:0000D6D8       TSelectDirDlg.Create
 0001:0000DCC0       TSelectDirDlg.DirListChange
 0001:0000DE08       TSelectDirDlg.DriveListChange
 0001:0000DD50       TSelectDirDlg.FormCreate
 0001:0000DFA8       TSelectDirDlg.GetDirectory
 0001:0000DCA8       TSelectDirDlg.HelpButtonClick
 0001:0000DFD8       TSelectDirDlg.NetClick
 0001:0000DFF8       TSelectDirDlg.OKClick
 0001:0000DE20       TSelectDirDlg.SetAllowCreate
 0001:0000DE58       TSelectDirDlg.SetDirectory
 0001:00014540       TTabbedNotebook.AlignControls
 0001:000145A8       TTabbedNotebook.Change
 0001:00014588       TTabbedNotebook.Click
 0001:0001431C       TTabbedNotebook.CMDialogChar
 0001:00014538       TTabbedNotebook.CMTabFontChanged
 0001:00013C78       TTabbedNotebook.Create
 0001:00013E2C       TTabbedNotebook.CreateHandle
 0001:00013EDC       TTabbedNotebook.CreateParams
 0001:00013DE4       TTabbedNotebook.Destroy
 0001:000142D4       TTabbedNotebook.GetActivePage
 0001:00013EF0       TTabbedNotebook.GetChildOwner
 0001:00013EF4       TTabbedNotebook.GetChildren
 0001:0001448C       TTabbedNotebook.GetIndexForPage
 0001:000143E8       TTabbedNotebook.KeyDown
 0001:00013F34       TTabbedNotebook.Loaded
 0001:0001408C       TTabbedNotebook.ReadState
 0001:000142B4       TTabbedNotebook.SetActivePage
 0001:0001417C       TTabbedNotebook.SetPageIndex
 0001:00014100       TTabbedNotebook.SetPages
 0001:00014528       TTabbedNotebook.SetTabFont
 0001:0001446C       TTabbedNotebook.SetTabsPerRow
 0001:00014134       TTabbedNotebook.ShowControl
 0001:00014578       TTabbedNotebook.TabFontChanged
 0001:00014314       TTabbedNotebook.WMGetDlgCode
 0001:000145F0       TTabbedNotebook.WMPaint
 0001:00010BDC       TTabList.Add
 0001:00010CC8       TTabList.AddStrings
 0001:00010CA8       TTabList.Clear
 0001:00010C2C       TTabList.Delete
 0001:00010BFC       TTabList.Insert
 0001:00010C90       TTabList.Put
 0001:00013BCC       TTabPage.Create
 0001:00013C38       TTabPage.ReadState
 0001:00013A08       TTabPageAccess.Clear
 0001:00013944       TTabPageAccess.Create
 0001:00013A68       TTabPageAccess.Delete
 0001:00013994       TTabPageAccess.Get
 0001:0001398C       TTabPageAccess.GetCount
 0001:000139F0       TTabPageAccess.GetObject
 0001:00013AEC       TTabPageAccess.Insert
 0001:00013B64       TTabPageAccess.Move
 0001:000139B4       TTabPageAccess.Put
 0001:00013A04       TTabPageAccess.SetUpdateState
 0001:00010FC8       TTabSet.CalcTabPositions
 0001:00012A0C       TTabSet.CanChange
 0001:00012E80       TTabSet.CMDialogChar
 0001:00012E50       TTabSet.CMFontChanged
 0001:00012E18       TTabSet.CMSysColorChange
 0001:00010D0C       TTabSet.Create
 0001:00012664       TTabSet.CreateBrushPattern
 0001:00012290       TTabSet.CreateEdgeParts
 0001:00010EAC       TTabSet.CreateParams
 0001:00010EBC       TTabSet.CreateScroller
 0001:00012F2C       TTabSet.DefineProperties
 0001:00010F50       TTabSet.Destroy
 0001:00010F94       TTabSet.DoneBitmaps
 0001:00012BF4       TTabSet.DrawTab
 0001:00012854       TTabSet.FixTabPos
 0001:00012C38       TTabSet.GetChildren
 0001:00010F24       TTabSet.InitBitmaps
 0001:0001103C       TTabSet.ItemAtPos
 0001:000110BC       TTabSet.ItemRect
 0001:00013074       TTabSet.ItemWidth
 0001:00012C40       TTabSet.MeasureTab
 0001:00012FFC       TTabSet.MinClientRect
 0001:00012FD8       TTabSet.MinClientRect
 0001:00012FB8       TTabSet.MinClientRect
 0001:00012C60       TTabSet.MouseDown
 0001:0001112C       TTabSet.Paint
 0001:000124A0       TTabSet.PaintEdge
 0001:00012FB0       TTabSet.ReadBoolData
 0001:00012FA8       TTabSet.ReadIntData
 0001:00010FBC       TTabSet.ScrollClick
 0001:00012AA0       TTabSet.SelectNext
 0001:000129A8       TTabSet.SetAutoScroll
 0001:00012930       TTabSet.SetBackgroundColor
 0001:0001296C       TTabSet.SetDitherBackground
 0001:000129F8       TTabSet.SetEndMargin
 0001:00012AF8       TTabSet.SetFirstIndex
 0001:000128E8       TTabSet.SetSelectedColor
 0001:000130FC       TTabSet.SetSoftTop
 0001:000129E4       TTabSet.SetStartMargin
 0001:00012B84       TTabSet.SetTabHeight
 0001:00012A38       TTabSet.SetTabIndex
 0001:00012B24       TTabSet.SetTabList
 0001:00012B60       TTabSet.SetTabStyle
 0001:0001290C       TTabSet.SetUnselectedColor
 0001:00012E78       TTabSet.WMGetDlgCode
 0001:00012D5C       TTabSet.WMSize
 0001:00000344       UninitializeModule
 0001:00000574       UpdateWindow
 0001:0000145C       UrlMon
 0001:0001B1DC       vclx
 0001:0000A930       VolumeID
 0001:000005D4       Windows
 0001:00000474       WinExec
 0001:00001494       WinInet
 0001:0000184C       WinSpool
 0001:0000047C       WNetGetConnection
 0001:00016610       WriteNodes
 0001:00016D84       WriteOutline


  Address         Publics by Value

 0002:BFCF3000       TlsLast
 0001:00000230       FreeLibrary
 0001:00000238       LocalAlloc
 0001:00000240       LocalFree
 0001:00000248       TlsAlloc
 0001:00000250       TlsFree
 0001:00000258       TlsGetValue
 0001:00000260       TlsSetValue
 0001:00000268       AllocTlsBuffer
 0001:00000274       GetTlsSize
 0001:0000027C       InitThreadTLS
 0001:000002C0       InitProcessTLS
 0001:000002EC       ExitThreadTLS
 0001:00000314       ExitProcessTLS
 0001:00000338       InitializeModule
 0001:00000344       UninitializeModule
 0001:00000368       @InitPkg
 0001:000003CC       @PackageLoad
 0001:000003D8       @PackageUnload
 0001:000003E4       Finalization
 0001:00000414       SysInit
 0001:0000041C       GetDriveType
 0001:00000424       GetLogicalDrives
 0001:0000042C       GetModuleHandle
 0001:00000434       GetProcAddress
 0001:0000043C       GetVolumeInformation
 0001:00000444       GlobalAlloc
 0001:0000044C       GlobalFree
 0001:00000454       GlobalLock
 0001:0000045C       GlobalUnlock
 0001:00000464       MulDiv
 0001:0000046C       SetErrorMode
 0001:00000474       WinExec
 0001:0000047C       WNetGetConnection
 0001:00000484       CreateRectRgn
 0001:0000048C       DeleteObject
 0001:00000494       ExtTextOut
 0001:0000049C       GetClipRgn
 0001:000004A4       GetDeviceCaps
 0001:000004AC       GetPaletteEntries
 0001:000004B4       GetStockObject
 0001:000004BC       GetTextMetrics
 0001:000004C4       SelectClipRgn
 0001:000004CC       SelectObject
 0001:000004D4       SetBkMode
 0001:000004DC       DrawFocusRect
 0001:000004E4       DrawFrameControl
 0001:000004EC       DrawText
 0001:000004F4       GetDC
 0001:000004FC       GetFocus
 0001:00000504       GetWindowLong
 0001:0000050C       InflateRect
 0001:00000514       InvalidateRect
 0001:0000051C       LoadBitmap
 0001:00000524       MessageBeep
 0001:0000052C       OffsetRect
 0001:00000534       PtInRect
 0001:0000053C       RegisterClipboardFormat
 0001:00000544       ReleaseCapture
 0001:0000054C       ReleaseDC
 0001:00000554       SendMessage
 0001:0000055C       SetCapture
 0001:00000564       SetWindowLong
 0001:0000056C       ShowWindow
 0001:00000574       UpdateWindow
 0001:0000057C       HiWord
 0001:00000580       HiByte
 0001:00000588       RGB
 0001:000005A4       Finalization
 0001:000005D4       Windows
 0001:0000093C       Finalization
 0001:0000096C       Messages
 0001:00000CE4       Finalization
 0001:00000D14       CommCtrl
 0001:000012BC       Finalization
 0001:000012EC       Imm
 0001:000013D4       SHBrowseForFolder
 0001:000013DC       SHGetDesktopFolder
 0001:000013E4       SHGetMalloc
 0001:000013EC       SHGetPathFromIDList
 0001:000013F4       Finalization
 0001:00001424       ShlObj
 0001:0000142C       Finalization
 0001:0000145C       UrlMon
 0001:00001464       Finalization
 0001:00001494       WinInet
 0001:0000149C       Finalization
 0001:000014CC       RegStr
 0001:000014D4       Finalization
 0001:00001504       ShellAPI
 0001:0000181C       Finalization
 0001:0000184C       WinSpool
 0001:00001854       Finalization
 0001:00001884       CommDlg
 0001:0000188C       Finalization
 0001:000018BC       Dlgs
 0001:00001924       Finalization
 0001:00001954       RichEdit
 0001:000019CC       DdeInitialize
 0001:000019D4       DdeUninitialize
 0001:000019DC       DdeConnect
 0001:000019E4       DdeDisconnect
 0001:000019EC       DdeQueryConvInfo
 0001:000019F4       DdeSetUserHandle
 0001:000019FC       DdePostAdvise
 0001:00001A04       DdeNameService
 0001:00001A0C       DdeClientTransaction
 0001:00001A14       DdeCreateDataHandle
 0001:00001A1C       DdeAccessData
 0001:00001A24       DdeUnaccessData
 0001:00001A2C       DdeFreeDataHandle
 0001:00001A34       DdeGetLastError
 0001:00001A3C       DdeCreateStringHandle
 0001:00001A44       DdeQueryString
 0001:00001A4C       DdeFreeStringHandle
 0001:00001A54       DdeCmpStringHandles
 0001:00001A5C       Finalization
 0001:00001A8C       DDEml
 0001:00002450       DDECheck
 0001:00002550       DdeMgrCallBack
 0001:00002760       GetPasteLinkInfo
 0001:0000281C       TDdeMgr.Create
 0001:000028FC       TDdeMgr.Destroy
 0001:000029B4       TDdeMgr.AllowConnect
 0001:00002A68       TDdeMgr.AllowWildConnect
 0001:00002ACC       TDdeMgr.Connect
 0001:00002BB0       TDdeMgr.Disconnect
 0001:00002BF8       TDdeMgr.GetExeName
 0001:00002C08       TDdeMgr.SetAppName
 0001:00002CBC       TDdeMgr.ResetAppName
 0001:00002CE8       TDdeMgr.GetServerConv
 0001:00002D38       TDdeMgr.GetForm
 0001:00002DCC       TDdeMgr.GetSrvrConv
 0001:00002E1C       TDdeMgr.PostDataChange
 0001:00002E80       TDdeMgr.InsertServerConv
 0001:00002E94       TDdeMgr.RemoveServerConv
 0001:00002EA0       TDdeClientConv.Create
 0001:00002EE8       TDdeClientConv.Destroy
 0001:00002F28       TDdeClientConv.DefineProperties
 0001:00002F78       TDdeClientConv.Loaded
 0001:00002FF8       TDdeClientConv.ReadLinkInfo
 0001:000030C0       TDdeClientConv.WriteLinkInfo
 0001:000031A8       TDdeClientConv.OnAttach
 0001:000031E0       TDdeClientConv.OnDetach
 0001:00003218       TDdeClientConv.OnSetItem
 0001:000032A0       TDdeClientConv.GetCliItemByCtrl
 0001:000032E8       TDdeClientConv.PasteLink
 0001:00003354       TDdeClientConv.ChangeLink
 0001:000033A4       TDdeClientConv.OpenLink
 0001:00003598       TDdeClientConv.CloseLink
 0001:00003618       TDdeClientConv.ClearItems
 0001:00003658       TDdeClientConv.CreateDdeConv
 0001:000036D0       TDdeClientConv.StartAdvise
 0001:00003730       TDdeClientConv.ExecuteMacroLines
 0001:000037AC       TDdeClientConv.ExecuteMacro
 0001:00003838       TDdeClientConv.PokeDataLines
 0001:000038B4       TDdeClientConv.PokeData
 0001:00003954       TDdeClientConv.RequestData
 0001:00003A78       TDdeClientConv.GetCliItemByName
 0001:00003AC8       TDdeClientConv.XactComplete
 0001:00003AD0       TDdeClientConv.SrvrDisconnect
 0001:00003B14       TDdeClientConv.DataChange
 0001:00003B54       TDdeClientConv.SetLink
 0001:00003BA0       TDdeClientConv.SetConnectMode
 0001:00003BF8       TDdeClientConv.SetFormatChars
 0001:00003C18       TDdeClientConv.SetDdeService
 0001:00003C1C       TDdeClientConv.SetDdeTopic
 0001:00003C20       TDdeClientConv.SetService
 0001:00003C34       TDdeClientConv.SetTopic
 0001:00003C48       TDdeClientConv.Close
 0001:00003C68       TDdeClientConv.Open
 0001:00003C88       TDdeClientConv.Notification
 0001:00003CFC       TDdeClientItem.Create
 0001:00003D40       TDdeClientItem.Destroy
 0001:00003D70       TDdeClientItem.SetDdeClientConv
 0001:00003DF8       TDdeClientItem.SetDdeClientItem
 0001:00003E54       TDdeClientItem.Notification
 0001:00003E90       TDdeClientItem.OnAdvise
 0001:00003ED8       TDdeClientItem.GetText
 0001:00003F04       TDdeClientItem.SetText
 0001:00003F08       TDdeClientItem.SetLines
 0001:00003F0C       TDdeCliItem.Create
 0001:00003F50       TDdeCliItem.Destroy
 0001:00003F7C       TDdeCliItem.SetItem
 0001:00004028       TDdeCliItem.StoreData
 0001:00004104       TDdeCliItem.RefreshData
 0001:0000416C       TDdeCliItem.AccessData
 0001:00004174       TDdeCliItem.ReleaseData
 0001:0000417C       TDdeCliItem.StartAdvise
 0001:00004234       TDdeCliItem.StopAdvise
 0001:00004274       TDdeCliItem.SrvrDisconnect
 0001:00004294       TDdeCliItem.DataChange
 0001:000042A0       TDdeServerItem.Create
 0001:000042EC       TDdeServerItem.Destroy
 0001:0000431C       TDdeServerItem.SetServerConv
 0001:0000432C       TDdeServerItem.GetText
 0001:00004358       TDdeServerItem.SetText
 0001:00004384       TDdeServerItem.SetLines
 0001:00004408       TDdeServerItem.ValueChanged
 0001:0000449C       TDdeServerItem.PokeData
 0001:00004530       TDdeServerItem.CopyToClipboard
 0001:000046F8       TDdeServerItem.Change
 0001:0000470C       TDdeServerItem.Notification
 0001:00004734       TDdeServerConv.Create
 0001:00004778       TDdeServerConv.Destroy
 0001:000047AC       TDdeServerConv.ExecuteMacro
 0001:00004848       TDdeServerConv.Connect
 0001:0000485C       TDdeServerConv.Disconnect
 0001:00004870       TDdeSrvrConv.Create
 0001:000048B4       TDdeSrvrConv.Destroy
 0001:00004938       TDdeSrvrConv.AdvStart
 0001:00004A6C       TDdeSrvrConv.AdvStop
 0001:00004A9C       TDdeSrvrConv.PokeData
 0001:00004B50       TDdeSrvrConv.ExecuteMacro
 0001:00004B70       TDdeSrvrConv.RequestData
 0001:00004C84       TDdeSrvrConv.GetControl
 0001:00004D58       TDdeSrvrConv.GetItem
 0001:00004DA8       TDdeSrvrConv.GetSrvrItem
 0001:00004DFC       TDdeSrvrItem.Create
 0001:00004E34       TDdeSrvrItem.Destroy
 0001:00004E74       TDdeSrvrItem.RequestData
 0001:00004F3C       TDdeSrvrItem.PostDataChange
 0001:00004F58       TDdeSrvrItem.SetItem
 0001:00004FB4       Finalization
 0001:00004FF0       DdeMan
 0001:00005054       mciGetErrorString
 0001:0000505C       mciSendCommand
 0001:00005064       mci_TMSF_Track
 0001:00005068       mci_TMSF_Minute
 0001:00005070       mci_TMSF_Second
 0001:0000507C       Finalization
 0001:000050AC       MMSystem
 0001:00005AB4       TMediaPlayer.Create
 0001:00005BA4       TMediaPlayer.Destroy
 0001:00005BF4       TMediaPlayer.Loaded
 0001:00005C18       TMediaPlayer.LoadBitmaps
 0001:00005D88       TMediaPlayer.DestroyBitmaps
 0001:00005DC0       TMediaPlayer.SetAutoEnable
 0001:00005DE8       TMediaPlayer.SetEnabledButtons
 0001:00005E2C       TMediaPlayer.DrawAutoButtons
 0001:00005E60       TMediaPlayer.SetColored
 0001:00005EA4       TMediaPlayer.SetVisible
 0001:00005F14       TMediaPlayer.VisibleButtonCount
 0001:00005F3C       TMediaPlayer.Adjust
 0001:00005F64       TMediaPlayer.WMSize
 0001:00005FF4       TMediaPlayer.DrawButton
 0001:000062F0       TMediaPlayer.Paint
 0001:00006364       TMediaPlayer.AutoButtonSet
 0001:0000658C       TMediaPlayer.DoMouseDown
 0001:0000666C       TMediaPlayer.WMLButtonDown
 0001:0000667C       TMediaPlayer.WMLButtonDblClk
 0001:0000668C       TMediaPlayer.WMMouseMove
 0001:000066F4       TMediaPlayer.DoClick
 0001:000067B4       TMediaPlayer.DoPostClick
 0001:000067C8       TMediaPlayer.WMLButtonUp
 0001:0000684C       TMediaPlayer.WMSetFocus
 0001:00006858       TMediaPlayer.WMKillFocus
 0001:00006864       TMediaPlayer.WMGetDlgCode
 0001:0000686C       TMediaPlayer.KeyDown
 0001:00006948       TMediaPlayer.MMNotify
 0001:000069EC       TMediaPlayer.CheckIfOpen
 0001:00006A10       TMediaPlayer.Click
 0001:00006A30       TMediaPlayer.PostClick
 0001:00006A50       TMediaPlayer.DoNotify
 0001:00006A70       TMediaPlayer.Updated
 0001:00006AF8       TMediaPlayer.Open
 0001:00006D6C       TMediaPlayer.Close
 0001:00006E34       TMediaPlayer.Play
 0001:00006F44       TMediaPlayer.StartRecording
 0001:0000701C       TMediaPlayer.Stop
 0001:000070B0       TMediaPlayer.Pause
 0001:000070FC       TMediaPlayer.PauseOnly
 0001:00007190       TMediaPlayer.Resume
 0001:00007244       TMediaPlayer.Next
 0001:000073D4       TMediaPlayer.Previous
 0001:00007590       TMediaPlayer.Step
 0001:0000766C       TMediaPlayer.Back
 0001:00007730       TMediaPlayer.Eject
 0001:000077DC       TMediaPlayer.SetPosition
 0001:00007880       TMediaPlayer.Rewind
 0001:000078AC       TMediaPlayer.GetTrackLength
 0001:000078F4       TMediaPlayer.GetTrackPosition
 0001:0000792C       TMediaPlayer.Save
 0001:000079E8       TMediaPlayer.SetWait
 0001:00007A00       TMediaPlayer.SetNotify
 0001:00007A18       TMediaPlayer.SetFrom
 0001:00007A30       TMediaPlayer.SetTo
 0001:00007A48       TMediaPlayer.SetDeviceType
 0001:00007A58       TMediaPlayer.SetTimeFormat
 0001:00007A94       TMediaPlayer.SetDisplay
 0001:00007B1C       TMediaPlayer.Notification
 0001:00007B5C       TMediaPlayer.SetOrigDisplay
 0001:00007BA8       TMediaPlayer.SetDisplayRect
 0001:00007C44       TMediaPlayer.GetDisplayRect
 0001:00007C98       TMediaPlayer.GetDeviceCaps
 0001:00007E2C       TMediaPlayer.GetStart
 0001:00007E74       TMediaPlayer.GetLength
 0001:00007EBC       TMediaPlayer.GetTracks
 0001:00007F04       TMediaPlayer.GetMode
 0001:00007F48       TMediaPlayer.GetPosition
 0001:00007F88       TMediaPlayer.GetTimeFormat
 0001:00007FD0       TMediaPlayer.GetErrorMessage
 0001:00008020       Finalization
 0001:00008050       MPlayer
 0001:0000A5A4       SlashSep
 0001:0000A5EC       TPathLabel.Create
 0001:0000A63C       TPathLabel.Paint
 0001:0000A72C       CutFirstDirectory
 0001:0000A7E8       MinimizeName
 0001:0000A930       VolumeID
 0001:0000AACC       NetworkVolume
 0001:0000ABAC       ProcessPath
 0001:0000AE64       GetItemHeight
 0001:0000AEA4       TDriveComboBox.Create
 0001:0000AF2C       TDriveComboBox.Destroy
 0001:0000AF88       AddDrive
 0001:0000B01C       TDriveComboBox.BuildList
 0001:0000B1F8       TDriveComboBox.SetDrive
 0001:0000B338       TDriveComboBox.SetTextCase
 0001:0000B360       TDriveComboBox.SetDirListBox
 0001:0000B390       TDriveComboBox.CreateWnd
 0001:0000B3B4       TDriveComboBox.DrawItem
 0001:0000B4FC       TDriveComboBox.Click
 0001:0000B570       TDriveComboBox.CMFontChanged
 0001:0000B58C       TDriveComboBox.ResetItemHeight
 0001:0000B5C8       TDriveComboBox.ReadBitmaps
 0001:0000B6D4       TDriveComboBox.Notification
 0001:0000B704       DirLevel
 0001:0000B730       TDirectoryListBox.Create
 0001:0000B7A4       TDirectoryListBox.Destroy
 0001:0000B7EC       TDirectoryListBox.DriveChange
 0001:0000B8B8       TDirectoryListBox.SetFileListBox
 0001:0000B8E8       TDirectoryListBox.SetDirLabel
 0001:0000B908       TDirectoryListBox.SetDir
 0001:0000B960       TDirectoryListBox.OpenCurrent
 0001:0000B9BC       TDirectoryListBox.Update
 0001:0000B9D8       TDirectoryListBox.DisplayCase
 0001:0000BA08       TDirectoryListBox.FileCompareText
 0001:0000BA28       TDirectoryListBox.ReadDirectoryNames
 0001:0000BB6C       TDirectoryListBox.BuildList
 0001:0000BE70       TDirectoryListBox.ReadBitmaps
 0001:0000BF30       TDirectoryListBox.DblClick
 0001:0000BF44       TDirectoryListBox.Change
 0001:0000BF80       TDirectoryListBox.DrawItem
 0001:0000C0F8       TDirectoryListBox.GetItemPath
 0001:0000C294       TDirectoryListBox.CreateWnd
 0001:0000C2C4       TDirectoryListBox.CMFontChanged
 0001:0000C2D8       TDirectoryListBox.ResetItemHeight
 0001:0000C310       TDirectoryListBox.GetDrive
 0001:0000C31C       TDirectoryListBox.SetDrive
 0001:0000C3AC       TDirectoryListBox.SetDirectory
 0001:0000C4A4       TDirectoryListBox.KeyPress
 0001:0000C4C8       TDirectoryListBox.Notification
 0001:0000C51C       TDirectoryListBox.SetDirLabelCaption
 0001:0000C594       TFileListBox.Create
 0001:0000C648       TFileListBox.Destroy
 0001:0000C690       TFileListBox.Update
 0001:0000C69C       TFileListBox.CreateWnd
 0001:0000C6B4       TFileListBox.IsMaskStored
 0001:0000C6D8       TFileListBox.GetDrive
 0001:0000C6E4       TFileListBox.ReadBitmaps
 0001:0000C79C       TFileListBox.ReadFileNames
 0001:0000CAE8       TFileListBox.Click
 0001:0000CB10       TFileListBox.Change
 0001:0000CBCC       TFileListBox.SetShowGlyphs
 0001:0000CC14       TFileListBox.GetFileName
 0001:0000CC64       TFileListBox.SetFileName
 0001:0000CCEC       TFileListBox.SetFileEdit
 0001:0000CD7C       TFileListBox.DrawItem
 0001:0000CEC0       TFileListBox.SetDrive
 0001:0000CF50       TFileListBox.SetDirectory
 0001:0000CFAC       TFileListBox.SetFileType
 0001:0000CFD4       TFileListBox.SetMask
 0001:0000D004       TFileListBox.CMFontChanged
 0001:0000D018       TFileListBox.ResetItemHeight
 0001:0000D05C       TFileListBox.ApplyFilePath
 0001:0000D238       TFileListBox.GetFilePath
 0001:0000D2AC       TFileListBox.Notification
 0001:0000D300       TFilterComboBox.Create
 0001:0000D364       TFilterComboBox.Destroy
 0001:0000D394       TFilterComboBox.CreateWnd
 0001:0000D3A8       TFilterComboBox.IsFilterStored
 0001:0000D404       TFilterComboBox.SetFilter
 0001:0000D448       TFilterComboBox.SetFileListBox
 0001:0000D480       TFilterComboBox.Click
 0001:0000D49C       TFilterComboBox.GetMask
 0001:0000D510       TFilterComboBox.BuildList
 0001:0000D648       TFilterComboBox.Notification
 0001:0000D678       TFilterComboBox.Change
 0001:0000D6D8       TSelectDirDlg.Create
 0001:0000DCA8       TSelectDirDlg.HelpButtonClick
 0001:0000DCC0       TSelectDirDlg.DirListChange
 0001:0000DD50       TSelectDirDlg.FormCreate
 0001:0000DE08       TSelectDirDlg.DriveListChange
 0001:0000DE20       TSelectDirDlg.SetAllowCreate
 0001:0000DE58       TSelectDirDlg.SetDirectory
 0001:0000DFA8       TSelectDirDlg.GetDirectory
 0001:0000DFD8       TSelectDirDlg.NetClick
 0001:0000DFF8       TSelectDirDlg.OKClick
 0001:0000E090       SelectDirectory
 0001:0000E278       SelectDirCB
 0001:0000E2A0       SelectDirectory
 0001:0000E488       DirectoryExists
 0001:0000E490       ForceDirectories
 0001:0000E498       Finalization
 0001:0000E4C8       FileCtrl
 0001:0000EBD4       TColorGrid.Create
 0001:0000ECA4       TColorGrid.ColorToIndex
 0001:0000ECF8       TColorGrid.CreateWnd
 0001:0000ED28       TColorGrid.DrawSquare
 0001:0000EF30       TernaryOp
 0001:0000EF3C       TColorGrid.DrawFgBg
 0001:0000F1E0       TColorGrid.EnableForeground
 0001:0000F224       TColorGrid.EnableBackground
 0001:0000F268       TColorGrid.GetForegroundColor
 0001:0000F290       TColorGrid.GetBackgroundColor
 0001:0000F2B8       TColorGrid.WMSetFocus
 0001:0000F2E8       TColorGrid.WMKillFocus
 0001:0000F318       TColorGrid.KeyDown
 0001:0000F520       TColorGrid.WMGetDlgCode
 0001:0000F528       TColorGrid.WMSize
 0001:0000F580       TColorGrid.CMCtl3DChanged
 0001:0000F594       TColorGrid.MouseDown
 0001:0000F6B8       TColorGrid.MouseMove
 0001:0000F720       TColorGrid.MouseUp
 0001:0000F768       TColorGrid.Paint
 0001:0000F7DC       TColorGrid.SetBackgroundIndex
 0001:0000F868       TColorGrid.SetForegroundIndex
 0001:0000F8F4       TColorGrid.SetGridOrdering
 0001:0000F930       TColorGrid.SetSelection
 0001:0000F96C       TColorGrid.SquareFromPos
 0001:0000F9B8       TColorGrid.UpdateCellSizes
 0001:0000FA34       TColorGrid.Change
 0001:0000FA58       Finalization
 0001:0000FA88       ColorGrd
 0001:00010778       TScroller.Create
 0001:00010808       TScroller.Destroy
 0001:00010838       TScroller.Paint
 0001:000109AC       TScroller.WMSize
 0001:000109D4       TScroller.SetMin
 0001:000109E4       TScroller.SetMax
 0001:000109F4       TScroller.SetPosition
 0001:00010A40       TScroller.CanScrollLeft
 0001:00010A50       TScroller.CanScrollRight
 0001:00010A60       TScroller.DoMouseDown
 0001:00010AD0       TScroller.WMLButtonDown
 0001:00010ADC       TScroller.WMLButtonDblClk
 0001:00010AE8       TScroller.WMMouseMove
 0001:00010B8C       TScroller.WMLButtonUp
 0001:00010BDC       TTabList.Add
 0001:00010BFC       TTabList.Insert
 0001:00010C2C       TTabList.Delete
 0001:00010C90       TTabList.Put
 0001:00010CA8       TTabList.Clear
 0001:00010CC8       TTabList.AddStrings
 0001:00010D0C       TTabSet.Create
 0001:00010EAC       TTabSet.CreateParams
 0001:00010EBC       TTabSet.CreateScroller
 0001:00010F24       TTabSet.InitBitmaps
 0001:00010F50       TTabSet.Destroy
 0001:00010F94       TTabSet.DoneBitmaps
 0001:00010FBC       TTabSet.ScrollClick
 0001:00010FC8       TTabSet.CalcTabPositions
 0001:0001103C       TTabSet.ItemAtPos
 0001:000110BC       TTabSet.ItemRect
 0001:0001112C       TTabSet.Paint
 0001:00011788       DrawUL
 0001:00011A54       DrawSL
 0001:00011CFC       DrawUR
 0001:0001200C       DrawSR
 0001:00012290       TTabSet.CreateEdgeParts
 0001:000124A0       TTabSet.PaintEdge
 0001:00012664       TTabSet.CreateBrushPattern
 0001:00012718       GetRightSide
 0001:0001277C       ReverseCalcNumTabs
 0001:00012854       TTabSet.FixTabPos
 0001:000128E8       TTabSet.SetSelectedColor
 0001:0001290C       TTabSet.SetUnselectedColor
 0001:00012930       TTabSet.SetBackgroundColor
 0001:0001296C       TTabSet.SetDitherBackground
 0001:000129A8       TTabSet.SetAutoScroll
 0001:000129E4       TTabSet.SetStartMargin
 0001:000129F8       TTabSet.SetEndMargin
 0001:00012A0C       TTabSet.CanChange
 0001:00012A38       TTabSet.SetTabIndex
 0001:00012AA0       TTabSet.SelectNext
 0001:00012AF8       TTabSet.SetFirstIndex
 0001:00012B24       TTabSet.SetTabList
 0001:00012B60       TTabSet.SetTabStyle
 0001:00012B84       TTabSet.SetTabHeight
 0001:00012BF4       TTabSet.DrawTab
 0001:00012C38       TTabSet.GetChildren
 0001:00012C40       TTabSet.MeasureTab
 0001:00012C60       TTabSet.MouseDown
 0001:00012D14       CalcNumTabs
 0001:00012D5C       TTabSet.WMSize
 0001:00012E18       TTabSet.CMSysColorChange
 0001:00012E50       TTabSet.CMFontChanged
 0001:00012E78       TTabSet.WMGetDlgCode
 0001:00012E80       TTabSet.CMDialogChar
 0001:00012F2C       TTabSet.DefineProperties
 0001:00012FA8       TTabSet.ReadIntData
 0001:00012FB0       TTabSet.ReadBoolData
 0001:00012FB8       TTabSet.MinClientRect
 0001:00012FD8       TTabSet.MinClientRect
 0001:00012FFC       TTabSet.MinClientRect
 0001:00013074       TTabSet.ItemWidth
 0001:000130FC       TTabSet.SetSoftTop
 0001:00013120       Finalization
 0001:00013150       Tabs
 0001:00013944       TTabPageAccess.Create
 0001:0001398C       TTabPageAccess.GetCount
 0001:00013994       TTabPageAccess.Get
 0001:000139B4       TTabPageAccess.Put
 0001:000139F0       TTabPageAccess.GetObject
 0001:00013A04       TTabPageAccess.SetUpdateState
 0001:00013A08       TTabPageAccess.Clear
 0001:00013A68       TTabPageAccess.Delete
 0001:00013AEC       TTabPageAccess.Insert
 0001:00013B64       TTabPageAccess.Move
 0001:00013BCC       TTabPage.Create
 0001:00013C38       TTabPage.ReadState
 0001:00013C78       TTabbedNotebook.Create
 0001:00013DE4       TTabbedNotebook.Destroy
 0001:00013E2C       TTabbedNotebook.CreateHandle
 0001:00013EDC       TTabbedNotebook.CreateParams
 0001:00013EF0       TTabbedNotebook.GetChildOwner
 0001:00013EF4       TTabbedNotebook.GetChildren
 0001:00013F34       TTabbedNotebook.Loaded
 0001:0001408C       TTabbedNotebook.ReadState
 0001:00014100       TTabbedNotebook.SetPages
 0001:00014134       TTabbedNotebook.ShowControl
 0001:0001417C       TTabbedNotebook.SetPageIndex
 0001:000142B4       TTabbedNotebook.SetActivePage
 0001:000142D4       TTabbedNotebook.GetActivePage
 0001:00014314       TTabbedNotebook.WMGetDlgCode
 0001:0001431C       TTabbedNotebook.CMDialogChar
 0001:000143E8       TTabbedNotebook.KeyDown
 0001:0001446C       TTabbedNotebook.SetTabsPerRow
 0001:0001448C       TTabbedNotebook.GetIndexForPage
 0001:00014528       TTabbedNotebook.SetTabFont
 0001:00014538       TTabbedNotebook.CMTabFontChanged
 0001:00014540       TTabbedNotebook.AlignControls
 0001:00014578       TTabbedNotebook.TabFontChanged
 0001:00014588       TTabbedNotebook.Click
 0001:000145A8       TTabbedNotebook.Change
 0001:000145F0       TTabbedNotebook.WMPaint
 0001:00014620       Finalization
 0001:00014650       TabNotBk
 0001:000156F8       GetBufStart
 0001:00015710       PutString
 0001:00015740       TOutlineNode.Create
 0001:00015764       TOutlineNode.Destroy
 0001:000158B4       TOutlineNode.Clear
 0001:000158F4       TOutlineNode.SetHorzScrollBar
 0001:0001590C       TOutlineNode.GetList
 0001:0001592C       TOutlineNode.GetNode
 0001:00015944       TOutlineNode.GetLastIndex
 0001:00015970       TOutlineNode.SetText
 0001:000159C0       TOutlineNode.ChangeExpandedCount
 0001:000159D8       TOutlineNode.GetIndex
 0001:000159F8       TOutlineNode.GetLevel
 0001:00015A0C       TOutlineNode.SetLevel
 0001:00015A30       TOutlineNode.ChangeLevelBy
 0001:00015A50       TOutlineNode.GetDisplayWidth
 0001:00015A5C       TOutlineNode.HasVisibleParent
 0001:00015A70       TOutlineNode.GetVisibleParent
 0001:00015A84       TOutlineNode.GetFullPath
 0001:00015B10       TOutlineNode.HasAsParent
 0001:00015B2C       TOutlineNode.GetTopItem
 0001:00015B4C       TOutlineNode.getFirstChild
 0001:00015B74       TOutlineNode.GetLastChild
 0001:00015BA4       TOutlineNode.GetNextChild
 0001:00015C08       TOutlineNode.GetPrevChild
 0001:00015C5C       TOutlineNode.MoveTo
 0001:00015C80       TOutlineNode.FullExpand
 0001:00015CC4       TOutlineNode.GetRowOfNode
 0001:00015D28       TOutlineNode.GetVisibleNode
 0001:00015E80       RecurseNode
 0001:00015EB4       TOutlineNode.GetNodeAtIndex
 0001:00015F88       TOutlineNode.GetDataItem
 0001:00015FDC       TOutlineNode.GetTextItem
 0001:00016038       TOutlineNode.Expand
 0001:00016040       TOutlineNode.Collapse
 0001:00016048       TOutlineNode.SetExpandedState
 0001:00016148       TOutlineNode.CloseNode
 0001:0001619C       TOutlineNode.Repaint
 0001:000161C0       TOutlineNode.SetGoodIndex
 0001:00016204       TOutlineNode.AddNode
 0001:00016248       TOutlineNode.InsertNode
 0001:000162C0       TOutlineNode.InternalRemove
 0001:00016330       TOutlineNode.Remove
 0001:00016354       TOutlineNode.ReIndex
 0001:000163D4       TOutlineNode.Resync
 0001:00016438       TOutlineNode.GetExpandedNodeCount
 0001:00016478       TOutlineNode.GetMaxDisplayWidth
 0001:000164C4       TOutlineNode.Error
 0001:000164DC       TOutlineNode.HasChildren
 0001:000164F0       TOutlineNode.WriteNode
 0001:00016568       TOutlineNode.IsEqual
 0001:00016598       TOutlineStrings.Get
 0001:000165F8       TOutlineStrings.GetCount
 0001:00016604       TOutlineStrings.Clear
 0001:00016610       WriteNodes
 0001:000166B8       TOutlineStrings.DefineProperties
 0001:00016704       TOutlineStrings.ReadData
 0001:00016810       TOutlineStrings.WriteData
 0001:0001692C       TOutlineStrings.Add
 0001:00016A38       TOutlineStrings.Delete
 0001:00016A44       TOutlineStrings.Insert
 0001:00016A50       TOutlineStrings.PutObject
 0001:00016A64       TOutlineStrings.GetObject
 0001:00016AA4       TCustomOutline.Create
 0001:00016BB0       TCustomOutline.Destroy
 0001:00016C04       TCustomOutline.Init
 0001:00016C68       TCustomOutline.CreateGlyph
 0001:00016CCC       TCustomOutline.SetRowHeight
 0001:00016D60       TCustomOutline.Clear
 0001:00016D84       WriteOutline
 0001:00016DE8       TCustomOutline.DefineProperties
 0001:00016E40       TCustomOutline.ReadBinaryData
 0001:00016E54       TCustomOutline.WriteBinaryData
 0001:00016E68       TCustomOutline.IsCurItem
 0001:00016E84       TCustomOutline.GetItemCount
 0001:00016E90       TCustomOutline.MoveNode
 0001:0001713C       TCustomOutline.AttachNode
 0001:0001732C       TCustomOutline.Get
 0001:00017418       TCustomOutline.GetSelectedItem
 0001:00017480       TCustomOutline.ResetSelectedItem
 0001:00017490       TCustomOutline.SetRowFromNode
 0001:000174C0       TCustomOutline.SetSelectedItem
 0001:000175FC       TCustomOutline.Insert
 0001:00017604       TCustomOutline.InsertObject
 0001:00017694       TCustomOutline.Add
 0001:0001769C       TCustomOutline.AddObject
 0001:0001772C       TCustomOutline.AddChild
 0001:00017734       TCustomOutline.AddChildObject
 0001:000177B0       TCustomOutline.Delete
 0001:00017874       TCustomOutline.Move
 0001:000178E0       TCustomOutline.DeleteNode
 0001:000179BC       MoveUp
 0001:00017A0C       MoveDown
 0001:00017AD4       TCustomOutline.SetLevel
 0001:00017B5C       TCustomOutline.Click
 0001:00017B9C       TCustomOutline.WMSize
 0001:00017BF4       TCustomOutline.KeyPress
 0001:00017C40       TCustomOutline.KeyDown
 0001:00017E7C       TCustomOutline.DblClick
 0001:00017EA0       TCustomOutline.MouseDown
 0001:00017ED0       TCustomOutline.FullExpand
 0001:00017EDC       TCustomOutline.FullCollapse
 0001:00017F14       TCustomOutline.SetHorzScrollBar
 0001:00017F64       TCustomOutline.DoExpand
 0001:00017F70       TCustomOutline.BeginUpdate
 0001:00017F90       TCustomOutline.EndUpdate
 0001:00017FA8       TCustomOutline.SetUpdateState
 0001:00018010       TCustomOutline.ResizeGrid
 0001:000180C0       TCustomOutline.BadIndex
 0001:000180E0       TCustomOutline.SetGoodIndex
 0001:00018148       GetParentNodeAtLevel
 0001:00018158       TCustomOutline.CompareNodes
 0001:0001822C       TCustomOutline.GetDataItem
 0001:00018238       TCustomOutline.GetItem
 0001:0001828C       TCustomOutline.GetTextItem
 0001:00018298       TCustomOutline.SetCurItem
 0001:0001836C       TCustomOutline.SetOutlineStyle
 0001:00018390       TCustomOutline.CMFontChanged
 0001:000183AC       TCustomOutline.SetDisplayWidth
 0001:00018400       TCustomOutline.GetNodeDisplayWidth
 0001:000184F8       TCustomOutline.GetVisibleNode
 0001:00018508       GetBitmap
 0001:00018520       DrawFocusCell
 0001:00018568       DrawTheText
 0001:000185B8       DrawPlusMinusPicture
 0001:000186C4       DrawPictureText
 0001:00018774       DrawPlusMinusText
 0001:00018824       DrawTheTree
 0001:000188AC       DrawTreePicture
 0001:00018990       TCustomOutline.DrawCell
 0001:00018C84       TCustomOutline.DrawTree
 0001:00018EC4       TCustomOutline.DrawPictures
 0001:0001908C       TCustomOutline.DrawText
 0001:000190D4       TCustomOutline.StoreBitmap
 0001:000190E8       TCustomOutline.ClearBitmap
 0001:00019100       TCustomOutline.ChangeBitmap
 0001:0001914C       TCustomOutline.SetPicture
 0001:00019154       TCustomOutline.GetPicture
 0001:0001917C       TCustomOutline.LoadFromFile
 0001:000191D0       TCustomOutline.SetItemHeight
 0001:00019218       TCustomOutline.SetStyle
 0001:00019230       TCustomOutline.SetOutlineOptions
 0001:00019258       LineStart
 0001:00019280       GetString
 0001:000192B4       TCustomOutline.LoadFromStream
 0001:00019500       TCustomOutline.Loaded
 0001:000195D0       TCustomOutline.SaveToFile
 0001:00019628       TCustomOutline.SaveToStream
 0001:00019680       TCustomOutline.SetStrings
 0001:000196A8       TCustomOutline.GetStrings
 0001:000196B0       TCustomOutline.Error
 0001:000196C8       TCustomOutline.Expand
 0001:000196E8       TCustomOutline.Collapse
 0001:00019708       Finalization
 0001:00019738       Outline
 0001:0001A284       GetCheckSize
 0001:0001A308       MakeSaveState
 0001:0001A31C       GetSaveState
 0001:0001A320       GetSaveDisabled
 0001:0001A328       TCheckListBoxDataWrapper.SetChecked
 0001:0001A338       TCheckListBoxDataWrapper.GetChecked
 0001:0001A340       TCheckListBoxDataWrapper.GetDefaultState
 0001:0001A344       TCheckListBox.Create
 0001:0001A394       TCheckListBox.Destroy
 0001:0001A3C4       TCheckListBox.CreateWnd
 0001:0001A438       TCheckListBox.DestroyWnd
 0001:0001A4AC       TCheckListBox.CreateParams
 0001:0001A4C4       TCheckListBox.GetCheckWidth
 0001:0001A4D0       TCheckListBox.CMFontChanged
 0001:0001A4E4       TCheckListBox.ResetItemHeight
 0001:0001A540       TCheckListBox.DrawItem
 0001:0001A6E8       TCheckListBox.CNDrawItem
 0001:0001A744       TCheckListBox.DrawCheck
 0001:0001A9A0       TCheckListBox.SetChecked
 0001:0001A9D4       TCheckListBox.SetItemEnabled
 0001:0001AA08       TCheckListBox.SetState
 0001:0001AA38       TCheckListBox.InvalidateCheck
 0001:0001AABC       TCheckListBox.GetChecked
 0001:0001AAE8       TCheckListBox.GetItemEnabled
 0001:0001AB14       TCheckListBox.GetState
 0001:0001AB44       TCheckListBox.KeyPress
 0001:0001AB70       TCheckListBox.MouseDown
 0001:0001AC44       TCheckListBox.ToggleClickCheck
 0001:0001ACB4       TCheckListBox.ClickCheck
 0001:0001ACD4       TCheckListBox.GetItemData
 0001:0001ACFC       TCheckListBox.GetWrapper
 0001:0001AD1C       TCheckListBox.ExtractWrapper
 0001:0001AD78       TCheckListBox.InternalGetItemData
 0001:0001AD80       TCheckListBox.InternalSetItemData
 0001:0001AD88       TCheckListBox.CreateWrapper
 0001:0001ADB0       TCheckListBox.HaveWrapper
 0001:0001ADC8       TCheckListBox.SetItemData
 0001:0001ADF4       TCheckListBox.ResetContent
 0001:0001AE38       TCheckListBox.DeleteString
 0001:0001AE68       TCheckListBox.SetFlat
 0001:0001AE7C       TCheckListBox.WMDestroy
 0001:0001AEBC       TCheckListBox.GetHeader
 0001:0001AEE4       TCheckListBox.SetHeader
 0001:0001AF14       TCheckListBox.SetHeaderBackgroundColor
 0001:0001AF28       TCheckListBox.SetHeaderColor
 0001:0001AF3C       Finalization
 0001:0001AF6C       CheckLst
 0001:0001B1BC       @GetPackageInfoTable
 0001:0001B1C4       @PackageLoad
 0001:0001B1D0       @PackageUnload
 0001:0001B1DC       vclx
 0002:00000000       TlsIndex
 0002:00000004       PtrToNil
 0002:00000008       Module
 0002:00000020       TlsProc
 0002:00000030       BtnStateName
 0002:0000003C       BtnTypeName
 0002:00000060       DeviceName
 0002:00000094       Alignments
 0002:0000009C       Attributes
 0002:000000AC       Registered
 0002:000000B0       Images
 0002:00001000       ModuleIsLib
 0002:00001001       ModuleIsPackage
 0002:00001004       HInstance
 0002:00001008       .1
 0002:0000100C       tlsBuffer
 0002:00001010       .3
 0002:00001014       .1
 0002:00001018       .1
 0002:0000101C       .1
 0002:00001020       .1
 0002:00001024       .1
 0002:00001028       .1
 0002:0000102C       .1
 0002:00001030       .1
 0002:00001034       .3
 0002:00001038       .1
 0002:0000103C       .1
 0002:00001040       .1
 0002:00001044       .1
 0002:00001048       ddeMgr
 0002:0000104C       .6
 0002:00001050       .7
 0002:00001054       .3
 0002:00001058       .5
 0002:0000105C       .2
 0002:00001060       .4
 0002:00001064       .3
 0002:00001068       .6
 0002:0000106C       .2
 0002:00001070       FCheckWidth
 0002:00001074       FCheckHeight


Bound resource files

mplayer.res
filectrl.res
tabs.res
outline.res
vclx.res
C:\DOCUME~1\~KOKOP~1\LOCALS~1\Temp\dtf26D8.tmp


Program entry point at 0001:0001B1DC
